[0,1,arcypolak,Arcypolak,subst:sg:nom:m2,pospolita,pot.|środ.]
[1,2,arcyPolak,Arcypolak,subst:sg:nom:m2,pospolita,pot.|środ.
 1,2,arcyPolak,ArcyPolak:s1,subst:sg:nom:m1,pospolita,_
 1,2,arcyPolak,ArcyPolak:s2,subst:sg:nom:m1,nazwisko,_]
[2,3,Arcypolak,Arcypolak,subst:sg:nom:m2,pospolita,pot.|środ.]
[3,4,ArcyPolak,Arcypolak,subst:sg:nom:m2,pospolita,pot.|środ.
 3,4,ArcyPolak,ArcyPolak:s1,subst:sg:nom:m1,pospolita,_
 3,4,ArcyPolak,ArcyPolak:s2,subst:sg:nom:m1,nazwisko,_]
[4,5,arcy-Polak,Arcy-polak,subst:sg:nom:m2,pospolita,pot.|środ.
 4,5,arcy-Polak,Arcy-Polak:s1,subst:sg:nom:m1,pospolita,_
 4,5,arcy-Polak,Arcy-Polak:s2,subst:sg:nom:m1,nazwisko,_]
[5,6,Arcy-Polak,Arcy-polak,subst:sg:nom:m2,pospolita,pot.|środ.
 5,6,Arcy-Polak,Arcy-Polak:s1,subst:sg:nom:m1,pospolita,_
 5,6,Arcy-Polak,Arcy-Polak:s2,subst:sg:nom:m1,nazwisko,_]
[6,7,polak,polak,ign,_,_]
[7,8,POLAK,POLAK,ign,_,_]
[8,9,polak,polak,ign,_,_]
[9,10,Polak,Polak,ign,_,_]
[10,11,POLAK,POLAK,ign,_,_]
[11,12,Polak,Polak,ign,_,_]
[12,13,POLAK,POLAK,ign,_,_]
[13,14,polak,polak,ign,_,_]
[14,15,Polak,Polak,ign,_,_]
[15,16,pOLAK,pOLAK,ign,_,_]
[16,17,Arcy,Arcy,ign,_,_]
[17,18,ARCY,ARCY,ign,_,_]
[18,19,arcy,arcy,ign,_,_]
[19,20,Arcy,Arcy,ign,_,_]
[20,21,aRCY,aRCY,ign,_,_]
[21,22,-,-,ign,_,_]
[22,23,-,-,ign,_,_]
[23,24,-,-,ign,_,_]
[24,25,-,-,ign,_,_]
[25,26,-,-,ign,_,_]
[26,27,polak123,polak123,ign,_,_]
[27,28,123polak,123polak,ign,_,_]
[28,29,polakx,polakx,ign,_,_]
[29,30,xpolak,xpolak,ign,_,_]
[30,31,polakpolak,polakpolak,ign,_,_]
[31,32,Polak123,Polak123,ign,_,_]
[32,33,123Polak,123Polak,ign,_,_]
[33,34,Polakx,Polakx,ign,_,_]
[34,35,xPolak,xPolak,ign,_,_]
[35,36,PolakPolak,PolakPolak,ign,_,_]
[36,37,Arcy123,Arcy123,ign,_,_]
[37,38,123Arcy,123Arcy,ign,_,_]
[38,39,Arcyx,Arcyx,ign,_,_]
[39,40,xArcy,xArcy,ign,_,_]
[40,41,ArcyArcy,ArcyArcy,ign,_,_]
[41,42,-123,-123,ign,_,_]
[42,43,123-,123-,ign,_,_]
[43,44,-x,-x,ign,_,_]
[44,45,x-,x-,ign,_,_]
[45,46,--,--,ign,_,_]
[46,47,polak,polak,ign,_,_]
[47,48,.,.,ign,_,_]
[48,49,polak,polak,ign,_,_]
[49,50,polak,polak,ign,_,_]
[50,51,,,,,ign,_,_]
[51,52,polak,polak,ign,_,_]
[52,53,polak,polak,ign,_,_]
[53,54,;,;,ign,_,_]
[54,55,polak,polak,ign,_,_]
[55,56,polak-polak,polak-polak,ign,_,_]
[56,57,polak:polak,polak:polak,ign,_,_]
[57,58,polak?polak,polak?polak,ign,_,_]
[58,59,polak!polak,polak!polak,ign,_,_]
[59,60,polak/polak,polak/polak,ign,_,_]
[60,61,polak(polak,polak(polak,ign,_,_]
[61,62,polak)polak,polak)polak,ign,_,_]
[62,63,polak,polak,ign,_,_]
[63,64,polak,polak,ign,_,_]
[64,65,polak,polak,ign,_,_]
[65,66,polak,polak,ign,_,_]
[66,67,polak,polak,ign,_,_]
[67,68,polak,polak,ign,_,_]
[68,69,polak-polak,polak-polak,ign,_,_]
[69,70,polakpolak,polakpolak,ign,_,_]
[70,71,polak,polak,ign,_,_]
[71,72,.,.,ign,_,_]
[72,73,Polak,Polak,ign,_,_]
[73,74,polak,polak,ign,_,_]
[74,75,,,,,ign,_,_]
[75,76,Polak,Polak,ign,_,_]
[76,77,polak,polak,ign,_,_]
[77,78,;,;,ign,_,_]
[78,79,Polak,Polak,ign,_,_]
[79,80,polak-Polak,polak-Polak,ign,_,_]
[80,81,polak:Polak,polak:Polak,ign,_,_]
[81,82,polak?Polak,polak?Polak,ign,_,_]
[82,83,polak!Polak,polak!Polak,ign,_,_]
[83,84,polak/Polak,polak/Polak,ign,_,_]
[84,85,polak(Polak,polak(Polak,ign,_,_]
[85,86,polak)Polak,polak)Polak,ign,_,_]
[86,87,polak,polak,ign,_,_]
[87,88,Polak,Polak,ign,_,_]
[88,89,polak,polak,ign,_,_]
[89,90,Polak,Polak,ign,_,_]
[90,91,polak,polak,ign,_,_]
[91,92,Polak,Polak,ign,_,_]
[92,93,polak-Polak,polak-Polak,ign,_,_]
[93,94,polakPolak,polakPolak,ign,_,_]
[94,95,polak,polak,ign,_,_]
[95,96,.,.,ign,_,_]
[96,97,Arcy,Arcy,ign,_,_]
[97,98,polak,polak,ign,_,_]
[98,99,,,,,ign,_,_]
[99,100,Arcy,Arcy,ign,_,_]
[100,101,polak,polak,ign,_,_]
[101,102,;,;,ign,_,_]
[102,103,Arcy,Arcy,ign,_,_]
[103,104,polak-Arcy,polak-Arcy,ign,_,_]
[104,105,polak:Arcy,polak:Arcy,ign,_,_]
[105,106,polak?Arcy,polak?Arcy,ign,_,_]
[106,107,polak!Arcy,polak!Arcy,ign,_,_]
[107,108,polak/Arcy,polak/Arcy,ign,_,_]
[108,109,polak(Arcy,polak(Arcy,ign,_,_]
[109,110,polak)Arcy,polak)Arcy,ign,_,_]
[110,111,polak,polak,ign,_,_]
[111,112,Arcy,Arcy,ign,_,_]
[112,113,polak,polak,ign,_,_]
[113,114,Arcy,Arcy,ign,_,_]
[114,115,polak,polak,ign,_,_]
[115,116,Arcy,Arcy,ign,_,_]
[116,117,polak-Arcy,polak-Arcy,ign,_,_]
[117,118,polakArcy,polakArcy,ign,_,_]
[118,119,polak,polak,ign,_,_]
[119,120,.,.,ign,_,_]
[120,121,-,-,ign,_,_]
[121,122,polak,polak,ign,_,_]
[122,123,,,,,ign,_,_]
[123,124,-,-,ign,_,_]
[124,125,polak,polak,ign,_,_]
[125,126,;,;,ign,_,_]
[126,127,-,-,ign,_,_]
[127,128,polak--,polak--,ign,_,_]
[128,129,polak:-,polak:-,ign,_,_]
[129,130,polak?-,polak?-,ign,_,_]
[130,131,polak!-,polak!-,ign,_,_]
[131,132,polak/-,polak/-,ign,_,_]
[132,133,polak(-,polak(-,ign,_,_]
[133,134,polak)-,polak)-,ign,_,_]
[134,135,polak,polak,ign,_,_]
[135,136,-,-,ign,_,_]
[136,137,polak,polak,ign,_,_]
[137,138,-,-,ign,_,_]
[138,139,polak,polak,ign,_,_]
[139,140,-,-,ign,_,_]
[140,141,polak--,polak--,ign,_,_]
[141,142,polak-,polak-,ign,_,_]
[142,143,polak,polak,ign,_,_]
[143,144,.,.,ign,_,_]
[144,145,xyzzy,xyzzy,ign,_,_]
[145,146,polak,polak,ign,_,_]
[146,147,,,,,ign,_,_]
[147,148,xyzzy,xyzzy,ign,_,_]
[148,149,polak,polak,ign,_,_]
[149,150,;,;,ign,_,_]
[150,151,xyzzy,xyzzy,ign,_,_]
[151,152,polak-xyzzy,polak-xyzzy,ign,_,_]
[152,153,polak:xyzzy,polak:xyzzy,ign,_,_]
[153,154,polak?xyzzy,polak?xyzzy,ign,_,_]
[154,155,polak!xyzzy,polak!xyzzy,ign,_,_]
[155,156,polak/xyzzy,polak/xyzzy,ign,_,_]
[156,157,polak(xyzzy,polak(xyzzy,ign,_,_]
[157,158,polak)xyzzy,polak)xyzzy,ign,_,_]
[158,159,polak,polak,ign,_,_]
[159,160,xyzzy,xyzzy,ign,_,_]
[160,161,polak,polak,ign,_,_]
[161,162,xyzzy,xyzzy,ign,_,_]
[162,163,polak,polak,ign,_,_]
[163,164,xyzzy,xyzzy,ign,_,_]
[164,165,polak-xyzzy,polak-xyzzy,ign,_,_]
[165,166,polakxyzzy,polakxyzzy,ign,_,_]
[166,167,polak,polak,ign,_,_]
[167,168,.,.,ign,_,_]
[168,169,Qmpx,Qmpx,ign,_,_]
[169,170,polak,polak,ign,_,_]
[170,171,,,,,ign,_,_]
[171,172,Qmpx,Qmpx,ign,_,_]
[172,173,polak,polak,ign,_,_]
[173,174,;,;,ign,_,_]
[174,175,Qmpx,Qmpx,ign,_,_]
[175,176,polak-Qmpx,polak-Qmpx,ign,_,_]
[176,177,polak:Qmpx,polak:Qmpx,ign,_,_]
[177,178,polak?Qmpx,polak?Qmpx,ign,_,_]
[178,179,polak!Qmpx,polak!Qmpx,ign,_,_]
[179,180,polak/Qmpx,polak/Qmpx,ign,_,_]
[180,181,polak(Qmpx,polak(Qmpx,ign,_,_]
[181,182,polak)Qmpx,polak)Qmpx,ign,_,_]
[182,183,polak,polak,ign,_,_]
[183,184,Qmpx,Qmpx,ign,_,_]
[184,185,polak,polak,ign,_,_]
[185,186,Qmpx,Qmpx,ign,_,_]
[186,187,polak,polak,ign,_,_]
[187,188,Qmpx,Qmpx,ign,_,_]
[188,189,polak-Qmpx,polak-Qmpx,ign,_,_]
[189,190,polakQmpx,polakQmpx,ign,_,_]
[190,191,polak,polak,ign,_,_]
[191,192,.,.,ign,_,_]
[192,193,123,123,ign,_,_]
[193,194,polak,polak,ign,_,_]
[194,195,,,,,ign,_,_]
[195,196,123,123,ign,_,_]
[196,197,polak,polak,ign,_,_]
[197,198,;,;,ign,_,_]
[198,199,123,123,ign,_,_]
[199,200,polak-123,polak-123,ign,_,_]
[200,201,polak:123,polak:123,ign,_,_]
[201,202,polak?123,polak?123,ign,_,_]
[202,203,polak!123,polak!123,ign,_,_]
[203,204,polak/123,polak/123,ign,_,_]
[204,205,polak(123,polak(123,ign,_,_]
[205,206,polak)123,polak)123,ign,_,_]
[206,207,polak,polak,ign,_,_]
[207,208,123,123,ign,_,_]
[208,209,polak,polak,ign,_,_]
[209,210,123,123,ign,_,_]
[210,211,polak,polak,ign,_,_]
[211,212,123,123,ign,_,_]
[212,213,polak-123,polak-123,ign,_,_]
[213,214,polak123,polak123,ign,_,_]
[214,215,polak,polak,ign,_,_]
[215,216,.,.,ign,_,_]
[216,217,VII,VII,ign,_,_]
[217,218,polak,polak,ign,_,_]
[218,219,,,,,ign,_,_]
[219,220,VII,VII,ign,_,_]
[220,221,polak,polak,ign,_,_]
[221,222,;,;,ign,_,_]
[222,223,VII,VII,ign,_,_]
[223,224,polak-VII,polak-VII,ign,_,_]
[224,225,polak:VII,polak:VII,ign,_,_]
[225,226,polak?VII,polak?VII,ign,_,_]
[226,227,polak!VII,polak!VII,ign,_,_]
[227,228,polak/VII,polak/VII,ign,_,_]
[228,229,polak(VII,polak(VII,ign,_,_]
[229,230,polak)VII,polak)VII,ign,_,_]
[230,231,polak,polak,ign,_,_]
[231,232,VII,VII,ign,_,_]
[232,233,polak,polak,ign,_,_]
[233,234,VII,VII,ign,_,_]
[234,235,polak,polak,ign,_,_]
[235,236,VII,VII,ign,_,_]
[236,237,polak-VII,polak-VII,ign,_,_]
[237,238,polakVII,polakVII,ign,_,_]
[238,239,Polak,Polak,ign,_,_]
[239,240,.,.,ign,_,_]
[240,241,Polak,Polak,ign,_,_]
[241,242,Polak,Polak,ign,_,_]
[242,243,,,,,ign,_,_]
[243,244,Polak,Polak,ign,_,_]
[244,245,Polak,Polak,ign,_,_]
[245,246,;,;,ign,_,_]
[246,247,Polak,Polak,ign,_,_]
[247,248,Polak-Polak,Polak-Polak,ign,_,_]
[248,249,Polak:Polak,Polak:Polak,ign,_,_]
[249,250,Polak?Polak,Polak?Polak,ign,_,_]
[250,251,Polak!Polak,Polak!Polak,ign,_,_]
[251,252,Polak/Polak,Polak/Polak,ign,_,_]
[252,253,Polak(Polak,Polak(Polak,ign,_,_]
[253,254,Polak)Polak,Polak)Polak,ign,_,_]
[254,255,Polak,Polak,ign,_,_]
[255,256,Polak,Polak,ign,_,_]
[256,257,Polak,Polak,ign,_,_]
[257,258,Polak,Polak,ign,_,_]
[258,259,Polak,Polak,ign,_,_]
[259,260,Polak,Polak,ign,_,_]
[260,261,Polak-Polak,Polak-Polak,ign,_,_]
[261,262,PolakPolak,PolakPolak,ign,_,_]
[262,263,Polak,Polak,ign,_,_]
[263,264,.,.,ign,_,_]
[264,265,Arcy,Arcy,ign,_,_]
[265,266,Polak,Polak,ign,_,_]
[266,267,,,,,ign,_,_]
[267,268,Arcy,Arcy,ign,_,_]
[268,269,Polak,Polak,ign,_,_]
[269,270,;,;,ign,_,_]
[270,271,Arcy,Arcy,ign,_,_]
[271,272,Polak-Arcy,Polak-Arcy,ign,_,_]
[272,273,Polak:Arcy,Polak:Arcy,ign,_,_]
[273,274,Polak?Arcy,Polak?Arcy,ign,_,_]
[274,275,Polak!Arcy,Polak!Arcy,ign,_,_]
[275,276,Polak/Arcy,Polak/Arcy,ign,_,_]
[276,277,Polak(Arcy,Polak(Arcy,ign,_,_]
[277,278,Polak)Arcy,Polak)Arcy,ign,_,_]
[278,279,Polak,Polak,ign,_,_]
[279,280,Arcy,Arcy,ign,_,_]
[280,281,Polak,Polak,ign,_,_]
[281,282,Arcy,Arcy,ign,_,_]
[282,283,Polak,Polak,ign,_,_]
[283,284,Arcy,Arcy,ign,_,_]
[284,285,Polak-Arcy,Polak-Arcy,ign,_,_]
[285,286,PolakArcy,PolakArcy,ign,_,_]
[286,287,Polak,Polak,ign,_,_]
[287,288,.,.,ign,_,_]
[288,289,-,-,ign,_,_]
[289,290,Polak,Polak,ign,_,_]
[290,291,,,,,ign,_,_]
[291,292,-,-,ign,_,_]
[292,293,Polak,Polak,ign,_,_]
[293,294,;,;,ign,_,_]
[294,295,-,-,ign,_,_]
[295,296,Polak--,Polak--,ign,_,_]
[296,297,Polak:-,Polak:-,ign,_,_]
[297,298,Polak?-,Polak?-,ign,_,_]
[298,299,Polak!-,Polak!-,ign,_,_]
[299,300,Polak/-,Polak/-,ign,_,_]
[300,301,Polak(-,Polak(-,ign,_,_]
[301,302,Polak)-,Polak)-,ign,_,_]
[302,303,Polak,Polak,ign,_,_]
[303,304,-,-,ign,_,_]
[304,305,Polak,Polak,ign,_,_]
[305,306,-,-,ign,_,_]
[306,307,Polak,Polak,ign,_,_]
[307,308,-,-,ign,_,_]
[308,309,Polak--,Polak--,ign,_,_]
[309,310,Polak-,Polak-,ign,_,_]
[310,311,Polak,Polak,ign,_,_]
[311,312,.,.,ign,_,_]
[312,313,xyzzy,xyzzy,ign,_,_]
[313,314,Polak,Polak,ign,_,_]
[314,315,,,,,ign,_,_]
[315,316,xyzzy,xyzzy,ign,_,_]
[316,317,Polak,Polak,ign,_,_]
[317,318,;,;,ign,_,_]
[318,319,xyzzy,xyzzy,ign,_,_]
[319,320,Polak-xyzzy,Polak-xyzzy,ign,_,_]
[320,321,Polak:xyzzy,Polak:xyzzy,ign,_,_]
[321,322,Polak?xyzzy,Polak?xyzzy,ign,_,_]
[322,323,Polak!xyzzy,Polak!xyzzy,ign,_,_]
[323,324,Polak/xyzzy,Polak/xyzzy,ign,_,_]
[324,325,Polak(xyzzy,Polak(xyzzy,ign,_,_]
[325,326,Polak)xyzzy,Polak)xyzzy,ign,_,_]
[326,327,Polak,Polak,ign,_,_]
[327,328,xyzzy,xyzzy,ign,_,_]
[328,329,Polak,Polak,ign,_,_]
[329,330,xyzzy,xyzzy,ign,_,_]
[330,331,Polak,Polak,ign,_,_]
[331,332,xyzzy,xyzzy,ign,_,_]
[332,333,Polak-xyzzy,Polak-xyzzy,ign,_,_]
[333,334,Polakxyzzy,Polakxyzzy,ign,_,_]
[334,335,Polak,Polak,ign,_,_]
[335,336,.,.,ign,_,_]
[336,337,Qmpx,Qmpx,ign,_,_]
[337,338,Polak,Polak,ign,_,_]
[338,339,,,,,ign,_,_]
[339,340,Qmpx,Qmpx,ign,_,_]
[340,341,Polak,Polak,ign,_,_]
[341,342,;,;,ign,_,_]
[342,343,Qmpx,Qmpx,ign,_,_]
[343,344,Polak-Qmpx,Polak-Qmpx,ign,_,_]
[344,345,Polak:Qmpx,Polak:Qmpx,ign,_,_]
[345,346,Polak?Qmpx,Polak?Qmpx,ign,_,_]
[346,347,Polak!Qmpx,Polak!Qmpx,ign,_,_]
[347,348,Polak/Qmpx,Polak/Qmpx,ign,_,_]
[348,349,Polak(Qmpx,Polak(Qmpx,ign,_,_]
[349,350,Polak)Qmpx,Polak)Qmpx,ign,_,_]
[350,351,Polak,Polak,ign,_,_]
[351,352,Qmpx,Qmpx,ign,_,_]
[352,353,Polak,Polak,ign,_,_]
[353,354,Qmpx,Qmpx,ign,_,_]
[354,355,Polak,Polak,ign,_,_]
[355,356,Qmpx,Qmpx,ign,_,_]
[356,357,Polak-Qmpx,Polak-Qmpx,ign,_,_]
[357,358,PolakQmpx,PolakQmpx,ign,_,_]
[358,359,Polak,Polak,ign,_,_]
[359,360,.,.,ign,_,_]
[360,361,123,123,ign,_,_]
[361,362,Polak,Polak,ign,_,_]
[362,363,,,,,ign,_,_]
[363,364,123,123,ign,_,_]
[364,365,Polak,Polak,ign,_,_]
[365,366,;,;,ign,_,_]
[366,367,123,123,ign,_,_]
[367,368,Polak-123,Polak-123,ign,_,_]
[368,369,Polak:123,Polak:123,ign,_,_]
[369,370,Polak?123,Polak?123,ign,_,_]
[370,371,Polak!123,Polak!123,ign,_,_]
[371,372,Polak/123,Polak/123,ign,_,_]
[372,373,Polak(123,Polak(123,ign,_,_]
[373,374,Polak)123,Polak)123,ign,_,_]
[374,375,Polak,Polak,ign,_,_]
[375,376,123,123,ign,_,_]
[376,377,Polak,Polak,ign,_,_]
[377,378,123,123,ign,_,_]
[378,379,Polak,Polak,ign,_,_]
[379,380,123,123,ign,_,_]
[380,381,Polak-123,Polak-123,ign,_,_]
[381,382,Polak123,Polak123,ign,_,_]
[382,383,Polak,Polak,ign,_,_]
[383,384,.,.,ign,_,_]
[384,385,VII,VII,ign,_,_]
[385,386,Polak,Polak,ign,_,_]
[386,387,,,,,ign,_,_]
[387,388,VII,VII,ign,_,_]
[388,389,Polak,Polak,ign,_,_]
[389,390,;,;,ign,_,_]
[390,391,VII,VII,ign,_,_]
[391,392,Polak-VII,Polak-VII,ign,_,_]
[392,393,Polak:VII,Polak:VII,ign,_,_]
[393,394,Polak?VII,Polak?VII,ign,_,_]
[394,395,Polak!VII,Polak!VII,ign,_,_]
[395,396,Polak/VII,Polak/VII,ign,_,_]
[396,397,Polak(VII,Polak(VII,ign,_,_]
[397,398,Polak)VII,Polak)VII,ign,_,_]
[398,399,Polak,Polak,ign,_,_]
[399,400,VII,VII,ign,_,_]
[400,401,Polak,Polak,ign,_,_]
[401,402,VII,VII,ign,_,_]
[402,403,Polak,Polak,ign,_,_]
[403,404,VII,VII,ign,_,_]
[404,405,Polak-VII,Polak-VII,ign,_,_]
[405,406,PolakVII,PolakVII,ign,_,_]
[406,407,Arcy,Arcy,ign,_,_]
[407,408,.,.,ign,_,_]
[408,409,Arcy,Arcy,ign,_,_]
[409,410,Arcy,Arcy,ign,_,_]
[410,411,,,,,ign,_,_]
[411,412,Arcy,Arcy,ign,_,_]
[412,413,Arcy,Arcy,ign,_,_]
[413,414,;,;,ign,_,_]
[414,415,Arcy,Arcy,ign,_,_]
[415,416,Arcy-Arcy,Arcy-Arcy,ign,_,_]
[416,417,Arcy:Arcy,Arcy:Arcy,ign,_,_]
[417,418,Arcy?Arcy,Arcy?Arcy,ign,_,_]
[418,419,Arcy!Arcy,Arcy!Arcy,ign,_,_]
[419,420,Arcy/Arcy,Arcy/Arcy,ign,_,_]
[420,421,Arcy(Arcy,Arcy(Arcy,ign,_,_]
[421,422,Arcy)Arcy,Arcy)Arcy,ign,_,_]
[422,423,Arcy,Arcy,ign,_,_]
[423,424,Arcy,Arcy,ign,_,_]
[424,425,Arcy,Arcy,ign,_,_]
[425,426,Arcy,Arcy,ign,_,_]
[426,427,Arcy,Arcy,ign,_,_]
[427,428,Arcy,Arcy,ign,_,_]
[428,429,Arcy-Arcy,Arcy-Arcy,ign,_,_]
[429,430,ArcyArcy,ArcyArcy,ign,_,_]
[430,431,Arcy,Arcy,ign,_,_]
[431,432,.,.,ign,_,_]
[432,433,-,-,ign,_,_]
[433,434,Arcy,Arcy,ign,_,_]
[434,435,,,,,ign,_,_]
[435,436,-,-,ign,_,_]
[436,437,Arcy,Arcy,ign,_,_]
[437,438,;,;,ign,_,_]
[438,439,-,-,ign,_,_]
[439,440,Arcy--,Arcy--,ign,_,_]
[440,441,Arcy:-,Arcy:-,ign,_,_]
[441,442,Arcy?-,Arcy?-,ign,_,_]
[442,443,Arcy!-,Arcy!-,ign,_,_]
[443,444,Arcy/-,Arcy/-,ign,_,_]
[444,445,Arcy(-,Arcy(-,ign,_,_]
[445,446,Arcy)-,Arcy)-,ign,_,_]
[446,447,Arcy,Arcy,ign,_,_]
[447,448,-,-,ign,_,_]
[448,449,Arcy,Arcy,ign,_,_]
[449,450,-,-,ign,_,_]
[450,451,Arcy,Arcy,ign,_,_]
[451,452,-,-,ign,_,_]
[452,453,Arcy--,Arcy--,ign,_,_]
[453,454,Arcy-,Arcy-,ign,_,_]
[454,455,Arcy,Arcy,ign,_,_]
[455,456,.,.,ign,_,_]
[456,457,xyzzy,xyzzy,ign,_,_]
[457,458,Arcy,Arcy,ign,_,_]
[458,459,,,,,ign,_,_]
[459,460,xyzzy,xyzzy,ign,_,_]
[460,461,Arcy,Arcy,ign,_,_]
[461,462,;,;,ign,_,_]
[462,463,xyzzy,xyzzy,ign,_,_]
[463,464,Arcy-xyzzy,Arcy-xyzzy,ign,_,_]
[464,465,Arcy:xyzzy,Arcy:xyzzy,ign,_,_]
[465,466,Arcy?xyzzy,Arcy?xyzzy,ign,_,_]
[466,467,Arcy!xyzzy,Arcy!xyzzy,ign,_,_]
[467,468,Arcy/xyzzy,Arcy/xyzzy,ign,_,_]
[468,469,Arcy(xyzzy,Arcy(xyzzy,ign,_,_]
[469,470,Arcy)xyzzy,Arcy)xyzzy,ign,_,_]
[470,471,Arcy,Arcy,ign,_,_]
[471,472,xyzzy,xyzzy,ign,_,_]
[472,473,Arcy,Arcy,ign,_,_]
[473,474,xyzzy,xyzzy,ign,_,_]
[474,475,Arcy,Arcy,ign,_,_]
[475,476,xyzzy,xyzzy,ign,_,_]
[476,477,Arcy-xyzzy,Arcy-xyzzy,ign,_,_]
[477,478,Arcyxyzzy,Arcyxyzzy,ign,_,_]
[478,479,Arcy,Arcy,ign,_,_]
[479,480,.,.,ign,_,_]
[480,481,Qmpx,Qmpx,ign,_,_]
[481,482,Arcy,Arcy,ign,_,_]
[482,483,,,,,ign,_,_]
[483,484,Qmpx,Qmpx,ign,_,_]
[484,485,Arcy,Arcy,ign,_,_]
[485,486,;,;,ign,_,_]
[486,487,Qmpx,Qmpx,ign,_,_]
[487,488,Arcy-Qmpx,Arcy-Qmpx,ign,_,_]
[488,489,Arcy:Qmpx,Arcy:Qmpx,ign,_,_]
[489,490,Arcy?Qmpx,Arcy?Qmpx,ign,_,_]
[490,491,Arcy!Qmpx,Arcy!Qmpx,ign,_,_]
[491,492,Arcy/Qmpx,Arcy/Qmpx,ign,_,_]
[492,493,Arcy(Qmpx,Arcy(Qmpx,ign,_,_]
[493,494,Arcy)Qmpx,Arcy)Qmpx,ign,_,_]
[494,495,Arcy,Arcy,ign,_,_]
[495,496,Qmpx,Qmpx,ign,_,_]
[496,497,Arcy,Arcy,ign,_,_]
[497,498,Qmpx,Qmpx,ign,_,_]
[498,499,Arcy,Arcy,ign,_,_]
[499,500,Qmpx,Qmpx,ign,_,_]
[500,501,Arcy-Qmpx,Arcy-Qmpx,ign,_,_]
[501,502,ArcyQmpx,ArcyQmpx,ign,_,_]
[502,503,Arcy,Arcy,ign,_,_]
[503,504,.,.,ign,_,_]
[504,505,123,123,ign,_,_]
[505,506,Arcy,Arcy,ign,_,_]
[506,507,,,,,ign,_,_]
[507,508,123,123,ign,_,_]
[508,509,Arcy,Arcy,ign,_,_]
[509,510,;,;,ign,_,_]
[510,511,123,123,ign,_,_]
[511,512,Arcy-123,Arcy-123,ign,_,_]
[512,513,Arcy:123,Arcy:123,ign,_,_]
[513,514,Arcy?123,Arcy?123,ign,_,_]
[514,515,Arcy!123,Arcy!123,ign,_,_]
[515,516,Arcy/123,Arcy/123,ign,_,_]
[516,517,Arcy(123,Arcy(123,ign,_,_]
[517,518,Arcy)123,Arcy)123,ign,_,_]
[518,519,Arcy,Arcy,ign,_,_]
[519,520,123,123,ign,_,_]
[520,521,Arcy,Arcy,ign,_,_]
[521,522,123,123,ign,_,_]
[522,523,Arcy,Arcy,ign,_,_]
[523,524,123,123,ign,_,_]
[524,525,Arcy-123,Arcy-123,ign,_,_]
[525,526,Arcy123,Arcy123,ign,_,_]
[526,527,Arcy,Arcy,ign,_,_]
[527,528,.,.,ign,_,_]
[528,529,VII,VII,ign,_,_]
[529,530,Arcy,Arcy,ign,_,_]
[530,531,,,,,ign,_,_]
[531,532,VII,VII,ign,_,_]
[532,533,Arcy,Arcy,ign,_,_]
[533,534,;,;,ign,_,_]
[534,535,VII,VII,ign,_,_]
[535,536,Arcy-VII,Arcy-VII,ign,_,_]
[536,537,Arcy:VII,Arcy:VII,ign,_,_]
[537,538,Arcy?VII,Arcy?VII,ign,_,_]
[538,539,Arcy!VII,Arcy!VII,ign,_,_]
[539,540,Arcy/VII,Arcy/VII,ign,_,_]
[540,541,Arcy(VII,Arcy(VII,ign,_,_]
[541,542,Arcy)VII,Arcy)VII,ign,_,_]
[542,543,Arcy,Arcy,ign,_,_]
[543,544,VII,VII,ign,_,_]
[544,545,Arcy,Arcy,ign,_,_]
[545,546,VII,VII,ign,_,_]
[546,547,Arcy,Arcy,ign,_,_]
[547,548,VII,VII,ign,_,_]
[548,549,Arcy-VII,Arcy-VII,ign,_,_]
[549,550,ArcyVII,ArcyVII,ign,_,_]
[550,551,-,-,ign,_,_]
[551,552,.,.,ign,_,_]
[552,553,-,-,ign,_,_]
[553,554,-,-,ign,_,_]
[554,555,,,,,ign,_,_]
[555,556,-,-,ign,_,_]
[556,557,-,-,ign,_,_]
[557,558,;,;,ign,_,_]
[558,559,-,-,ign,_,_]
[559,560,---,---,ign,_,_]
[560,561,-:-,-:-,ign,_,_]
[561,562,-?-,-?-,ign,_,_]
[562,563,-!-,-!-,ign,_,_]
[563,564,-/-,-/-,ign,_,_]
[564,565,-(-,-(-,ign,_,_]
[565,566,-)-,-)-,ign,_,_]
[566,567,-,-,ign,_,_]
[567,568,-,-,ign,_,_]
[568,569,-,-,ign,_,_]
[569,570,-,-,ign,_,_]
[570,571,-,-,ign,_,_]
[571,572,-,-,ign,_,_]
[572,573,---,---,ign,_,_]
[573,574,--,--,ign,_,_]
[574,575,-,-,ign,_,_]
[575,576,.,.,ign,_,_]
[576,577,xyzzy,xyzzy,ign,_,_]
[577,578,-,-,ign,_,_]
[578,579,,,,,ign,_,_]
[579,580,xyzzy,xyzzy,ign,_,_]
[580,581,-,-,ign,_,_]
[581,582,;,;,ign,_,_]
[582,583,xyzzy,xyzzy,ign,_,_]
[583,584,--xyzzy,--xyzzy,ign,_,_]
[584,585,-:xyzzy,-:xyzzy,ign,_,_]
[585,586,-?xyzzy,-?xyzzy,ign,_,_]
[586,587,-!xyzzy,-!xyzzy,ign,_,_]
[587,588,-/xyzzy,-/xyzzy,ign,_,_]
[588,589,-(xyzzy,-(xyzzy,ign,_,_]
[589,590,-)xyzzy,-)xyzzy,ign,_,_]
[590,591,-,-,ign,_,_]
[591,592,xyzzy,xyzzy,ign,_,_]
[592,593,-,-,ign,_,_]
[593,594,xyzzy,xyzzy,ign,_,_]
[594,595,-,-,ign,_,_]
[595,596,xyzzy,xyzzy,ign,_,_]
[596,597,--xyzzy,--xyzzy,ign,_,_]
[597,598,-xyzzy,-xyzzy,ign,_,_]
[598,599,-,-,ign,_,_]
[599,600,.,.,ign,_,_]
[600,601,Qmpx,Qmpx,ign,_,_]
[601,602,-,-,ign,_,_]
[602,603,,,,,ign,_,_]
[603,604,Qmpx,Qmpx,ign,_,_]
[604,605,-,-,ign,_,_]
[605,606,;,;,ign,_,_]
[606,607,Qmpx,Qmpx,ign,_,_]
[607,608,--Qmpx,--Qmpx,ign,_,_]
[608,609,-:Qmpx,-:Qmpx,ign,_,_]
[609,610,-?Qmpx,-?Qmpx,ign,_,_]
[610,611,-!Qmpx,-!Qmpx,ign,_,_]
[611,612,-/Qmpx,-/Qmpx,ign,_,_]
[612,613,-(Qmpx,-(Qmpx,ign,_,_]
[613,614,-)Qmpx,-)Qmpx,ign,_,_]
[614,615,-,-,ign,_,_]
[615,616,Qmpx,Qmpx,ign,_,_]
[616,617,-,-,ign,_,_]
[617,618,Qmpx,Qmpx,ign,_,_]
[618,619,-,-,ign,_,_]
[619,620,Qmpx,Qmpx,ign,_,_]
[620,621,--Qmpx,--Qmpx,ign,_,_]
[621,622,-Qmpx,-Qmpx,ign,_,_]
[622,623,-,-,ign,_,_]
[623,624,.,.,ign,_,_]
[624,625,123,123,ign,_,_]
[625,626,-,-,ign,_,_]
[626,627,,,,,ign,_,_]
[627,628,123,123,ign,_,_]
[628,629,-,-,ign,_,_]
[629,630,;,;,ign,_,_]
[630,631,123,123,ign,_,_]
[631,632,--123,--123,ign,_,_]
[632,633,-:123,-:123,ign,_,_]
[633,634,-?123,-?123,ign,_,_]
[634,635,-!123,-!123,ign,_,_]
[635,636,-/123,-/123,ign,_,_]
[636,637,-(123,-(123,ign,_,_]
[637,638,-)123,-)123,ign,_,_]
[638,639,-,-,ign,_,_]
[639,640,123,123,ign,_,_]
[640,641,-,-,ign,_,_]
[641,642,123,123,ign,_,_]
[642,643,-,-,ign,_,_]
[643,644,123,123,ign,_,_]
[644,645,--123,--123,ign,_,_]
[645,646,-123,-123,ign,_,_]
[646,647,-,-,ign,_,_]
[647,648,.,.,ign,_,_]
[648,649,VII,VII,ign,_,_]
[649,650,-,-,ign,_,_]
[650,651,,,,,ign,_,_]
[651,652,VII,VII,ign,_,_]
[652,653,-,-,ign,_,_]
[653,654,;,;,ign,_,_]
[654,655,VII,VII,ign,_,_]
[655,656,--VII,--VII,ign,_,_]
[656,657,-:VII,-:VII,ign,_,_]
[657,658,-?VII,-?VII,ign,_,_]
[658,659,-!VII,-!VII,ign,_,_]
[659,660,-/VII,-/VII,ign,_,_]
[660,661,-(VII,-(VII,ign,_,_]
[661,662,-)VII,-)VII,ign,_,_]
[662,663,-,-,ign,_,_]
[663,664,VII,VII,ign,_,_]
[664,665,-,-,ign,_,_]
[665,666,VII,VII,ign,_,_]
[666,667,-,-,ign,_,_]
[667,668,VII,VII,ign,_,_]
[668,669,--VII,--VII,ign,_,_]
[669,670,-VII,-VII,ign,_,_]
[670,671,xyzzy,xyzzy,ign,_,_]
[671,672,.,.,ign,_,_]
[672,673,xyzzy,xyzzy,ign,_,_]
[673,674,xyzzy,xyzzy,ign,_,_]
[674,675,,,,,ign,_,_]
[675,676,xyzzy,xyzzy,ign,_,_]
[676,677,xyzzy,xyzzy,ign,_,_]
[677,678,;,;,ign,_,_]
[678,679,xyzzy,xyzzy,ign,_,_]
[679,680,xyzzy-xyzzy,xyzzy-xyzzy,ign,_,_]
[680,681,xyzzy:xyzzy,xyzzy:xyzzy,ign,_,_]
[681,682,xyzzy?xyzzy,xyzzy?xyzzy,ign,_,_]
[682,683,xyzzy!xyzzy,xyzzy!xyzzy,ign,_,_]
[683,684,xyzzy/xyzzy,xyzzy/xyzzy,ign,_,_]
[684,685,xyzzy(xyzzy,xyzzy(xyzzy,ign,_,_]
[685,686,xyzzy)xyzzy,xyzzy)xyzzy,ign,_,_]
[686,687,xyzzy,xyzzy,ign,_,_]
[687,688,xyzzy,xyzzy,ign,_,_]
[688,689,xyzzy,xyzzy,ign,_,_]
[689,690,xyzzy,xyzzy,ign,_,_]
[690,691,xyzzy,xyzzy,ign,_,_]
[691,692,xyzzy,xyzzy,ign,_,_]
[692,693,xyzzy-xyzzy,xyzzy-xyzzy,ign,_,_]
[693,694,xyzzyxyzzy,xyzzyxyzzy,ign,_,_]
[694,695,xyzzy,xyzzy,ign,_,_]
[695,696,.,.,ign,_,_]
[696,697,Qmpx,Qmpx,ign,_,_]
[697,698,xyzzy,xyzzy,ign,_,_]
[698,699,,,,,ign,_,_]
[699,700,Qmpx,Qmpx,ign,_,_]
[700,701,xyzzy,xyzzy,ign,_,_]
[701,702,;,;,ign,_,_]
[702,703,Qmpx,Qmpx,ign,_,_]
[703,704,xyzzy-Qmpx,xyzzy-Qmpx,ign,_,_]
[704,705,xyzzy:Qmpx,xyzzy:Qmpx,ign,_,_]
[705,706,xyzzy?Qmpx,xyzzy?Qmpx,ign,_,_]
[706,707,xyzzy!Qmpx,xyzzy!Qmpx,ign,_,_]
[707,708,xyzzy/Qmpx,xyzzy/Qmpx,ign,_,_]
[708,709,xyzzy(Qmpx,xyzzy(Qmpx,ign,_,_]
[709,710,xyzzy)Qmpx,xyzzy)Qmpx,ign,_,_]
[710,711,xyzzy,xyzzy,ign,_,_]
[711,712,Qmpx,Qmpx,ign,_,_]
[712,713,xyzzy,xyzzy,ign,_,_]
[713,714,Qmpx,Qmpx,ign,_,_]
[714,715,xyzzy,xyzzy,ign,_,_]
[715,716,Qmpx,Qmpx,ign,_,_]
[716,717,xyzzy-Qmpx,xyzzy-Qmpx,ign,_,_]
[717,718,xyzzyQmpx,xyzzyQmpx,ign,_,_]
[718,719,xyzzy,xyzzy,ign,_,_]
[719,720,.,.,ign,_,_]
[720,721,123,123,ign,_,_]
[721,722,xyzzy,xyzzy,ign,_,_]
[722,723,,,,,ign,_,_]
[723,724,123,123,ign,_,_]
[724,725,xyzzy,xyzzy,ign,_,_]
[725,726,;,;,ign,_,_]
[726,727,123,123,ign,_,_]
[727,728,xyzzy-123,xyzzy-123,ign,_,_]
[728,729,xyzzy:123,xyzzy:123,ign,_,_]
[729,730,xyzzy?123,xyzzy?123,ign,_,_]
[730,731,xyzzy!123,xyzzy!123,ign,_,_]
[731,732,xyzzy/123,xyzzy/123,ign,_,_]
[732,733,xyzzy(123,xyzzy(123,ign,_,_]
[733,734,xyzzy)123,xyzzy)123,ign,_,_]
[734,735,xyzzy,xyzzy,ign,_,_]
[735,736,123,123,ign,_,_]
[736,737,xyzzy,xyzzy,ign,_,_]
[737,738,123,123,ign,_,_]
[738,739,xyzzy,xyzzy,ign,_,_]
[739,740,123,123,ign,_,_]
[740,741,xyzzy-123,xyzzy-123,ign,_,_]
[741,742,xyzzy123,xyzzy123,ign,_,_]
[742,743,xyzzy,xyzzy,ign,_,_]
[743,744,.,.,ign,_,_]
[744,745,VII,VII,ign,_,_]
[745,746,xyzzy,xyzzy,ign,_,_]
[746,747,,,,,ign,_,_]
[747,748,VII,VII,ign,_,_]
[748,749,xyzzy,xyzzy,ign,_,_]
[749,750,;,;,ign,_,_]
[750,751,VII,VII,ign,_,_]
[751,752,xyzzy-VII,xyzzy-VII,ign,_,_]
[752,753,xyzzy:VII,xyzzy:VII,ign,_,_]
[753,754,xyzzy?VII,xyzzy?VII,ign,_,_]
[754,755,xyzzy!VII,xyzzy!VII,ign,_,_]
[755,756,xyzzy/VII,xyzzy/VII,ign,_,_]
[756,757,xyzzy(VII,xyzzy(VII,ign,_,_]
[757,758,xyzzy)VII,xyzzy)VII,ign,_,_]
[758,759,xyzzy,xyzzy,ign,_,_]
[759,760,VII,VII,ign,_,_]
[760,761,xyzzy,xyzzy,ign,_,_]
[761,762,VII,VII,ign,_,_]
[762,763,xyzzy,xyzzy,ign,_,_]
[763,764,VII,VII,ign,_,_]
[764,765,xyzzy-VII,xyzzy-VII,ign,_,_]
[765,766,xyzzyVII,xyzzyVII,ign,_,_]
[766,767,Qmpx,Qmpx,ign,_,_]
[767,768,.,.,ign,_,_]
[768,769,Qmpx,Qmpx,ign,_,_]
[769,770,Qmpx,Qmpx,ign,_,_]
[770,771,,,,,ign,_,_]
[771,772,Qmpx,Qmpx,ign,_,_]
[772,773,Qmpx,Qmpx,ign,_,_]
[773,774,;,;,ign,_,_]
[774,775,Qmpx,Qmpx,ign,_,_]
[775,776,Qmpx-Qmpx,Qmpx-Qmpx,ign,_,_]
[776,777,Qmpx:Qmpx,Qmpx:Qmpx,ign,_,_]
[777,778,Qmpx?Qmpx,Qmpx?Qmpx,ign,_,_]
[778,779,Qmpx!Qmpx,Qmpx!Qmpx,ign,_,_]
[779,780,Qmpx/Qmpx,Qmpx/Qmpx,ign,_,_]
[780,781,Qmpx(Qmpx,Qmpx(Qmpx,ign,_,_]
[781,782,Qmpx)Qmpx,Qmpx)Qmpx,ign,_,_]
[782,783,Qmpx,Qmpx,ign,_,_]
[783,784,Qmpx,Qmpx,ign,_,_]
[784,785,Qmpx,Qmpx,ign,_,_]
[785,786,Qmpx,Qmpx,ign,_,_]
[786,787,Qmpx,Qmpx,ign,_,_]
[787,788,Qmpx,Qmpx,ign,_,_]
[788,789,Qmpx-Qmpx,Qmpx-Qmpx,ign,_,_]
[789,790,QmpxQmpx,QmpxQmpx,ign,_,_]
[790,791,Qmpx,Qmpx,ign,_,_]
[791,792,.,.,ign,_,_]
[792,793,123,123,ign,_,_]
[793,794,Qmpx,Qmpx,ign,_,_]
[794,795,,,,,ign,_,_]
[795,796,123,123,ign,_,_]
[796,797,Qmpx,Qmpx,ign,_,_]
[797,798,;,;,ign,_,_]
[798,799,123,123,ign,_,_]
[799,800,Qmpx-123,Qmpx-123,ign,_,_]
[800,801,Qmpx:123,Qmpx:123,ign,_,_]
[801,802,Qmpx?123,Qmpx?123,ign,_,_]
[802,803,Qmpx!123,Qmpx!123,ign,_,_]
[803,804,Qmpx/123,Qmpx/123,ign,_,_]
[804,805,Qmpx(123,Qmpx(123,ign,_,_]
[805,806,Qmpx)123,Qmpx)123,ign,_,_]
[806,807,Qmpx,Qmpx,ign,_,_]
[807,808,123,123,ign,_,_]
[808,809,Qmpx,Qmpx,ign,_,_]
[809,810,123,123,ign,_,_]
[810,811,Qmpx,Qmpx,ign,_,_]
[811,812,123,123,ign,_,_]
[812,813,Qmpx-123,Qmpx-123,ign,_,_]
[813,814,Qmpx123,Qmpx123,ign,_,_]
[814,815,Qmpx,Qmpx,ign,_,_]
[815,816,.,.,ign,_,_]
[816,817,VII,VII,ign,_,_]
[817,818,Qmpx,Qmpx,ign,_,_]
[818,819,,,,,ign,_,_]
[819,820,VII,VII,ign,_,_]
[820,821,Qmpx,Qmpx,ign,_,_]
[821,822,;,;,ign,_,_]
[822,823,VII,VII,ign,_,_]
[823,824,Qmpx-VII,Qmpx-VII,ign,_,_]
[824,825,Qmpx:VII,Qmpx:VII,ign,_,_]
[825,826,Qmpx?VII,Qmpx?VII,ign,_,_]
[826,827,Qmpx!VII,Qmpx!VII,ign,_,_]
[827,828,Qmpx/VII,Qmpx/VII,ign,_,_]
[828,829,Qmpx(VII,Qmpx(VII,ign,_,_]
[829,830,Qmpx)VII,Qmpx)VII,ign,_,_]
[830,831,Qmpx,Qmpx,ign,_,_]
[831,832,VII,VII,ign,_,_]
[832,833,Qmpx,Qmpx,ign,_,_]
[833,834,VII,VII,ign,_,_]
[834,835,Qmpx,Qmpx,ign,_,_]
[835,836,VII,VII,ign,_,_]
[836,837,Qmpx-VII,Qmpx-VII,ign,_,_]
[837,838,QmpxVII,QmpxVII,ign,_,_]
[838,839,123,123,ign,_,_]
[839,840,.,.,ign,_,_]
[840,841,123,123,ign,_,_]
[841,842,123,123,ign,_,_]
[842,843,,,,,ign,_,_]
[843,844,123,123,ign,_,_]
[844,845,123,123,ign,_,_]
[845,846,;,;,ign,_,_]
[846,847,123,123,ign,_,_]
[847,848,123-123,123-123,ign,_,_]
[848,849,123:123,123:123,ign,_,_]
[849,850,123?123,123?123,ign,_,_]
[850,851,123!123,123!123,ign,_,_]
[851,852,123/123,123/123,ign,_,_]
[852,853,123(123,123(123,ign,_,_]
[853,854,123)123,123)123,ign,_,_]
[854,855,123,123,ign,_,_]
[855,856,123,123,ign,_,_]
[856,857,123,123,ign,_,_]
[857,858,123,123,ign,_,_]
[858,859,123,123,ign,_,_]
[859,860,123,123,ign,_,_]
[860,861,123-123,123-123,ign,_,_]
[861,862,123123,123123,ign,_,_]
[862,863,123,123,ign,_,_]
[863,864,.,.,ign,_,_]
[864,865,VII,VII,ign,_,_]
[865,866,123,123,ign,_,_]
[866,867,,,,,ign,_,_]
[867,868,VII,VII,ign,_,_]
[868,869,123,123,ign,_,_]
[869,870,;,;,ign,_,_]
[870,871,VII,VII,ign,_,_]
[871,872,123-VII,123-VII,ign,_,_]
[872,873,123:VII,123:VII,ign,_,_]
[873,874,123?VII,123?VII,ign,_,_]
[874,875,123!VII,123!VII,ign,_,_]
[875,876,123/VII,123/VII,ign,_,_]
[876,877,123(VII,123(VII,ign,_,_]
[877,878,123)VII,123)VII,ign,_,_]
[878,879,123,123,ign,_,_]
[879,880,VII,VII,ign,_,_]
[880,881,123,123,ign,_,_]
[881,882,VII,VII,ign,_,_]
[882,883,123,123,ign,_,_]
[883,884,VII,VII,ign,_,_]
[884,885,123-VII,123-VII,ign,_,_]
[885,886,123VII,123VII,ign,_,_]
[886,887,VII,VII,ign,_,_]
[887,888,.,.,ign,_,_]
[888,889,VII,VII,ign,_,_]
[889,890,VII,VII,ign,_,_]
[890,891,,,,,ign,_,_]
[891,892,VII,VII,ign,_,_]
[892,893,VII,VII,ign,_,_]
[893,894,;,;,ign,_,_]
[894,895,VII,VII,ign,_,_]
[895,896,VII-VII,VII-VII,ign,_,_]
[896,897,VII:VII,VII:VII,ign,_,_]
[897,898,VII?VII,VII?VII,ign,_,_]
[898,899,VII!VII,VII!VII,ign,_,_]
[899,900,VII/VII,VII/VII,ign,_,_]
[900,901,VII(VII,VII(VII,ign,_,_]
[901,902,VII)VII,VII)VII,ign,_,_]
[902,903,VII,VII,ign,_,_]
[903,904,VII,VII,ign,_,_]
[904,905,VII,VII,ign,_,_]
[905,906,VII,VII,ign,_,_]
[906,907,VII,VII,ign,_,_]
[907,908,VII,VII,ign,_,_]
[908,909,VII-VII,VII-VII,ign,_,_]
[909,910,VIIVII,VIIVII,ign,_,_]
[910,911,.,.,ign,_,_]
[911,912,polak,polak,ign,_,_]
[912,913,.,.,ign,_,_]
[913,914,(polak),(polak),ign,_,_]
[914,915,polak,polak,ign,_,_]
[915,916,.,.,ign,_,_]
[916,917,.,.,ign,_,_]
[917,918,.,.,ign,_,_]
[918,919,-polak-,-polak-,ign,_,_]
[919,920,polak,polak,ign,_,_]
[920,921,,,,,ign,_,_]
[921,922,polak,polak,ign,_,_]
[922,923,;,;,ign,_,_]
[923,924,polak,polak,ign,_,_]
[924,925,polak,polak,ign,_,_]
[925,926,polak,polak,ign,_,_]
[926,927,.,.,ign,_,_]
[927,928,Polak,Polak,ign,_,_]
[928,929,.,.,ign,_,_]
[929,930,(Polak),(Polak),ign,_,_]
[930,931,Polak,Polak,ign,_,_]
[931,932,.,.,ign,_,_]
[932,933,.,.,ign,_,_]
[933,934,.,.,ign,_,_]
[934,935,-Polak-,-Polak-,ign,_,_]
[935,936,Polak,Polak,ign,_,_]
[936,937,,,,,ign,_,_]
[937,938,Polak,Polak,ign,_,_]
[938,939,;,;,ign,_,_]
[939,940,Polak,Polak,ign,_,_]
[940,941,Polak,Polak,ign,_,_]
[941,942,Polak,Polak,ign,_,_]
[942,943,.,.,ign,_,_]
[943,944,Arcy,Arcy,ign,_,_]
[944,945,.,.,ign,_,_]
[945,946,(Arcy),(Arcy),ign,_,_]
[946,947,Arcy,Arcy,ign,_,_]
[947,948,.,.,ign,_,_]
[948,949,.,.,ign,_,_]
[949,950,.,.,ign,_,_]
[950,951,-Arcy-,-Arcy-,ign,_,_]
[951,952,Arcy,Arcy,ign,_,_]
[952,953,,,,,ign,_,_]
[953,954,Arcy,Arcy,ign,_,_]
[954,955,;,;,ign,_,_]
[955,956,Arcy,Arcy,ign,_,_]
[956,957,Arcy,Arcy,ign,_,_]
[957,958,Arcy,Arcy,ign,_,_]
[958,959,.,.,ign,_,_]
[959,960,.,.,ign,_,_]
[960,961,.,.,ign,_,_]
[961,962,.,.,ign,_,_]
[962,963,.,.,ign,_,_]
[963,964,.,.,ign,_,_]
[964,965,,,,,ign,_,_]
[965,966,;,;,ign,_,_]
[966,967,-,-,ign,_,_]
[967,968,--,--,ign,_,_]
[968,969,.,.,ign,_,_]
[969,970,,,,,ign,_,_]
[970,971,;,;,ign,_,_]
[971,972,?!,?!,ign,_,_]
[972,973,(),(),ign,_,_]
[]
[]
[]
[973,974,a,a,ign,_,_]
[974,975,.,.,ign,_,_]
[975,976,b,b,ign,_,_]
[976,977,.,.,ign,_,_]
[977,978,c,c,ign,_,_]
[978,979,.,.,ign,_,_]
[979,980,d,d,ign,_,_]
[980,981,1,1,ign,_,_]
[981,982,,,,,ign,_,_]
[982,983,2,2,ign,_,_]
[983,984,,,,,ign,_,_]
[984,985,3,3,ign,_,_]
[985,986,x-y-z,x-y-z,ign,_,_]
[986,987,co?,co?,ign,_,_]
[987,988,n,n,ign,_,_]
[988,989,.,.,ign,_,_]
[989,990,p,p,ign,_,_]
[990,991,.,.,ign,_,_]
[991,992,p,p,ign,_,_]
[992,993,.,.,ign,_,_]
[993,994,n,n,ign,_,_]
[994,995,.,.,ign,_,_]
[995,996,e,e,ign,_,_]
[996,997,.,.,ign,_,_]
[997,998,tzn,tzn,ign,_,_]
[998,999,.,.,ign,_,_]
[999,1000,O,O,ign,_,_]
[1000,1001,.,.,ign,_,_]
[1001,1002,K,K,ign,_,_]
[1002,1003,.,.,ign,_,_]
[1003,1004,3,3,ign,_,_]
[1004,1005,.,.,ign,_,_]
[1005,1006,14,14,ign,_,_]
[1006,1007,1+1,1+1,ign,_,_]

