[0,1,arcypolak,Arcypolak,subst:sg:nom:m2,pospolita,pot.|środ.
 0,1,arcypolak,ArcyPolak:s1,subst:sg:nom:m1,pospolita,_
 0,1,arcypolak,ArcyPolak:s2,subst:sg:nom:m1,nazwisko,_]
[0,1,arcyPolak,Arcypolak,subst:sg:nom:m2,pospolita,pot.|środ.
 0,1,arcyPolak,ArcyPolak:s1,subst:sg:nom:m1,pospolita,_
 0,1,arcyPolak,ArcyPolak:s2,subst:sg:nom:m1,nazwisko,_]
[0,1,Arcypolak,Arcypolak,subst:sg:nom:m2,pospolita,pot.|środ.
 0,1,Arcypolak,ArcyPolak:s1,subst:sg:nom:m1,pospolita,_
 0,1,Arcypolak,ArcyPolak:s2,subst:sg:nom:m1,nazwisko,_]
[0,1,ArcyPolak,Arcypolak,subst:sg:nom:m2,pospolita,pot.|środ.
 0,1,ArcyPolak,ArcyPolak:s1,subst:sg:nom:m1,pospolita,_
 0,1,ArcyPolak,ArcyPolak:s2,subst:sg:nom:m1,nazwisko,_]
[0,1,arcy-Polak,Arcy-polak,subst:sg:nom:m2,pospolita,pot.|środ.
 0,1,arcy-Polak,Arcy-Polak:s1,subst:sg:nom:m1,pospolita,_
 0,1,arcy-Polak,Arcy-Polak:s2,subst:sg:nom:m1,nazwisko,_]
[0,1,Arcy-Polak,Arcy-polak,subst:sg:nom:m2,pospolita,pot.|środ.
 0,1,Arcy-Polak,Arcy-Polak:s1,subst:sg:nom:m1,pospolita,_
 0,1,Arcy-Polak,Arcy-Polak:s2,subst:sg:nom:m1,nazwisko,_]
[0,1,polak,polak,ign,_,_]
[0,1,POLAK,POLAK,ign,_,_]
[0,1,polak,polak,ign,_,_]
[0,1,Polak,Polak,ign,_,_]
[0,1,POLAK,POLAK,ign,_,_]
[0,1,Polak,Polak,ign,_,_]
[0,1,POLAK,POLAK,ign,_,_]
[0,1,polak,polak,ign,_,_]
[0,1,Polak,Polak,ign,_,_]
[0,1,pOLAK,pOLAK,ign,_,_]
[0,1,Arcy,Arcy,ign,_,_]
[0,1,ARCY,ARCY,ign,_,_]
[0,1,arcy,arcy,ign,_,_]
[0,1,Arcy,Arcy,ign,_,_]
[0,1,aRCY,aRCY,ign,_,_]
[0,1,-,-,ign,_,_]
[0,1,-,-,ign,_,_]
[0,1,-,-,ign,_,_]
[0,1,-,-,ign,_,_]
[0,1,-,-,ign,_,_]
[0,1,polak123,polak123,ign,_,_]
[0,1,123polak,123polak,ign,_,_]
[0,1,polakx,polakx,ign,_,_]
[0,1,xpolak,xpolak,ign,_,_]
[0,1,polakpolak,polakpolak,ign,_,_]
[0,1,Polak123,Polak123,ign,_,_]
[0,1,123Polak,123Polak,ign,_,_]
[0,1,Polakx,Polakx,ign,_,_]
[0,1,xPolak,xPolak,ign,_,_]
[0,1,PolakPolak,PolakPolak,ign,_,_]
[0,1,Arcy123,Arcy123,ign,_,_]
[0,1,123Arcy,123Arcy,ign,_,_]
[0,1,Arcyx,Arcyx,ign,_,_]
[0,1,xArcy,xArcy,ign,_,_]
[0,1,ArcyArcy,ArcyArcy,ign,_,_]
[0,1,-123,-123,ign,_,_]
[0,1,123-,123-,ign,_,_]
[0,1,-x,-x,ign,_,_]
[0,1,x-,x-,ign,_,_]
[0,1,--,--,ign,_,_]
[0,1,polak,polak,ign,_,_]
[1,2,.,.,ign,_,_]
[2,3,polak,polak,ign,_,_]
[0,1,polak,polak,ign,_,_]
[1,2,,,,,ign,_,_]
[2,3,polak,polak,ign,_,_]
[0,1,polak,polak,ign,_,_]
[1,2,;,;,ign,_,_]
[2,3,polak,polak,ign,_,_]
[0,1,polak-polak,polak-polak,ign,_,_]
[0,1,polak:polak,polak:polak,ign,_,_]
[0,1,polak?polak,polak?polak,ign,_,_]
[0,1,polak!polak,polak!polak,ign,_,_]
[0,1,polak/polak,polak/polak,ign,_,_]
[0,1,polak(polak,polak(polak,ign,_,_]
[0,1,polak)polak,polak)polak,ign,_,_]
[0,1,polak,polak,ign,_,_]
[1,2,polak,polak,ign,_,_]
[0,1,polak,polak,ign,_,_]
[1,2,polak,polak,ign,_,_]
[0,1,polak,polak,ign,_,_]
[1,2,polak,polak,ign,_,_]
[0,1,polak-polak,polak-polak,ign,_,_]
[0,1,polakpolak,polakpolak,ign,_,_]
[0,1,polak,polak,ign,_,_]
[1,2,.,.,ign,_,_]
[2,3,Polak,Polak,ign,_,_]
[0,1,polak,polak,ign,_,_]
[1,2,,,,,ign,_,_]
[2,3,Polak,Polak,ign,_,_]
[0,1,polak,polak,ign,_,_]
[1,2,;,;,ign,_,_]
[2,3,Polak,Polak,ign,_,_]
[0,1,polak-Polak,polak-Polak,ign,_,_]
[0,1,polak:Polak,polak:Polak,ign,_,_]
[0,1,polak?Polak,polak?Polak,ign,_,_]
[0,1,polak!Polak,polak!Polak,ign,_,_]
[0,1,polak/Polak,polak/Polak,ign,_,_]
[0,1,polak(Polak,polak(Polak,ign,_,_]
[0,1,polak)Polak,polak)Polak,ign,_,_]
[0,1,polak,polak,ign,_,_]
[1,2,Polak,Polak,ign,_,_]
[0,1,polak,polak,ign,_,_]
[1,2,Polak,Polak,ign,_,_]
[0,1,polak,polak,ign,_,_]
[1,2,Polak,Polak,ign,_,_]
[0,1,polak-Polak,polak-Polak,ign,_,_]
[0,1,polakPolak,polakPolak,ign,_,_]
[0,1,polak,polak,ign,_,_]
[1,2,.,.,ign,_,_]
[2,3,Arcy,Arcy,ign,_,_]
[0,1,polak,polak,ign,_,_]
[1,2,,,,,ign,_,_]
[2,3,Arcy,Arcy,ign,_,_]
[0,1,polak,polak,ign,_,_]
[1,2,;,;,ign,_,_]
[2,3,Arcy,Arcy,ign,_,_]
[0,1,polak-Arcy,polak-Arcy,ign,_,_]
[0,1,polak:Arcy,polak:Arcy,ign,_,_]
[0,1,polak?Arcy,polak?Arcy,ign,_,_]
[0,1,polak!Arcy,polak!Arcy,ign,_,_]
[0,1,polak/Arcy,polak/Arcy,ign,_,_]
[0,1,polak(Arcy,polak(Arcy,ign,_,_]
[0,1,polak)Arcy,polak)Arcy,ign,_,_]
[0,1,polak,polak,ign,_,_]
[1,2,Arcy,Arcy,ign,_,_]
[0,1,polak,polak,ign,_,_]
[1,2,Arcy,Arcy,ign,_,_]
[0,1,polak,polak,ign,_,_]
[1,2,Arcy,Arcy,ign,_,_]
[0,1,polak-Arcy,polak-Arcy,ign,_,_]
[0,1,polakArcy,polakArcy,ign,_,_]
[0,1,polak,polak,ign,_,_]
[1,2,.,.,ign,_,_]
[2,3,-,-,ign,_,_]
[0,1,polak,polak,ign,_,_]
[1,2,,,,,ign,_,_]
[2,3,-,-,ign,_,_]
[0,1,polak,polak,ign,_,_]
[1,2,;,;,ign,_,_]
[2,3,-,-,ign,_,_]
[0,1,polak--,polak--,ign,_,_]
[0,1,polak:-,polak:-,ign,_,_]
[0,1,polak?-,polak?-,ign,_,_]
[0,1,polak!-,polak!-,ign,_,_]
[0,1,polak/-,polak/-,ign,_,_]
[0,1,polak(-,polak(-,ign,_,_]
[0,1,polak)-,polak)-,ign,_,_]
[0,1,polak,polak,ign,_,_]
[1,2,-,-,ign,_,_]
[0,1,polak,polak,ign,_,_]
[1,2,-,-,ign,_,_]
[0,1,polak,polak,ign,_,_]
[1,2,-,-,ign,_,_]
[0,1,polak--,polak--,ign,_,_]
[0,1,polak-,polak-,ign,_,_]
[0,1,polak,polak,ign,_,_]
[1,2,.,.,ign,_,_]
[2,3,xyzzy,xyzzy,ign,_,_]
[0,1,polak,polak,ign,_,_]
[1,2,,,,,ign,_,_]
[2,3,xyzzy,xyzzy,ign,_,_]
[0,1,polak,polak,ign,_,_]
[1,2,;,;,ign,_,_]
[2,3,xyzzy,xyzzy,ign,_,_]
[0,1,polak-xyzzy,polak-xyzzy,ign,_,_]
[0,1,polak:xyzzy,polak:xyzzy,ign,_,_]
[0,1,polak?xyzzy,polak?xyzzy,ign,_,_]
[0,1,polak!xyzzy,polak!xyzzy,ign,_,_]
[0,1,polak/xyzzy,polak/xyzzy,ign,_,_]
[0,1,polak(xyzzy,polak(xyzzy,ign,_,_]
[0,1,polak)xyzzy,polak)xyzzy,ign,_,_]
[0,1,polak,polak,ign,_,_]
[1,2,xyzzy,xyzzy,ign,_,_]
[0,1,polak,polak,ign,_,_]
[1,2,xyzzy,xyzzy,ign,_,_]
[0,1,polak,polak,ign,_,_]
[1,2,xyzzy,xyzzy,ign,_,_]
[0,1,polak-xyzzy,polak-xyzzy,ign,_,_]
[0,1,polakxyzzy,polakxyzzy,ign,_,_]
[0,1,polak,polak,ign,_,_]
[1,2,.,.,ign,_,_]
[2,3,Qmpx,Qmpx,ign,_,_]
[0,1,polak,polak,ign,_,_]
[1,2,,,,,ign,_,_]
[2,3,Qmpx,Qmpx,ign,_,_]
[0,1,polak,polak,ign,_,_]
[1,2,;,;,ign,_,_]
[2,3,Qmpx,Qmpx,ign,_,_]
[0,1,polak-Qmpx,polak-Qmpx,ign,_,_]
[0,1,polak:Qmpx,polak:Qmpx,ign,_,_]
[0,1,polak?Qmpx,polak?Qmpx,ign,_,_]
[0,1,polak!Qmpx,polak!Qmpx,ign,_,_]
[0,1,polak/Qmpx,polak/Qmpx,ign,_,_]
[0,1,polak(Qmpx,polak(Qmpx,ign,_,_]
[0,1,polak)Qmpx,polak)Qmpx,ign,_,_]
[0,1,polak,polak,ign,_,_]
[1,2,Qmpx,Qmpx,ign,_,_]
[0,1,polak,polak,ign,_,_]
[1,2,Qmpx,Qmpx,ign,_,_]
[0,1,polak,polak,ign,_,_]
[1,2,Qmpx,Qmpx,ign,_,_]
[0,1,polak-Qmpx,polak-Qmpx,ign,_,_]
[0,1,polakQmpx,polakQmpx,ign,_,_]
[0,1,polak,polak,ign,_,_]
[1,2,.,.,ign,_,_]
[2,3,123,123,ign,_,_]
[0,1,polak,polak,ign,_,_]
[1,2,,,,,ign,_,_]
[2,3,123,123,ign,_,_]
[0,1,polak,polak,ign,_,_]
[1,2,;,;,ign,_,_]
[2,3,123,123,ign,_,_]
[0,1,polak-123,polak-123,ign,_,_]
[0,1,polak:123,polak:123,ign,_,_]
[0,1,polak?123,polak?123,ign,_,_]
[0,1,polak!123,polak!123,ign,_,_]
[0,1,polak/123,polak/123,ign,_,_]
[0,1,polak(123,polak(123,ign,_,_]
[0,1,polak)123,polak)123,ign,_,_]
[0,1,polak,polak,ign,_,_]
[1,2,123,123,ign,_,_]
[0,1,polak,polak,ign,_,_]
[1,2,123,123,ign,_,_]
[0,1,polak,polak,ign,_,_]
[1,2,123,123,ign,_,_]
[0,1,polak-123,polak-123,ign,_,_]
[0,1,polak123,polak123,ign,_,_]
[0,1,polak,polak,ign,_,_]
[1,2,.,.,ign,_,_]
[2,3,VII,VII,ign,_,_]
[0,1,polak,polak,ign,_,_]
[1,2,,,,,ign,_,_]
[2,3,VII,VII,ign,_,_]
[0,1,polak,polak,ign,_,_]
[1,2,;,;,ign,_,_]
[2,3,VII,VII,ign,_,_]
[0,1,polak-VII,polak-VII,ign,_,_]
[0,1,polak:VII,polak:VII,ign,_,_]
[0,1,polak?VII,polak?VII,ign,_,_]
[0,1,polak!VII,polak!VII,ign,_,_]
[0,1,polak/VII,polak/VII,ign,_,_]
[0,1,polak(VII,polak(VII,ign,_,_]
[0,1,polak)VII,polak)VII,ign,_,_]
[0,1,polak,polak,ign,_,_]
[1,2,VII,VII,ign,_,_]
[0,1,polak,polak,ign,_,_]
[1,2,VII,VII,ign,_,_]
[0,1,polak,polak,ign,_,_]
[1,2,VII,VII,ign,_,_]
[0,1,polak-VII,polak-VII,ign,_,_]
[0,1,polakVII,polakVII,ign,_,_]
[0,1,Polak,Polak,ign,_,_]
[1,2,.,.,ign,_,_]
[2,3,Polak,Polak,ign,_,_]
[0,1,Polak,Polak,ign,_,_]
[1,2,,,,,ign,_,_]
[2,3,Polak,Polak,ign,_,_]
[0,1,Polak,Polak,ign,_,_]
[1,2,;,;,ign,_,_]
[2,3,Polak,Polak,ign,_,_]
[0,1,Polak-Polak,Polak-Polak,ign,_,_]
[0,1,Polak:Polak,Polak:Polak,ign,_,_]
[0,1,Polak?Polak,Polak?Polak,ign,_,_]
[0,1,Polak!Polak,Polak!Polak,ign,_,_]
[0,1,Polak/Polak,Polak/Polak,ign,_,_]
[0,1,Polak(Polak,Polak(Polak,ign,_,_]
[0,1,Polak)Polak,Polak)Polak,ign,_,_]
[0,1,Polak,Polak,ign,_,_]
[1,2,Polak,Polak,ign,_,_]
[0,1,Polak,Polak,ign,_,_]
[1,2,Polak,Polak,ign,_,_]
[0,1,Polak,Polak,ign,_,_]
[1,2,Polak,Polak,ign,_,_]
[0,1,Polak-Polak,Polak-Polak,ign,_,_]
[0,1,PolakPolak,PolakPolak,ign,_,_]
[0,1,Polak,Polak,ign,_,_]
[1,2,.,.,ign,_,_]
[2,3,Arcy,Arcy,ign,_,_]
[0,1,Polak,Polak,ign,_,_]
[1,2,,,,,ign,_,_]
[2,3,Arcy,Arcy,ign,_,_]
[0,1,Polak,Polak,ign,_,_]
[1,2,;,;,ign,_,_]
[2,3,Arcy,Arcy,ign,_,_]
[0,1,Polak-Arcy,Polak-Arcy,ign,_,_]
[0,1,Polak:Arcy,Polak:Arcy,ign,_,_]
[0,1,Polak?Arcy,Polak?Arcy,ign,_,_]
[0,1,Polak!Arcy,Polak!Arcy,ign,_,_]
[0,1,Polak/Arcy,Polak/Arcy,ign,_,_]
[0,1,Polak(Arcy,Polak(Arcy,ign,_,_]
[0,1,Polak)Arcy,Polak)Arcy,ign,_,_]
[0,1,Polak,Polak,ign,_,_]
[1,2,Arcy,Arcy,ign,_,_]
[0,1,Polak,Polak,ign,_,_]
[1,2,Arcy,Arcy,ign,_,_]
[0,1,Polak,Polak,ign,_,_]
[1,2,Arcy,Arcy,ign,_,_]
[0,1,Polak-Arcy,Polak-Arcy,ign,_,_]
[0,1,PolakArcy,PolakArcy,ign,_,_]
[0,1,Polak,Polak,ign,_,_]
[1,2,.,.,ign,_,_]
[2,3,-,-,ign,_,_]
[0,1,Polak,Polak,ign,_,_]
[1,2,,,,,ign,_,_]
[2,3,-,-,ign,_,_]
[0,1,Polak,Polak,ign,_,_]
[1,2,;,;,ign,_,_]
[2,3,-,-,ign,_,_]
[0,1,Polak--,Polak--,ign,_,_]
[0,1,Polak:-,Polak:-,ign,_,_]
[0,1,Polak?-,Polak?-,ign,_,_]
[0,1,Polak!-,Polak!-,ign,_,_]
[0,1,Polak/-,Polak/-,ign,_,_]
[0,1,Polak(-,Polak(-,ign,_,_]
[0,1,Polak)-,Polak)-,ign,_,_]
[0,1,Polak,Polak,ign,_,_]
[1,2,-,-,ign,_,_]
[0,1,Polak,Polak,ign,_,_]
[1,2,-,-,ign,_,_]
[0,1,Polak,Polak,ign,_,_]
[1,2,-,-,ign,_,_]
[0,1,Polak--,Polak--,ign,_,_]
[0,1,Polak-,Polak-,ign,_,_]
[0,1,Polak,Polak,ign,_,_]
[1,2,.,.,ign,_,_]
[2,3,xyzzy,xyzzy,ign,_,_]
[0,1,Polak,Polak,ign,_,_]
[1,2,,,,,ign,_,_]
[2,3,xyzzy,xyzzy,ign,_,_]
[0,1,Polak,Polak,ign,_,_]
[1,2,;,;,ign,_,_]
[2,3,xyzzy,xyzzy,ign,_,_]
[0,1,Polak-xyzzy,Polak-xyzzy,ign,_,_]
[0,1,Polak:xyzzy,Polak:xyzzy,ign,_,_]
[0,1,Polak?xyzzy,Polak?xyzzy,ign,_,_]
[0,1,Polak!xyzzy,Polak!xyzzy,ign,_,_]
[0,1,Polak/xyzzy,Polak/xyzzy,ign,_,_]
[0,1,Polak(xyzzy,Polak(xyzzy,ign,_,_]
[0,1,Polak)xyzzy,Polak)xyzzy,ign,_,_]
[0,1,Polak,Polak,ign,_,_]
[1,2,xyzzy,xyzzy,ign,_,_]
[0,1,Polak,Polak,ign,_,_]
[1,2,xyzzy,xyzzy,ign,_,_]
[0,1,Polak,Polak,ign,_,_]
[1,2,xyzzy,xyzzy,ign,_,_]
[0,1,Polak-xyzzy,Polak-xyzzy,ign,_,_]
[0,1,Polakxyzzy,Polakxyzzy,ign,_,_]
[0,1,Polak,Polak,ign,_,_]
[1,2,.,.,ign,_,_]
[2,3,Qmpx,Qmpx,ign,_,_]
[0,1,Polak,Polak,ign,_,_]
[1,2,,,,,ign,_,_]
[2,3,Qmpx,Qmpx,ign,_,_]
[0,1,Polak,Polak,ign,_,_]
[1,2,;,;,ign,_,_]
[2,3,Qmpx,Qmpx,ign,_,_]
[0,1,Polak-Qmpx,Polak-Qmpx,ign,_,_]
[0,1,Polak:Qmpx,Polak:Qmpx,ign,_,_]
[0,1,Polak?Qmpx,Polak?Qmpx,ign,_,_]
[0,1,Polak!Qmpx,Polak!Qmpx,ign,_,_]
[0,1,Polak/Qmpx,Polak/Qmpx,ign,_,_]
[0,1,Polak(Qmpx,Polak(Qmpx,ign,_,_]
[0,1,Polak)Qmpx,Polak)Qmpx,ign,_,_]
[0,1,Polak,Polak,ign,_,_]
[1,2,Qmpx,Qmpx,ign,_,_]
[0,1,Polak,Polak,ign,_,_]
[1,2,Qmpx,Qmpx,ign,_,_]
[0,1,Polak,Polak,ign,_,_]
[1,2,Qmpx,Qmpx,ign,_,_]
[0,1,Polak-Qmpx,Polak-Qmpx,ign,_,_]
[0,1,PolakQmpx,PolakQmpx,ign,_,_]
[0,1,Polak,Polak,ign,_,_]
[1,2,.,.,ign,_,_]
[2,3,123,123,ign,_,_]
[0,1,Polak,Polak,ign,_,_]
[1,2,,,,,ign,_,_]
[2,3,123,123,ign,_,_]
[0,1,Polak,Polak,ign,_,_]
[1,2,;,;,ign,_,_]
[2,3,123,123,ign,_,_]
[0,1,Polak-123,Polak-123,ign,_,_]
[0,1,Polak:123,Polak:123,ign,_,_]
[0,1,Polak?123,Polak?123,ign,_,_]
[0,1,Polak!123,Polak!123,ign,_,_]
[0,1,Polak/123,Polak/123,ign,_,_]
[0,1,Polak(123,Polak(123,ign,_,_]
[0,1,Polak)123,Polak)123,ign,_,_]
[0,1,Polak,Polak,ign,_,_]
[1,2,123,123,ign,_,_]
[0,1,Polak,Polak,ign,_,_]
[1,2,123,123,ign,_,_]
[0,1,Polak,Polak,ign,_,_]
[1,2,123,123,ign,_,_]
[0,1,Polak-123,Polak-123,ign,_,_]
[0,1,Polak123,Polak123,ign,_,_]
[0,1,Polak,Polak,ign,_,_]
[1,2,.,.,ign,_,_]
[2,3,VII,VII,ign,_,_]
[0,1,Polak,Polak,ign,_,_]
[1,2,,,,,ign,_,_]
[2,3,VII,VII,ign,_,_]
[0,1,Polak,Polak,ign,_,_]
[1,2,;,;,ign,_,_]
[2,3,VII,VII,ign,_,_]
[0,1,Polak-VII,Polak-VII,ign,_,_]
[0,1,Polak:VII,Polak:VII,ign,_,_]
[0,1,Polak?VII,Polak?VII,ign,_,_]
[0,1,Polak!VII,Polak!VII,ign,_,_]
[0,1,Polak/VII,Polak/VII,ign,_,_]
[0,1,Polak(VII,Polak(VII,ign,_,_]
[0,1,Polak)VII,Polak)VII,ign,_,_]
[0,1,Polak,Polak,ign,_,_]
[1,2,VII,VII,ign,_,_]
[0,1,Polak,Polak,ign,_,_]
[1,2,VII,VII,ign,_,_]
[0,1,Polak,Polak,ign,_,_]
[1,2,VII,VII,ign,_,_]
[0,1,Polak-VII,Polak-VII,ign,_,_]
[0,1,PolakVII,PolakVII,ign,_,_]
[0,1,Arcy,Arcy,ign,_,_]
[1,2,.,.,ign,_,_]
[2,3,Arcy,Arcy,ign,_,_]
[0,1,Arcy,Arcy,ign,_,_]
[1,2,,,,,ign,_,_]
[2,3,Arcy,Arcy,ign,_,_]
[0,1,Arcy,Arcy,ign,_,_]
[1,2,;,;,ign,_,_]
[2,3,Arcy,Arcy,ign,_,_]
[0,1,Arcy-Arcy,Arcy-Arcy,ign,_,_]
[0,1,Arcy:Arcy,Arcy:Arcy,ign,_,_]
[0,1,Arcy?Arcy,Arcy?Arcy,ign,_,_]
[0,1,Arcy!Arcy,Arcy!Arcy,ign,_,_]
[0,1,Arcy/Arcy,Arcy/Arcy,ign,_,_]
[0,1,Arcy(Arcy,Arcy(Arcy,ign,_,_]
[0,1,Arcy)Arcy,Arcy)Arcy,ign,_,_]
[0,1,Arcy,Arcy,ign,_,_]
[1,2,Arcy,Arcy,ign,_,_]
[0,1,Arcy,Arcy,ign,_,_]
[1,2,Arcy,Arcy,ign,_,_]
[0,1,Arcy,Arcy,ign,_,_]
[1,2,Arcy,Arcy,ign,_,_]
[0,1,Arcy-Arcy,Arcy-Arcy,ign,_,_]
[0,1,ArcyArcy,ArcyArcy,ign,_,_]
[0,1,Arcy,Arcy,ign,_,_]
[1,2,.,.,ign,_,_]
[2,3,-,-,ign,_,_]
[0,1,Arcy,Arcy,ign,_,_]
[1,2,,,,,ign,_,_]
[2,3,-,-,ign,_,_]
[0,1,Arcy,Arcy,ign,_,_]
[1,2,;,;,ign,_,_]
[2,3,-,-,ign,_,_]
[0,1,Arcy--,Arcy--,ign,_,_]
[0,1,Arcy:-,Arcy:-,ign,_,_]
[0,1,Arcy?-,Arcy?-,ign,_,_]
[0,1,Arcy!-,Arcy!-,ign,_,_]
[0,1,Arcy/-,Arcy/-,ign,_,_]
[0,1,Arcy(-,Arcy(-,ign,_,_]
[0,1,Arcy)-,Arcy)-,ign,_,_]
[0,1,Arcy,Arcy,ign,_,_]
[1,2,-,-,ign,_,_]
[0,1,Arcy,Arcy,ign,_,_]
[1,2,-,-,ign,_,_]
[0,1,Arcy,Arcy,ign,_,_]
[1,2,-,-,ign,_,_]
[0,1,Arcy--,Arcy--,ign,_,_]
[0,1,Arcy-,Arcy-,ign,_,_]
[0,1,Arcy,Arcy,ign,_,_]
[1,2,.,.,ign,_,_]
[2,3,xyzzy,xyzzy,ign,_,_]
[0,1,Arcy,Arcy,ign,_,_]
[1,2,,,,,ign,_,_]
[2,3,xyzzy,xyzzy,ign,_,_]
[0,1,Arcy,Arcy,ign,_,_]
[1,2,;,;,ign,_,_]
[2,3,xyzzy,xyzzy,ign,_,_]
[0,1,Arcy-xyzzy,Arcy-xyzzy,ign,_,_]
[0,1,Arcy:xyzzy,Arcy:xyzzy,ign,_,_]
[0,1,Arcy?xyzzy,Arcy?xyzzy,ign,_,_]
[0,1,Arcy!xyzzy,Arcy!xyzzy,ign,_,_]
[0,1,Arcy/xyzzy,Arcy/xyzzy,ign,_,_]
[0,1,Arcy(xyzzy,Arcy(xyzzy,ign,_,_]
[0,1,Arcy)xyzzy,Arcy)xyzzy,ign,_,_]
[0,1,Arcy,Arcy,ign,_,_]
[1,2,xyzzy,xyzzy,ign,_,_]
[0,1,Arcy,Arcy,ign,_,_]
[1,2,xyzzy,xyzzy,ign,_,_]
[0,1,Arcy,Arcy,ign,_,_]
[1,2,xyzzy,xyzzy,ign,_,_]
[0,1,Arcy-xyzzy,Arcy-xyzzy,ign,_,_]
[0,1,Arcyxyzzy,Arcyxyzzy,ign,_,_]
[0,1,Arcy,Arcy,ign,_,_]
[1,2,.,.,ign,_,_]
[2,3,Qmpx,Qmpx,ign,_,_]
[0,1,Arcy,Arcy,ign,_,_]
[1,2,,,,,ign,_,_]
[2,3,Qmpx,Qmpx,ign,_,_]
[0,1,Arcy,Arcy,ign,_,_]
[1,2,;,;,ign,_,_]
[2,3,Qmpx,Qmpx,ign,_,_]
[0,1,Arcy-Qmpx,Arcy-Qmpx,ign,_,_]
[0,1,Arcy:Qmpx,Arcy:Qmpx,ign,_,_]
[0,1,Arcy?Qmpx,Arcy?Qmpx,ign,_,_]
[0,1,Arcy!Qmpx,Arcy!Qmpx,ign,_,_]
[0,1,Arcy/Qmpx,Arcy/Qmpx,ign,_,_]
[0,1,Arcy(Qmpx,Arcy(Qmpx,ign,_,_]
[0,1,Arcy)Qmpx,Arcy)Qmpx,ign,_,_]
[0,1,Arcy,Arcy,ign,_,_]
[1,2,Qmpx,Qmpx,ign,_,_]
[0,1,Arcy,Arcy,ign,_,_]
[1,2,Qmpx,Qmpx,ign,_,_]
[0,1,Arcy,Arcy,ign,_,_]
[1,2,Qmpx,Qmpx,ign,_,_]
[0,1,Arcy-Qmpx,Arcy-Qmpx,ign,_,_]
[0,1,ArcyQmpx,ArcyQmpx,ign,_,_]
[0,1,Arcy,Arcy,ign,_,_]
[1,2,.,.,ign,_,_]
[2,3,123,123,ign,_,_]
[0,1,Arcy,Arcy,ign,_,_]
[1,2,,,,,ign,_,_]
[2,3,123,123,ign,_,_]
[0,1,Arcy,Arcy,ign,_,_]
[1,2,;,;,ign,_,_]
[2,3,123,123,ign,_,_]
[0,1,Arcy-123,Arcy-123,ign,_,_]
[0,1,Arcy:123,Arcy:123,ign,_,_]
[0,1,Arcy?123,Arcy?123,ign,_,_]
[0,1,Arcy!123,Arcy!123,ign,_,_]
[0,1,Arcy/123,Arcy/123,ign,_,_]
[0,1,Arcy(123,Arcy(123,ign,_,_]
[0,1,Arcy)123,Arcy)123,ign,_,_]
[0,1,Arcy,Arcy,ign,_,_]
[1,2,123,123,ign,_,_]
[0,1,Arcy,Arcy,ign,_,_]
[1,2,123,123,ign,_,_]
[0,1,Arcy,Arcy,ign,_,_]
[1,2,123,123,ign,_,_]
[0,1,Arcy-123,Arcy-123,ign,_,_]
[0,1,Arcy123,Arcy123,ign,_,_]
[0,1,Arcy,Arcy,ign,_,_]
[1,2,.,.,ign,_,_]
[2,3,VII,VII,ign,_,_]
[0,1,Arcy,Arcy,ign,_,_]
[1,2,,,,,ign,_,_]
[2,3,VII,VII,ign,_,_]
[0,1,Arcy,Arcy,ign,_,_]
[1,2,;,;,ign,_,_]
[2,3,VII,VII,ign,_,_]
[0,1,Arcy-VII,Arcy-VII,ign,_,_]
[0,1,Arcy:VII,Arcy:VII,ign,_,_]
[0,1,Arcy?VII,Arcy?VII,ign,_,_]
[0,1,Arcy!VII,Arcy!VII,ign,_,_]
[0,1,Arcy/VII,Arcy/VII,ign,_,_]
[0,1,Arcy(VII,Arcy(VII,ign,_,_]
[0,1,Arcy)VII,Arcy)VII,ign,_,_]
[0,1,Arcy,Arcy,ign,_,_]
[1,2,VII,VII,ign,_,_]
[0,1,Arcy,Arcy,ign,_,_]
[1,2,VII,VII,ign,_,_]
[0,1,Arcy,Arcy,ign,_,_]
[1,2,VII,VII,ign,_,_]
[0,1,Arcy-VII,Arcy-VII,ign,_,_]
[0,1,ArcyVII,ArcyVII,ign,_,_]
[0,1,-,-,ign,_,_]
[1,2,.,.,ign,_,_]
[2,3,-,-,ign,_,_]
[0,1,-,-,ign,_,_]
[1,2,,,,,ign,_,_]
[2,3,-,-,ign,_,_]
[0,1,-,-,ign,_,_]
[1,2,;,;,ign,_,_]
[2,3,-,-,ign,_,_]
[0,1,---,---,ign,_,_]
[0,1,-:-,-:-,ign,_,_]
[0,1,-?-,-?-,ign,_,_]
[0,1,-!-,-!-,ign,_,_]
[0,1,-/-,-/-,ign,_,_]
[0,1,-(-,-(-,ign,_,_]
[0,1,-)-,-)-,ign,_,_]
[0,1,-,-,ign,_,_]
[1,2,-,-,ign,_,_]
[0,1,-,-,ign,_,_]
[1,2,-,-,ign,_,_]
[0,1,-,-,ign,_,_]
[1,2,-,-,ign,_,_]
[0,1,---,---,ign,_,_]
[0,1,--,--,ign,_,_]
[0,1,-,-,ign,_,_]
[1,2,.,.,ign,_,_]
[2,3,xyzzy,xyzzy,ign,_,_]
[0,1,-,-,ign,_,_]
[1,2,,,,,ign,_,_]
[2,3,xyzzy,xyzzy,ign,_,_]
[0,1,-,-,ign,_,_]
[1,2,;,;,ign,_,_]
[2,3,xyzzy,xyzzy,ign,_,_]
[0,1,--xyzzy,--xyzzy,ign,_,_]
[0,1,-:xyzzy,-:xyzzy,ign,_,_]
[0,1,-?xyzzy,-?xyzzy,ign,_,_]
[0,1,-!xyzzy,-!xyzzy,ign,_,_]
[0,1,-/xyzzy,-/xyzzy,ign,_,_]
[0,1,-(xyzzy,-(xyzzy,ign,_,_]
[0,1,-)xyzzy,-)xyzzy,ign,_,_]
[0,1,-,-,ign,_,_]
[1,2,xyzzy,xyzzy,ign,_,_]
[0,1,-,-,ign,_,_]
[1,2,xyzzy,xyzzy,ign,_,_]
[0,1,-,-,ign,_,_]
[1,2,xyzzy,xyzzy,ign,_,_]
[0,1,--xyzzy,--xyzzy,ign,_,_]
[0,1,-xyzzy,-xyzzy,ign,_,_]
[0,1,-,-,ign,_,_]
[1,2,.,.,ign,_,_]
[2,3,Qmpx,Qmpx,ign,_,_]
[0,1,-,-,ign,_,_]
[1,2,,,,,ign,_,_]
[2,3,Qmpx,Qmpx,ign,_,_]
[0,1,-,-,ign,_,_]
[1,2,;,;,ign,_,_]
[2,3,Qmpx,Qmpx,ign,_,_]
[0,1,--Qmpx,--Qmpx,ign,_,_]
[0,1,-:Qmpx,-:Qmpx,ign,_,_]
[0,1,-?Qmpx,-?Qmpx,ign,_,_]
[0,1,-!Qmpx,-!Qmpx,ign,_,_]
[0,1,-/Qmpx,-/Qmpx,ign,_,_]
[0,1,-(Qmpx,-(Qmpx,ign,_,_]
[0,1,-)Qmpx,-)Qmpx,ign,_,_]
[0,1,-,-,ign,_,_]
[1,2,Qmpx,Qmpx,ign,_,_]
[0,1,-,-,ign,_,_]
[1,2,Qmpx,Qmpx,ign,_,_]
[0,1,-,-,ign,_,_]
[1,2,Qmpx,Qmpx,ign,_,_]
[0,1,--Qmpx,--Qmpx,ign,_,_]
[0,1,-Qmpx,-Qmpx,ign,_,_]
[0,1,-,-,ign,_,_]
[1,2,.,.,ign,_,_]
[2,3,123,123,ign,_,_]
[0,1,-,-,ign,_,_]
[1,2,,,,,ign,_,_]
[2,3,123,123,ign,_,_]
[0,1,-,-,ign,_,_]
[1,2,;,;,ign,_,_]
[2,3,123,123,ign,_,_]
[0,1,--123,--123,ign,_,_]
[0,1,-:123,-:123,ign,_,_]
[0,1,-?123,-?123,ign,_,_]
[0,1,-!123,-!123,ign,_,_]
[0,1,-/123,-/123,ign,_,_]
[0,1,-(123,-(123,ign,_,_]
[0,1,-)123,-)123,ign,_,_]
[0,1,-,-,ign,_,_]
[1,2,123,123,ign,_,_]
[0,1,-,-,ign,_,_]
[1,2,123,123,ign,_,_]
[0,1,-,-,ign,_,_]
[1,2,123,123,ign,_,_]
[0,1,--123,--123,ign,_,_]
[0,1,-123,-123,ign,_,_]
[0,1,-,-,ign,_,_]
[1,2,.,.,ign,_,_]
[2,3,VII,VII,ign,_,_]
[0,1,-,-,ign,_,_]
[1,2,,,,,ign,_,_]
[2,3,VII,VII,ign,_,_]
[0,1,-,-,ign,_,_]
[1,2,;,;,ign,_,_]
[2,3,VII,VII,ign,_,_]
[0,1,--VII,--VII,ign,_,_]
[0,1,-:VII,-:VII,ign,_,_]
[0,1,-?VII,-?VII,ign,_,_]
[0,1,-!VII,-!VII,ign,_,_]
[0,1,-/VII,-/VII,ign,_,_]
[0,1,-(VII,-(VII,ign,_,_]
[0,1,-)VII,-)VII,ign,_,_]
[0,1,-,-,ign,_,_]
[1,2,VII,VII,ign,_,_]
[0,1,-,-,ign,_,_]
[1,2,VII,VII,ign,_,_]
[0,1,-,-,ign,_,_]
[1,2,VII,VII,ign,_,_]
[0,1,--VII,--VII,ign,_,_]
[0,1,-VII,-VII,ign,_,_]
[0,1,xyzzy,xyzzy,ign,_,_]
[1,2,.,.,ign,_,_]
[2,3,xyzzy,xyzzy,ign,_,_]
[0,1,xyzzy,xyzzy,ign,_,_]
[1,2,,,,,ign,_,_]
[2,3,xyzzy,xyzzy,ign,_,_]
[0,1,xyzzy,xyzzy,ign,_,_]
[1,2,;,;,ign,_,_]
[2,3,xyzzy,xyzzy,ign,_,_]
[0,1,xyzzy-xyzzy,xyzzy-xyzzy,ign,_,_]
[0,1,xyzzy:xyzzy,xyzzy:xyzzy,ign,_,_]
[0,1,xyzzy?xyzzy,xyzzy?xyzzy,ign,_,_]
[0,1,xyzzy!xyzzy,xyzzy!xyzzy,ign,_,_]
[0,1,xyzzy/xyzzy,xyzzy/xyzzy,ign,_,_]
[0,1,xyzzy(xyzzy,xyzzy(xyzzy,ign,_,_]
[0,1,xyzzy)xyzzy,xyzzy)xyzzy,ign,_,_]
[0,1,xyzzy,xyzzy,ign,_,_]
[1,2,xyzzy,xyzzy,ign,_,_]
[0,1,xyzzy,xyzzy,ign,_,_]
[1,2,xyzzy,xyzzy,ign,_,_]
[0,1,xyzzy,xyzzy,ign,_,_]
[1,2,xyzzy,xyzzy,ign,_,_]
[0,1,xyzzy-xyzzy,xyzzy-xyzzy,ign,_,_]
[0,1,xyzzyxyzzy,xyzzyxyzzy,ign,_,_]
[0,1,xyzzy,xyzzy,ign,_,_]
[1,2,.,.,ign,_,_]
[2,3,Qmpx,Qmpx,ign,_,_]
[0,1,xyzzy,xyzzy,ign,_,_]
[1,2,,,,,ign,_,_]
[2,3,Qmpx,Qmpx,ign,_,_]
[0,1,xyzzy,xyzzy,ign,_,_]
[1,2,;,;,ign,_,_]
[2,3,Qmpx,Qmpx,ign,_,_]
[0,1,xyzzy-Qmpx,xyzzy-Qmpx,ign,_,_]
[0,1,xyzzy:Qmpx,xyzzy:Qmpx,ign,_,_]
[0,1,xyzzy?Qmpx,xyzzy?Qmpx,ign,_,_]
[0,1,xyzzy!Qmpx,xyzzy!Qmpx,ign,_,_]
[0,1,xyzzy/Qmpx,xyzzy/Qmpx,ign,_,_]
[0,1,xyzzy(Qmpx,xyzzy(Qmpx,ign,_,_]
[0,1,xyzzy)Qmpx,xyzzy)Qmpx,ign,_,_]
[0,1,xyzzy,xyzzy,ign,_,_]
[1,2,Qmpx,Qmpx,ign,_,_]
[0,1,xyzzy,xyzzy,ign,_,_]
[1,2,Qmpx,Qmpx,ign,_,_]
[0,1,xyzzy,xyzzy,ign,_,_]
[1,2,Qmpx,Qmpx,ign,_,_]
[0,1,xyzzy-Qmpx,xyzzy-Qmpx,ign,_,_]
[0,1,xyzzyQmpx,xyzzyQmpx,ign,_,_]
[0,1,xyzzy,xyzzy,ign,_,_]
[1,2,.,.,ign,_,_]
[2,3,123,123,ign,_,_]
[0,1,xyzzy,xyzzy,ign,_,_]
[1,2,,,,,ign,_,_]
[2,3,123,123,ign,_,_]
[0,1,xyzzy,xyzzy,ign,_,_]
[1,2,;,;,ign,_,_]
[2,3,123,123,ign,_,_]
[0,1,xyzzy-123,xyzzy-123,ign,_,_]
[0,1,xyzzy:123,xyzzy:123,ign,_,_]
[0,1,xyzzy?123,xyzzy?123,ign,_,_]
[0,1,xyzzy!123,xyzzy!123,ign,_,_]
[0,1,xyzzy/123,xyzzy/123,ign,_,_]
[0,1,xyzzy(123,xyzzy(123,ign,_,_]
[0,1,xyzzy)123,xyzzy)123,ign,_,_]
[0,1,xyzzy,xyzzy,ign,_,_]
[1,2,123,123,ign,_,_]
[0,1,xyzzy,xyzzy,ign,_,_]
[1,2,123,123,ign,_,_]
[0,1,xyzzy,xyzzy,ign,_,_]
[1,2,123,123,ign,_,_]
[0,1,xyzzy-123,xyzzy-123,ign,_,_]
[0,1,xyzzy123,xyzzy123,ign,_,_]
[0,1,xyzzy,xyzzy,ign,_,_]
[1,2,.,.,ign,_,_]
[2,3,VII,VII,ign,_,_]
[0,1,xyzzy,xyzzy,ign,_,_]
[1,2,,,,,ign,_,_]
[2,3,VII,VII,ign,_,_]
[0,1,xyzzy,xyzzy,ign,_,_]
[1,2,;,;,ign,_,_]
[2,3,VII,VII,ign,_,_]
[0,1,xyzzy-VII,xyzzy-VII,ign,_,_]
[0,1,xyzzy:VII,xyzzy:VII,ign,_,_]
[0,1,xyzzy?VII,xyzzy?VII,ign,_,_]
[0,1,xyzzy!VII,xyzzy!VII,ign,_,_]
[0,1,xyzzy/VII,xyzzy/VII,ign,_,_]
[0,1,xyzzy(VII,xyzzy(VII,ign,_,_]
[0,1,xyzzy)VII,xyzzy)VII,ign,_,_]
[0,1,xyzzy,xyzzy,ign,_,_]
[1,2,VII,VII,ign,_,_]
[0,1,xyzzy,xyzzy,ign,_,_]
[1,2,VII,VII,ign,_,_]
[0,1,xyzzy,xyzzy,ign,_,_]
[1,2,VII,VII,ign,_,_]
[0,1,xyzzy-VII,xyzzy-VII,ign,_,_]
[0,1,xyzzyVII,xyzzyVII,ign,_,_]
[0,1,Qmpx,Qmpx,ign,_,_]
[1,2,.,.,ign,_,_]
[2,3,Qmpx,Qmpx,ign,_,_]
[0,1,Qmpx,Qmpx,ign,_,_]
[1,2,,,,,ign,_,_]
[2,3,Qmpx,Qmpx,ign,_,_]
[0,1,Qmpx,Qmpx,ign,_,_]
[1,2,;,;,ign,_,_]
[2,3,Qmpx,Qmpx,ign,_,_]
[0,1,Qmpx-Qmpx,Qmpx-Qmpx,ign,_,_]
[0,1,Qmpx:Qmpx,Qmpx:Qmpx,ign,_,_]
[0,1,Qmpx?Qmpx,Qmpx?Qmpx,ign,_,_]
[0,1,Qmpx!Qmpx,Qmpx!Qmpx,ign,_,_]
[0,1,Qmpx/Qmpx,Qmpx/Qmpx,ign,_,_]
[0,1,Qmpx(Qmpx,Qmpx(Qmpx,ign,_,_]
[0,1,Qmpx)Qmpx,Qmpx)Qmpx,ign,_,_]
[0,1,Qmpx,Qmpx,ign,_,_]
[1,2,Qmpx,Qmpx,ign,_,_]
[0,1,Qmpx,Qmpx,ign,_,_]
[1,2,Qmpx,Qmpx,ign,_,_]
[0,1,Qmpx,Qmpx,ign,_,_]
[1,2,Qmpx,Qmpx,ign,_,_]
[0,1,Qmpx-Qmpx,Qmpx-Qmpx,ign,_,_]
[0,1,QmpxQmpx,QmpxQmpx,ign,_,_]
[0,1,Qmpx,Qmpx,ign,_,_]
[1,2,.,.,ign,_,_]
[2,3,123,123,ign,_,_]
[0,1,Qmpx,Qmpx,ign,_,_]
[1,2,,,,,ign,_,_]
[2,3,123,123,ign,_,_]
[0,1,Qmpx,Qmpx,ign,_,_]
[1,2,;,;,ign,_,_]
[2,3,123,123,ign,_,_]
[0,1,Qmpx-123,Qmpx-123,ign,_,_]
[0,1,Qmpx:123,Qmpx:123,ign,_,_]
[0,1,Qmpx?123,Qmpx?123,ign,_,_]
[0,1,Qmpx!123,Qmpx!123,ign,_,_]
[0,1,Qmpx/123,Qmpx/123,ign,_,_]
[0,1,Qmpx(123,Qmpx(123,ign,_,_]
[0,1,Qmpx)123,Qmpx)123,ign,_,_]
[0,1,Qmpx,Qmpx,ign,_,_]
[1,2,123,123,ign,_,_]
[0,1,Qmpx,Qmpx,ign,_,_]
[1,2,123,123,ign,_,_]
[0,1,Qmpx,Qmpx,ign,_,_]
[1,2,123,123,ign,_,_]
[0,1,Qmpx-123,Qmpx-123,ign,_,_]
[0,1,Qmpx123,Qmpx123,ign,_,_]
[0,1,Qmpx,Qmpx,ign,_,_]
[1,2,.,.,ign,_,_]
[2,3,VII,VII,ign,_,_]
[0,1,Qmpx,Qmpx,ign,_,_]
[1,2,,,,,ign,_,_]
[2,3,VII,VII,ign,_,_]
[0,1,Qmpx,Qmpx,ign,_,_]
[1,2,;,;,ign,_,_]
[2,3,VII,VII,ign,_,_]
[0,1,Qmpx-VII,Qmpx-VII,ign,_,_]
[0,1,Qmpx:VII,Qmpx:VII,ign,_,_]
[0,1,Qmpx?VII,Qmpx?VII,ign,_,_]
[0,1,Qmpx!VII,Qmpx!VII,ign,_,_]
[0,1,Qmpx/VII,Qmpx/VII,ign,_,_]
[0,1,Qmpx(VII,Qmpx(VII,ign,_,_]
[0,1,Qmpx)VII,Qmpx)VII,ign,_,_]
[0,1,Qmpx,Qmpx,ign,_,_]
[1,2,VII,VII,ign,_,_]
[0,1,Qmpx,Qmpx,ign,_,_]
[1,2,VII,VII,ign,_,_]
[0,1,Qmpx,Qmpx,ign,_,_]
[1,2,VII,VII,ign,_,_]
[0,1,Qmpx-VII,Qmpx-VII,ign,_,_]
[0,1,QmpxVII,QmpxVII,ign,_,_]
[0,1,123,123,ign,_,_]
[1,2,.,.,ign,_,_]
[2,3,123,123,ign,_,_]
[0,1,123,123,ign,_,_]
[1,2,,,,,ign,_,_]
[2,3,123,123,ign,_,_]
[0,1,123,123,ign,_,_]
[1,2,;,;,ign,_,_]
[2,3,123,123,ign,_,_]
[0,1,123-123,123-123,ign,_,_]
[0,1,123:123,123:123,ign,_,_]
[0,1,123?123,123?123,ign,_,_]
[0,1,123!123,123!123,ign,_,_]
[0,1,123/123,123/123,ign,_,_]
[0,1,123(123,123(123,ign,_,_]
[0,1,123)123,123)123,ign,_,_]
[0,1,123,123,ign,_,_]
[1,2,123,123,ign,_,_]
[0,1,123,123,ign,_,_]
[1,2,123,123,ign,_,_]
[0,1,123,123,ign,_,_]
[1,2,123,123,ign,_,_]
[0,1,123-123,123-123,ign,_,_]
[0,1,123123,123123,ign,_,_]
[0,1,123,123,ign,_,_]
[1,2,.,.,ign,_,_]
[2,3,VII,VII,ign,_,_]
[0,1,123,123,ign,_,_]
[1,2,,,,,ign,_,_]
[2,3,VII,VII,ign,_,_]
[0,1,123,123,ign,_,_]
[1,2,;,;,ign,_,_]
[2,3,VII,VII,ign,_,_]
[0,1,123-VII,123-VII,ign,_,_]
[0,1,123:VII,123:VII,ign,_,_]
[0,1,123?VII,123?VII,ign,_,_]
[0,1,123!VII,123!VII,ign,_,_]
[0,1,123/VII,123/VII,ign,_,_]
[0,1,123(VII,123(VII,ign,_,_]
[0,1,123)VII,123)VII,ign,_,_]
[0,1,123,123,ign,_,_]
[1,2,VII,VII,ign,_,_]
[0,1,123,123,ign,_,_]
[1,2,VII,VII,ign,_,_]
[0,1,123,123,ign,_,_]
[1,2,VII,VII,ign,_,_]
[0,1,123-VII,123-VII,ign,_,_]
[0,1,123VII,123VII,ign,_,_]
[0,1,VII,VII,ign,_,_]
[1,2,.,.,ign,_,_]
[2,3,VII,VII,ign,_,_]
[0,1,VII,VII,ign,_,_]
[1,2,,,,,ign,_,_]
[2,3,VII,VII,ign,_,_]
[0,1,VII,VII,ign,_,_]
[1,2,;,;,ign,_,_]
[2,3,VII,VII,ign,_,_]
[0,1,VII-VII,VII-VII,ign,_,_]
[0,1,VII:VII,VII:VII,ign,_,_]
[0,1,VII?VII,VII?VII,ign,_,_]
[0,1,VII!VII,VII!VII,ign,_,_]
[0,1,VII/VII,VII/VII,ign,_,_]
[0,1,VII(VII,VII(VII,ign,_,_]
[0,1,VII)VII,VII)VII,ign,_,_]
[0,1,VII,VII,ign,_,_]
[1,2,VII,VII,ign,_,_]
[0,1,VII,VII,ign,_,_]
[1,2,VII,VII,ign,_,_]
[0,1,VII,VII,ign,_,_]
[1,2,VII,VII,ign,_,_]
[0,1,VII-VII,VII-VII,ign,_,_]
[0,1,VIIVII,VIIVII,ign,_,_]
[0,1,.,.,ign,_,_]
[1,2,polak,polak,ign,_,_]
[2,3,.,.,ign,_,_]
[0,1,(polak),(polak),ign,_,_]
[0,1,polak,polak,ign,_,_]
[1,2,.,.,ign,_,_]
[2,3,.,.,ign,_,_]
[3,4,.,.,ign,_,_]
[0,1,-polak-,-polak-,ign,_,_]
[0,1,polak,polak,ign,_,_]
[1,2,,,,,ign,_,_]
[2,3,polak,polak,ign,_,_]
[3,4,;,;,ign,_,_]
[4,5,polak,polak,ign,_,_]
[0,1,polak,polak,ign,_,_]
[0,1,polak,polak,ign,_,_]
[0,1,.,.,ign,_,_]
[1,2,Polak,Polak,ign,_,_]
[2,3,.,.,ign,_,_]
[0,1,(Polak),(Polak),ign,_,_]
[0,1,Polak,Polak,ign,_,_]
[1,2,.,.,ign,_,_]
[2,3,.,.,ign,_,_]
[3,4,.,.,ign,_,_]
[0,1,-Polak-,-Polak-,ign,_,_]
[0,1,Polak,Polak,ign,_,_]
[1,2,,,,,ign,_,_]
[2,3,Polak,Polak,ign,_,_]
[3,4,;,;,ign,_,_]
[4,5,Polak,Polak,ign,_,_]
[0,1,Polak,Polak,ign,_,_]
[0,1,Polak,Polak,ign,_,_]
[0,1,.,.,ign,_,_]
[1,2,Arcy,Arcy,ign,_,_]
[2,3,.,.,ign,_,_]
[0,1,(Arcy),(Arcy),ign,_,_]
[0,1,Arcy,Arcy,ign,_,_]
[1,2,.,.,ign,_,_]
[2,3,.,.,ign,_,_]
[3,4,.,.,ign,_,_]
[0,1,-Arcy-,-Arcy-,ign,_,_]
[0,1,Arcy,Arcy,ign,_,_]
[1,2,,,,,ign,_,_]
[2,3,Arcy,Arcy,ign,_,_]
[3,4,;,;,ign,_,_]
[4,5,Arcy,Arcy,ign,_,_]
[0,1,Arcy,Arcy,ign,_,_]
[0,1,Arcy,Arcy,ign,_,_]
[0,1,.,.,ign,_,_]
[0,1,.,.,ign,_,_]
[1,2,.,.,ign,_,_]
[0,1,.,.,ign,_,_]
[1,2,.,.,ign,_,_]
[2,3,.,.,ign,_,_]
[0,1,,,,,ign,_,_]
[0,1,;,;,ign,_,_]
[0,1,-,-,ign,_,_]
[0,1,--,--,ign,_,_]
[0,1,.,.,ign,_,_]
[1,2,,,,,ign,_,_]
[2,3,;,;,ign,_,_]
[0,1,?!,?!,ign,_,_]
[0,1,(),(),ign,_,_]
[]
[]
[]
[0,1,a,a,ign,_,_]
[1,2,.,.,ign,_,_]
[2,3,b,b,ign,_,_]
[3,4,.,.,ign,_,_]
[4,5,c,c,ign,_,_]
[5,6,.,.,ign,_,_]
[6,7,d,d,ign,_,_]
[0,1,1,1,ign,_,_]
[1,2,,,,,ign,_,_]
[2,3,2,2,ign,_,_]
[3,4,,,,,ign,_,_]
[4,5,3,3,ign,_,_]
[0,1,x-y-z,x-y-z,ign,_,_]
[0,1,co?,co?,ign,_,_]
[0,1,n,n,ign,_,_]
[1,2,.,.,ign,_,_]
[2,3,p,p,ign,_,_]
[3,4,.,.,ign,_,_]
[0,1,p,p,ign,_,_]
[1,2,.,.,ign,_,_]
[2,3,n,n,ign,_,_]
[3,4,.,.,ign,_,_]
[4,5,e,e,ign,_,_]
[5,6,.,.,ign,_,_]
[0,1,tzn,tzn,ign,_,_]
[1,2,.,.,ign,_,_]
[0,1,O,O,ign,_,_]
[1,2,.,.,ign,_,_]
[2,3,K,K,ign,_,_]
[3,4,.,.,ign,_,_]
[0,1,3,3,ign,_,_]
[1,2,.,.,ign,_,_]
[2,3,14,14,ign,_,_]
[0,1,1+1,1+1,ign,_,_]

