[0,1,I,I,romandig,_,_]
[0,1,II,II,romandig,_,_]
[0,1,III,III,romandig,_,_]
[0,1,IV,IV,romandig,_,_]
[0,1,V,V,romandig,_,_]
[0,1,VI,VI,romandig,_,_]
[0,1,VII,VII,romandig,_,_]
[0,1,VIII,VIII,romandig,_,_]
[0,1,IX,IX,romandig,_,_]
[0,1,X,X,romandig,_,_]
[0,1,XI,XI,romandig,_,_]
[0,1,XII,XII,romandig,_,_]
[0,1,XIII,XIII,romandig,_,_]
[0,1,XV,XV,romandig,_,_]
[0,1,XX,XX,romandig,_,_]
[0,1,XXX,XXX,romandig,_,_]
[0,1,XL,XL,romandig,_,_]
[0,1,L,L,romandig,_,_]
[0,1,LX,LX,romandig,_,_]
[0,1,LXX,LXX,romandig,_,_]
[0,1,LXXX,LXXX,romandig,_,_]
[0,1,XC,XC,romandig,_,_]
[0,1,C,C,romandig,_,_]
[0,1,CC,CC,romandig,_,_]
[0,1,CCXVII,CCXVII,romandig,_,_]
[0,1,CD,CD,romandig,_,_]
[0,1,DC,DC,romandig,_,_]
[0,1,DCCC,DCCC,romandig,_,_]
[0,1,MMCD,MMCD,romandig,_,_]
[0,1,MMDC,MMDC,romandig,_,_]
[0,1,M,M,romandig,_,_]
[0,1,MMX,MMX,romandig,_,_]
[0,1,MMXIV,MMXIV,romandig,_,_]
[]
[0,1,IIII,IIII,ign,_,_]
[0,1,XXXX,XXXX,ign,_,_]
[0,1,LXIIII,LXIIII,ign,_,_]
[0,1,VV,VV,ign,_,_]
[0,1,LC,LC,ign,_,_]
[0,1,XXC,XXC,ign,_,_]
[0,1,LL,LL,ign,_,_]
[0,1,LLX,LLX,ign,_,_]
[]
[0,1,x,X,romandig,_,_]
[0,1,xx,XX,romandig,_,_]
[0,1,MmXiV,MMXIV,romandig,_,_]
[0,1,0,0,dig,_,_]
[0,1,0,0,dig,_,_]
[0,1,0,0,dig,_,_]
[0,1,0,0,dig,_,_]
[0,1,0,0,dig,_,_]
[0,1,1,1,dig,_,_]
[0,1,1,1,dig,_,_]
[0,1,1,1,dig,_,_]
[0,1,1,1,dig,_,_]
[0,1,1,1,dig,_,_]
[0,1,2,2,dig,_,_]
[0,1,2,2,dig,_,_]
[0,1,2,2,dig,_,_]
[0,1,2,2,dig,_,_]
[0,1,2,2,dig,_,_]
[0,1,3,3,dig,_,_]
[0,1,3,3,dig,_,_]
[0,1,3,3,dig,_,_]
[0,1,3,3,dig,_,_]
[0,1,3,3,dig,_,_]
[0,1,4,4,dig,_,_]
[0,1,4,4,dig,_,_]
[0,1,4,4,dig,_,_]
[0,1,4,4,dig,_,_]
[0,1,4,4,dig,_,_]
[0,1,5,5,dig,_,_]
[0,1,5,5,dig,_,_]
[0,1,5,5,dig,_,_]
[0,1,5,5,dig,_,_]
[0,1,5,5,dig,_,_]
[0,1,6,6,dig,_,_]
[0,1,6,6,dig,_,_]
[0,1,6,6,dig,_,_]
[0,1,6,6,dig,_,_]
[0,1,6,6,dig,_,_]
[0,1,7,7,dig,_,_]
[0,1,7,7,dig,_,_]
[0,1,7,7,dig,_,_]
[0,1,7,7,dig,_,_]
[0,1,7,7,dig,_,_]
[0,1,0123,0123,dig,_,_]
[0,1,1230,1230,dig,_,_]
[0,1,0x,0x,ign,_,_]
[0,1,x0,x0,ign,_,_]
[0,1,00,00,dig,_,_]
[0,1,1123,1123,dig,_,_]
[0,1,1231,1231,dig,_,_]
[0,1,1x,1x,ign,_,_]
[0,1,x1,x1,ign,_,_]
[0,1,11,11,dig,_,_]
[0,1,2123,2123,dig,_,_]
[0,1,1232,1232,dig,_,_]
[0,1,2x,2x,ign,_,_]
[0,1,x2,x2,ign,_,_]
[0,1,22,22,dig,_,_]
[0,1,3123,3123,dig,_,_]
[0,1,1233,1233,dig,_,_]
[0,1,3x,3x,ign,_,_]
[0,1,x3,x3,ign,_,_]
[0,1,33,33,dig,_,_]
[0,1,0,0,dig,_,_]
[1,2,.,.,ign,_,_]
[2,3,0,0,dig,_,_]
[0,1,0,0,dig,_,_]
[1,2,,,,,ign,_,_]
[2,3,0,0,dig,_,_]
[0,1,0,0,dig,_,_]
[1,2,;,;,ign,_,_]
[2,3,0,0,dig,_,_]
[0,1,0-0,0-0,ign,_,_]
[0,1,0:0,0:0,ign,_,_]
[0,1,0?0,0?0,ign,_,_]
[0,1,0!0,0!0,ign,_,_]
[0,1,0/0,0/0,ign,_,_]
[0,1,0(0,0(0,ign,_,_]
[0,1,0)0,0)0,ign,_,_]
[0,1,0 ,0,dig,_,_]
[1,2,0,0,dig,_,_]
[0,1,0  ,0,dig,_,_]
[1,2,0,0,dig,_,_]
[0,1,0	,0,dig,_,_]
[1,2,0,0,dig,_,_]
[0,1,0-0,0-0,ign,_,_]
[0,1,00,00,dig,_,_]
[0,1,0,0,dig,_,_]
[1,2,.,.,ign,_,_]
[2,3,1,1,dig,_,_]
[0,1,0,0,dig,_,_]
[1,2,,,,,ign,_,_]
[2,3,1,1,dig,_,_]
[0,1,0,0,dig,_,_]
[1,2,;,;,ign,_,_]
[2,3,1,1,dig,_,_]
[0,1,0-1,0-1,ign,_,_]
[0,1,0:1,0:1,ign,_,_]
[0,1,0?1,0?1,ign,_,_]
[0,1,0!1,0!1,ign,_,_]
[0,1,0/1,0/1,ign,_,_]
[0,1,0(1,0(1,ign,_,_]
[0,1,0)1,0)1,ign,_,_]
[0,1,0 ,0,dig,_,_]
[1,2,1,1,dig,_,_]
[0,1,0  ,0,dig,_,_]
[1,2,1,1,dig,_,_]
[0,1,0	,0,dig,_,_]
[1,2,1,1,dig,_,_]
[0,1,0-1,0-1,ign,_,_]
[0,1,01,01,dig,_,_]
[0,1,0,0,dig,_,_]
[1,2,.,.,ign,_,_]
[2,3,2,2,dig,_,_]
[0,1,0,0,dig,_,_]
[1,2,,,,,ign,_,_]
[2,3,2,2,dig,_,_]
[0,1,0,0,dig,_,_]
[1,2,;,;,ign,_,_]
[2,3,2,2,dig,_,_]
[0,1,0-2,0-2,ign,_,_]
[0,1,0:2,0:2,ign,_,_]
[0,1,0?2,0?2,ign,_,_]
[0,1,0!2,0!2,ign,_,_]
[0,1,0/2,0/2,ign,_,_]
[0,1,0(2,0(2,ign,_,_]
[0,1,0)2,0)2,ign,_,_]
[0,1,0 ,0,dig,_,_]
[1,2,2,2,dig,_,_]
[0,1,0  ,0,dig,_,_]
[1,2,2,2,dig,_,_]
[0,1,0	,0,dig,_,_]
[1,2,2,2,dig,_,_]
[0,1,0-2,0-2,ign,_,_]
[0,1,02,02,dig,_,_]
[0,1,0,0,dig,_,_]
[1,2,.,.,ign,_,_]
[2,3,3,3,dig,_,_]
[0,1,0,0,dig,_,_]
[1,2,,,,,ign,_,_]
[2,3,3,3,dig,_,_]
[0,1,0,0,dig,_,_]
[1,2,;,;,ign,_,_]
[2,3,3,3,dig,_,_]
[0,1,0-3,0-3,ign,_,_]
[0,1,0:3,0:3,ign,_,_]
[0,1,0?3,0?3,ign,_,_]
[0,1,0!3,0!3,ign,_,_]
[0,1,0/3,0/3,ign,_,_]
[0,1,0(3,0(3,ign,_,_]
[0,1,0)3,0)3,ign,_,_]
[0,1,0 ,0,dig,_,_]
[1,2,3,3,dig,_,_]
[0,1,0  ,0,dig,_,_]
[1,2,3,3,dig,_,_]
[0,1,0	,0,dig,_,_]
[1,2,3,3,dig,_,_]
[0,1,0-3,0-3,ign,_,_]
[0,1,03,03,dig,_,_]
[0,1,0,0,dig,_,_]
[1,2,.,.,ign,_,_]
[2,3,4,4,dig,_,_]
[0,1,0,0,dig,_,_]
[1,2,,,,,ign,_,_]
[2,3,4,4,dig,_,_]
[0,1,0,0,dig,_,_]
[1,2,;,;,ign,_,_]
[2,3,4,4,dig,_,_]
[0,1,0-4,0-4,ign,_,_]
[0,1,0:4,0:4,ign,_,_]
[0,1,0?4,0?4,ign,_,_]
[0,1,0!4,0!4,ign,_,_]
[0,1,0/4,0/4,ign,_,_]
[0,1,0(4,0(4,ign,_,_]
[0,1,0)4,0)4,ign,_,_]
[0,1,0 ,0,dig,_,_]
[1,2,4,4,dig,_,_]
[0,1,0  ,0,dig,_,_]
[1,2,4,4,dig,_,_]
[0,1,0	,0,dig,_,_]
[1,2,4,4,dig,_,_]
[0,1,0-4,0-4,ign,_,_]
[0,1,04,04,dig,_,_]
[0,1,0,0,dig,_,_]
[1,2,.,.,ign,_,_]
[2,3,xyzzy,xyzzy,ign,_,_]
[0,1,0,0,dig,_,_]
[1,2,,,,,ign,_,_]
[2,3,xyzzy,xyzzy,ign,_,_]
[0,1,0,0,dig,_,_]
[1,2,;,;,ign,_,_]
[2,3,xyzzy,xyzzy,ign,_,_]
[0,1,0-xyzzy,0-xyzzy,ign,_,_]
[0,1,0:xyzzy,0:xyzzy,ign,_,_]
[0,1,0?xyzzy,0?xyzzy,ign,_,_]
[0,1,0!xyzzy,0!xyzzy,ign,_,_]
[0,1,0/xyzzy,0/xyzzy,ign,_,_]
[0,1,0(xyzzy,0(xyzzy,ign,_,_]
[0,1,0)xyzzy,0)xyzzy,ign,_,_]
[0,1,0 ,0,dig,_,_]
[1,2,xyzzy,xyzzy,ign,_,_]
[0,1,0  ,0,dig,_,_]
[1,2,xyzzy,xyzzy,ign,_,_]
[0,1,0	,0,dig,_,_]
[1,2,xyzzy,xyzzy,ign,_,_]
[0,1,0-xyzzy,0-xyzzy,ign,_,_]
[0,1,0xyzzy,0xyzzy,ign,_,_]
[0,1,0,0,dig,_,_]
[1,2,.,.,ign,_,_]
[2,3,Qmpx,Qmpx,ign,_,_]
[0,1,0,0,dig,_,_]
[1,2,,,,,ign,_,_]
[2,3,Qmpx,Qmpx,ign,_,_]
[0,1,0,0,dig,_,_]
[1,2,;,;,ign,_,_]
[2,3,Qmpx,Qmpx,ign,_,_]
[0,1,0-Qmpx,0-Qmpx,ign,_,_]
[0,1,0:Qmpx,0:Qmpx,ign,_,_]
[0,1,0?Qmpx,0?Qmpx,ign,_,_]
[0,1,0!Qmpx,0!Qmpx,ign,_,_]
[0,1,0/Qmpx,0/Qmpx,ign,_,_]
[0,1,0(Qmpx,0(Qmpx,ign,_,_]
[0,1,0)Qmpx,0)Qmpx,ign,_,_]
[0,1,0 ,0,dig,_,_]
[1,2,Qmpx,Qmpx,ign,_,_]
[0,1,0  ,0,dig,_,_]
[1,2,Qmpx,Qmpx,ign,_,_]
[0,1,0	,0,dig,_,_]
[1,2,Qmpx,Qmpx,ign,_,_]
[0,1,0-Qmpx,0-Qmpx,ign,_,_]
[0,1,0Qmpx,0Qmpx,ign,_,_]
[0,1,0,0,dig,_,_]
[1,2,.,.,ign,_,_]
[2,3,123,123,dig,_,_]
[0,1,0,0,dig,_,_]
[1,2,,,,,ign,_,_]
[2,3,123,123,dig,_,_]
[0,1,0,0,dig,_,_]
[1,2,;,;,ign,_,_]
[2,3,123,123,dig,_,_]
[0,1,0-123,0-123,ign,_,_]
[0,1,0:123,0:123,ign,_,_]
[0,1,0?123,0?123,ign,_,_]
[0,1,0!123,0!123,ign,_,_]
[0,1,0/123,0/123,ign,_,_]
[0,1,0(123,0(123,ign,_,_]
[0,1,0)123,0)123,ign,_,_]
[0,1,0 ,0,dig,_,_]
[1,2,123,123,dig,_,_]
[0,1,0  ,0,dig,_,_]
[1,2,123,123,dig,_,_]
[0,1,0	,0,dig,_,_]
[1,2,123,123,dig,_,_]
[0,1,0-123,0-123,ign,_,_]
[0,1,0123,0123,dig,_,_]
[0,1,0,0,dig,_,_]
[1,2,.,.,ign,_,_]
[2,3,VII,VII,romandig,_,_]
[0,1,0,0,dig,_,_]
[1,2,,,,,ign,_,_]
[2,3,VII,VII,romandig,_,_]
[0,1,0,0,dig,_,_]
[1,2,;,;,ign,_,_]
[2,3,VII,VII,romandig,_,_]
[0,1,0-VII,0-VII,ign,_,_]
[0,1,0:VII,0:VII,ign,_,_]
[0,1,0?VII,0?VII,ign,_,_]
[0,1,0!VII,0!VII,ign,_,_]
[0,1,0/VII,0/VII,ign,_,_]
[0,1,0(VII,0(VII,ign,_,_]
[0,1,0)VII,0)VII,ign,_,_]
[0,1,0 ,0,dig,_,_]
[1,2,VII,VII,romandig,_,_]
[0,1,0  ,0,dig,_,_]
[1,2,VII,VII,romandig,_,_]
[0,1,0	,0,dig,_,_]
[1,2,VII,VII,romandig,_,_]
[0,1,0-VII,0-VII,ign,_,_]
[0,1,0VII,0VII,ign,_,_]
[0,1,1,1,dig,_,_]
[1,2,.,.,ign,_,_]
[2,3,1,1,dig,_,_]
[0,1,1,1,dig,_,_]
[1,2,,,,,ign,_,_]
[2,3,1,1,dig,_,_]
[0,1,1,1,dig,_,_]
[1,2,;,;,ign,_,_]
[2,3,1,1,dig,_,_]
[0,1,1-1,1-1,ign,_,_]
[0,1,1:1,1:1,ign,_,_]
[0,1,1?1,1?1,ign,_,_]
[0,1,1!1,1!1,ign,_,_]
[0,1,1/1,1/1,ign,_,_]
[0,1,1(1,1(1,ign,_,_]
[0,1,1)1,1)1,ign,_,_]
[0,1,1 ,1,dig,_,_]
[1,2,1,1,dig,_,_]
[0,1,1  ,1,dig,_,_]
[1,2,1,1,dig,_,_]
[0,1,1	,1,dig,_,_]
[1,2,1,1,dig,_,_]
[0,1,1-1,1-1,ign,_,_]
[0,1,11,11,dig,_,_]
[0,1,1,1,dig,_,_]
[1,2,.,.,ign,_,_]
[2,3,2,2,dig,_,_]
[0,1,1,1,dig,_,_]
[1,2,,,,,ign,_,_]
[2,3,2,2,dig,_,_]
[0,1,1,1,dig,_,_]
[1,2,;,;,ign,_,_]
[2,3,2,2,dig,_,_]
[0,1,1-2,1-2,ign,_,_]
[0,1,1:2,1:2,ign,_,_]
[0,1,1?2,1?2,ign,_,_]
[0,1,1!2,1!2,ign,_,_]
[0,1,1/2,1/2,ign,_,_]
[0,1,1(2,1(2,ign,_,_]
[0,1,1)2,1)2,ign,_,_]
[0,1,1 ,1,dig,_,_]
[1,2,2,2,dig,_,_]
[0,1,1  ,1,dig,_,_]
[1,2,2,2,dig,_,_]
[0,1,1	,1,dig,_,_]
[1,2,2,2,dig,_,_]
[0,1,1-2,1-2,ign,_,_]
[0,1,12,12,dig,_,_]
[0,1,1,1,dig,_,_]
[1,2,.,.,ign,_,_]
[2,3,3,3,dig,_,_]
[0,1,1,1,dig,_,_]
[1,2,,,,,ign,_,_]
[2,3,3,3,dig,_,_]
[0,1,1,1,dig,_,_]
[1,2,;,;,ign,_,_]
[2,3,3,3,dig,_,_]
[0,1,1-3,1-3,ign,_,_]
[0,1,1:3,1:3,ign,_,_]
[0,1,1?3,1?3,ign,_,_]
[0,1,1!3,1!3,ign,_,_]
[0,1,1/3,1/3,ign,_,_]
[0,1,1(3,1(3,ign,_,_]
[0,1,1)3,1)3,ign,_,_]
[0,1,1 ,1,dig,_,_]
[1,2,3,3,dig,_,_]
[0,1,1  ,1,dig,_,_]
[1,2,3,3,dig,_,_]
[0,1,1	,1,dig,_,_]
[1,2,3,3,dig,_,_]
[0,1,1-3,1-3,ign,_,_]
[0,1,13,13,dig,_,_]
[0,1,1,1,dig,_,_]
[1,2,.,.,ign,_,_]
[2,3,4,4,dig,_,_]
[0,1,1,1,dig,_,_]
[1,2,,,,,ign,_,_]
[2,3,4,4,dig,_,_]
[0,1,1,1,dig,_,_]
[1,2,;,;,ign,_,_]
[2,3,4,4,dig,_,_]
[0,1,1-4,1-4,ign,_,_]
[0,1,1:4,1:4,ign,_,_]
[0,1,1?4,1?4,ign,_,_]
[0,1,1!4,1!4,ign,_,_]
[0,1,1/4,1/4,ign,_,_]
[0,1,1(4,1(4,ign,_,_]
[0,1,1)4,1)4,ign,_,_]
[0,1,1 ,1,dig,_,_]
[1,2,4,4,dig,_,_]
[0,1,1  ,1,dig,_,_]
[1,2,4,4,dig,_,_]
[0,1,1	,1,dig,_,_]
[1,2,4,4,dig,_,_]
[0,1,1-4,1-4,ign,_,_]
[0,1,14,14,dig,_,_]
[0,1,1,1,dig,_,_]
[1,2,.,.,ign,_,_]
[2,3,xyzzy,xyzzy,ign,_,_]
[0,1,1,1,dig,_,_]
[1,2,,,,,ign,_,_]
[2,3,xyzzy,xyzzy,ign,_,_]
[0,1,1,1,dig,_,_]
[1,2,;,;,ign,_,_]
[2,3,xyzzy,xyzzy,ign,_,_]
[0,1,1-xyzzy,1-xyzzy,ign,_,_]
[0,1,1:xyzzy,1:xyzzy,ign,_,_]
[0,1,1?xyzzy,1?xyzzy,ign,_,_]
[0,1,1!xyzzy,1!xyzzy,ign,_,_]
[0,1,1/xyzzy,1/xyzzy,ign,_,_]
[0,1,1(xyzzy,1(xyzzy,ign,_,_]
[0,1,1)xyzzy,1)xyzzy,ign,_,_]
[0,1,1 ,1,dig,_,_]
[1,2,xyzzy,xyzzy,ign,_,_]
[0,1,1  ,1,dig,_,_]
[1,2,xyzzy,xyzzy,ign,_,_]
[0,1,1	,1,dig,_,_]
[1,2,xyzzy,xyzzy,ign,_,_]
[0,1,1-xyzzy,1-xyzzy,ign,_,_]
[0,1,1xyzzy,1xyzzy,ign,_,_]
[0,1,1,1,dig,_,_]
[1,2,.,.,ign,_,_]
[2,3,Qmpx,Qmpx,ign,_,_]
[0,1,1,1,dig,_,_]
[1,2,,,,,ign,_,_]
[2,3,Qmpx,Qmpx,ign,_,_]
[0,1,1,1,dig,_,_]
[1,2,;,;,ign,_,_]
[2,3,Qmpx,Qmpx,ign,_,_]
[0,1,1-Qmpx,1-Qmpx,ign,_,_]
[0,1,1:Qmpx,1:Qmpx,ign,_,_]
[0,1,1?Qmpx,1?Qmpx,ign,_,_]
[0,1,1!Qmpx,1!Qmpx,ign,_,_]
[0,1,1/Qmpx,1/Qmpx,ign,_,_]
[0,1,1(Qmpx,1(Qmpx,ign,_,_]
[0,1,1)Qmpx,1)Qmpx,ign,_,_]
[0,1,1 ,1,dig,_,_]
[1,2,Qmpx,Qmpx,ign,_,_]
[0,1,1  ,1,dig,_,_]
[1,2,Qmpx,Qmpx,ign,_,_]
[0,1,1	,1,dig,_,_]
[1,2,Qmpx,Qmpx,ign,_,_]
[0,1,1-Qmpx,1-Qmpx,ign,_,_]
[0,1,1Qmpx,1Qmpx,ign,_,_]
[0,1,1,1,dig,_,_]
[1,2,.,.,ign,_,_]
[2,3,123,123,dig,_,_]
[0,1,1,1,dig,_,_]
[1,2,,,,,ign,_,_]
[2,3,123,123,dig,_,_]
[0,1,1,1,dig,_,_]
[1,2,;,;,ign,_,_]
[2,3,123,123,dig,_,_]
[0,1,1-123,1-123,ign,_,_]
[0,1,1:123,1:123,ign,_,_]
[0,1,1?123,1?123,ign,_,_]
[0,1,1!123,1!123,ign,_,_]
[0,1,1/123,1/123,ign,_,_]
[0,1,1(123,1(123,ign,_,_]
[0,1,1)123,1)123,ign,_,_]
[0,1,1 ,1,dig,_,_]
[1,2,123,123,dig,_,_]
[0,1,1  ,1,dig,_,_]
[1,2,123,123,dig,_,_]
[0,1,1	,1,dig,_,_]
[1,2,123,123,dig,_,_]
[0,1,1-123,1-123,ign,_,_]
[0,1,1123,1123,dig,_,_]
[0,1,1,1,dig,_,_]
[1,2,.,.,ign,_,_]
[2,3,VII,VII,romandig,_,_]
[0,1,1,1,dig,_,_]
[1,2,,,,,ign,_,_]
[2,3,VII,VII,romandig,_,_]
[0,1,1,1,dig,_,_]
[1,2,;,;,ign,_,_]
[2,3,VII,VII,romandig,_,_]
[0,1,1-VII,1-VII,ign,_,_]
[0,1,1:VII,1:VII,ign,_,_]
[0,1,1?VII,1?VII,ign,_,_]
[0,1,1!VII,1!VII,ign,_,_]
[0,1,1/VII,1/VII,ign,_,_]
[0,1,1(VII,1(VII,ign,_,_]
[0,1,1)VII,1)VII,ign,_,_]
[0,1,1 ,1,dig,_,_]
[1,2,VII,VII,romandig,_,_]
[0,1,1  ,1,dig,_,_]
[1,2,VII,VII,romandig,_,_]
[0,1,1	,1,dig,_,_]
[1,2,VII,VII,romandig,_,_]
[0,1,1-VII,1-VII,ign,_,_]
[0,1,1VII,1VII,ign,_,_]
[0,1,2,2,dig,_,_]
[1,2,.,.,ign,_,_]
[2,3,2,2,dig,_,_]
[0,1,2,2,dig,_,_]
[1,2,,,,,ign,_,_]
[2,3,2,2,dig,_,_]
[0,1,2,2,dig,_,_]
[1,2,;,;,ign,_,_]
[2,3,2,2,dig,_,_]
[0,1,2-2,2-2,ign,_,_]
[0,1,2:2,2:2,ign,_,_]
[0,1,2?2,2?2,ign,_,_]
[0,1,2!2,2!2,ign,_,_]
[0,1,2/2,2/2,ign,_,_]
[0,1,2(2,2(2,ign,_,_]
[0,1,2)2,2)2,ign,_,_]
[0,1,2 ,2,dig,_,_]
[1,2,2,2,dig,_,_]
[0,1,2  ,2,dig,_,_]
[1,2,2,2,dig,_,_]
[0,1,2	,2,dig,_,_]
[1,2,2,2,dig,_,_]
[0,1,2-2,2-2,ign,_,_]
[0,1,22,22,dig,_,_]
[0,1,2,2,dig,_,_]
[1,2,.,.,ign,_,_]
[2,3,3,3,dig,_,_]
[0,1,2,2,dig,_,_]
[1,2,,,,,ign,_,_]
[2,3,3,3,dig,_,_]
[0,1,2,2,dig,_,_]
[1,2,;,;,ign,_,_]
[2,3,3,3,dig,_,_]
[0,1,2-3,2-3,ign,_,_]
[0,1,2:3,2:3,ign,_,_]
[0,1,2?3,2?3,ign,_,_]
[0,1,2!3,2!3,ign,_,_]
[0,1,2/3,2/3,ign,_,_]
[0,1,2(3,2(3,ign,_,_]
[0,1,2)3,2)3,ign,_,_]
[0,1,2 ,2,dig,_,_]
[1,2,3,3,dig,_,_]
[0,1,2  ,2,dig,_,_]
[1,2,3,3,dig,_,_]
[0,1,2	,2,dig,_,_]
[1,2,3,3,dig,_,_]
[0,1,2-3,2-3,ign,_,_]
[0,1,23,23,dig,_,_]
[0,1,2,2,dig,_,_]
[1,2,.,.,ign,_,_]
[2,3,4,4,dig,_,_]
[0,1,2,2,dig,_,_]
[1,2,,,,,ign,_,_]
[2,3,4,4,dig,_,_]
[0,1,2,2,dig,_,_]
[1,2,;,;,ign,_,_]
[2,3,4,4,dig,_,_]
[0,1,2-4,2-4,ign,_,_]
[0,1,2:4,2:4,ign,_,_]
[0,1,2?4,2?4,ign,_,_]
[0,1,2!4,2!4,ign,_,_]
[0,1,2/4,2/4,ign,_,_]
[0,1,2(4,2(4,ign,_,_]
[0,1,2)4,2)4,ign,_,_]
[0,1,2 ,2,dig,_,_]
[1,2,4,4,dig,_,_]
[0,1,2  ,2,dig,_,_]
[1,2,4,4,dig,_,_]
[0,1,2	,2,dig,_,_]
[1,2,4,4,dig,_,_]
[0,1,2-4,2-4,ign,_,_]
[0,1,24,24,dig,_,_]
[0,1,2,2,dig,_,_]
[1,2,.,.,ign,_,_]
[2,3,xyzzy,xyzzy,ign,_,_]
[0,1,2,2,dig,_,_]
[1,2,,,,,ign,_,_]
[2,3,xyzzy,xyzzy,ign,_,_]
[0,1,2,2,dig,_,_]
[1,2,;,;,ign,_,_]
[2,3,xyzzy,xyzzy,ign,_,_]
[0,1,2-xyzzy,2-xyzzy,ign,_,_]
[0,1,2:xyzzy,2:xyzzy,ign,_,_]
[0,1,2?xyzzy,2?xyzzy,ign,_,_]
[0,1,2!xyzzy,2!xyzzy,ign,_,_]
[0,1,2/xyzzy,2/xyzzy,ign,_,_]
[0,1,2(xyzzy,2(xyzzy,ign,_,_]
[0,1,2)xyzzy,2)xyzzy,ign,_,_]
[0,1,2 ,2,dig,_,_]
[1,2,xyzzy,xyzzy,ign,_,_]
[0,1,2  ,2,dig,_,_]
[1,2,xyzzy,xyzzy,ign,_,_]
[0,1,2	,2,dig,_,_]
[1,2,xyzzy,xyzzy,ign,_,_]
[0,1,2-xyzzy,2-xyzzy,ign,_,_]
[0,1,2xyzzy,2xyzzy,ign,_,_]
[0,1,2,2,dig,_,_]
[1,2,.,.,ign,_,_]
[2,3,Qmpx,Qmpx,ign,_,_]
[0,1,2,2,dig,_,_]
[1,2,,,,,ign,_,_]
[2,3,Qmpx,Qmpx,ign,_,_]
[0,1,2,2,dig,_,_]
[1,2,;,;,ign,_,_]
[2,3,Qmpx,Qmpx,ign,_,_]
[0,1,2-Qmpx,2-Qmpx,ign,_,_]
[0,1,2:Qmpx,2:Qmpx,ign,_,_]
[0,1,2?Qmpx,2?Qmpx,ign,_,_]
[0,1,2!Qmpx,2!Qmpx,ign,_,_]
[0,1,2/Qmpx,2/Qmpx,ign,_,_]
[0,1,2(Qmpx,2(Qmpx,ign,_,_]
[0,1,2)Qmpx,2)Qmpx,ign,_,_]
[0,1,2 ,2,dig,_,_]
[1,2,Qmpx,Qmpx,ign,_,_]
[0,1,2  ,2,dig,_,_]
[1,2,Qmpx,Qmpx,ign,_,_]
[0,1,2	,2,dig,_,_]
[1,2,Qmpx,Qmpx,ign,_,_]
[0,1,2-Qmpx,2-Qmpx,ign,_,_]
[0,1,2Qmpx,2Qmpx,ign,_,_]
[0,1,2,2,dig,_,_]
[1,2,.,.,ign,_,_]
[2,3,123,123,dig,_,_]
[0,1,2,2,dig,_,_]
[1,2,,,,,ign,_,_]
[2,3,123,123,dig,_,_]
[0,1,2,2,dig,_,_]
[1,2,;,;,ign,_,_]
[2,3,123,123,dig,_,_]
[0,1,2-123,2-123,ign,_,_]
[0,1,2:123,2:123,ign,_,_]
[0,1,2?123,2?123,ign,_,_]
[0,1,2!123,2!123,ign,_,_]
[0,1,2/123,2/123,ign,_,_]
[0,1,2(123,2(123,ign,_,_]
[0,1,2)123,2)123,ign,_,_]
[0,1,2 ,2,dig,_,_]
[1,2,123,123,dig,_,_]
[0,1,2  ,2,dig,_,_]
[1,2,123,123,dig,_,_]
[0,1,2	,2,dig,_,_]
[1,2,123,123,dig,_,_]
[0,1,2-123,2-123,ign,_,_]
[0,1,2123,2123,dig,_,_]
[0,1,2,2,dig,_,_]
[1,2,.,.,ign,_,_]
[2,3,VII,VII,romandig,_,_]
[0,1,2,2,dig,_,_]
[1,2,,,,,ign,_,_]
[2,3,VII,VII,romandig,_,_]
[0,1,2,2,dig,_,_]
[1,2,;,;,ign,_,_]
[2,3,VII,VII,romandig,_,_]
[0,1,2-VII,2-VII,ign,_,_]
[0,1,2:VII,2:VII,ign,_,_]
[0,1,2?VII,2?VII,ign,_,_]
[0,1,2!VII,2!VII,ign,_,_]
[0,1,2/VII,2/VII,ign,_,_]
[0,1,2(VII,2(VII,ign,_,_]
[0,1,2)VII,2)VII,ign,_,_]
[0,1,2 ,2,dig,_,_]
[1,2,VII,VII,romandig,_,_]
[0,1,2  ,2,dig,_,_]
[1,2,VII,VII,romandig,_,_]
[0,1,2	,2,dig,_,_]
[1,2,VII,VII,romandig,_,_]
[0,1,2-VII,2-VII,ign,_,_]
[0,1,2VII,2VII,ign,_,_]
[0,1,3,3,dig,_,_]
[1,2,.,.,ign,_,_]
[2,3,3,3,dig,_,_]
[0,1,3,3,dig,_,_]
[1,2,,,,,ign,_,_]
[2,3,3,3,dig,_,_]
[0,1,3,3,dig,_,_]
[1,2,;,;,ign,_,_]
[2,3,3,3,dig,_,_]
[0,1,3-3,3-3,ign,_,_]
[0,1,3:3,3:3,ign,_,_]
[0,1,3?3,3?3,ign,_,_]
[0,1,3!3,3!3,ign,_,_]
[0,1,3/3,3/3,ign,_,_]
[0,1,3(3,3(3,ign,_,_]
[0,1,3)3,3)3,ign,_,_]
[0,1,3 ,3,dig,_,_]
[1,2,3,3,dig,_,_]
[0,1,3  ,3,dig,_,_]
[1,2,3,3,dig,_,_]
[0,1,3	,3,dig,_,_]
[1,2,3,3,dig,_,_]
[0,1,3-3,3-3,ign,_,_]
[0,1,33,33,dig,_,_]
[0,1,3,3,dig,_,_]
[1,2,.,.,ign,_,_]
[2,3,4,4,dig,_,_]
[0,1,3,3,dig,_,_]
[1,2,,,,,ign,_,_]
[2,3,4,4,dig,_,_]
[0,1,3,3,dig,_,_]
[1,2,;,;,ign,_,_]
[2,3,4,4,dig,_,_]
[0,1,3-4,3-4,ign,_,_]
[0,1,3:4,3:4,ign,_,_]
[0,1,3?4,3?4,ign,_,_]
[0,1,3!4,3!4,ign,_,_]
[0,1,3/4,3/4,ign,_,_]
[0,1,3(4,3(4,ign,_,_]
[0,1,3)4,3)4,ign,_,_]
[0,1,3 ,3,dig,_,_]
[1,2,4,4,dig,_,_]
[0,1,3  ,3,dig,_,_]
[1,2,4,4,dig,_,_]
[0,1,3	,3,dig,_,_]
[1,2,4,4,dig,_,_]
[0,1,3-4,3-4,ign,_,_]
[0,1,34,34,dig,_,_]
[0,1,3,3,dig,_,_]
[1,2,.,.,ign,_,_]
[2,3,xyzzy,xyzzy,ign,_,_]
[0,1,3,3,dig,_,_]
[1,2,,,,,ign,_,_]
[2,3,xyzzy,xyzzy,ign,_,_]
[0,1,3,3,dig,_,_]
[1,2,;,;,ign,_,_]
[2,3,xyzzy,xyzzy,ign,_,_]
[0,1,3-xyzzy,3-xyzzy,ign,_,_]
[0,1,3:xyzzy,3:xyzzy,ign,_,_]
[0,1,3?xyzzy,3?xyzzy,ign,_,_]
[0,1,3!xyzzy,3!xyzzy,ign,_,_]
[0,1,3/xyzzy,3/xyzzy,ign,_,_]
[0,1,3(xyzzy,3(xyzzy,ign,_,_]
[0,1,3)xyzzy,3)xyzzy,ign,_,_]
[0,1,3 ,3,dig,_,_]
[1,2,xyzzy,xyzzy,ign,_,_]
[0,1,3  ,3,dig,_,_]
[1,2,xyzzy,xyzzy,ign,_,_]
[0,1,3	,3,dig,_,_]
[1,2,xyzzy,xyzzy,ign,_,_]
[0,1,3-xyzzy,3-xyzzy,ign,_,_]
[0,1,3xyzzy,3xyzzy,ign,_,_]
[0,1,3,3,dig,_,_]
[1,2,.,.,ign,_,_]
[2,3,Qmpx,Qmpx,ign,_,_]
[0,1,3,3,dig,_,_]
[1,2,,,,,ign,_,_]
[2,3,Qmpx,Qmpx,ign,_,_]
[0,1,3,3,dig,_,_]
[1,2,;,;,ign,_,_]
[2,3,Qmpx,Qmpx,ign,_,_]
[0,1,3-Qmpx,3-Qmpx,ign,_,_]
[0,1,3:Qmpx,3:Qmpx,ign,_,_]
[0,1,3?Qmpx,3?Qmpx,ign,_,_]
[0,1,3!Qmpx,3!Qmpx,ign,_,_]
[0,1,3/Qmpx,3/Qmpx,ign,_,_]
[0,1,3(Qmpx,3(Qmpx,ign,_,_]
[0,1,3)Qmpx,3)Qmpx,ign,_,_]
[0,1,3 ,3,dig,_,_]
[1,2,Qmpx,Qmpx,ign,_,_]
[0,1,3  ,3,dig,_,_]
[1,2,Qmpx,Qmpx,ign,_,_]
[0,1,3	,3,dig,_,_]
[1,2,Qmpx,Qmpx,ign,_,_]
[0,1,3-Qmpx,3-Qmpx,ign,_,_]
[0,1,3Qmpx,3Qmpx,ign,_,_]
[0,1,3,3,dig,_,_]
[1,2,.,.,ign,_,_]
[2,3,123,123,dig,_,_]
[0,1,3,3,dig,_,_]
[1,2,,,,,ign,_,_]
[2,3,123,123,dig,_,_]
[0,1,3,3,dig,_,_]
[1,2,;,;,ign,_,_]
[2,3,123,123,dig,_,_]
[0,1,3-123,3-123,ign,_,_]
[0,1,3:123,3:123,ign,_,_]
[0,1,3?123,3?123,ign,_,_]
[0,1,3!123,3!123,ign,_,_]
[0,1,3/123,3/123,ign,_,_]
[0,1,3(123,3(123,ign,_,_]
[0,1,3)123,3)123,ign,_,_]
[0,1,3 ,3,dig,_,_]
[1,2,123,123,dig,_,_]
[0,1,3  ,3,dig,_,_]
[1,2,123,123,dig,_,_]
[0,1,3	,3,dig,_,_]
[1,2,123,123,dig,_,_]
[0,1,3-123,3-123,ign,_,_]
[0,1,3123,3123,dig,_,_]
[0,1,3,3,dig,_,_]
[1,2,.,.,ign,_,_]
[2,3,VII,VII,romandig,_,_]
[0,1,3,3,dig,_,_]
[1,2,,,,,ign,_,_]
[2,3,VII,VII,romandig,_,_]
[0,1,3,3,dig,_,_]
[1,2,;,;,ign,_,_]
[2,3,VII,VII,romandig,_,_]
[0,1,3-VII,3-VII,ign,_,_]
[0,1,3:VII,3:VII,ign,_,_]
[0,1,3?VII,3?VII,ign,_,_]
[0,1,3!VII,3!VII,ign,_,_]
[0,1,3/VII,3/VII,ign,_,_]
[0,1,3(VII,3(VII,ign,_,_]
[0,1,3)VII,3)VII,ign,_,_]
[0,1,3 ,3,dig,_,_]
[1,2,VII,VII,romandig,_,_]
[0,1,3  ,3,dig,_,_]
[1,2,VII,VII,romandig,_,_]
[0,1,3	,3,dig,_,_]
[1,2,VII,VII,romandig,_,_]
[0,1,3-VII,3-VII,ign,_,_]
[0,1,3VII,3VII,ign,_,_]
[0,1,4,4,dig,_,_]
[1,2,.,.,ign,_,_]
[2,3,4,4,dig,_,_]
[0,1,4,4,dig,_,_]
[1,2,,,,,ign,_,_]
[2,3,4,4,dig,_,_]
[0,1,4,4,dig,_,_]
[1,2,;,;,ign,_,_]
[2,3,4,4,dig,_,_]
[0,1,4-4,4-4,ign,_,_]
[0,1,4:4,4:4,ign,_,_]
[0,1,4?4,4?4,ign,_,_]
[0,1,4!4,4!4,ign,_,_]
[0,1,4/4,4/4,ign,_,_]
[0,1,4(4,4(4,ign,_,_]
[0,1,4)4,4)4,ign,_,_]
[0,1,4 ,4,dig,_,_]
[1,2,4,4,dig,_,_]
[0,1,4  ,4,dig,_,_]
[1,2,4,4,dig,_,_]
[0,1,4	,4,dig,_,_]
[1,2,4,4,dig,_,_]
[0,1,4-4,4-4,ign,_,_]
[0,1,44,44,dig,_,_]
[0,1,4,4,dig,_,_]
[1,2,.,.,ign,_,_]
[2,3,xyzzy,xyzzy,ign,_,_]
[0,1,4,4,dig,_,_]
[1,2,,,,,ign,_,_]
[2,3,xyzzy,xyzzy,ign,_,_]
[0,1,4,4,dig,_,_]
[1,2,;,;,ign,_,_]
[2,3,xyzzy,xyzzy,ign,_,_]
[0,1,4-xyzzy,4-xyzzy,ign,_,_]
[0,1,4:xyzzy,4:xyzzy,ign,_,_]
[0,1,4?xyzzy,4?xyzzy,ign,_,_]
[0,1,4!xyzzy,4!xyzzy,ign,_,_]
[0,1,4/xyzzy,4/xyzzy,ign,_,_]
[0,1,4(xyzzy,4(xyzzy,ign,_,_]
[0,1,4)xyzzy,4)xyzzy,ign,_,_]
[0,1,4 ,4,dig,_,_]
[1,2,xyzzy,xyzzy,ign,_,_]
[0,1,4  ,4,dig,_,_]
[1,2,xyzzy,xyzzy,ign,_,_]
[0,1,4	,4,dig,_,_]
[1,2,xyzzy,xyzzy,ign,_,_]
[0,1,4-xyzzy,4-xyzzy,ign,_,_]
[0,1,4xyzzy,4xyzzy,ign,_,_]
[0,1,4,4,dig,_,_]
[1,2,.,.,ign,_,_]
[2,3,Qmpx,Qmpx,ign,_,_]
[0,1,4,4,dig,_,_]
[1,2,,,,,ign,_,_]
[2,3,Qmpx,Qmpx,ign,_,_]
[0,1,4,4,dig,_,_]
[1,2,;,;,ign,_,_]
[2,3,Qmpx,Qmpx,ign,_,_]
[0,1,4-Qmpx,4-Qmpx,ign,_,_]
[0,1,4:Qmpx,4:Qmpx,ign,_,_]
[0,1,4?Qmpx,4?Qmpx,ign,_,_]
[0,1,4!Qmpx,4!Qmpx,ign,_,_]
[0,1,4/Qmpx,4/Qmpx,ign,_,_]
[0,1,4(Qmpx,4(Qmpx,ign,_,_]
[0,1,4)Qmpx,4)Qmpx,ign,_,_]
[0,1,4 ,4,dig,_,_]
[1,2,Qmpx,Qmpx,ign,_,_]
[0,1,4  ,4,dig,_,_]
[1,2,Qmpx,Qmpx,ign,_,_]
[0,1,4	,4,dig,_,_]
[1,2,Qmpx,Qmpx,ign,_,_]
[0,1,4-Qmpx,4-Qmpx,ign,_,_]
[0,1,4Qmpx,4Qmpx,ign,_,_]
[0,1,4,4,dig,_,_]
[1,2,.,.,ign,_,_]
[2,3,123,123,dig,_,_]
[0,1,4,4,dig,_,_]
[1,2,,,,,ign,_,_]
[2,3,123,123,dig,_,_]
[0,1,4,4,dig,_,_]
[1,2,;,;,ign,_,_]
[2,3,123,123,dig,_,_]
[0,1,4-123,4-123,ign,_,_]
[0,1,4:123,4:123,ign,_,_]
[0,1,4?123,4?123,ign,_,_]
[0,1,4!123,4!123,ign,_,_]
[0,1,4/123,4/123,ign,_,_]
[0,1,4(123,4(123,ign,_,_]
[0,1,4)123,4)123,ign,_,_]
[0,1,4 ,4,dig,_,_]
[1,2,123,123,dig,_,_]
[0,1,4  ,4,dig,_,_]
[1,2,123,123,dig,_,_]
[0,1,4	,4,dig,_,_]
[1,2,123,123,dig,_,_]
[0,1,4-123,4-123,ign,_,_]
[0,1,4123,4123,dig,_,_]
[0,1,4,4,dig,_,_]
[1,2,.,.,ign,_,_]
[2,3,VII,VII,romandig,_,_]
[0,1,4,4,dig,_,_]
[1,2,,,,,ign,_,_]
[2,3,VII,VII,romandig,_,_]
[0,1,4,4,dig,_,_]
[1,2,;,;,ign,_,_]
[2,3,VII,VII,romandig,_,_]
[0,1,4-VII,4-VII,ign,_,_]
[0,1,4:VII,4:VII,ign,_,_]
[0,1,4?VII,4?VII,ign,_,_]
[0,1,4!VII,4!VII,ign,_,_]
[0,1,4/VII,4/VII,ign,_,_]
[0,1,4(VII,4(VII,ign,_,_]
[0,1,4)VII,4)VII,ign,_,_]
[0,1,4 ,4,dig,_,_]
[1,2,VII,VII,romandig,_,_]
[0,1,4  ,4,dig,_,_]
[1,2,VII,VII,romandig,_,_]
[0,1,4	,4,dig,_,_]
[1,2,VII,VII,romandig,_,_]
[0,1,4-VII,4-VII,ign,_,_]
[0,1,4VII,4VII,ign,_,_]
[0,1,xyzzy,xyzzy,ign,_,_]
[1,2,.,.,ign,_,_]
[2,3,xyzzy,xyzzy,ign,_,_]
[0,1,xyzzy,xyzzy,ign,_,_]
[1,2,,,,,ign,_,_]
[2,3,xyzzy,xyzzy,ign,_,_]
[0,1,xyzzy,xyzzy,ign,_,_]
[1,2,;,;,ign,_,_]
[2,3,xyzzy,xyzzy,ign,_,_]
[0,1,xyzzy-xyzzy,xyzzy-xyzzy,ign,_,_]
[0,1,xyzzy:xyzzy,xyzzy:xyzzy,ign,_,_]
[0,1,xyzzy?xyzzy,xyzzy?xyzzy,ign,_,_]
[0,1,xyzzy!xyzzy,xyzzy!xyzzy,ign,_,_]
[0,1,xyzzy/xyzzy,xyzzy/xyzzy,ign,_,_]
[0,1,xyzzy(xyzzy,xyzzy(xyzzy,ign,_,_]
[0,1,xyzzy)xyzzy,xyzzy)xyzzy,ign,_,_]
[0,1,xyzzy ,xyzzy,ign,_,_]
[1,2,xyzzy,xyzzy,ign,_,_]
[0,1,xyzzy  ,xyzzy,ign,_,_]
[1,2,xyzzy,xyzzy,ign,_,_]
[0,1,xyzzy	,xyzzy,ign,_,_]
[1,2,xyzzy,xyzzy,ign,_,_]
[0,1,xyzzy-xyzzy,xyzzy-xyzzy,ign,_,_]
[0,1,xyzzyxyzzy,xyzzyxyzzy,ign,_,_]
[0,1,xyzzy,xyzzy,ign,_,_]
[1,2,.,.,ign,_,_]
[2,3,Qmpx,Qmpx,ign,_,_]
[0,1,xyzzy,xyzzy,ign,_,_]
[1,2,,,,,ign,_,_]
[2,3,Qmpx,Qmpx,ign,_,_]
[0,1,xyzzy,xyzzy,ign,_,_]
[1,2,;,;,ign,_,_]
[2,3,Qmpx,Qmpx,ign,_,_]
[0,1,xyzzy-Qmpx,xyzzy-Qmpx,ign,_,_]
[0,1,xyzzy:Qmpx,xyzzy:Qmpx,ign,_,_]
[0,1,xyzzy?Qmpx,xyzzy?Qmpx,ign,_,_]
[0,1,xyzzy!Qmpx,xyzzy!Qmpx,ign,_,_]
[0,1,xyzzy/Qmpx,xyzzy/Qmpx,ign,_,_]
[0,1,xyzzy(Qmpx,xyzzy(Qmpx,ign,_,_]
[0,1,xyzzy)Qmpx,xyzzy)Qmpx,ign,_,_]
[0,1,xyzzy ,xyzzy,ign,_,_]
[1,2,Qmpx,Qmpx,ign,_,_]
[0,1,xyzzy  ,xyzzy,ign,_,_]
[1,2,Qmpx,Qmpx,ign,_,_]
[0,1,xyzzy	,xyzzy,ign,_,_]
[1,2,Qmpx,Qmpx,ign,_,_]
[0,1,xyzzy-Qmpx,xyzzy-Qmpx,ign,_,_]
[0,1,xyzzyQmpx,xyzzyQmpx,ign,_,_]
[0,1,xyzzy,xyzzy,ign,_,_]
[1,2,.,.,ign,_,_]
[2,3,123,123,dig,_,_]
[0,1,xyzzy,xyzzy,ign,_,_]
[1,2,,,,,ign,_,_]
[2,3,123,123,dig,_,_]
[0,1,xyzzy,xyzzy,ign,_,_]
[1,2,;,;,ign,_,_]
[2,3,123,123,dig,_,_]
[0,1,xyzzy-123,xyzzy-123,ign,_,_]
[0,1,xyzzy:123,xyzzy:123,ign,_,_]
[0,1,xyzzy?123,xyzzy?123,ign,_,_]
[0,1,xyzzy!123,xyzzy!123,ign,_,_]
[0,1,xyzzy/123,xyzzy/123,ign,_,_]
[0,1,xyzzy(123,xyzzy(123,ign,_,_]
[0,1,xyzzy)123,xyzzy)123,ign,_,_]
[0,1,xyzzy ,xyzzy,ign,_,_]
[1,2,123,123,dig,_,_]
[0,1,xyzzy  ,xyzzy,ign,_,_]
[1,2,123,123,dig,_,_]
[0,1,xyzzy	,xyzzy,ign,_,_]
[1,2,123,123,dig,_,_]
[0,1,xyzzy-123,xyzzy-123,ign,_,_]
[0,1,xyzzy123,xyzzy123,ign,_,_]
[0,1,xyzzy,xyzzy,ign,_,_]
[1,2,.,.,ign,_,_]
[2,3,VII,VII,romandig,_,_]
[0,1,xyzzy,xyzzy,ign,_,_]
[1,2,,,,,ign,_,_]
[2,3,VII,VII,romandig,_,_]
[0,1,xyzzy,xyzzy,ign,_,_]
[1,2,;,;,ign,_,_]
[2,3,VII,VII,romandig,_,_]
[0,1,xyzzy-VII,xyzzy-VII,ign,_,_]
[0,1,xyzzy:VII,xyzzy:VII,ign,_,_]
[0,1,xyzzy?VII,xyzzy?VII,ign,_,_]
[0,1,xyzzy!VII,xyzzy!VII,ign,_,_]
[0,1,xyzzy/VII,xyzzy/VII,ign,_,_]
[0,1,xyzzy(VII,xyzzy(VII,ign,_,_]
[0,1,xyzzy)VII,xyzzy)VII,ign,_,_]
[0,1,xyzzy ,xyzzy,ign,_,_]
[1,2,VII,VII,romandig,_,_]
[0,1,xyzzy  ,xyzzy,ign,_,_]
[1,2,VII,VII,romandig,_,_]
[0,1,xyzzy	,xyzzy,ign,_,_]
[1,2,VII,VII,romandig,_,_]
[0,1,xyzzy-VII,xyzzy-VII,ign,_,_]
[0,1,xyzzyVII,xyzzyVII,ign,_,_]
[0,1,Qmpx,Qmpx,ign,_,_]
[1,2,.,.,ign,_,_]
[2,3,Qmpx,Qmpx,ign,_,_]
[0,1,Qmpx,Qmpx,ign,_,_]
[1,2,,,,,ign,_,_]
[2,3,Qmpx,Qmpx,ign,_,_]
[0,1,Qmpx,Qmpx,ign,_,_]
[1,2,;,;,ign,_,_]
[2,3,Qmpx,Qmpx,ign,_,_]
[0,1,Qmpx-Qmpx,Qmpx-Qmpx,ign,_,_]
[0,1,Qmpx:Qmpx,Qmpx:Qmpx,ign,_,_]
[0,1,Qmpx?Qmpx,Qmpx?Qmpx,ign,_,_]
[0,1,Qmpx!Qmpx,Qmpx!Qmpx,ign,_,_]
[0,1,Qmpx/Qmpx,Qmpx/Qmpx,ign,_,_]
[0,1,Qmpx(Qmpx,Qmpx(Qmpx,ign,_,_]
[0,1,Qmpx)Qmpx,Qmpx)Qmpx,ign,_,_]
[0,1,Qmpx ,Qmpx,ign,_,_]
[1,2,Qmpx,Qmpx,ign,_,_]
[0,1,Qmpx  ,Qmpx,ign,_,_]
[1,2,Qmpx,Qmpx,ign,_,_]
[0,1,Qmpx	,Qmpx,ign,_,_]
[1,2,Qmpx,Qmpx,ign,_,_]
[0,1,Qmpx-Qmpx,Qmpx-Qmpx,ign,_,_]
[0,1,QmpxQmpx,QmpxQmpx,ign,_,_]
[0,1,Qmpx,Qmpx,ign,_,_]
[1,2,.,.,ign,_,_]
[2,3,123,123,dig,_,_]
[0,1,Qmpx,Qmpx,ign,_,_]
[1,2,,,,,ign,_,_]
[2,3,123,123,dig,_,_]
[0,1,Qmpx,Qmpx,ign,_,_]
[1,2,;,;,ign,_,_]
[2,3,123,123,dig,_,_]
[0,1,Qmpx-123,Qmpx-123,ign,_,_]
[0,1,Qmpx:123,Qmpx:123,ign,_,_]
[0,1,Qmpx?123,Qmpx?123,ign,_,_]
[0,1,Qmpx!123,Qmpx!123,ign,_,_]
[0,1,Qmpx/123,Qmpx/123,ign,_,_]
[0,1,Qmpx(123,Qmpx(123,ign,_,_]
[0,1,Qmpx)123,Qmpx)123,ign,_,_]
[0,1,Qmpx ,Qmpx,ign,_,_]
[1,2,123,123,dig,_,_]
[0,1,Qmpx  ,Qmpx,ign,_,_]
[1,2,123,123,dig,_,_]
[0,1,Qmpx	,Qmpx,ign,_,_]
[1,2,123,123,dig,_,_]
[0,1,Qmpx-123,Qmpx-123,ign,_,_]
[0,1,Qmpx123,Qmpx123,ign,_,_]
[0,1,Qmpx,Qmpx,ign,_,_]
[1,2,.,.,ign,_,_]
[2,3,VII,VII,romandig,_,_]
[0,1,Qmpx,Qmpx,ign,_,_]
[1,2,,,,,ign,_,_]
[2,3,VII,VII,romandig,_,_]
[0,1,Qmpx,Qmpx,ign,_,_]
[1,2,;,;,ign,_,_]
[2,3,VII,VII,romandig,_,_]
[0,1,Qmpx-VII,Qmpx-VII,ign,_,_]
[0,1,Qmpx:VII,Qmpx:VII,ign,_,_]
[0,1,Qmpx?VII,Qmpx?VII,ign,_,_]
[0,1,Qmpx!VII,Qmpx!VII,ign,_,_]
[0,1,Qmpx/VII,Qmpx/VII,ign,_,_]
[0,1,Qmpx(VII,Qmpx(VII,ign,_,_]
[0,1,Qmpx)VII,Qmpx)VII,ign,_,_]
[0,1,Qmpx ,Qmpx,ign,_,_]
[1,2,VII,VII,romandig,_,_]
[0,1,Qmpx  ,Qmpx,ign,_,_]
[1,2,VII,VII,romandig,_,_]
[0,1,Qmpx	,Qmpx,ign,_,_]
[1,2,VII,VII,romandig,_,_]
[0,1,Qmpx-VII,Qmpx-VII,ign,_,_]
[0,1,QmpxVII,QmpxVII,ign,_,_]
[0,1,123,123,dig,_,_]
[1,2,.,.,ign,_,_]
[2,3,123,123,dig,_,_]
[0,1,123,123,dig,_,_]
[1,2,,,,,ign,_,_]
[2,3,123,123,dig,_,_]
[0,1,123,123,dig,_,_]
[1,2,;,;,ign,_,_]
[2,3,123,123,dig,_,_]
[0,1,123-123,123-123,ign,_,_]
[0,1,123:123,123:123,ign,_,_]
[0,1,123?123,123?123,ign,_,_]
[0,1,123!123,123!123,ign,_,_]
[0,1,123/123,123/123,ign,_,_]
[0,1,123(123,123(123,ign,_,_]
[0,1,123)123,123)123,ign,_,_]
[0,1,123 ,123,dig,_,_]
[1,2,123,123,dig,_,_]
[0,1,123  ,123,dig,_,_]
[1,2,123,123,dig,_,_]
[0,1,123	,123,dig,_,_]
[1,2,123,123,dig,_,_]
[0,1,123-123,123-123,ign,_,_]
[0,1,123123,123123,dig,_,_]
[0,1,123,123,dig,_,_]
[1,2,.,.,ign,_,_]
[2,3,VII,VII,romandig,_,_]
[0,1,123,123,dig,_,_]
[1,2,,,,,ign,_,_]
[2,3,VII,VII,romandig,_,_]
[0,1,123,123,dig,_,_]
[1,2,;,;,ign,_,_]
[2,3,VII,VII,romandig,_,_]
[0,1,123-VII,123-VII,ign,_,_]
[0,1,123:VII,123:VII,ign,_,_]
[0,1,123?VII,123?VII,ign,_,_]
[0,1,123!VII,123!VII,ign,_,_]
[0,1,123/VII,123/VII,ign,_,_]
[0,1,123(VII,123(VII,ign,_,_]
[0,1,123)VII,123)VII,ign,_,_]
[0,1,123 ,123,dig,_,_]
[1,2,VII,VII,romandig,_,_]
[0,1,123  ,123,dig,_,_]
[1,2,VII,VII,romandig,_,_]
[0,1,123	,123,dig,_,_]
[1,2,VII,VII,romandig,_,_]
[0,1,123-VII,123-VII,ign,_,_]
[0,1,123VII,123VII,ign,_,_]
[0,1,VII,VII,romandig,_,_]
[1,2,.,.,ign,_,_]
[2,3,VII,VII,romandig,_,_]
[0,1,VII,VII,romandig,_,_]
[1,2,,,,,ign,_,_]
[2,3,VII,VII,romandig,_,_]
[0,1,VII,VII,romandig,_,_]
[1,2,;,;,ign,_,_]
[2,3,VII,VII,romandig,_,_]
[0,1,VII-VII,VII-VII,ign,_,_]
[0,1,VII:VII,VII:VII,ign,_,_]
[0,1,VII?VII,VII?VII,ign,_,_]
[0,1,VII!VII,VII!VII,ign,_,_]
[0,1,VII/VII,VII/VII,ign,_,_]
[0,1,VII(VII,VII(VII,ign,_,_]
[0,1,VII)VII,VII)VII,ign,_,_]
[0,1,VII ,VII,romandig,_,_]
[1,2,VII,VII,romandig,_,_]
[0,1,VII  ,VII,romandig,_,_]
[1,2,VII,VII,romandig,_,_]
[0,1,VII	,VII,romandig,_,_]
[1,2,VII,VII,romandig,_,_]
[0,1,VII-VII,VII-VII,ign,_,_]
[0,1,VIIVII,VIIVII,ign,_,_]
[0,1,.,.,ign,_,_]
[1,2,0,0,dig,_,_]
[2,3,.,.,ign,_,_]
[0,1,(0),(0),ign,_,_]
[0,1,0,0,dig,_,_]
[1,2,.,.,ign,_,_]
[2,3,.,.,ign,_,_]
[3,4,.,.,ign,_,_]
[0,1,-0-,-0-,ign,_,_]
[0,1,0,0,dig,_,_]
[1,2,,,,,ign,_,_]
[2,3,0,0,dig,_,_]
[3,4,;,;,ign,_,_]
[4,5,0,0,dig,_,_]
[0,1,  0  ,0,dig,_,_]
[0,1,	0	,0,dig,_,_]
[0,1,.,.,ign,_,_]
[1,2,1,1,dig,_,_]
[2,3,.,.,ign,_,_]
[0,1,(1),(1),ign,_,_]
[0,1,1,1,dig,_,_]
[1,2,.,.,ign,_,_]
[2,3,.,.,ign,_,_]
[3,4,.,.,ign,_,_]
[0,1,-1-,-1-,ign,_,_]
[0,1,1,1,dig,_,_]
[1,2,,,,,ign,_,_]
[2,3,1,1,dig,_,_]
[3,4,;,;,ign,_,_]
[4,5,1,1,dig,_,_]
[0,1,  1  ,1,dig,_,_]
[0,1,	1	,1,dig,_,_]
[0,1,.,.,ign,_,_]
[1,2,2,2,dig,_,_]
[2,3,.,.,ign,_,_]
[0,1,(2),(2),ign,_,_]
[0,1,2,2,dig,_,_]
[1,2,.,.,ign,_,_]
[2,3,.,.,ign,_,_]
[3,4,.,.,ign,_,_]
[0,1,-2-,-2-,ign,_,_]
[0,1,2,2,dig,_,_]
[1,2,,,,,ign,_,_]
[2,3,2,2,dig,_,_]
[3,4,;,;,ign,_,_]
[4,5,2,2,dig,_,_]
[0,1,  2  ,2,dig,_,_]
[0,1,	2	,2,dig,_,_]
[0,1,.,.,ign,_,_]
[0,1,.,.,ign,_,_]
[1,2,.,.,ign,_,_]
[0,1,.,.,ign,_,_]
[1,2,.,.,ign,_,_]
[2,3,.,.,ign,_,_]
[0,1,,,,,ign,_,_]
[0,1,;,;,ign,_,_]
[0,1,-,-,ign,_,_]
[0,1,--,--,ign,_,_]
[0,1,.,.,ign,_,_]
[1,2,,,,,ign,_,_]
[2,3,;,;,ign,_,_]
[0,1,?!,?!,ign,_,_]
[0,1,(),(),ign,_,_]
[]
[]
[]
[0,1,a,a,ign,_,_]
[1,2,.,.,ign,_,_]
[2,3,b,b,ign,_,_]
[3,4,.,.,ign,_,_]
[4,5,c,C,romandig,_,_]
[5,6,.,.,ign,_,_]
[6,7,d,D,romandig,_,_]
[0,1,1,1,dig,_,_]
[1,2,,,,,ign,_,_]
[2,3,2,2,dig,_,_]
[3,4,,,,,ign,_,_]
[4,5,3,3,dig,_,_]
[0,1,x-y-z,x-y-z,ign,_,_]
[0,1,co?,co?,ign,_,_]
[0,1,n,n,ign,_,_]
[1,2,.,.,ign,_,_]
[2,3,p,p,ign,_,_]
[3,4,.,.,ign,_,_]
[0,1,p,p,ign,_,_]
[1,2,.,.,ign,_,_]
[2,3,n,n,ign,_,_]
[3,4,.,.,ign,_,_]
[4,5,e,e,ign,_,_]
[5,6,.,.,ign,_,_]
[0,1,tzn,tzn,ign,_,_]
[1,2,.,.,ign,_,_]
[0,1,O,O,ign,_,_]
[1,2,.,.,ign,_,_]
[2,3,K,K,ign,_,_]
[3,4,.,.,ign,_,_]
[0,1,3,3,dig,_,_]
[1,2,.,.,ign,_,_]
[2,3,14,14,dig,_,_]
[0,1,1+1,1+1,ign,_,_]

