[0,1,kot,kot,subst:sg:nom:m1,_,samodzielnie|zzz
 0,1,kot,kot,subst:sg:nom:m2,imie,samodzielnie]
[0,1,eurokot,eurokot,subst:sg:nom:m1,nazwisko,euro]
[0,1,superkot,superkot,subst:sg:nom:m1,_,super|xxx|yyy]
[0,1,mikrokot,mikrokot,subst:sg:nom:m1,imie,mikro|zzz]
[0,1,kotkot,kotkot,ign,_,_]
[0,1,pies,pies,subst:sg:nom:m1,nazwisko,samodzielnie|yyy|zzz]
[0,1,europies,europies,subst:sg:acc:m3,_,aaa|euro|zzz]
[0,1,superpies,superpies,ign,_,_]
[0,1,mikropies,mikropies,ign,_,_]
[0,1,mikro,mikro,ign,_,_]
[0,1,MIKRO,MIKRO,ign,_,_]
[0,1,mikro,mikro,ign,_,_]
[0,1,Mikro,Mikro,ign,_,_]
[0,1,MIKRO,MIKRO,ign,_,_]
[0,1,euro,euro,ign,_,_]
[0,1,EURO,EURO,ign,_,_]
[0,1,euro,euro,ign,_,_]
[0,1,Euro,Euro,ign,_,_]
[0,1,EURO,EURO,ign,_,_]
[0,1,super,super,ign,_,_]
[0,1,SUPER,SUPER,ign,_,_]
[0,1,super,super,ign,_,_]
[0,1,Super,Super,ign,_,_]
[0,1,SUPER,SUPER,ign,_,_]
[0,1,kot,kot,subst:sg:nom:m1,_,samodzielnie|zzz
 0,1,kot,kot,subst:sg:nom:m2,imie,samodzielnie]
[0,1,KOT,kot,subst:sg:nom:m1,_,samodzielnie|zzz
 0,1,KOT,kot,subst:sg:nom:m2,imie,samodzielnie]
[0,1,kot,kot,subst:sg:nom:m1,_,samodzielnie|zzz
 0,1,kot,kot,subst:sg:nom:m2,imie,samodzielnie]
[0,1,Kot,kot,subst:sg:nom:m1,_,samodzielnie|zzz
 0,1,Kot,kot,subst:sg:nom:m2,imie,samodzielnie]
[0,1,KOT,kot,subst:sg:nom:m1,_,samodzielnie|zzz
 0,1,KOT,kot,subst:sg:nom:m2,imie,samodzielnie]
[0,1,pies,pies,subst:sg:nom:m1,nazwisko,samodzielnie|yyy|zzz]
[0,1,PIES,pies,subst:sg:nom:m1,nazwisko,samodzielnie|yyy|zzz]
[0,1,pies,pies,subst:sg:nom:m1,nazwisko,samodzielnie|yyy|zzz]
[0,1,Pies,pies,subst:sg:nom:m1,nazwisko,samodzielnie|yyy|zzz]
[0,1,PIES,pies,subst:sg:nom:m1,nazwisko,samodzielnie|yyy|zzz]
[0,1,mikro123,mikro123,ign,_,_]
[0,1,123mikro,123mikro,ign,_,_]
[0,1,mikrox,mikrox,ign,_,_]
[0,1,xmikro,xmikro,ign,_,_]
[0,1,mikromikro,mikromikro,ign,_,_]
[0,1,euro123,euro123,ign,_,_]
[0,1,123euro,123euro,ign,_,_]
[0,1,eurox,eurox,ign,_,_]
[0,1,xeuro,xeuro,ign,_,_]
[0,1,euroeuro,euroeuro,ign,_,_]
[0,1,super123,super123,ign,_,_]
[0,1,123super,123super,ign,_,_]
[0,1,superx,superx,ign,_,_]
[0,1,xsuper,xsuper,ign,_,_]
[0,1,supersuper,supersuper,ign,_,_]
[0,1,kot123,kot123,ign,_,_]
[0,1,123kot,123kot,ign,_,_]
[0,1,kotx,kotx,ign,_,_]
[0,1,xkot,xkot,ign,_,_]
[0,1,kotkot,kotkot,ign,_,_]
[0,1,mikro,mikro,ign,_,_]
[1,2,.,.,ign,_,_]
[2,3,mikro,mikro,ign,_,_]
[0,1,mikro,mikro,ign,_,_]
[1,2,,,,,ign,_,_]
[2,3,mikro,mikro,ign,_,_]
[0,1,mikro,mikro,ign,_,_]
[1,2,;,;,ign,_,_]
[2,3,mikro,mikro,ign,_,_]
[0,1,mikro-mikro,mikro-mikro,ign,_,_]
[0,1,mikro:mikro,mikro:mikro,ign,_,_]
[0,1,mikro?mikro,mikro?mikro,ign,_,_]
[0,1,mikro!mikro,mikro!mikro,ign,_,_]
[0,1,mikro/mikro,mikro/mikro,ign,_,_]
[0,1,mikro(mikro,mikro(mikro,ign,_,_]
[0,1,mikro)mikro,mikro)mikro,ign,_,_]
[0,1,mikro ,mikro,ign,_,_]
[1,2,mikro,mikro,ign,_,_]
[0,1,mikro  ,mikro,ign,_,_]
[1,2,mikro,mikro,ign,_,_]
[0,1,mikro	,mikro,ign,_,_]
[1,2,mikro,mikro,ign,_,_]
[0,1,mikro-mikro,mikro-mikro,ign,_,_]
[0,1,mikromikro,mikromikro,ign,_,_]
[0,1,mikro,mikro,ign,_,_]
[1,2,.,.,ign,_,_]
[2,3,euro,euro,ign,_,_]
[0,1,mikro,mikro,ign,_,_]
[1,2,,,,,ign,_,_]
[2,3,euro,euro,ign,_,_]
[0,1,mikro,mikro,ign,_,_]
[1,2,;,;,ign,_,_]
[2,3,euro,euro,ign,_,_]
[0,1,mikro-euro,mikro-euro,ign,_,_]
[0,1,mikro:euro,mikro:euro,ign,_,_]
[0,1,mikro?euro,mikro?euro,ign,_,_]
[0,1,mikro!euro,mikro!euro,ign,_,_]
[0,1,mikro/euro,mikro/euro,ign,_,_]
[0,1,mikro(euro,mikro(euro,ign,_,_]
[0,1,mikro)euro,mikro)euro,ign,_,_]
[0,1,mikro ,mikro,ign,_,_]
[1,2,euro,euro,ign,_,_]
[0,1,mikro  ,mikro,ign,_,_]
[1,2,euro,euro,ign,_,_]
[0,1,mikro	,mikro,ign,_,_]
[1,2,euro,euro,ign,_,_]
[0,1,mikro-euro,mikro-euro,ign,_,_]
[0,1,mikroeuro,mikroeuro,ign,_,_]
[0,1,mikro,mikro,ign,_,_]
[1,2,.,.,ign,_,_]
[2,3,super,super,ign,_,_]
[0,1,mikro,mikro,ign,_,_]
[1,2,,,,,ign,_,_]
[2,3,super,super,ign,_,_]
[0,1,mikro,mikro,ign,_,_]
[1,2,;,;,ign,_,_]
[2,3,super,super,ign,_,_]
[0,1,mikro-super,mikro-super,ign,_,_]
[0,1,mikro:super,mikro:super,ign,_,_]
[0,1,mikro?super,mikro?super,ign,_,_]
[0,1,mikro!super,mikro!super,ign,_,_]
[0,1,mikro/super,mikro/super,ign,_,_]
[0,1,mikro(super,mikro(super,ign,_,_]
[0,1,mikro)super,mikro)super,ign,_,_]
[0,1,mikro ,mikro,ign,_,_]
[1,2,super,super,ign,_,_]
[0,1,mikro  ,mikro,ign,_,_]
[1,2,super,super,ign,_,_]
[0,1,mikro	,mikro,ign,_,_]
[1,2,super,super,ign,_,_]
[0,1,mikro-super,mikro-super,ign,_,_]
[0,1,mikrosuper,mikrosuper,ign,_,_]
[0,1,mikro,mikro,ign,_,_]
[1,2,.,.,ign,_,_]
[2,3,kot,kot,subst:sg:nom:m1,_,samodzielnie|zzz
 2,3,kot,kot,subst:sg:nom:m2,imie,samodzielnie]
[0,1,mikro,mikro,ign,_,_]
[1,2,,,,,ign,_,_]
[2,3,kot,kot,subst:sg:nom:m1,_,samodzielnie|zzz
 2,3,kot,kot,subst:sg:nom:m2,imie,samodzielnie]
[0,1,mikro,mikro,ign,_,_]
[1,2,;,;,ign,_,_]
[2,3,kot,kot,subst:sg:nom:m1,_,samodzielnie|zzz
 2,3,kot,kot,subst:sg:nom:m2,imie,samodzielnie]
[0,1,mikro-kot,mikro-kot,ign,_,_]
[0,1,mikro:kot,mikro:kot,ign,_,_]
[0,1,mikro?kot,mikro?kot,ign,_,_]
[0,1,mikro!kot,mikro!kot,ign,_,_]
[0,1,mikro/kot,mikro/kot,ign,_,_]
[0,1,mikro(kot,mikro(kot,ign,_,_]
[0,1,mikro)kot,mikro)kot,ign,_,_]
[0,1,mikro ,mikro,ign,_,_]
[1,2,kot,kot,subst:sg:nom:m1,_,samodzielnie|zzz
 1,2,kot,kot,subst:sg:nom:m2,imie,samodzielnie]
[0,1,mikro  ,mikro,ign,_,_]
[1,2,kot,kot,subst:sg:nom:m1,_,samodzielnie|zzz
 1,2,kot,kot,subst:sg:nom:m2,imie,samodzielnie]
[0,1,mikro	,mikro,ign,_,_]
[1,2,kot,kot,subst:sg:nom:m1,_,samodzielnie|zzz
 1,2,kot,kot,subst:sg:nom:m2,imie,samodzielnie]
[0,1,mikro-kot,mikro-kot,ign,_,_]
[0,1,mikrokot,mikrokot,subst:sg:nom:m1,imie,mikro|zzz]
[0,1,mikro,mikro,ign,_,_]
[1,2,.,.,ign,_,_]
[2,3,pies,pies,subst:sg:nom:m1,nazwisko,samodzielnie|yyy|zzz]
[0,1,mikro,mikro,ign,_,_]
[1,2,,,,,ign,_,_]
[2,3,pies,pies,subst:sg:nom:m1,nazwisko,samodzielnie|yyy|zzz]
[0,1,mikro,mikro,ign,_,_]
[1,2,;,;,ign,_,_]
[2,3,pies,pies,subst:sg:nom:m1,nazwisko,samodzielnie|yyy|zzz]
[0,1,mikro-pies,mikro-pies,ign,_,_]
[0,1,mikro:pies,mikro:pies,ign,_,_]
[0,1,mikro?pies,mikro?pies,ign,_,_]
[0,1,mikro!pies,mikro!pies,ign,_,_]
[0,1,mikro/pies,mikro/pies,ign,_,_]
[0,1,mikro(pies,mikro(pies,ign,_,_]
[0,1,mikro)pies,mikro)pies,ign,_,_]
[0,1,mikro ,mikro,ign,_,_]
[1,2,pies,pies,subst:sg:nom:m1,nazwisko,samodzielnie|yyy|zzz]
[0,1,mikro  ,mikro,ign,_,_]
[1,2,pies,pies,subst:sg:nom:m1,nazwisko,samodzielnie|yyy|zzz]
[0,1,mikro	,mikro,ign,_,_]
[1,2,pies,pies,subst:sg:nom:m1,nazwisko,samodzielnie|yyy|zzz]
[0,1,mikro-pies,mikro-pies,ign,_,_]
[0,1,mikropies,mikropies,ign,_,_]
[0,1,mikro,mikro,ign,_,_]
[1,2,.,.,ign,_,_]
[2,3,xyzzy,xyzzy,ign,_,_]
[0,1,mikro,mikro,ign,_,_]
[1,2,,,,,ign,_,_]
[2,3,xyzzy,xyzzy,ign,_,_]
[0,1,mikro,mikro,ign,_,_]
[1,2,;,;,ign,_,_]
[2,3,xyzzy,xyzzy,ign,_,_]
[0,1,mikro-xyzzy,mikro-xyzzy,ign,_,_]
[0,1,mikro:xyzzy,mikro:xyzzy,ign,_,_]
[0,1,mikro?xyzzy,mikro?xyzzy,ign,_,_]
[0,1,mikro!xyzzy,mikro!xyzzy,ign,_,_]
[0,1,mikro/xyzzy,mikro/xyzzy,ign,_,_]
[0,1,mikro(xyzzy,mikro(xyzzy,ign,_,_]
[0,1,mikro)xyzzy,mikro)xyzzy,ign,_,_]
[0,1,mikro ,mikro,ign,_,_]
[1,2,xyzzy,xyzzy,ign,_,_]
[0,1,mikro  ,mikro,ign,_,_]
[1,2,xyzzy,xyzzy,ign,_,_]
[0,1,mikro	,mikro,ign,_,_]
[1,2,xyzzy,xyzzy,ign,_,_]
[0,1,mikro-xyzzy,mikro-xyzzy,ign,_,_]
[0,1,mikroxyzzy,mikroxyzzy,ign,_,_]
[0,1,mikro,mikro,ign,_,_]
[1,2,.,.,ign,_,_]
[2,3,Qmpx,Qmpx,ign,_,_]
[0,1,mikro,mikro,ign,_,_]
[1,2,,,,,ign,_,_]
[2,3,Qmpx,Qmpx,ign,_,_]
[0,1,mikro,mikro,ign,_,_]
[1,2,;,;,ign,_,_]
[2,3,Qmpx,Qmpx,ign,_,_]
[0,1,mikro-Qmpx,mikro-Qmpx,ign,_,_]
[0,1,mikro:Qmpx,mikro:Qmpx,ign,_,_]
[0,1,mikro?Qmpx,mikro?Qmpx,ign,_,_]
[0,1,mikro!Qmpx,mikro!Qmpx,ign,_,_]
[0,1,mikro/Qmpx,mikro/Qmpx,ign,_,_]
[0,1,mikro(Qmpx,mikro(Qmpx,ign,_,_]
[0,1,mikro)Qmpx,mikro)Qmpx,ign,_,_]
[0,1,mikro ,mikro,ign,_,_]
[1,2,Qmpx,Qmpx,ign,_,_]
[0,1,mikro  ,mikro,ign,_,_]
[1,2,Qmpx,Qmpx,ign,_,_]
[0,1,mikro	,mikro,ign,_,_]
[1,2,Qmpx,Qmpx,ign,_,_]
[0,1,mikro-Qmpx,mikro-Qmpx,ign,_,_]
[0,1,mikroQmpx,mikroQmpx,ign,_,_]
[0,1,mikro,mikro,ign,_,_]
[1,2,.,.,ign,_,_]
[2,3,123,123,ign,_,_]
[0,1,mikro,mikro,ign,_,_]
[1,2,,,,,ign,_,_]
[2,3,123,123,ign,_,_]
[0,1,mikro,mikro,ign,_,_]
[1,2,;,;,ign,_,_]
[2,3,123,123,ign,_,_]
[0,1,mikro-123,mikro-123,ign,_,_]
[0,1,mikro:123,mikro:123,ign,_,_]
[0,1,mikro?123,mikro?123,ign,_,_]
[0,1,mikro!123,mikro!123,ign,_,_]
[0,1,mikro/123,mikro/123,ign,_,_]
[0,1,mikro(123,mikro(123,ign,_,_]
[0,1,mikro)123,mikro)123,ign,_,_]
[0,1,mikro ,mikro,ign,_,_]
[1,2,123,123,ign,_,_]
[0,1,mikro  ,mikro,ign,_,_]
[1,2,123,123,ign,_,_]
[0,1,mikro	,mikro,ign,_,_]
[1,2,123,123,ign,_,_]
[0,1,mikro-123,mikro-123,ign,_,_]
[0,1,mikro123,mikro123,ign,_,_]
[0,1,mikro,mikro,ign,_,_]
[1,2,.,.,ign,_,_]
[2,3,VII,VII,ign,_,_]
[0,1,mikro,mikro,ign,_,_]
[1,2,,,,,ign,_,_]
[2,3,VII,VII,ign,_,_]
[0,1,mikro,mikro,ign,_,_]
[1,2,;,;,ign,_,_]
[2,3,VII,VII,ign,_,_]
[0,1,mikro-VII,mikro-VII,ign,_,_]
[0,1,mikro:VII,mikro:VII,ign,_,_]
[0,1,mikro?VII,mikro?VII,ign,_,_]
[0,1,mikro!VII,mikro!VII,ign,_,_]
[0,1,mikro/VII,mikro/VII,ign,_,_]
[0,1,mikro(VII,mikro(VII,ign,_,_]
[0,1,mikro)VII,mikro)VII,ign,_,_]
[0,1,mikro ,mikro,ign,_,_]
[1,2,VII,VII,ign,_,_]
[0,1,mikro  ,mikro,ign,_,_]
[1,2,VII,VII,ign,_,_]
[0,1,mikro	,mikro,ign,_,_]
[1,2,VII,VII,ign,_,_]
[0,1,mikro-VII,mikro-VII,ign,_,_]
[0,1,mikroVII,mikroVII,ign,_,_]
[0,1,euro,euro,ign,_,_]
[1,2,.,.,ign,_,_]
[2,3,euro,euro,ign,_,_]
[0,1,euro,euro,ign,_,_]
[1,2,,,,,ign,_,_]
[2,3,euro,euro,ign,_,_]
[0,1,euro,euro,ign,_,_]
[1,2,;,;,ign,_,_]
[2,3,euro,euro,ign,_,_]
[0,1,euro-euro,euro-euro,ign,_,_]
[0,1,euro:euro,euro:euro,ign,_,_]
[0,1,euro?euro,euro?euro,ign,_,_]
[0,1,euro!euro,euro!euro,ign,_,_]
[0,1,euro/euro,euro/euro,ign,_,_]
[0,1,euro(euro,euro(euro,ign,_,_]
[0,1,euro)euro,euro)euro,ign,_,_]
[0,1,euro ,euro,ign,_,_]
[1,2,euro,euro,ign,_,_]
[0,1,euro  ,euro,ign,_,_]
[1,2,euro,euro,ign,_,_]
[0,1,euro	,euro,ign,_,_]
[1,2,euro,euro,ign,_,_]
[0,1,euro-euro,euro-euro,ign,_,_]
[0,1,euroeuro,euroeuro,ign,_,_]
[0,1,euro,euro,ign,_,_]
[1,2,.,.,ign,_,_]
[2,3,super,super,ign,_,_]
[0,1,euro,euro,ign,_,_]
[1,2,,,,,ign,_,_]
[2,3,super,super,ign,_,_]
[0,1,euro,euro,ign,_,_]
[1,2,;,;,ign,_,_]
[2,3,super,super,ign,_,_]
[0,1,euro-super,euro-super,ign,_,_]
[0,1,euro:super,euro:super,ign,_,_]
[0,1,euro?super,euro?super,ign,_,_]
[0,1,euro!super,euro!super,ign,_,_]
[0,1,euro/super,euro/super,ign,_,_]
[0,1,euro(super,euro(super,ign,_,_]
[0,1,euro)super,euro)super,ign,_,_]
[0,1,euro ,euro,ign,_,_]
[1,2,super,super,ign,_,_]
[0,1,euro  ,euro,ign,_,_]
[1,2,super,super,ign,_,_]
[0,1,euro	,euro,ign,_,_]
[1,2,super,super,ign,_,_]
[0,1,euro-super,euro-super,ign,_,_]
[0,1,eurosuper,eurosuper,ign,_,_]
[0,1,euro,euro,ign,_,_]
[1,2,.,.,ign,_,_]
[2,3,kot,kot,subst:sg:nom:m1,_,samodzielnie|zzz
 2,3,kot,kot,subst:sg:nom:m2,imie,samodzielnie]
[0,1,euro,euro,ign,_,_]
[1,2,,,,,ign,_,_]
[2,3,kot,kot,subst:sg:nom:m1,_,samodzielnie|zzz
 2,3,kot,kot,subst:sg:nom:m2,imie,samodzielnie]
[0,1,euro,euro,ign,_,_]
[1,2,;,;,ign,_,_]
[2,3,kot,kot,subst:sg:nom:m1,_,samodzielnie|zzz
 2,3,kot,kot,subst:sg:nom:m2,imie,samodzielnie]
[0,1,euro-kot,euro-kot,ign,_,_]
[0,1,euro:kot,euro:kot,ign,_,_]
[0,1,euro?kot,euro?kot,ign,_,_]
[0,1,euro!kot,euro!kot,ign,_,_]
[0,1,euro/kot,euro/kot,ign,_,_]
[0,1,euro(kot,euro(kot,ign,_,_]
[0,1,euro)kot,euro)kot,ign,_,_]
[0,1,euro ,euro,ign,_,_]
[1,2,kot,kot,subst:sg:nom:m1,_,samodzielnie|zzz
 1,2,kot,kot,subst:sg:nom:m2,imie,samodzielnie]
[0,1,euro  ,euro,ign,_,_]
[1,2,kot,kot,subst:sg:nom:m1,_,samodzielnie|zzz
 1,2,kot,kot,subst:sg:nom:m2,imie,samodzielnie]
[0,1,euro	,euro,ign,_,_]
[1,2,kot,kot,subst:sg:nom:m1,_,samodzielnie|zzz
 1,2,kot,kot,subst:sg:nom:m2,imie,samodzielnie]
[0,1,euro-kot,euro-kot,ign,_,_]
[0,1,eurokot,eurokot,subst:sg:nom:m1,nazwisko,euro]
[0,1,euro,euro,ign,_,_]
[1,2,.,.,ign,_,_]
[2,3,pies,pies,subst:sg:nom:m1,nazwisko,samodzielnie|yyy|zzz]
[0,1,euro,euro,ign,_,_]
[1,2,,,,,ign,_,_]
[2,3,pies,pies,subst:sg:nom:m1,nazwisko,samodzielnie|yyy|zzz]
[0,1,euro,euro,ign,_,_]
[1,2,;,;,ign,_,_]
[2,3,pies,pies,subst:sg:nom:m1,nazwisko,samodzielnie|yyy|zzz]
[0,1,euro-pies,euro-pies,ign,_,_]
[0,1,euro:pies,euro:pies,ign,_,_]
[0,1,euro?pies,euro?pies,ign,_,_]
[0,1,euro!pies,euro!pies,ign,_,_]
[0,1,euro/pies,euro/pies,ign,_,_]
[0,1,euro(pies,euro(pies,ign,_,_]
[0,1,euro)pies,euro)pies,ign,_,_]
[0,1,euro ,euro,ign,_,_]
[1,2,pies,pies,subst:sg:nom:m1,nazwisko,samodzielnie|yyy|zzz]
[0,1,euro  ,euro,ign,_,_]
[1,2,pies,pies,subst:sg:nom:m1,nazwisko,samodzielnie|yyy|zzz]
[0,1,euro	,euro,ign,_,_]
[1,2,pies,pies,subst:sg:nom:m1,nazwisko,samodzielnie|yyy|zzz]
[0,1,euro-pies,euro-pies,ign,_,_]
[0,1,europies,europies,subst:sg:acc:m3,_,aaa|euro|zzz]
[0,1,euro,euro,ign,_,_]
[1,2,.,.,ign,_,_]
[2,3,xyzzy,xyzzy,ign,_,_]
[0,1,euro,euro,ign,_,_]
[1,2,,,,,ign,_,_]
[2,3,xyzzy,xyzzy,ign,_,_]
[0,1,euro,euro,ign,_,_]
[1,2,;,;,ign,_,_]
[2,3,xyzzy,xyzzy,ign,_,_]
[0,1,euro-xyzzy,euro-xyzzy,ign,_,_]
[0,1,euro:xyzzy,euro:xyzzy,ign,_,_]
[0,1,euro?xyzzy,euro?xyzzy,ign,_,_]
[0,1,euro!xyzzy,euro!xyzzy,ign,_,_]
[0,1,euro/xyzzy,euro/xyzzy,ign,_,_]
[0,1,euro(xyzzy,euro(xyzzy,ign,_,_]
[0,1,euro)xyzzy,euro)xyzzy,ign,_,_]
[0,1,euro ,euro,ign,_,_]
[1,2,xyzzy,xyzzy,ign,_,_]
[0,1,euro  ,euro,ign,_,_]
[1,2,xyzzy,xyzzy,ign,_,_]
[0,1,euro	,euro,ign,_,_]
[1,2,xyzzy,xyzzy,ign,_,_]
[0,1,euro-xyzzy,euro-xyzzy,ign,_,_]
[0,1,euroxyzzy,euroxyzzy,ign,_,_]
[0,1,euro,euro,ign,_,_]
[1,2,.,.,ign,_,_]
[2,3,Qmpx,Qmpx,ign,_,_]
[0,1,euro,euro,ign,_,_]
[1,2,,,,,ign,_,_]
[2,3,Qmpx,Qmpx,ign,_,_]
[0,1,euro,euro,ign,_,_]
[1,2,;,;,ign,_,_]
[2,3,Qmpx,Qmpx,ign,_,_]
[0,1,euro-Qmpx,euro-Qmpx,ign,_,_]
[0,1,euro:Qmpx,euro:Qmpx,ign,_,_]
[0,1,euro?Qmpx,euro?Qmpx,ign,_,_]
[0,1,euro!Qmpx,euro!Qmpx,ign,_,_]
[0,1,euro/Qmpx,euro/Qmpx,ign,_,_]
[0,1,euro(Qmpx,euro(Qmpx,ign,_,_]
[0,1,euro)Qmpx,euro)Qmpx,ign,_,_]
[0,1,euro ,euro,ign,_,_]
[1,2,Qmpx,Qmpx,ign,_,_]
[0,1,euro  ,euro,ign,_,_]
[1,2,Qmpx,Qmpx,ign,_,_]
[0,1,euro	,euro,ign,_,_]
[1,2,Qmpx,Qmpx,ign,_,_]
[0,1,euro-Qmpx,euro-Qmpx,ign,_,_]
[0,1,euroQmpx,euroQmpx,ign,_,_]
[0,1,euro,euro,ign,_,_]
[1,2,.,.,ign,_,_]
[2,3,123,123,ign,_,_]
[0,1,euro,euro,ign,_,_]
[1,2,,,,,ign,_,_]
[2,3,123,123,ign,_,_]
[0,1,euro,euro,ign,_,_]
[1,2,;,;,ign,_,_]
[2,3,123,123,ign,_,_]
[0,1,euro-123,euro-123,ign,_,_]
[0,1,euro:123,euro:123,ign,_,_]
[0,1,euro?123,euro?123,ign,_,_]
[0,1,euro!123,euro!123,ign,_,_]
[0,1,euro/123,euro/123,ign,_,_]
[0,1,euro(123,euro(123,ign,_,_]
[0,1,euro)123,euro)123,ign,_,_]
[0,1,euro ,euro,ign,_,_]
[1,2,123,123,ign,_,_]
[0,1,euro  ,euro,ign,_,_]
[1,2,123,123,ign,_,_]
[0,1,euro	,euro,ign,_,_]
[1,2,123,123,ign,_,_]
[0,1,euro-123,euro-123,ign,_,_]
[0,1,euro123,euro123,ign,_,_]
[0,1,euro,euro,ign,_,_]
[1,2,.,.,ign,_,_]
[2,3,VII,VII,ign,_,_]
[0,1,euro,euro,ign,_,_]
[1,2,,,,,ign,_,_]
[2,3,VII,VII,ign,_,_]
[0,1,euro,euro,ign,_,_]
[1,2,;,;,ign,_,_]
[2,3,VII,VII,ign,_,_]
[0,1,euro-VII,euro-VII,ign,_,_]
[0,1,euro:VII,euro:VII,ign,_,_]
[0,1,euro?VII,euro?VII,ign,_,_]
[0,1,euro!VII,euro!VII,ign,_,_]
[0,1,euro/VII,euro/VII,ign,_,_]
[0,1,euro(VII,euro(VII,ign,_,_]
[0,1,euro)VII,euro)VII,ign,_,_]
[0,1,euro ,euro,ign,_,_]
[1,2,VII,VII,ign,_,_]
[0,1,euro  ,euro,ign,_,_]
[1,2,VII,VII,ign,_,_]
[0,1,euro	,euro,ign,_,_]
[1,2,VII,VII,ign,_,_]
[0,1,euro-VII,euro-VII,ign,_,_]
[0,1,euroVII,euroVII,ign,_,_]
[0,1,super,super,ign,_,_]
[1,2,.,.,ign,_,_]
[2,3,super,super,ign,_,_]
[0,1,super,super,ign,_,_]
[1,2,,,,,ign,_,_]
[2,3,super,super,ign,_,_]
[0,1,super,super,ign,_,_]
[1,2,;,;,ign,_,_]
[2,3,super,super,ign,_,_]
[0,1,super-super,super-super,ign,_,_]
[0,1,super:super,super:super,ign,_,_]
[0,1,super?super,super?super,ign,_,_]
[0,1,super!super,super!super,ign,_,_]
[0,1,super/super,super/super,ign,_,_]
[0,1,super(super,super(super,ign,_,_]
[0,1,super)super,super)super,ign,_,_]
[0,1,super ,super,ign,_,_]
[1,2,super,super,ign,_,_]
[0,1,super  ,super,ign,_,_]
[1,2,super,super,ign,_,_]
[0,1,super	,super,ign,_,_]
[1,2,super,super,ign,_,_]
[0,1,super-super,super-super,ign,_,_]
[0,1,supersuper,supersuper,ign,_,_]
[0,1,super,super,ign,_,_]
[1,2,.,.,ign,_,_]
[2,3,kot,kot,subst:sg:nom:m1,_,samodzielnie|zzz
 2,3,kot,kot,subst:sg:nom:m2,imie,samodzielnie]
[0,1,super,super,ign,_,_]
[1,2,,,,,ign,_,_]
[2,3,kot,kot,subst:sg:nom:m1,_,samodzielnie|zzz
 2,3,kot,kot,subst:sg:nom:m2,imie,samodzielnie]
[0,1,super,super,ign,_,_]
[1,2,;,;,ign,_,_]
[2,3,kot,kot,subst:sg:nom:m1,_,samodzielnie|zzz
 2,3,kot,kot,subst:sg:nom:m2,imie,samodzielnie]
[0,1,super-kot,super-kot,ign,_,_]
[0,1,super:kot,super:kot,ign,_,_]
[0,1,super?kot,super?kot,ign,_,_]
[0,1,super!kot,super!kot,ign,_,_]
[0,1,super/kot,super/kot,ign,_,_]
[0,1,super(kot,super(kot,ign,_,_]
[0,1,super)kot,super)kot,ign,_,_]
[0,1,super ,super,ign,_,_]
[1,2,kot,kot,subst:sg:nom:m1,_,samodzielnie|zzz
 1,2,kot,kot,subst:sg:nom:m2,imie,samodzielnie]
[0,1,super  ,super,ign,_,_]
[1,2,kot,kot,subst:sg:nom:m1,_,samodzielnie|zzz
 1,2,kot,kot,subst:sg:nom:m2,imie,samodzielnie]
[0,1,super	,super,ign,_,_]
[1,2,kot,kot,subst:sg:nom:m1,_,samodzielnie|zzz
 1,2,kot,kot,subst:sg:nom:m2,imie,samodzielnie]
[0,1,super-kot,super-kot,ign,_,_]
[0,1,superkot,superkot,subst:sg:nom:m1,_,super|xxx|yyy]
[0,1,super,super,ign,_,_]
[1,2,.,.,ign,_,_]
[2,3,pies,pies,subst:sg:nom:m1,nazwisko,samodzielnie|yyy|zzz]
[0,1,super,super,ign,_,_]
[1,2,,,,,ign,_,_]
[2,3,pies,pies,subst:sg:nom:m1,nazwisko,samodzielnie|yyy|zzz]
[0,1,super,super,ign,_,_]
[1,2,;,;,ign,_,_]
[2,3,pies,pies,subst:sg:nom:m1,nazwisko,samodzielnie|yyy|zzz]
[0,1,super-pies,super-pies,ign,_,_]
[0,1,super:pies,super:pies,ign,_,_]
[0,1,super?pies,super?pies,ign,_,_]
[0,1,super!pies,super!pies,ign,_,_]
[0,1,super/pies,super/pies,ign,_,_]
[0,1,super(pies,super(pies,ign,_,_]
[0,1,super)pies,super)pies,ign,_,_]
[0,1,super ,super,ign,_,_]
[1,2,pies,pies,subst:sg:nom:m1,nazwisko,samodzielnie|yyy|zzz]
[0,1,super  ,super,ign,_,_]
[1,2,pies,pies,subst:sg:nom:m1,nazwisko,samodzielnie|yyy|zzz]
[0,1,super	,super,ign,_,_]
[1,2,pies,pies,subst:sg:nom:m1,nazwisko,samodzielnie|yyy|zzz]
[0,1,super-pies,super-pies,ign,_,_]
[0,1,superpies,superpies,ign,_,_]
[0,1,super,super,ign,_,_]
[1,2,.,.,ign,_,_]
[2,3,xyzzy,xyzzy,ign,_,_]
[0,1,super,super,ign,_,_]
[1,2,,,,,ign,_,_]
[2,3,xyzzy,xyzzy,ign,_,_]
[0,1,super,super,ign,_,_]
[1,2,;,;,ign,_,_]
[2,3,xyzzy,xyzzy,ign,_,_]
[0,1,super-xyzzy,super-xyzzy,ign,_,_]
[0,1,super:xyzzy,super:xyzzy,ign,_,_]
[0,1,super?xyzzy,super?xyzzy,ign,_,_]
[0,1,super!xyzzy,super!xyzzy,ign,_,_]
[0,1,super/xyzzy,super/xyzzy,ign,_,_]
[0,1,super(xyzzy,super(xyzzy,ign,_,_]
[0,1,super)xyzzy,super)xyzzy,ign,_,_]
[0,1,super ,super,ign,_,_]
[1,2,xyzzy,xyzzy,ign,_,_]
[0,1,super  ,super,ign,_,_]
[1,2,xyzzy,xyzzy,ign,_,_]
[0,1,super	,super,ign,_,_]
[1,2,xyzzy,xyzzy,ign,_,_]
[0,1,super-xyzzy,super-xyzzy,ign,_,_]
[0,1,superxyzzy,superxyzzy,ign,_,_]
[0,1,super,super,ign,_,_]
[1,2,.,.,ign,_,_]
[2,3,Qmpx,Qmpx,ign,_,_]
[0,1,super,super,ign,_,_]
[1,2,,,,,ign,_,_]
[2,3,Qmpx,Qmpx,ign,_,_]
[0,1,super,super,ign,_,_]
[1,2,;,;,ign,_,_]
[2,3,Qmpx,Qmpx,ign,_,_]
[0,1,super-Qmpx,super-Qmpx,ign,_,_]
[0,1,super:Qmpx,super:Qmpx,ign,_,_]
[0,1,super?Qmpx,super?Qmpx,ign,_,_]
[0,1,super!Qmpx,super!Qmpx,ign,_,_]
[0,1,super/Qmpx,super/Qmpx,ign,_,_]
[0,1,super(Qmpx,super(Qmpx,ign,_,_]
[0,1,super)Qmpx,super)Qmpx,ign,_,_]
[0,1,super ,super,ign,_,_]
[1,2,Qmpx,Qmpx,ign,_,_]
[0,1,super  ,super,ign,_,_]
[1,2,Qmpx,Qmpx,ign,_,_]
[0,1,super	,super,ign,_,_]
[1,2,Qmpx,Qmpx,ign,_,_]
[0,1,super-Qmpx,super-Qmpx,ign,_,_]
[0,1,superQmpx,superQmpx,ign,_,_]
[0,1,super,super,ign,_,_]
[1,2,.,.,ign,_,_]
[2,3,123,123,ign,_,_]
[0,1,super,super,ign,_,_]
[1,2,,,,,ign,_,_]
[2,3,123,123,ign,_,_]
[0,1,super,super,ign,_,_]
[1,2,;,;,ign,_,_]
[2,3,123,123,ign,_,_]
[0,1,super-123,super-123,ign,_,_]
[0,1,super:123,super:123,ign,_,_]
[0,1,super?123,super?123,ign,_,_]
[0,1,super!123,super!123,ign,_,_]
[0,1,super/123,super/123,ign,_,_]
[0,1,super(123,super(123,ign,_,_]
[0,1,super)123,super)123,ign,_,_]
[0,1,super ,super,ign,_,_]
[1,2,123,123,ign,_,_]
[0,1,super  ,super,ign,_,_]
[1,2,123,123,ign,_,_]
[0,1,super	,super,ign,_,_]
[1,2,123,123,ign,_,_]
[0,1,super-123,super-123,ign,_,_]
[0,1,super123,super123,ign,_,_]
[0,1,super,super,ign,_,_]
[1,2,.,.,ign,_,_]
[2,3,VII,VII,ign,_,_]
[0,1,super,super,ign,_,_]
[1,2,,,,,ign,_,_]
[2,3,VII,VII,ign,_,_]
[0,1,super,super,ign,_,_]
[1,2,;,;,ign,_,_]
[2,3,VII,VII,ign,_,_]
[0,1,super-VII,super-VII,ign,_,_]
[0,1,super:VII,super:VII,ign,_,_]
[0,1,super?VII,super?VII,ign,_,_]
[0,1,super!VII,super!VII,ign,_,_]
[0,1,super/VII,super/VII,ign,_,_]
[0,1,super(VII,super(VII,ign,_,_]
[0,1,super)VII,super)VII,ign,_,_]
[0,1,super ,super,ign,_,_]
[1,2,VII,VII,ign,_,_]
[0,1,super  ,super,ign,_,_]
[1,2,VII,VII,ign,_,_]
[0,1,super	,super,ign,_,_]
[1,2,VII,VII,ign,_,_]
[0,1,super-VII,super-VII,ign,_,_]
[0,1,superVII,superVII,ign,_,_]
[0,1,kot,kot,subst:sg:nom:m1,_,samodzielnie|zzz
 0,1,kot,kot,subst:sg:nom:m2,imie,samodzielnie]
[1,2,.,.,ign,_,_]
[2,3,kot,kot,subst:sg:nom:m1,_,samodzielnie|zzz
 2,3,kot,kot,subst:sg:nom:m2,imie,samodzielnie]
[0,1,kot,kot,subst:sg:nom:m1,_,samodzielnie|zzz
 0,1,kot,kot,subst:sg:nom:m2,imie,samodzielnie]
[1,2,,,,,ign,_,_]
[2,3,kot,kot,subst:sg:nom:m1,_,samodzielnie|zzz
 2,3,kot,kot,subst:sg:nom:m2,imie,samodzielnie]
[0,1,kot,kot,subst:sg:nom:m1,_,samodzielnie|zzz
 0,1,kot,kot,subst:sg:nom:m2,imie,samodzielnie]
[1,2,;,;,ign,_,_]
[2,3,kot,kot,subst:sg:nom:m1,_,samodzielnie|zzz
 2,3,kot,kot,subst:sg:nom:m2,imie,samodzielnie]
[0,1,kot-kot,kot-kot,ign,_,_]
[0,1,kot:kot,kot:kot,ign,_,_]
[0,1,kot?kot,kot?kot,ign,_,_]
[0,1,kot!kot,kot!kot,ign,_,_]
[0,1,kot/kot,kot/kot,ign,_,_]
[0,1,kot(kot,kot(kot,ign,_,_]
[0,1,kot)kot,kot)kot,ign,_,_]
[0,1,kot ,kot,subst:sg:nom:m1,_,samodzielnie|zzz
 0,1,kot ,kot,subst:sg:nom:m2,imie,samodzielnie]
[1,2,kot,kot,subst:sg:nom:m1,_,samodzielnie|zzz
 1,2,kot,kot,subst:sg:nom:m2,imie,samodzielnie]
[0,1,kot  ,kot,subst:sg:nom:m1,_,samodzielnie|zzz
 0,1,kot  ,kot,subst:sg:nom:m2,imie,samodzielnie]
[1,2,kot,kot,subst:sg:nom:m1,_,samodzielnie|zzz
 1,2,kot,kot,subst:sg:nom:m2,imie,samodzielnie]
[0,1,kot	,kot,subst:sg:nom:m1,_,samodzielnie|zzz
 0,1,kot	,kot,subst:sg:nom:m2,imie,samodzielnie]
[1,2,kot,kot,subst:sg:nom:m1,_,samodzielnie|zzz
 1,2,kot,kot,subst:sg:nom:m2,imie,samodzielnie]
[0,1,kot-kot,kot-kot,ign,_,_]
[0,1,kotkot,kotkot,ign,_,_]
[0,1,kot,kot,subst:sg:nom:m1,_,samodzielnie|zzz
 0,1,kot,kot,subst:sg:nom:m2,imie,samodzielnie]
[1,2,.,.,ign,_,_]
[2,3,pies,pies,subst:sg:nom:m1,nazwisko,samodzielnie|yyy|zzz]
[0,1,kot,kot,subst:sg:nom:m1,_,samodzielnie|zzz
 0,1,kot,kot,subst:sg:nom:m2,imie,samodzielnie]
[1,2,,,,,ign,_,_]
[2,3,pies,pies,subst:sg:nom:m1,nazwisko,samodzielnie|yyy|zzz]
[0,1,kot,kot,subst:sg:nom:m1,_,samodzielnie|zzz
 0,1,kot,kot,subst:sg:nom:m2,imie,samodzielnie]
[1,2,;,;,ign,_,_]
[2,3,pies,pies,subst:sg:nom:m1,nazwisko,samodzielnie|yyy|zzz]
[0,1,kot-pies,kot-pies,ign,_,_]
[0,1,kot:pies,kot:pies,ign,_,_]
[0,1,kot?pies,kot?pies,ign,_,_]
[0,1,kot!pies,kot!pies,ign,_,_]
[0,1,kot/pies,kot/pies,ign,_,_]
[0,1,kot(pies,kot(pies,ign,_,_]
[0,1,kot)pies,kot)pies,ign,_,_]
[0,1,kot ,kot,subst:sg:nom:m1,_,samodzielnie|zzz
 0,1,kot ,kot,subst:sg:nom:m2,imie,samodzielnie]
[1,2,pies,pies,subst:sg:nom:m1,nazwisko,samodzielnie|yyy|zzz]
[0,1,kot  ,kot,subst:sg:nom:m1,_,samodzielnie|zzz
 0,1,kot  ,kot,subst:sg:nom:m2,imie,samodzielnie]
[1,2,pies,pies,subst:sg:nom:m1,nazwisko,samodzielnie|yyy|zzz]
[0,1,kot	,kot,subst:sg:nom:m1,_,samodzielnie|zzz
 0,1,kot	,kot,subst:sg:nom:m2,imie,samodzielnie]
[1,2,pies,pies,subst:sg:nom:m1,nazwisko,samodzielnie|yyy|zzz]
[0,1,kot-pies,kot-pies,ign,_,_]
[0,1,kotpies,kotpies,ign,_,_]
[0,1,kot,kot,subst:sg:nom:m1,_,samodzielnie|zzz
 0,1,kot,kot,subst:sg:nom:m2,imie,samodzielnie]
[1,2,.,.,ign,_,_]
[2,3,xyzzy,xyzzy,ign,_,_]
[0,1,kot,kot,subst:sg:nom:m1,_,samodzielnie|zzz
 0,1,kot,kot,subst:sg:nom:m2,imie,samodzielnie]
[1,2,,,,,ign,_,_]
[2,3,xyzzy,xyzzy,ign,_,_]
[0,1,kot,kot,subst:sg:nom:m1,_,samodzielnie|zzz
 0,1,kot,kot,subst:sg:nom:m2,imie,samodzielnie]
[1,2,;,;,ign,_,_]
[2,3,xyzzy,xyzzy,ign,_,_]
[0,1,kot-xyzzy,kot-xyzzy,ign,_,_]
[0,1,kot:xyzzy,kot:xyzzy,ign,_,_]
[0,1,kot?xyzzy,kot?xyzzy,ign,_,_]
[0,1,kot!xyzzy,kot!xyzzy,ign,_,_]
[0,1,kot/xyzzy,kot/xyzzy,ign,_,_]
[0,1,kot(xyzzy,kot(xyzzy,ign,_,_]
[0,1,kot)xyzzy,kot)xyzzy,ign,_,_]
[0,1,kot ,kot,subst:sg:nom:m1,_,samodzielnie|zzz
 0,1,kot ,kot,subst:sg:nom:m2,imie,samodzielnie]
[1,2,xyzzy,xyzzy,ign,_,_]
[0,1,kot  ,kot,subst:sg:nom:m1,_,samodzielnie|zzz
 0,1,kot  ,kot,subst:sg:nom:m2,imie,samodzielnie]
[1,2,xyzzy,xyzzy,ign,_,_]
[0,1,kot	,kot,subst:sg:nom:m1,_,samodzielnie|zzz
 0,1,kot	,kot,subst:sg:nom:m2,imie,samodzielnie]
[1,2,xyzzy,xyzzy,ign,_,_]
[0,1,kot-xyzzy,kot-xyzzy,ign,_,_]
[0,1,kotxyzzy,kotxyzzy,ign,_,_]
[0,1,kot,kot,subst:sg:nom:m1,_,samodzielnie|zzz
 0,1,kot,kot,subst:sg:nom:m2,imie,samodzielnie]
[1,2,.,.,ign,_,_]
[2,3,Qmpx,Qmpx,ign,_,_]
[0,1,kot,kot,subst:sg:nom:m1,_,samodzielnie|zzz
 0,1,kot,kot,subst:sg:nom:m2,imie,samodzielnie]
[1,2,,,,,ign,_,_]
[2,3,Qmpx,Qmpx,ign,_,_]
[0,1,kot,kot,subst:sg:nom:m1,_,samodzielnie|zzz
 0,1,kot,kot,subst:sg:nom:m2,imie,samodzielnie]
[1,2,;,;,ign,_,_]
[2,3,Qmpx,Qmpx,ign,_,_]
[0,1,kot-Qmpx,kot-Qmpx,ign,_,_]
[0,1,kot:Qmpx,kot:Qmpx,ign,_,_]
[0,1,kot?Qmpx,kot?Qmpx,ign,_,_]
[0,1,kot!Qmpx,kot!Qmpx,ign,_,_]
[0,1,kot/Qmpx,kot/Qmpx,ign,_,_]
[0,1,kot(Qmpx,kot(Qmpx,ign,_,_]
[0,1,kot)Qmpx,kot)Qmpx,ign,_,_]
[0,1,kot ,kot,subst:sg:nom:m1,_,samodzielnie|zzz
 0,1,kot ,kot,subst:sg:nom:m2,imie,samodzielnie]
[1,2,Qmpx,Qmpx,ign,_,_]
[0,1,kot  ,kot,subst:sg:nom:m1,_,samodzielnie|zzz
 0,1,kot  ,kot,subst:sg:nom:m2,imie,samodzielnie]
[1,2,Qmpx,Qmpx,ign,_,_]
[0,1,kot	,kot,subst:sg:nom:m1,_,samodzielnie|zzz
 0,1,kot	,kot,subst:sg:nom:m2,imie,samodzielnie]
[1,2,Qmpx,Qmpx,ign,_,_]
[0,1,kot-Qmpx,kot-Qmpx,ign,_,_]
[0,1,kotQmpx,kotQmpx,ign,_,_]
[0,1,kot,kot,subst:sg:nom:m1,_,samodzielnie|zzz
 0,1,kot,kot,subst:sg:nom:m2,imie,samodzielnie]
[1,2,.,.,ign,_,_]
[2,3,123,123,ign,_,_]
[0,1,kot,kot,subst:sg:nom:m1,_,samodzielnie|zzz
 0,1,kot,kot,subst:sg:nom:m2,imie,samodzielnie]
[1,2,,,,,ign,_,_]
[2,3,123,123,ign,_,_]
[0,1,kot,kot,subst:sg:nom:m1,_,samodzielnie|zzz
 0,1,kot,kot,subst:sg:nom:m2,imie,samodzielnie]
[1,2,;,;,ign,_,_]
[2,3,123,123,ign,_,_]
[0,1,kot-123,kot-123,ign,_,_]
[0,1,kot:123,kot:123,ign,_,_]
[0,1,kot?123,kot?123,ign,_,_]
[0,1,kot!123,kot!123,ign,_,_]
[0,1,kot/123,kot/123,ign,_,_]
[0,1,kot(123,kot(123,ign,_,_]
[0,1,kot)123,kot)123,ign,_,_]
[0,1,kot ,kot,subst:sg:nom:m1,_,samodzielnie|zzz
 0,1,kot ,kot,subst:sg:nom:m2,imie,samodzielnie]
[1,2,123,123,ign,_,_]
[0,1,kot  ,kot,subst:sg:nom:m1,_,samodzielnie|zzz
 0,1,kot  ,kot,subst:sg:nom:m2,imie,samodzielnie]
[1,2,123,123,ign,_,_]
[0,1,kot	,kot,subst:sg:nom:m1,_,samodzielnie|zzz
 0,1,kot	,kot,subst:sg:nom:m2,imie,samodzielnie]
[1,2,123,123,ign,_,_]
[0,1,kot-123,kot-123,ign,_,_]
[0,1,kot123,kot123,ign,_,_]
[0,1,kot,kot,subst:sg:nom:m1,_,samodzielnie|zzz
 0,1,kot,kot,subst:sg:nom:m2,imie,samodzielnie]
[1,2,.,.,ign,_,_]
[2,3,VII,VII,ign,_,_]
[0,1,kot,kot,subst:sg:nom:m1,_,samodzielnie|zzz
 0,1,kot,kot,subst:sg:nom:m2,imie,samodzielnie]
[1,2,,,,,ign,_,_]
[2,3,VII,VII,ign,_,_]
[0,1,kot,kot,subst:sg:nom:m1,_,samodzielnie|zzz
 0,1,kot,kot,subst:sg:nom:m2,imie,samodzielnie]
[1,2,;,;,ign,_,_]
[2,3,VII,VII,ign,_,_]
[0,1,kot-VII,kot-VII,ign,_,_]
[0,1,kot:VII,kot:VII,ign,_,_]
[0,1,kot?VII,kot?VII,ign,_,_]
[0,1,kot!VII,kot!VII,ign,_,_]
[0,1,kot/VII,kot/VII,ign,_,_]
[0,1,kot(VII,kot(VII,ign,_,_]
[0,1,kot)VII,kot)VII,ign,_,_]
[0,1,kot ,kot,subst:sg:nom:m1,_,samodzielnie|zzz
 0,1,kot ,kot,subst:sg:nom:m2,imie,samodzielnie]
[1,2,VII,VII,ign,_,_]
[0,1,kot  ,kot,subst:sg:nom:m1,_,samodzielnie|zzz
 0,1,kot  ,kot,subst:sg:nom:m2,imie,samodzielnie]
[1,2,VII,VII,ign,_,_]
[0,1,kot	,kot,subst:sg:nom:m1,_,samodzielnie|zzz
 0,1,kot	,kot,subst:sg:nom:m2,imie,samodzielnie]
[1,2,VII,VII,ign,_,_]
[0,1,kot-VII,kot-VII,ign,_,_]
[0,1,kotVII,kotVII,ign,_,_]
[0,1,pies,pies,subst:sg:nom:m1,nazwisko,samodzielnie|yyy|zzz]
[1,2,.,.,ign,_,_]
[2,3,pies,pies,subst:sg:nom:m1,nazwisko,samodzielnie|yyy|zzz]
[0,1,pies,pies,subst:sg:nom:m1,nazwisko,samodzielnie|yyy|zzz]
[1,2,,,,,ign,_,_]
[2,3,pies,pies,subst:sg:nom:m1,nazwisko,samodzielnie|yyy|zzz]
[0,1,pies,pies,subst:sg:nom:m1,nazwisko,samodzielnie|yyy|zzz]
[1,2,;,;,ign,_,_]
[2,3,pies,pies,subst:sg:nom:m1,nazwisko,samodzielnie|yyy|zzz]
[0,1,pies-pies,pies-pies,ign,_,_]
[0,1,pies:pies,pies:pies,ign,_,_]
[0,1,pies?pies,pies?pies,ign,_,_]
[0,1,pies!pies,pies!pies,ign,_,_]
[0,1,pies/pies,pies/pies,ign,_,_]
[0,1,pies(pies,pies(pies,ign,_,_]
[0,1,pies)pies,pies)pies,ign,_,_]
[0,1,pies ,pies,subst:sg:nom:m1,nazwisko,samodzielnie|yyy|zzz]
[1,2,pies,pies,subst:sg:nom:m1,nazwisko,samodzielnie|yyy|zzz]
[0,1,pies  ,pies,subst:sg:nom:m1,nazwisko,samodzielnie|yyy|zzz]
[1,2,pies,pies,subst:sg:nom:m1,nazwisko,samodzielnie|yyy|zzz]
[0,1,pies	,pies,subst:sg:nom:m1,nazwisko,samodzielnie|yyy|zzz]
[1,2,pies,pies,subst:sg:nom:m1,nazwisko,samodzielnie|yyy|zzz]
[0,1,pies-pies,pies-pies,ign,_,_]
[0,1,piespies,piespies,ign,_,_]
[0,1,pies,pies,subst:sg:nom:m1,nazwisko,samodzielnie|yyy|zzz]
[1,2,.,.,ign,_,_]
[2,3,xyzzy,xyzzy,ign,_,_]
[0,1,pies,pies,subst:sg:nom:m1,nazwisko,samodzielnie|yyy|zzz]
[1,2,,,,,ign,_,_]
[2,3,xyzzy,xyzzy,ign,_,_]
[0,1,pies,pies,subst:sg:nom:m1,nazwisko,samodzielnie|yyy|zzz]
[1,2,;,;,ign,_,_]
[2,3,xyzzy,xyzzy,ign,_,_]
[0,1,pies-xyzzy,pies-xyzzy,ign,_,_]
[0,1,pies:xyzzy,pies:xyzzy,ign,_,_]
[0,1,pies?xyzzy,pies?xyzzy,ign,_,_]
[0,1,pies!xyzzy,pies!xyzzy,ign,_,_]
[0,1,pies/xyzzy,pies/xyzzy,ign,_,_]
[0,1,pies(xyzzy,pies(xyzzy,ign,_,_]
[0,1,pies)xyzzy,pies)xyzzy,ign,_,_]
[0,1,pies ,pies,subst:sg:nom:m1,nazwisko,samodzielnie|yyy|zzz]
[1,2,xyzzy,xyzzy,ign,_,_]
[0,1,pies  ,pies,subst:sg:nom:m1,nazwisko,samodzielnie|yyy|zzz]
[1,2,xyzzy,xyzzy,ign,_,_]
[0,1,pies	,pies,subst:sg:nom:m1,nazwisko,samodzielnie|yyy|zzz]
[1,2,xyzzy,xyzzy,ign,_,_]
[0,1,pies-xyzzy,pies-xyzzy,ign,_,_]
[0,1,piesxyzzy,piesxyzzy,ign,_,_]
[0,1,pies,pies,subst:sg:nom:m1,nazwisko,samodzielnie|yyy|zzz]
[1,2,.,.,ign,_,_]
[2,3,Qmpx,Qmpx,ign,_,_]
[0,1,pies,pies,subst:sg:nom:m1,nazwisko,samodzielnie|yyy|zzz]
[1,2,,,,,ign,_,_]
[2,3,Qmpx,Qmpx,ign,_,_]
[0,1,pies,pies,subst:sg:nom:m1,nazwisko,samodzielnie|yyy|zzz]
[1,2,;,;,ign,_,_]
[2,3,Qmpx,Qmpx,ign,_,_]
[0,1,pies-Qmpx,pies-Qmpx,ign,_,_]
[0,1,pies:Qmpx,pies:Qmpx,ign,_,_]
[0,1,pies?Qmpx,pies?Qmpx,ign,_,_]
[0,1,pies!Qmpx,pies!Qmpx,ign,_,_]
[0,1,pies/Qmpx,pies/Qmpx,ign,_,_]
[0,1,pies(Qmpx,pies(Qmpx,ign,_,_]
[0,1,pies)Qmpx,pies)Qmpx,ign,_,_]
[0,1,pies ,pies,subst:sg:nom:m1,nazwisko,samodzielnie|yyy|zzz]
[1,2,Qmpx,Qmpx,ign,_,_]
[0,1,pies  ,pies,subst:sg:nom:m1,nazwisko,samodzielnie|yyy|zzz]
[1,2,Qmpx,Qmpx,ign,_,_]
[0,1,pies	,pies,subst:sg:nom:m1,nazwisko,samodzielnie|yyy|zzz]
[1,2,Qmpx,Qmpx,ign,_,_]
[0,1,pies-Qmpx,pies-Qmpx,ign,_,_]
[0,1,piesQmpx,piesQmpx,ign,_,_]
[0,1,pies,pies,subst:sg:nom:m1,nazwisko,samodzielnie|yyy|zzz]
[1,2,.,.,ign,_,_]
[2,3,123,123,ign,_,_]
[0,1,pies,pies,subst:sg:nom:m1,nazwisko,samodzielnie|yyy|zzz]
[1,2,,,,,ign,_,_]
[2,3,123,123,ign,_,_]
[0,1,pies,pies,subst:sg:nom:m1,nazwisko,samodzielnie|yyy|zzz]
[1,2,;,;,ign,_,_]
[2,3,123,123,ign,_,_]
[0,1,pies-123,pies-123,ign,_,_]
[0,1,pies:123,pies:123,ign,_,_]
[0,1,pies?123,pies?123,ign,_,_]
[0,1,pies!123,pies!123,ign,_,_]
[0,1,pies/123,pies/123,ign,_,_]
[0,1,pies(123,pies(123,ign,_,_]
[0,1,pies)123,pies)123,ign,_,_]
[0,1,pies ,pies,subst:sg:nom:m1,nazwisko,samodzielnie|yyy|zzz]
[1,2,123,123,ign,_,_]
[0,1,pies  ,pies,subst:sg:nom:m1,nazwisko,samodzielnie|yyy|zzz]
[1,2,123,123,ign,_,_]
[0,1,pies	,pies,subst:sg:nom:m1,nazwisko,samodzielnie|yyy|zzz]
[1,2,123,123,ign,_,_]
[0,1,pies-123,pies-123,ign,_,_]
[0,1,pies123,pies123,ign,_,_]
[0,1,pies,pies,subst:sg:nom:m1,nazwisko,samodzielnie|yyy|zzz]
[1,2,.,.,ign,_,_]
[2,3,VII,VII,ign,_,_]
[0,1,pies,pies,subst:sg:nom:m1,nazwisko,samodzielnie|yyy|zzz]
[1,2,,,,,ign,_,_]
[2,3,VII,VII,ign,_,_]
[0,1,pies,pies,subst:sg:nom:m1,nazwisko,samodzielnie|yyy|zzz]
[1,2,;,;,ign,_,_]
[2,3,VII,VII,ign,_,_]
[0,1,pies-VII,pies-VII,ign,_,_]
[0,1,pies:VII,pies:VII,ign,_,_]
[0,1,pies?VII,pies?VII,ign,_,_]
[0,1,pies!VII,pies!VII,ign,_,_]
[0,1,pies/VII,pies/VII,ign,_,_]
[0,1,pies(VII,pies(VII,ign,_,_]
[0,1,pies)VII,pies)VII,ign,_,_]
[0,1,pies ,pies,subst:sg:nom:m1,nazwisko,samodzielnie|yyy|zzz]
[1,2,VII,VII,ign,_,_]
[0,1,pies  ,pies,subst:sg:nom:m1,nazwisko,samodzielnie|yyy|zzz]
[1,2,VII,VII,ign,_,_]
[0,1,pies	,pies,subst:sg:nom:m1,nazwisko,samodzielnie|yyy|zzz]
[1,2,VII,VII,ign,_,_]
[0,1,pies-VII,pies-VII,ign,_,_]
[0,1,piesVII,piesVII,ign,_,_]
[0,1,xyzzy,xyzzy,ign,_,_]
[1,2,.,.,ign,_,_]
[2,3,xyzzy,xyzzy,ign,_,_]
[0,1,xyzzy,xyzzy,ign,_,_]
[1,2,,,,,ign,_,_]
[2,3,xyzzy,xyzzy,ign,_,_]
[0,1,xyzzy,xyzzy,ign,_,_]
[1,2,;,;,ign,_,_]
[2,3,xyzzy,xyzzy,ign,_,_]
[0,1,xyzzy-xyzzy,xyzzy-xyzzy,ign,_,_]
[0,1,xyzzy:xyzzy,xyzzy:xyzzy,ign,_,_]
[0,1,xyzzy?xyzzy,xyzzy?xyzzy,ign,_,_]
[0,1,xyzzy!xyzzy,xyzzy!xyzzy,ign,_,_]
[0,1,xyzzy/xyzzy,xyzzy/xyzzy,ign,_,_]
[0,1,xyzzy(xyzzy,xyzzy(xyzzy,ign,_,_]
[0,1,xyzzy)xyzzy,xyzzy)xyzzy,ign,_,_]
[0,1,xyzzy ,xyzzy,ign,_,_]
[1,2,xyzzy,xyzzy,ign,_,_]
[0,1,xyzzy  ,xyzzy,ign,_,_]
[1,2,xyzzy,xyzzy,ign,_,_]
[0,1,xyzzy	,xyzzy,ign,_,_]
[1,2,xyzzy,xyzzy,ign,_,_]
[0,1,xyzzy-xyzzy,xyzzy-xyzzy,ign,_,_]
[0,1,xyzzyxyzzy,xyzzyxyzzy,ign,_,_]
[0,1,xyzzy,xyzzy,ign,_,_]
[1,2,.,.,ign,_,_]
[2,3,Qmpx,Qmpx,ign,_,_]
[0,1,xyzzy,xyzzy,ign,_,_]
[1,2,,,,,ign,_,_]
[2,3,Qmpx,Qmpx,ign,_,_]
[0,1,xyzzy,xyzzy,ign,_,_]
[1,2,;,;,ign,_,_]
[2,3,Qmpx,Qmpx,ign,_,_]
[0,1,xyzzy-Qmpx,xyzzy-Qmpx,ign,_,_]
[0,1,xyzzy:Qmpx,xyzzy:Qmpx,ign,_,_]
[0,1,xyzzy?Qmpx,xyzzy?Qmpx,ign,_,_]
[0,1,xyzzy!Qmpx,xyzzy!Qmpx,ign,_,_]
[0,1,xyzzy/Qmpx,xyzzy/Qmpx,ign,_,_]
[0,1,xyzzy(Qmpx,xyzzy(Qmpx,ign,_,_]
[0,1,xyzzy)Qmpx,xyzzy)Qmpx,ign,_,_]
[0,1,xyzzy ,xyzzy,ign,_,_]
[1,2,Qmpx,Qmpx,ign,_,_]
[0,1,xyzzy  ,xyzzy,ign,_,_]
[1,2,Qmpx,Qmpx,ign,_,_]
[0,1,xyzzy	,xyzzy,ign,_,_]
[1,2,Qmpx,Qmpx,ign,_,_]
[0,1,xyzzy-Qmpx,xyzzy-Qmpx,ign,_,_]
[0,1,xyzzyQmpx,xyzzyQmpx,ign,_,_]
[0,1,xyzzy,xyzzy,ign,_,_]
[1,2,.,.,ign,_,_]
[2,3,123,123,ign,_,_]
[0,1,xyzzy,xyzzy,ign,_,_]
[1,2,,,,,ign,_,_]
[2,3,123,123,ign,_,_]
[0,1,xyzzy,xyzzy,ign,_,_]
[1,2,;,;,ign,_,_]
[2,3,123,123,ign,_,_]
[0,1,xyzzy-123,xyzzy-123,ign,_,_]
[0,1,xyzzy:123,xyzzy:123,ign,_,_]
[0,1,xyzzy?123,xyzzy?123,ign,_,_]
[0,1,xyzzy!123,xyzzy!123,ign,_,_]
[0,1,xyzzy/123,xyzzy/123,ign,_,_]
[0,1,xyzzy(123,xyzzy(123,ign,_,_]
[0,1,xyzzy)123,xyzzy)123,ign,_,_]
[0,1,xyzzy ,xyzzy,ign,_,_]
[1,2,123,123,ign,_,_]
[0,1,xyzzy  ,xyzzy,ign,_,_]
[1,2,123,123,ign,_,_]
[0,1,xyzzy	,xyzzy,ign,_,_]
[1,2,123,123,ign,_,_]
[0,1,xyzzy-123,xyzzy-123,ign,_,_]
[0,1,xyzzy123,xyzzy123,ign,_,_]
[0,1,xyzzy,xyzzy,ign,_,_]
[1,2,.,.,ign,_,_]
[2,3,VII,VII,ign,_,_]
[0,1,xyzzy,xyzzy,ign,_,_]
[1,2,,,,,ign,_,_]
[2,3,VII,VII,ign,_,_]
[0,1,xyzzy,xyzzy,ign,_,_]
[1,2,;,;,ign,_,_]
[2,3,VII,VII,ign,_,_]
[0,1,xyzzy-VII,xyzzy-VII,ign,_,_]
[0,1,xyzzy:VII,xyzzy:VII,ign,_,_]
[0,1,xyzzy?VII,xyzzy?VII,ign,_,_]
[0,1,xyzzy!VII,xyzzy!VII,ign,_,_]
[0,1,xyzzy/VII,xyzzy/VII,ign,_,_]
[0,1,xyzzy(VII,xyzzy(VII,ign,_,_]
[0,1,xyzzy)VII,xyzzy)VII,ign,_,_]
[0,1,xyzzy ,xyzzy,ign,_,_]
[1,2,VII,VII,ign,_,_]
[0,1,xyzzy  ,xyzzy,ign,_,_]
[1,2,VII,VII,ign,_,_]
[0,1,xyzzy	,xyzzy,ign,_,_]
[1,2,VII,VII,ign,_,_]
[0,1,xyzzy-VII,xyzzy-VII,ign,_,_]
[0,1,xyzzyVII,xyzzyVII,ign,_,_]
[0,1,Qmpx,Qmpx,ign,_,_]
[1,2,.,.,ign,_,_]
[2,3,Qmpx,Qmpx,ign,_,_]
[0,1,Qmpx,Qmpx,ign,_,_]
[1,2,,,,,ign,_,_]
[2,3,Qmpx,Qmpx,ign,_,_]
[0,1,Qmpx,Qmpx,ign,_,_]
[1,2,;,;,ign,_,_]
[2,3,Qmpx,Qmpx,ign,_,_]
[0,1,Qmpx-Qmpx,Qmpx-Qmpx,ign,_,_]
[0,1,Qmpx:Qmpx,Qmpx:Qmpx,ign,_,_]
[0,1,Qmpx?Qmpx,Qmpx?Qmpx,ign,_,_]
[0,1,Qmpx!Qmpx,Qmpx!Qmpx,ign,_,_]
[0,1,Qmpx/Qmpx,Qmpx/Qmpx,ign,_,_]
[0,1,Qmpx(Qmpx,Qmpx(Qmpx,ign,_,_]
[0,1,Qmpx)Qmpx,Qmpx)Qmpx,ign,_,_]
[0,1,Qmpx ,Qmpx,ign,_,_]
[1,2,Qmpx,Qmpx,ign,_,_]
[0,1,Qmpx  ,Qmpx,ign,_,_]
[1,2,Qmpx,Qmpx,ign,_,_]
[0,1,Qmpx	,Qmpx,ign,_,_]
[1,2,Qmpx,Qmpx,ign,_,_]
[0,1,Qmpx-Qmpx,Qmpx-Qmpx,ign,_,_]
[0,1,QmpxQmpx,QmpxQmpx,ign,_,_]
[0,1,Qmpx,Qmpx,ign,_,_]
[1,2,.,.,ign,_,_]
[2,3,123,123,ign,_,_]
[0,1,Qmpx,Qmpx,ign,_,_]
[1,2,,,,,ign,_,_]
[2,3,123,123,ign,_,_]
[0,1,Qmpx,Qmpx,ign,_,_]
[1,2,;,;,ign,_,_]
[2,3,123,123,ign,_,_]
[0,1,Qmpx-123,Qmpx-123,ign,_,_]
[0,1,Qmpx:123,Qmpx:123,ign,_,_]
[0,1,Qmpx?123,Qmpx?123,ign,_,_]
[0,1,Qmpx!123,Qmpx!123,ign,_,_]
[0,1,Qmpx/123,Qmpx/123,ign,_,_]
[0,1,Qmpx(123,Qmpx(123,ign,_,_]
[0,1,Qmpx)123,Qmpx)123,ign,_,_]
[0,1,Qmpx ,Qmpx,ign,_,_]
[1,2,123,123,ign,_,_]
[0,1,Qmpx  ,Qmpx,ign,_,_]
[1,2,123,123,ign,_,_]
[0,1,Qmpx	,Qmpx,ign,_,_]
[1,2,123,123,ign,_,_]
[0,1,Qmpx-123,Qmpx-123,ign,_,_]
[0,1,Qmpx123,Qmpx123,ign,_,_]
[0,1,Qmpx,Qmpx,ign,_,_]
[1,2,.,.,ign,_,_]
[2,3,VII,VII,ign,_,_]
[0,1,Qmpx,Qmpx,ign,_,_]
[1,2,,,,,ign,_,_]
[2,3,VII,VII,ign,_,_]
[0,1,Qmpx,Qmpx,ign,_,_]
[1,2,;,;,ign,_,_]
[2,3,VII,VII,ign,_,_]
[0,1,Qmpx-VII,Qmpx-VII,ign,_,_]
[0,1,Qmpx:VII,Qmpx:VII,ign,_,_]
[0,1,Qmpx?VII,Qmpx?VII,ign,_,_]
[0,1,Qmpx!VII,Qmpx!VII,ign,_,_]
[0,1,Qmpx/VII,Qmpx/VII,ign,_,_]
[0,1,Qmpx(VII,Qmpx(VII,ign,_,_]
[0,1,Qmpx)VII,Qmpx)VII,ign,_,_]
[0,1,Qmpx ,Qmpx,ign,_,_]
[1,2,VII,VII,ign,_,_]
[0,1,Qmpx  ,Qmpx,ign,_,_]
[1,2,VII,VII,ign,_,_]
[0,1,Qmpx	,Qmpx,ign,_,_]
[1,2,VII,VII,ign,_,_]
[0,1,Qmpx-VII,Qmpx-VII,ign,_,_]
[0,1,QmpxVII,QmpxVII,ign,_,_]
[0,1,123,123,ign,_,_]
[1,2,.,.,ign,_,_]
[2,3,123,123,ign,_,_]
[0,1,123,123,ign,_,_]
[1,2,,,,,ign,_,_]
[2,3,123,123,ign,_,_]
[0,1,123,123,ign,_,_]
[1,2,;,;,ign,_,_]
[2,3,123,123,ign,_,_]
[0,1,123-123,123-123,ign,_,_]
[0,1,123:123,123:123,ign,_,_]
[0,1,123?123,123?123,ign,_,_]
[0,1,123!123,123!123,ign,_,_]
[0,1,123/123,123/123,ign,_,_]
[0,1,123(123,123(123,ign,_,_]
[0,1,123)123,123)123,ign,_,_]
[0,1,123 ,123,ign,_,_]
[1,2,123,123,ign,_,_]
[0,1,123  ,123,ign,_,_]
[1,2,123,123,ign,_,_]
[0,1,123	,123,ign,_,_]
[1,2,123,123,ign,_,_]
[0,1,123-123,123-123,ign,_,_]
[0,1,123123,123123,ign,_,_]
[0,1,123,123,ign,_,_]
[1,2,.,.,ign,_,_]
[2,3,VII,VII,ign,_,_]
[0,1,123,123,ign,_,_]
[1,2,,,,,ign,_,_]
[2,3,VII,VII,ign,_,_]
[0,1,123,123,ign,_,_]
[1,2,;,;,ign,_,_]
[2,3,VII,VII,ign,_,_]
[0,1,123-VII,123-VII,ign,_,_]
[0,1,123:VII,123:VII,ign,_,_]
[0,1,123?VII,123?VII,ign,_,_]
[0,1,123!VII,123!VII,ign,_,_]
[0,1,123/VII,123/VII,ign,_,_]
[0,1,123(VII,123(VII,ign,_,_]
[0,1,123)VII,123)VII,ign,_,_]
[0,1,123 ,123,ign,_,_]
[1,2,VII,VII,ign,_,_]
[0,1,123  ,123,ign,_,_]
[1,2,VII,VII,ign,_,_]
[0,1,123	,123,ign,_,_]
[1,2,VII,VII,ign,_,_]
[0,1,123-VII,123-VII,ign,_,_]
[0,1,123VII,123VII,ign,_,_]
[0,1,VII,VII,ign,_,_]
[1,2,.,.,ign,_,_]
[2,3,VII,VII,ign,_,_]
[0,1,VII,VII,ign,_,_]
[1,2,,,,,ign,_,_]
[2,3,VII,VII,ign,_,_]
[0,1,VII,VII,ign,_,_]
[1,2,;,;,ign,_,_]
[2,3,VII,VII,ign,_,_]
[0,1,VII-VII,VII-VII,ign,_,_]
[0,1,VII:VII,VII:VII,ign,_,_]
[0,1,VII?VII,VII?VII,ign,_,_]
[0,1,VII!VII,VII!VII,ign,_,_]
[0,1,VII/VII,VII/VII,ign,_,_]
[0,1,VII(VII,VII(VII,ign,_,_]
[0,1,VII)VII,VII)VII,ign,_,_]
[0,1,VII ,VII,ign,_,_]
[1,2,VII,VII,ign,_,_]
[0,1,VII  ,VII,ign,_,_]
[1,2,VII,VII,ign,_,_]
[0,1,VII	,VII,ign,_,_]
[1,2,VII,VII,ign,_,_]
[0,1,VII-VII,VII-VII,ign,_,_]
[0,1,VIIVII,VIIVII,ign,_,_]
[0,1,.,.,ign,_,_]
[1,2,mikro,mikro,ign,_,_]
[2,3,.,.,ign,_,_]
[0,1,(mikro),(mikro),ign,_,_]
[0,1,mikro,mikro,ign,_,_]
[1,2,.,.,ign,_,_]
[2,3,.,.,ign,_,_]
[3,4,.,.,ign,_,_]
[0,1,-mikro-,-mikro-,ign,_,_]
[0,1,mikro,mikro,ign,_,_]
[1,2,,,,,ign,_,_]
[2,3,mikro,mikro,ign,_,_]
[3,4,;,;,ign,_,_]
[4,5,mikro,mikro,ign,_,_]
[0,1,  mikro  ,mikro,ign,_,_]
[0,1,	mikro	,mikro,ign,_,_]
[0,1,.,.,ign,_,_]
[1,2,euro,euro,ign,_,_]
[2,3,.,.,ign,_,_]
[0,1,(euro),(euro),ign,_,_]
[0,1,euro,euro,ign,_,_]
[1,2,.,.,ign,_,_]
[2,3,.,.,ign,_,_]
[3,4,.,.,ign,_,_]
[0,1,-euro-,-euro-,ign,_,_]
[0,1,euro,euro,ign,_,_]
[1,2,,,,,ign,_,_]
[2,3,euro,euro,ign,_,_]
[3,4,;,;,ign,_,_]
[4,5,euro,euro,ign,_,_]
[0,1,  euro  ,euro,ign,_,_]
[0,1,	euro	,euro,ign,_,_]
[0,1,.,.,ign,_,_]
[1,2,super,super,ign,_,_]
[2,3,.,.,ign,_,_]
[0,1,(super),(super),ign,_,_]
[0,1,super,super,ign,_,_]
[1,2,.,.,ign,_,_]
[2,3,.,.,ign,_,_]
[3,4,.,.,ign,_,_]
[0,1,-super-,-super-,ign,_,_]
[0,1,super,super,ign,_,_]
[1,2,,,,,ign,_,_]
[2,3,super,super,ign,_,_]
[3,4,;,;,ign,_,_]
[4,5,super,super,ign,_,_]
[0,1,  super  ,super,ign,_,_]
[0,1,	super	,super,ign,_,_]
[0,1,.,.,ign,_,_]
[0,1,.,.,ign,_,_]
[1,2,.,.,ign,_,_]
[0,1,.,.,ign,_,_]
[1,2,.,.,ign,_,_]
[2,3,.,.,ign,_,_]
[0,1,,,,,ign,_,_]
[0,1,;,;,ign,_,_]
[0,1,-,-,ign,_,_]
[0,1,--,--,ign,_,_]
[0,1,.,.,ign,_,_]
[1,2,,,,,ign,_,_]
[2,3,;,;,ign,_,_]
[0,1,?!,?!,ign,_,_]
[0,1,(),(),ign,_,_]
[]
[]
[]
[0,1,a,a,ign,_,_]
[1,2,.,.,ign,_,_]
[2,3,b,b,ign,_,_]
[3,4,.,.,ign,_,_]
[4,5,c,c,ign,_,_]
[5,6,.,.,ign,_,_]
[6,7,d,d,ign,_,_]
[0,1,1,1,ign,_,_]
[1,2,,,,,ign,_,_]
[2,3,2,2,ign,_,_]
[3,4,,,,,ign,_,_]
[4,5,3,3,ign,_,_]
[0,1,x-y-z,x-y-z,ign,_,_]
[0,1,co?,co?,ign,_,_]
[0,1,n,n,ign,_,_]
[1,2,.,.,ign,_,_]
[2,3,p,p,ign,_,_]
[3,4,.,.,ign,_,_]
[0,1,p,p,ign,_,_]
[1,2,.,.,ign,_,_]
[2,3,n,n,ign,_,_]
[3,4,.,.,ign,_,_]
[4,5,e,e,ign,_,_]
[5,6,.,.,ign,_,_]
[0,1,tzn,tzn,ign,_,_]
[1,2,.,.,ign,_,_]
[0,1,O,O,ign,_,_]
[1,2,.,.,ign,_,_]
[2,3,K,K,ign,_,_]
[3,4,.,.,ign,_,_]
[0,1,3,3,ign,_,_]
[1,2,.,.,ign,_,_]
[2,3,14,14,ign,_,_]
[0,1,1+1,1+1,ign,_,_]

