[0,1,kot,kot,subst:sg:nom:m1,_,samodzielnie|zzz
 0,1,kot,kot,subst:sg:nom:m2,imie,samodzielnie]
[1,2,eurokot,eurokot,subst:sg:nom:m1,nazwisko,euro]
[2,3,superkot,superkot,subst:sg:nom:m1,_,super|xxx|yyy]
[3,4,mikrokot,mikrokot,subst:sg:nom:m1,imie,mikro|zzz]
[4,5,kotkot,kotkot,ign,_,_]
[5,6,pies,pies,subst:sg:nom:m1,nazwisko,samodzielnie|yyy|zzz]
[6,7,europies,europies,subst:sg:acc:m3,_,aaa|euro|zzz]
[7,8,superpies,superpies,ign,_,_]
[8,9,mikropies,mikropies,ign,_,_]
[9,10,mikro,mikro,ign,_,_]
[10,11,MIKRO,MIKRO,ign,_,_]
[11,12,mikro,mikro,ign,_,_]
[12,13,Mikro,Mikro,ign,_,_]
[13,14,MIKRO,MIKRO,ign,_,_]
[14,15,euro,euro,ign,_,_]
[15,16,EURO,EURO,ign,_,_]
[16,17,euro,euro,ign,_,_]
[17,18,Euro,Euro,ign,_,_]
[18,19,EURO,EURO,ign,_,_]
[19,20,super,super,ign,_,_]
[20,21,SUPER,SUPER,ign,_,_]
[21,22,super,super,ign,_,_]
[22,23,Super,Super,ign,_,_]
[23,24,SUPER,SUPER,ign,_,_]
[24,25,kot,kot,subst:sg:nom:m1,_,samodzielnie|zzz
 24,25,kot,kot,subst:sg:nom:m2,imie,samodzielnie]
[25,26,KOT,kot,subst:sg:nom:m1,_,samodzielnie|zzz
 25,26,KOT,kot,subst:sg:nom:m2,imie,samodzielnie]
[26,27,kot,kot,subst:sg:nom:m1,_,samodzielnie|zzz
 26,27,kot,kot,subst:sg:nom:m2,imie,samodzielnie]
[27,28,Kot,kot,subst:sg:nom:m1,_,samodzielnie|zzz
 27,28,Kot,kot,subst:sg:nom:m2,imie,samodzielnie]
[28,29,KOT,kot,subst:sg:nom:m1,_,samodzielnie|zzz
 28,29,KOT,kot,subst:sg:nom:m2,imie,samodzielnie]
[29,30,pies,pies,subst:sg:nom:m1,nazwisko,samodzielnie|yyy|zzz]
[30,31,PIES,pies,subst:sg:nom:m1,nazwisko,samodzielnie|yyy|zzz]
[31,32,pies,pies,subst:sg:nom:m1,nazwisko,samodzielnie|yyy|zzz]
[32,33,Pies,pies,subst:sg:nom:m1,nazwisko,samodzielnie|yyy|zzz]
[33,34,PIES,pies,subst:sg:nom:m1,nazwisko,samodzielnie|yyy|zzz]
[34,35,mikro123,mikro123,ign,_,_]
[35,36,123mikro,123mikro,ign,_,_]
[36,37,mikrox,mikrox,ign,_,_]
[37,38,xmikro,xmikro,ign,_,_]
[38,39,mikromikro,mikromikro,ign,_,_]
[39,40,euro123,euro123,ign,_,_]
[40,41,123euro,123euro,ign,_,_]
[41,42,eurox,eurox,ign,_,_]
[42,43,xeuro,xeuro,ign,_,_]
[43,44,euroeuro,euroeuro,ign,_,_]
[44,45,super123,super123,ign,_,_]
[45,46,123super,123super,ign,_,_]
[46,47,superx,superx,ign,_,_]
[47,48,xsuper,xsuper,ign,_,_]
[48,49,supersuper,supersuper,ign,_,_]
[49,50,kot123,kot123,ign,_,_]
[50,51,123kot,123kot,ign,_,_]
[51,52,kotx,kotx,ign,_,_]
[52,53,xkot,xkot,ign,_,_]
[53,54,kotkot,kotkot,ign,_,_]
[54,55,mikro,mikro,ign,_,_]
[55,56,.,.,ign,_,_]
[56,57,mikro,mikro,ign,_,_]
[57,58,mikro,mikro,ign,_,_]
[58,59,,,,,ign,_,_]
[59,60,mikro,mikro,ign,_,_]
[60,61,mikro,mikro,ign,_,_]
[61,62,;,;,ign,_,_]
[62,63,mikro,mikro,ign,_,_]
[63,64,mikro-mikro,mikro-mikro,ign,_,_]
[64,65,mikro:mikro,mikro:mikro,ign,_,_]
[65,66,mikro?mikro,mikro?mikro,ign,_,_]
[66,67,mikro!mikro,mikro!mikro,ign,_,_]
[67,68,mikro/mikro,mikro/mikro,ign,_,_]
[68,69,mikro(mikro,mikro(mikro,ign,_,_]
[69,70,mikro)mikro,mikro)mikro,ign,_,_]
[70,71,mikro,mikro,ign,_,_]
[71,72,mikro,mikro,ign,_,_]
[72,73,mikro,mikro,ign,_,_]
[73,74,mikro,mikro,ign,_,_]
[74,75,mikro,mikro,ign,_,_]
[75,76,mikro,mikro,ign,_,_]
[76,77,mikro-mikro,mikro-mikro,ign,_,_]
[77,78,mikromikro,mikromikro,ign,_,_]
[78,79,mikro,mikro,ign,_,_]
[79,80,.,.,ign,_,_]
[80,81,euro,euro,ign,_,_]
[81,82,mikro,mikro,ign,_,_]
[82,83,,,,,ign,_,_]
[83,84,euro,euro,ign,_,_]
[84,85,mikro,mikro,ign,_,_]
[85,86,;,;,ign,_,_]
[86,87,euro,euro,ign,_,_]
[87,88,mikro-euro,mikro-euro,ign,_,_]
[88,89,mikro:euro,mikro:euro,ign,_,_]
[89,90,mikro?euro,mikro?euro,ign,_,_]
[90,91,mikro!euro,mikro!euro,ign,_,_]
[91,92,mikro/euro,mikro/euro,ign,_,_]
[92,93,mikro(euro,mikro(euro,ign,_,_]
[93,94,mikro)euro,mikro)euro,ign,_,_]
[94,95,mikro,mikro,ign,_,_]
[95,96,euro,euro,ign,_,_]
[96,97,mikro,mikro,ign,_,_]
[97,98,euro,euro,ign,_,_]
[98,99,mikro,mikro,ign,_,_]
[99,100,euro,euro,ign,_,_]
[100,101,mikro-euro,mikro-euro,ign,_,_]
[101,102,mikroeuro,mikroeuro,ign,_,_]
[102,103,mikro,mikro,ign,_,_]
[103,104,.,.,ign,_,_]
[104,105,super,super,ign,_,_]
[105,106,mikro,mikro,ign,_,_]
[106,107,,,,,ign,_,_]
[107,108,super,super,ign,_,_]
[108,109,mikro,mikro,ign,_,_]
[109,110,;,;,ign,_,_]
[110,111,super,super,ign,_,_]
[111,112,mikro-super,mikro-super,ign,_,_]
[112,113,mikro:super,mikro:super,ign,_,_]
[113,114,mikro?super,mikro?super,ign,_,_]
[114,115,mikro!super,mikro!super,ign,_,_]
[115,116,mikro/super,mikro/super,ign,_,_]
[116,117,mikro(super,mikro(super,ign,_,_]
[117,118,mikro)super,mikro)super,ign,_,_]
[118,119,mikro,mikro,ign,_,_]
[119,120,super,super,ign,_,_]
[120,121,mikro,mikro,ign,_,_]
[121,122,super,super,ign,_,_]
[122,123,mikro,mikro,ign,_,_]
[123,124,super,super,ign,_,_]
[124,125,mikro-super,mikro-super,ign,_,_]
[125,126,mikrosuper,mikrosuper,ign,_,_]
[126,127,mikro,mikro,ign,_,_]
[127,128,.,.,ign,_,_]
[128,129,kot,kot,subst:sg:nom:m1,_,samodzielnie|zzz
 128,129,kot,kot,subst:sg:nom:m2,imie,samodzielnie]
[129,130,mikro,mikro,ign,_,_]
[130,131,,,,,ign,_,_]
[131,132,kot,kot,subst:sg:nom:m1,_,samodzielnie|zzz
 131,132,kot,kot,subst:sg:nom:m2,imie,samodzielnie]
[132,133,mikro,mikro,ign,_,_]
[133,134,;,;,ign,_,_]
[134,135,kot,kot,subst:sg:nom:m1,_,samodzielnie|zzz
 134,135,kot,kot,subst:sg:nom:m2,imie,samodzielnie]
[135,136,mikro-kot,mikro-kot,ign,_,_]
[136,137,mikro:kot,mikro:kot,ign,_,_]
[137,138,mikro?kot,mikro?kot,ign,_,_]
[138,139,mikro!kot,mikro!kot,ign,_,_]
[139,140,mikro/kot,mikro/kot,ign,_,_]
[140,141,mikro(kot,mikro(kot,ign,_,_]
[141,142,mikro)kot,mikro)kot,ign,_,_]
[142,143,mikro,mikro,ign,_,_]
[143,144,kot,kot,subst:sg:nom:m1,_,samodzielnie|zzz
 143,144,kot,kot,subst:sg:nom:m2,imie,samodzielnie]
[144,145,mikro,mikro,ign,_,_]
[145,146,kot,kot,subst:sg:nom:m1,_,samodzielnie|zzz
 145,146,kot,kot,subst:sg:nom:m2,imie,samodzielnie]
[146,147,mikro,mikro,ign,_,_]
[147,148,kot,kot,subst:sg:nom:m1,_,samodzielnie|zzz
 147,148,kot,kot,subst:sg:nom:m2,imie,samodzielnie]
[148,149,mikro-kot,mikro-kot,ign,_,_]
[149,150,mikrokot,mikrokot,subst:sg:nom:m1,imie,mikro|zzz]
[150,151,mikro,mikro,ign,_,_]
[151,152,.,.,ign,_,_]
[152,153,pies,pies,subst:sg:nom:m1,nazwisko,samodzielnie|yyy|zzz]
[153,154,mikro,mikro,ign,_,_]
[154,155,,,,,ign,_,_]
[155,156,pies,pies,subst:sg:nom:m1,nazwisko,samodzielnie|yyy|zzz]
[156,157,mikro,mikro,ign,_,_]
[157,158,;,;,ign,_,_]
[158,159,pies,pies,subst:sg:nom:m1,nazwisko,samodzielnie|yyy|zzz]
[159,160,mikro-pies,mikro-pies,ign,_,_]
[160,161,mikro:pies,mikro:pies,ign,_,_]
[161,162,mikro?pies,mikro?pies,ign,_,_]
[162,163,mikro!pies,mikro!pies,ign,_,_]
[163,164,mikro/pies,mikro/pies,ign,_,_]
[164,165,mikro(pies,mikro(pies,ign,_,_]
[165,166,mikro)pies,mikro)pies,ign,_,_]
[166,167,mikro,mikro,ign,_,_]
[167,168,pies,pies,subst:sg:nom:m1,nazwisko,samodzielnie|yyy|zzz]
[168,169,mikro,mikro,ign,_,_]
[169,170,pies,pies,subst:sg:nom:m1,nazwisko,samodzielnie|yyy|zzz]
[170,171,mikro,mikro,ign,_,_]
[171,172,pies,pies,subst:sg:nom:m1,nazwisko,samodzielnie|yyy|zzz]
[172,173,mikro-pies,mikro-pies,ign,_,_]
[173,174,mikropies,mikropies,ign,_,_]
[174,175,mikro,mikro,ign,_,_]
[175,176,.,.,ign,_,_]
[176,177,xyzzy,xyzzy,ign,_,_]
[177,178,mikro,mikro,ign,_,_]
[178,179,,,,,ign,_,_]
[179,180,xyzzy,xyzzy,ign,_,_]
[180,181,mikro,mikro,ign,_,_]
[181,182,;,;,ign,_,_]
[182,183,xyzzy,xyzzy,ign,_,_]
[183,184,mikro-xyzzy,mikro-xyzzy,ign,_,_]
[184,185,mikro:xyzzy,mikro:xyzzy,ign,_,_]
[185,186,mikro?xyzzy,mikro?xyzzy,ign,_,_]
[186,187,mikro!xyzzy,mikro!xyzzy,ign,_,_]
[187,188,mikro/xyzzy,mikro/xyzzy,ign,_,_]
[188,189,mikro(xyzzy,mikro(xyzzy,ign,_,_]
[189,190,mikro)xyzzy,mikro)xyzzy,ign,_,_]
[190,191,mikro,mikro,ign,_,_]
[191,192,xyzzy,xyzzy,ign,_,_]
[192,193,mikro,mikro,ign,_,_]
[193,194,xyzzy,xyzzy,ign,_,_]
[194,195,mikro,mikro,ign,_,_]
[195,196,xyzzy,xyzzy,ign,_,_]
[196,197,mikro-xyzzy,mikro-xyzzy,ign,_,_]
[197,198,mikroxyzzy,mikroxyzzy,ign,_,_]
[198,199,mikro,mikro,ign,_,_]
[199,200,.,.,ign,_,_]
[200,201,Qmpx,Qmpx,ign,_,_]
[201,202,mikro,mikro,ign,_,_]
[202,203,,,,,ign,_,_]
[203,204,Qmpx,Qmpx,ign,_,_]
[204,205,mikro,mikro,ign,_,_]
[205,206,;,;,ign,_,_]
[206,207,Qmpx,Qmpx,ign,_,_]
[207,208,mikro-Qmpx,mikro-Qmpx,ign,_,_]
[208,209,mikro:Qmpx,mikro:Qmpx,ign,_,_]
[209,210,mikro?Qmpx,mikro?Qmpx,ign,_,_]
[210,211,mikro!Qmpx,mikro!Qmpx,ign,_,_]
[211,212,mikro/Qmpx,mikro/Qmpx,ign,_,_]
[212,213,mikro(Qmpx,mikro(Qmpx,ign,_,_]
[213,214,mikro)Qmpx,mikro)Qmpx,ign,_,_]
[214,215,mikro,mikro,ign,_,_]
[215,216,Qmpx,Qmpx,ign,_,_]
[216,217,mikro,mikro,ign,_,_]
[217,218,Qmpx,Qmpx,ign,_,_]
[218,219,mikro,mikro,ign,_,_]
[219,220,Qmpx,Qmpx,ign,_,_]
[220,221,mikro-Qmpx,mikro-Qmpx,ign,_,_]
[221,222,mikroQmpx,mikroQmpx,ign,_,_]
[222,223,mikro,mikro,ign,_,_]
[223,224,.,.,ign,_,_]
[224,225,123,123,ign,_,_]
[225,226,mikro,mikro,ign,_,_]
[226,227,,,,,ign,_,_]
[227,228,123,123,ign,_,_]
[228,229,mikro,mikro,ign,_,_]
[229,230,;,;,ign,_,_]
[230,231,123,123,ign,_,_]
[231,232,mikro-123,mikro-123,ign,_,_]
[232,233,mikro:123,mikro:123,ign,_,_]
[233,234,mikro?123,mikro?123,ign,_,_]
[234,235,mikro!123,mikro!123,ign,_,_]
[235,236,mikro/123,mikro/123,ign,_,_]
[236,237,mikro(123,mikro(123,ign,_,_]
[237,238,mikro)123,mikro)123,ign,_,_]
[238,239,mikro,mikro,ign,_,_]
[239,240,123,123,ign,_,_]
[240,241,mikro,mikro,ign,_,_]
[241,242,123,123,ign,_,_]
[242,243,mikro,mikro,ign,_,_]
[243,244,123,123,ign,_,_]
[244,245,mikro-123,mikro-123,ign,_,_]
[245,246,mikro123,mikro123,ign,_,_]
[246,247,mikro,mikro,ign,_,_]
[247,248,.,.,ign,_,_]
[248,249,VII,VII,ign,_,_]
[249,250,mikro,mikro,ign,_,_]
[250,251,,,,,ign,_,_]
[251,252,VII,VII,ign,_,_]
[252,253,mikro,mikro,ign,_,_]
[253,254,;,;,ign,_,_]
[254,255,VII,VII,ign,_,_]
[255,256,mikro-VII,mikro-VII,ign,_,_]
[256,257,mikro:VII,mikro:VII,ign,_,_]
[257,258,mikro?VII,mikro?VII,ign,_,_]
[258,259,mikro!VII,mikro!VII,ign,_,_]
[259,260,mikro/VII,mikro/VII,ign,_,_]
[260,261,mikro(VII,mikro(VII,ign,_,_]
[261,262,mikro)VII,mikro)VII,ign,_,_]
[262,263,mikro,mikro,ign,_,_]
[263,264,VII,VII,ign,_,_]
[264,265,mikro,mikro,ign,_,_]
[265,266,VII,VII,ign,_,_]
[266,267,mikro,mikro,ign,_,_]
[267,268,VII,VII,ign,_,_]
[268,269,mikro-VII,mikro-VII,ign,_,_]
[269,270,mikroVII,mikroVII,ign,_,_]
[270,271,euro,euro,ign,_,_]
[271,272,.,.,ign,_,_]
[272,273,euro,euro,ign,_,_]
[273,274,euro,euro,ign,_,_]
[274,275,,,,,ign,_,_]
[275,276,euro,euro,ign,_,_]
[276,277,euro,euro,ign,_,_]
[277,278,;,;,ign,_,_]
[278,279,euro,euro,ign,_,_]
[279,280,euro-euro,euro-euro,ign,_,_]
[280,281,euro:euro,euro:euro,ign,_,_]
[281,282,euro?euro,euro?euro,ign,_,_]
[282,283,euro!euro,euro!euro,ign,_,_]
[283,284,euro/euro,euro/euro,ign,_,_]
[284,285,euro(euro,euro(euro,ign,_,_]
[285,286,euro)euro,euro)euro,ign,_,_]
[286,287,euro,euro,ign,_,_]
[287,288,euro,euro,ign,_,_]
[288,289,euro,euro,ign,_,_]
[289,290,euro,euro,ign,_,_]
[290,291,euro,euro,ign,_,_]
[291,292,euro,euro,ign,_,_]
[292,293,euro-euro,euro-euro,ign,_,_]
[293,294,euroeuro,euroeuro,ign,_,_]
[294,295,euro,euro,ign,_,_]
[295,296,.,.,ign,_,_]
[296,297,super,super,ign,_,_]
[297,298,euro,euro,ign,_,_]
[298,299,,,,,ign,_,_]
[299,300,super,super,ign,_,_]
[300,301,euro,euro,ign,_,_]
[301,302,;,;,ign,_,_]
[302,303,super,super,ign,_,_]
[303,304,euro-super,euro-super,ign,_,_]
[304,305,euro:super,euro:super,ign,_,_]
[305,306,euro?super,euro?super,ign,_,_]
[306,307,euro!super,euro!super,ign,_,_]
[307,308,euro/super,euro/super,ign,_,_]
[308,309,euro(super,euro(super,ign,_,_]
[309,310,euro)super,euro)super,ign,_,_]
[310,311,euro,euro,ign,_,_]
[311,312,super,super,ign,_,_]
[312,313,euro,euro,ign,_,_]
[313,314,super,super,ign,_,_]
[314,315,euro,euro,ign,_,_]
[315,316,super,super,ign,_,_]
[316,317,euro-super,euro-super,ign,_,_]
[317,318,eurosuper,eurosuper,ign,_,_]
[318,319,euro,euro,ign,_,_]
[319,320,.,.,ign,_,_]
[320,321,kot,kot,subst:sg:nom:m1,_,samodzielnie|zzz
 320,321,kot,kot,subst:sg:nom:m2,imie,samodzielnie]
[321,322,euro,euro,ign,_,_]
[322,323,,,,,ign,_,_]
[323,324,kot,kot,subst:sg:nom:m1,_,samodzielnie|zzz
 323,324,kot,kot,subst:sg:nom:m2,imie,samodzielnie]
[324,325,euro,euro,ign,_,_]
[325,326,;,;,ign,_,_]
[326,327,kot,kot,subst:sg:nom:m1,_,samodzielnie|zzz
 326,327,kot,kot,subst:sg:nom:m2,imie,samodzielnie]
[327,328,euro-kot,euro-kot,ign,_,_]
[328,329,euro:kot,euro:kot,ign,_,_]
[329,330,euro?kot,euro?kot,ign,_,_]
[330,331,euro!kot,euro!kot,ign,_,_]
[331,332,euro/kot,euro/kot,ign,_,_]
[332,333,euro(kot,euro(kot,ign,_,_]
[333,334,euro)kot,euro)kot,ign,_,_]
[334,335,euro,euro,ign,_,_]
[335,336,kot,kot,subst:sg:nom:m1,_,samodzielnie|zzz
 335,336,kot,kot,subst:sg:nom:m2,imie,samodzielnie]
[336,337,euro,euro,ign,_,_]
[337,338,kot,kot,subst:sg:nom:m1,_,samodzielnie|zzz
 337,338,kot,kot,subst:sg:nom:m2,imie,samodzielnie]
[338,339,euro,euro,ign,_,_]
[339,340,kot,kot,subst:sg:nom:m1,_,samodzielnie|zzz
 339,340,kot,kot,subst:sg:nom:m2,imie,samodzielnie]
[340,341,euro-kot,euro-kot,ign,_,_]
[341,342,eurokot,eurokot,subst:sg:nom:m1,nazwisko,euro]
[342,343,euro,euro,ign,_,_]
[343,344,.,.,ign,_,_]
[344,345,pies,pies,subst:sg:nom:m1,nazwisko,samodzielnie|yyy|zzz]
[345,346,euro,euro,ign,_,_]
[346,347,,,,,ign,_,_]
[347,348,pies,pies,subst:sg:nom:m1,nazwisko,samodzielnie|yyy|zzz]
[348,349,euro,euro,ign,_,_]
[349,350,;,;,ign,_,_]
[350,351,pies,pies,subst:sg:nom:m1,nazwisko,samodzielnie|yyy|zzz]
[351,352,euro-pies,euro-pies,ign,_,_]
[352,353,euro:pies,euro:pies,ign,_,_]
[353,354,euro?pies,euro?pies,ign,_,_]
[354,355,euro!pies,euro!pies,ign,_,_]
[355,356,euro/pies,euro/pies,ign,_,_]
[356,357,euro(pies,euro(pies,ign,_,_]
[357,358,euro)pies,euro)pies,ign,_,_]
[358,359,euro,euro,ign,_,_]
[359,360,pies,pies,subst:sg:nom:m1,nazwisko,samodzielnie|yyy|zzz]
[360,361,euro,euro,ign,_,_]
[361,362,pies,pies,subst:sg:nom:m1,nazwisko,samodzielnie|yyy|zzz]
[362,363,euro,euro,ign,_,_]
[363,364,pies,pies,subst:sg:nom:m1,nazwisko,samodzielnie|yyy|zzz]
[364,365,euro-pies,euro-pies,ign,_,_]
[365,366,europies,europies,subst:sg:acc:m3,_,aaa|euro|zzz]
[366,367,euro,euro,ign,_,_]
[367,368,.,.,ign,_,_]
[368,369,xyzzy,xyzzy,ign,_,_]
[369,370,euro,euro,ign,_,_]
[370,371,,,,,ign,_,_]
[371,372,xyzzy,xyzzy,ign,_,_]
[372,373,euro,euro,ign,_,_]
[373,374,;,;,ign,_,_]
[374,375,xyzzy,xyzzy,ign,_,_]
[375,376,euro-xyzzy,euro-xyzzy,ign,_,_]
[376,377,euro:xyzzy,euro:xyzzy,ign,_,_]
[377,378,euro?xyzzy,euro?xyzzy,ign,_,_]
[378,379,euro!xyzzy,euro!xyzzy,ign,_,_]
[379,380,euro/xyzzy,euro/xyzzy,ign,_,_]
[380,381,euro(xyzzy,euro(xyzzy,ign,_,_]
[381,382,euro)xyzzy,euro)xyzzy,ign,_,_]
[382,383,euro,euro,ign,_,_]
[383,384,xyzzy,xyzzy,ign,_,_]
[384,385,euro,euro,ign,_,_]
[385,386,xyzzy,xyzzy,ign,_,_]
[386,387,euro,euro,ign,_,_]
[387,388,xyzzy,xyzzy,ign,_,_]
[388,389,euro-xyzzy,euro-xyzzy,ign,_,_]
[389,390,euroxyzzy,euroxyzzy,ign,_,_]
[390,391,euro,euro,ign,_,_]
[391,392,.,.,ign,_,_]
[392,393,Qmpx,Qmpx,ign,_,_]
[393,394,euro,euro,ign,_,_]
[394,395,,,,,ign,_,_]
[395,396,Qmpx,Qmpx,ign,_,_]
[396,397,euro,euro,ign,_,_]
[397,398,;,;,ign,_,_]
[398,399,Qmpx,Qmpx,ign,_,_]
[399,400,euro-Qmpx,euro-Qmpx,ign,_,_]
[400,401,euro:Qmpx,euro:Qmpx,ign,_,_]
[401,402,euro?Qmpx,euro?Qmpx,ign,_,_]
[402,403,euro!Qmpx,euro!Qmpx,ign,_,_]
[403,404,euro/Qmpx,euro/Qmpx,ign,_,_]
[404,405,euro(Qmpx,euro(Qmpx,ign,_,_]
[405,406,euro)Qmpx,euro)Qmpx,ign,_,_]
[406,407,euro,euro,ign,_,_]
[407,408,Qmpx,Qmpx,ign,_,_]
[408,409,euro,euro,ign,_,_]
[409,410,Qmpx,Qmpx,ign,_,_]
[410,411,euro,euro,ign,_,_]
[411,412,Qmpx,Qmpx,ign,_,_]
[412,413,euro-Qmpx,euro-Qmpx,ign,_,_]
[413,414,euroQmpx,euroQmpx,ign,_,_]
[414,415,euro,euro,ign,_,_]
[415,416,.,.,ign,_,_]
[416,417,123,123,ign,_,_]
[417,418,euro,euro,ign,_,_]
[418,419,,,,,ign,_,_]
[419,420,123,123,ign,_,_]
[420,421,euro,euro,ign,_,_]
[421,422,;,;,ign,_,_]
[422,423,123,123,ign,_,_]
[423,424,euro-123,euro-123,ign,_,_]
[424,425,euro:123,euro:123,ign,_,_]
[425,426,euro?123,euro?123,ign,_,_]
[426,427,euro!123,euro!123,ign,_,_]
[427,428,euro/123,euro/123,ign,_,_]
[428,429,euro(123,euro(123,ign,_,_]
[429,430,euro)123,euro)123,ign,_,_]
[430,431,euro,euro,ign,_,_]
[431,432,123,123,ign,_,_]
[432,433,euro,euro,ign,_,_]
[433,434,123,123,ign,_,_]
[434,435,euro,euro,ign,_,_]
[435,436,123,123,ign,_,_]
[436,437,euro-123,euro-123,ign,_,_]
[437,438,euro123,euro123,ign,_,_]
[438,439,euro,euro,ign,_,_]
[439,440,.,.,ign,_,_]
[440,441,VII,VII,ign,_,_]
[441,442,euro,euro,ign,_,_]
[442,443,,,,,ign,_,_]
[443,444,VII,VII,ign,_,_]
[444,445,euro,euro,ign,_,_]
[445,446,;,;,ign,_,_]
[446,447,VII,VII,ign,_,_]
[447,448,euro-VII,euro-VII,ign,_,_]
[448,449,euro:VII,euro:VII,ign,_,_]
[449,450,euro?VII,euro?VII,ign,_,_]
[450,451,euro!VII,euro!VII,ign,_,_]
[451,452,euro/VII,euro/VII,ign,_,_]
[452,453,euro(VII,euro(VII,ign,_,_]
[453,454,euro)VII,euro)VII,ign,_,_]
[454,455,euro,euro,ign,_,_]
[455,456,VII,VII,ign,_,_]
[456,457,euro,euro,ign,_,_]
[457,458,VII,VII,ign,_,_]
[458,459,euro,euro,ign,_,_]
[459,460,VII,VII,ign,_,_]
[460,461,euro-VII,euro-VII,ign,_,_]
[461,462,euroVII,euroVII,ign,_,_]
[462,463,super,super,ign,_,_]
[463,464,.,.,ign,_,_]
[464,465,super,super,ign,_,_]
[465,466,super,super,ign,_,_]
[466,467,,,,,ign,_,_]
[467,468,super,super,ign,_,_]
[468,469,super,super,ign,_,_]
[469,470,;,;,ign,_,_]
[470,471,super,super,ign,_,_]
[471,472,super-super,super-super,ign,_,_]
[472,473,super:super,super:super,ign,_,_]
[473,474,super?super,super?super,ign,_,_]
[474,475,super!super,super!super,ign,_,_]
[475,476,super/super,super/super,ign,_,_]
[476,477,super(super,super(super,ign,_,_]
[477,478,super)super,super)super,ign,_,_]
[478,479,super,super,ign,_,_]
[479,480,super,super,ign,_,_]
[480,481,super,super,ign,_,_]
[481,482,super,super,ign,_,_]
[482,483,super,super,ign,_,_]
[483,484,super,super,ign,_,_]
[484,485,super-super,super-super,ign,_,_]
[485,486,supersuper,supersuper,ign,_,_]
[486,487,super,super,ign,_,_]
[487,488,.,.,ign,_,_]
[488,489,kot,kot,subst:sg:nom:m1,_,samodzielnie|zzz
 488,489,kot,kot,subst:sg:nom:m2,imie,samodzielnie]
[489,490,super,super,ign,_,_]
[490,491,,,,,ign,_,_]
[491,492,kot,kot,subst:sg:nom:m1,_,samodzielnie|zzz
 491,492,kot,kot,subst:sg:nom:m2,imie,samodzielnie]
[492,493,super,super,ign,_,_]
[493,494,;,;,ign,_,_]
[494,495,kot,kot,subst:sg:nom:m1,_,samodzielnie|zzz
 494,495,kot,kot,subst:sg:nom:m2,imie,samodzielnie]
[495,496,super-kot,super-kot,ign,_,_]
[496,497,super:kot,super:kot,ign,_,_]
[497,498,super?kot,super?kot,ign,_,_]
[498,499,super!kot,super!kot,ign,_,_]
[499,500,super/kot,super/kot,ign,_,_]
[500,501,super(kot,super(kot,ign,_,_]
[501,502,super)kot,super)kot,ign,_,_]
[502,503,super,super,ign,_,_]
[503,504,kot,kot,subst:sg:nom:m1,_,samodzielnie|zzz
 503,504,kot,kot,subst:sg:nom:m2,imie,samodzielnie]
[504,505,super,super,ign,_,_]
[505,506,kot,kot,subst:sg:nom:m1,_,samodzielnie|zzz
 505,506,kot,kot,subst:sg:nom:m2,imie,samodzielnie]
[506,507,super,super,ign,_,_]
[507,508,kot,kot,subst:sg:nom:m1,_,samodzielnie|zzz
 507,508,kot,kot,subst:sg:nom:m2,imie,samodzielnie]
[508,509,super-kot,super-kot,ign,_,_]
[509,510,superkot,superkot,subst:sg:nom:m1,_,super|xxx|yyy]
[510,511,super,super,ign,_,_]
[511,512,.,.,ign,_,_]
[512,513,pies,pies,subst:sg:nom:m1,nazwisko,samodzielnie|yyy|zzz]
[513,514,super,super,ign,_,_]
[514,515,,,,,ign,_,_]
[515,516,pies,pies,subst:sg:nom:m1,nazwisko,samodzielnie|yyy|zzz]
[516,517,super,super,ign,_,_]
[517,518,;,;,ign,_,_]
[518,519,pies,pies,subst:sg:nom:m1,nazwisko,samodzielnie|yyy|zzz]
[519,520,super-pies,super-pies,ign,_,_]
[520,521,super:pies,super:pies,ign,_,_]
[521,522,super?pies,super?pies,ign,_,_]
[522,523,super!pies,super!pies,ign,_,_]
[523,524,super/pies,super/pies,ign,_,_]
[524,525,super(pies,super(pies,ign,_,_]
[525,526,super)pies,super)pies,ign,_,_]
[526,527,super,super,ign,_,_]
[527,528,pies,pies,subst:sg:nom:m1,nazwisko,samodzielnie|yyy|zzz]
[528,529,super,super,ign,_,_]
[529,530,pies,pies,subst:sg:nom:m1,nazwisko,samodzielnie|yyy|zzz]
[530,531,super,super,ign,_,_]
[531,532,pies,pies,subst:sg:nom:m1,nazwisko,samodzielnie|yyy|zzz]
[532,533,super-pies,super-pies,ign,_,_]
[533,534,superpies,superpies,ign,_,_]
[534,535,super,super,ign,_,_]
[535,536,.,.,ign,_,_]
[536,537,xyzzy,xyzzy,ign,_,_]
[537,538,super,super,ign,_,_]
[538,539,,,,,ign,_,_]
[539,540,xyzzy,xyzzy,ign,_,_]
[540,541,super,super,ign,_,_]
[541,542,;,;,ign,_,_]
[542,543,xyzzy,xyzzy,ign,_,_]
[543,544,super-xyzzy,super-xyzzy,ign,_,_]
[544,545,super:xyzzy,super:xyzzy,ign,_,_]
[545,546,super?xyzzy,super?xyzzy,ign,_,_]
[546,547,super!xyzzy,super!xyzzy,ign,_,_]
[547,548,super/xyzzy,super/xyzzy,ign,_,_]
[548,549,super(xyzzy,super(xyzzy,ign,_,_]
[549,550,super)xyzzy,super)xyzzy,ign,_,_]
[550,551,super,super,ign,_,_]
[551,552,xyzzy,xyzzy,ign,_,_]
[552,553,super,super,ign,_,_]
[553,554,xyzzy,xyzzy,ign,_,_]
[554,555,super,super,ign,_,_]
[555,556,xyzzy,xyzzy,ign,_,_]
[556,557,super-xyzzy,super-xyzzy,ign,_,_]
[557,558,superxyzzy,superxyzzy,ign,_,_]
[558,559,super,super,ign,_,_]
[559,560,.,.,ign,_,_]
[560,561,Qmpx,Qmpx,ign,_,_]
[561,562,super,super,ign,_,_]
[562,563,,,,,ign,_,_]
[563,564,Qmpx,Qmpx,ign,_,_]
[564,565,super,super,ign,_,_]
[565,566,;,;,ign,_,_]
[566,567,Qmpx,Qmpx,ign,_,_]
[567,568,super-Qmpx,super-Qmpx,ign,_,_]
[568,569,super:Qmpx,super:Qmpx,ign,_,_]
[569,570,super?Qmpx,super?Qmpx,ign,_,_]
[570,571,super!Qmpx,super!Qmpx,ign,_,_]
[571,572,super/Qmpx,super/Qmpx,ign,_,_]
[572,573,super(Qmpx,super(Qmpx,ign,_,_]
[573,574,super)Qmpx,super)Qmpx,ign,_,_]
[574,575,super,super,ign,_,_]
[575,576,Qmpx,Qmpx,ign,_,_]
[576,577,super,super,ign,_,_]
[577,578,Qmpx,Qmpx,ign,_,_]
[578,579,super,super,ign,_,_]
[579,580,Qmpx,Qmpx,ign,_,_]
[580,581,super-Qmpx,super-Qmpx,ign,_,_]
[581,582,superQmpx,superQmpx,ign,_,_]
[582,583,super,super,ign,_,_]
[583,584,.,.,ign,_,_]
[584,585,123,123,ign,_,_]
[585,586,super,super,ign,_,_]
[586,587,,,,,ign,_,_]
[587,588,123,123,ign,_,_]
[588,589,super,super,ign,_,_]
[589,590,;,;,ign,_,_]
[590,591,123,123,ign,_,_]
[591,592,super-123,super-123,ign,_,_]
[592,593,super:123,super:123,ign,_,_]
[593,594,super?123,super?123,ign,_,_]
[594,595,super!123,super!123,ign,_,_]
[595,596,super/123,super/123,ign,_,_]
[596,597,super(123,super(123,ign,_,_]
[597,598,super)123,super)123,ign,_,_]
[598,599,super,super,ign,_,_]
[599,600,123,123,ign,_,_]
[600,601,super,super,ign,_,_]
[601,602,123,123,ign,_,_]
[602,603,super,super,ign,_,_]
[603,604,123,123,ign,_,_]
[604,605,super-123,super-123,ign,_,_]
[605,606,super123,super123,ign,_,_]
[606,607,super,super,ign,_,_]
[607,608,.,.,ign,_,_]
[608,609,VII,VII,ign,_,_]
[609,610,super,super,ign,_,_]
[610,611,,,,,ign,_,_]
[611,612,VII,VII,ign,_,_]
[612,613,super,super,ign,_,_]
[613,614,;,;,ign,_,_]
[614,615,VII,VII,ign,_,_]
[615,616,super-VII,super-VII,ign,_,_]
[616,617,super:VII,super:VII,ign,_,_]
[617,618,super?VII,super?VII,ign,_,_]
[618,619,super!VII,super!VII,ign,_,_]
[619,620,super/VII,super/VII,ign,_,_]
[620,621,super(VII,super(VII,ign,_,_]
[621,622,super)VII,super)VII,ign,_,_]
[622,623,super,super,ign,_,_]
[623,624,VII,VII,ign,_,_]
[624,625,super,super,ign,_,_]
[625,626,VII,VII,ign,_,_]
[626,627,super,super,ign,_,_]
[627,628,VII,VII,ign,_,_]
[628,629,super-VII,super-VII,ign,_,_]
[629,630,superVII,superVII,ign,_,_]
[630,631,kot,kot,subst:sg:nom:m1,_,samodzielnie|zzz
 630,631,kot,kot,subst:sg:nom:m2,imie,samodzielnie]
[631,632,.,.,ign,_,_]
[632,633,kot,kot,subst:sg:nom:m1,_,samodzielnie|zzz
 632,633,kot,kot,subst:sg:nom:m2,imie,samodzielnie]
[633,634,kot,kot,subst:sg:nom:m1,_,samodzielnie|zzz
 633,634,kot,kot,subst:sg:nom:m2,imie,samodzielnie]
[634,635,,,,,ign,_,_]
[635,636,kot,kot,subst:sg:nom:m1,_,samodzielnie|zzz
 635,636,kot,kot,subst:sg:nom:m2,imie,samodzielnie]
[636,637,kot,kot,subst:sg:nom:m1,_,samodzielnie|zzz
 636,637,kot,kot,subst:sg:nom:m2,imie,samodzielnie]
[637,638,;,;,ign,_,_]
[638,639,kot,kot,subst:sg:nom:m1,_,samodzielnie|zzz
 638,639,kot,kot,subst:sg:nom:m2,imie,samodzielnie]
[639,640,kot-kot,kot-kot,ign,_,_]
[640,641,kot:kot,kot:kot,ign,_,_]
[641,642,kot?kot,kot?kot,ign,_,_]
[642,643,kot!kot,kot!kot,ign,_,_]
[643,644,kot/kot,kot/kot,ign,_,_]
[644,645,kot(kot,kot(kot,ign,_,_]
[645,646,kot)kot,kot)kot,ign,_,_]
[646,647,kot,kot,subst:sg:nom:m1,_,samodzielnie|zzz
 646,647,kot,kot,subst:sg:nom:m2,imie,samodzielnie]
[647,648,kot,kot,subst:sg:nom:m1,_,samodzielnie|zzz
 647,648,kot,kot,subst:sg:nom:m2,imie,samodzielnie]
[648,649,kot,kot,subst:sg:nom:m1,_,samodzielnie|zzz
 648,649,kot,kot,subst:sg:nom:m2,imie,samodzielnie]
[649,650,kot,kot,subst:sg:nom:m1,_,samodzielnie|zzz
 649,650,kot,kot,subst:sg:nom:m2,imie,samodzielnie]
[650,651,kot,kot,subst:sg:nom:m1,_,samodzielnie|zzz
 650,651,kot,kot,subst:sg:nom:m2,imie,samodzielnie]
[651,652,kot,kot,subst:sg:nom:m1,_,samodzielnie|zzz
 651,652,kot,kot,subst:sg:nom:m2,imie,samodzielnie]
[652,653,kot-kot,kot-kot,ign,_,_]
[653,654,kotkot,kotkot,ign,_,_]
[654,655,kot,kot,subst:sg:nom:m1,_,samodzielnie|zzz
 654,655,kot,kot,subst:sg:nom:m2,imie,samodzielnie]
[655,656,.,.,ign,_,_]
[656,657,pies,pies,subst:sg:nom:m1,nazwisko,samodzielnie|yyy|zzz]
[657,658,kot,kot,subst:sg:nom:m1,_,samodzielnie|zzz
 657,658,kot,kot,subst:sg:nom:m2,imie,samodzielnie]
[658,659,,,,,ign,_,_]
[659,660,pies,pies,subst:sg:nom:m1,nazwisko,samodzielnie|yyy|zzz]
[660,661,kot,kot,subst:sg:nom:m1,_,samodzielnie|zzz
 660,661,kot,kot,subst:sg:nom:m2,imie,samodzielnie]
[661,662,;,;,ign,_,_]
[662,663,pies,pies,subst:sg:nom:m1,nazwisko,samodzielnie|yyy|zzz]
[663,664,kot-pies,kot-pies,ign,_,_]
[664,665,kot:pies,kot:pies,ign,_,_]
[665,666,kot?pies,kot?pies,ign,_,_]
[666,667,kot!pies,kot!pies,ign,_,_]
[667,668,kot/pies,kot/pies,ign,_,_]
[668,669,kot(pies,kot(pies,ign,_,_]
[669,670,kot)pies,kot)pies,ign,_,_]
[670,671,kot,kot,subst:sg:nom:m1,_,samodzielnie|zzz
 670,671,kot,kot,subst:sg:nom:m2,imie,samodzielnie]
[671,672,pies,pies,subst:sg:nom:m1,nazwisko,samodzielnie|yyy|zzz]
[672,673,kot,kot,subst:sg:nom:m1,_,samodzielnie|zzz
 672,673,kot,kot,subst:sg:nom:m2,imie,samodzielnie]
[673,674,pies,pies,subst:sg:nom:m1,nazwisko,samodzielnie|yyy|zzz]
[674,675,kot,kot,subst:sg:nom:m1,_,samodzielnie|zzz
 674,675,kot,kot,subst:sg:nom:m2,imie,samodzielnie]
[675,676,pies,pies,subst:sg:nom:m1,nazwisko,samodzielnie|yyy|zzz]
[676,677,kot-pies,kot-pies,ign,_,_]
[677,678,kotpies,kotpies,ign,_,_]
[678,679,kot,kot,subst:sg:nom:m1,_,samodzielnie|zzz
 678,679,kot,kot,subst:sg:nom:m2,imie,samodzielnie]
[679,680,.,.,ign,_,_]
[680,681,xyzzy,xyzzy,ign,_,_]
[681,682,kot,kot,subst:sg:nom:m1,_,samodzielnie|zzz
 681,682,kot,kot,subst:sg:nom:m2,imie,samodzielnie]
[682,683,,,,,ign,_,_]
[683,684,xyzzy,xyzzy,ign,_,_]
[684,685,kot,kot,subst:sg:nom:m1,_,samodzielnie|zzz
 684,685,kot,kot,subst:sg:nom:m2,imie,samodzielnie]
[685,686,;,;,ign,_,_]
[686,687,xyzzy,xyzzy,ign,_,_]
[687,688,kot-xyzzy,kot-xyzzy,ign,_,_]
[688,689,kot:xyzzy,kot:xyzzy,ign,_,_]
[689,690,kot?xyzzy,kot?xyzzy,ign,_,_]
[690,691,kot!xyzzy,kot!xyzzy,ign,_,_]
[691,692,kot/xyzzy,kot/xyzzy,ign,_,_]
[692,693,kot(xyzzy,kot(xyzzy,ign,_,_]
[693,694,kot)xyzzy,kot)xyzzy,ign,_,_]
[694,695,kot,kot,subst:sg:nom:m1,_,samodzielnie|zzz
 694,695,kot,kot,subst:sg:nom:m2,imie,samodzielnie]
[695,696,xyzzy,xyzzy,ign,_,_]
[696,697,kot,kot,subst:sg:nom:m1,_,samodzielnie|zzz
 696,697,kot,kot,subst:sg:nom:m2,imie,samodzielnie]
[697,698,xyzzy,xyzzy,ign,_,_]
[698,699,kot,kot,subst:sg:nom:m1,_,samodzielnie|zzz
 698,699,kot,kot,subst:sg:nom:m2,imie,samodzielnie]
[699,700,xyzzy,xyzzy,ign,_,_]
[700,701,kot-xyzzy,kot-xyzzy,ign,_,_]
[701,702,kotxyzzy,kotxyzzy,ign,_,_]
[702,703,kot,kot,subst:sg:nom:m1,_,samodzielnie|zzz
 702,703,kot,kot,subst:sg:nom:m2,imie,samodzielnie]
[703,704,.,.,ign,_,_]
[704,705,Qmpx,Qmpx,ign,_,_]
[705,706,kot,kot,subst:sg:nom:m1,_,samodzielnie|zzz
 705,706,kot,kot,subst:sg:nom:m2,imie,samodzielnie]
[706,707,,,,,ign,_,_]
[707,708,Qmpx,Qmpx,ign,_,_]
[708,709,kot,kot,subst:sg:nom:m1,_,samodzielnie|zzz
 708,709,kot,kot,subst:sg:nom:m2,imie,samodzielnie]
[709,710,;,;,ign,_,_]
[710,711,Qmpx,Qmpx,ign,_,_]
[711,712,kot-Qmpx,kot-Qmpx,ign,_,_]
[712,713,kot:Qmpx,kot:Qmpx,ign,_,_]
[713,714,kot?Qmpx,kot?Qmpx,ign,_,_]
[714,715,kot!Qmpx,kot!Qmpx,ign,_,_]
[715,716,kot/Qmpx,kot/Qmpx,ign,_,_]
[716,717,kot(Qmpx,kot(Qmpx,ign,_,_]
[717,718,kot)Qmpx,kot)Qmpx,ign,_,_]
[718,719,kot,kot,subst:sg:nom:m1,_,samodzielnie|zzz
 718,719,kot,kot,subst:sg:nom:m2,imie,samodzielnie]
[719,720,Qmpx,Qmpx,ign,_,_]
[720,721,kot,kot,subst:sg:nom:m1,_,samodzielnie|zzz
 720,721,kot,kot,subst:sg:nom:m2,imie,samodzielnie]
[721,722,Qmpx,Qmpx,ign,_,_]
[722,723,kot,kot,subst:sg:nom:m1,_,samodzielnie|zzz
 722,723,kot,kot,subst:sg:nom:m2,imie,samodzielnie]
[723,724,Qmpx,Qmpx,ign,_,_]
[724,725,kot-Qmpx,kot-Qmpx,ign,_,_]
[725,726,kotQmpx,kotQmpx,ign,_,_]
[726,727,kot,kot,subst:sg:nom:m1,_,samodzielnie|zzz
 726,727,kot,kot,subst:sg:nom:m2,imie,samodzielnie]
[727,728,.,.,ign,_,_]
[728,729,123,123,ign,_,_]
[729,730,kot,kot,subst:sg:nom:m1,_,samodzielnie|zzz
 729,730,kot,kot,subst:sg:nom:m2,imie,samodzielnie]
[730,731,,,,,ign,_,_]
[731,732,123,123,ign,_,_]
[732,733,kot,kot,subst:sg:nom:m1,_,samodzielnie|zzz
 732,733,kot,kot,subst:sg:nom:m2,imie,samodzielnie]
[733,734,;,;,ign,_,_]
[734,735,123,123,ign,_,_]
[735,736,kot-123,kot-123,ign,_,_]
[736,737,kot:123,kot:123,ign,_,_]
[737,738,kot?123,kot?123,ign,_,_]
[738,739,kot!123,kot!123,ign,_,_]
[739,740,kot/123,kot/123,ign,_,_]
[740,741,kot(123,kot(123,ign,_,_]
[741,742,kot)123,kot)123,ign,_,_]
[742,743,kot,kot,subst:sg:nom:m1,_,samodzielnie|zzz
 742,743,kot,kot,subst:sg:nom:m2,imie,samodzielnie]
[743,744,123,123,ign,_,_]
[744,745,kot,kot,subst:sg:nom:m1,_,samodzielnie|zzz
 744,745,kot,kot,subst:sg:nom:m2,imie,samodzielnie]
[745,746,123,123,ign,_,_]
[746,747,kot,kot,subst:sg:nom:m1,_,samodzielnie|zzz
 746,747,kot,kot,subst:sg:nom:m2,imie,samodzielnie]
[747,748,123,123,ign,_,_]
[748,749,kot-123,kot-123,ign,_,_]
[749,750,kot123,kot123,ign,_,_]
[750,751,kot,kot,subst:sg:nom:m1,_,samodzielnie|zzz
 750,751,kot,kot,subst:sg:nom:m2,imie,samodzielnie]
[751,752,.,.,ign,_,_]
[752,753,VII,VII,ign,_,_]
[753,754,kot,kot,subst:sg:nom:m1,_,samodzielnie|zzz
 753,754,kot,kot,subst:sg:nom:m2,imie,samodzielnie]
[754,755,,,,,ign,_,_]
[755,756,VII,VII,ign,_,_]
[756,757,kot,kot,subst:sg:nom:m1,_,samodzielnie|zzz
 756,757,kot,kot,subst:sg:nom:m2,imie,samodzielnie]
[757,758,;,;,ign,_,_]
[758,759,VII,VII,ign,_,_]
[759,760,kot-VII,kot-VII,ign,_,_]
[760,761,kot:VII,kot:VII,ign,_,_]
[761,762,kot?VII,kot?VII,ign,_,_]
[762,763,kot!VII,kot!VII,ign,_,_]
[763,764,kot/VII,kot/VII,ign,_,_]
[764,765,kot(VII,kot(VII,ign,_,_]
[765,766,kot)VII,kot)VII,ign,_,_]
[766,767,kot,kot,subst:sg:nom:m1,_,samodzielnie|zzz
 766,767,kot,kot,subst:sg:nom:m2,imie,samodzielnie]
[767,768,VII,VII,ign,_,_]
[768,769,kot,kot,subst:sg:nom:m1,_,samodzielnie|zzz
 768,769,kot,kot,subst:sg:nom:m2,imie,samodzielnie]
[769,770,VII,VII,ign,_,_]
[770,771,kot,kot,subst:sg:nom:m1,_,samodzielnie|zzz
 770,771,kot,kot,subst:sg:nom:m2,imie,samodzielnie]
[771,772,VII,VII,ign,_,_]
[772,773,kot-VII,kot-VII,ign,_,_]
[773,774,kotVII,kotVII,ign,_,_]
[774,775,pies,pies,subst:sg:nom:m1,nazwisko,samodzielnie|yyy|zzz]
[775,776,.,.,ign,_,_]
[776,777,pies,pies,subst:sg:nom:m1,nazwisko,samodzielnie|yyy|zzz]
[777,778,pies,pies,subst:sg:nom:m1,nazwisko,samodzielnie|yyy|zzz]
[778,779,,,,,ign,_,_]
[779,780,pies,pies,subst:sg:nom:m1,nazwisko,samodzielnie|yyy|zzz]
[780,781,pies,pies,subst:sg:nom:m1,nazwisko,samodzielnie|yyy|zzz]
[781,782,;,;,ign,_,_]
[782,783,pies,pies,subst:sg:nom:m1,nazwisko,samodzielnie|yyy|zzz]
[783,784,pies-pies,pies-pies,ign,_,_]
[784,785,pies:pies,pies:pies,ign,_,_]
[785,786,pies?pies,pies?pies,ign,_,_]
[786,787,pies!pies,pies!pies,ign,_,_]
[787,788,pies/pies,pies/pies,ign,_,_]
[788,789,pies(pies,pies(pies,ign,_,_]
[789,790,pies)pies,pies)pies,ign,_,_]
[790,791,pies,pies,subst:sg:nom:m1,nazwisko,samodzielnie|yyy|zzz]
[791,792,pies,pies,subst:sg:nom:m1,nazwisko,samodzielnie|yyy|zzz]
[792,793,pies,pies,subst:sg:nom:m1,nazwisko,samodzielnie|yyy|zzz]
[793,794,pies,pies,subst:sg:nom:m1,nazwisko,samodzielnie|yyy|zzz]
[794,795,pies,pies,subst:sg:nom:m1,nazwisko,samodzielnie|yyy|zzz]
[795,796,pies,pies,subst:sg:nom:m1,nazwisko,samodzielnie|yyy|zzz]
[796,797,pies-pies,pies-pies,ign,_,_]
[797,798,piespies,piespies,ign,_,_]
[798,799,pies,pies,subst:sg:nom:m1,nazwisko,samodzielnie|yyy|zzz]
[799,800,.,.,ign,_,_]
[800,801,xyzzy,xyzzy,ign,_,_]
[801,802,pies,pies,subst:sg:nom:m1,nazwisko,samodzielnie|yyy|zzz]
[802,803,,,,,ign,_,_]
[803,804,xyzzy,xyzzy,ign,_,_]
[804,805,pies,pies,subst:sg:nom:m1,nazwisko,samodzielnie|yyy|zzz]
[805,806,;,;,ign,_,_]
[806,807,xyzzy,xyzzy,ign,_,_]
[807,808,pies-xyzzy,pies-xyzzy,ign,_,_]
[808,809,pies:xyzzy,pies:xyzzy,ign,_,_]
[809,810,pies?xyzzy,pies?xyzzy,ign,_,_]
[810,811,pies!xyzzy,pies!xyzzy,ign,_,_]
[811,812,pies/xyzzy,pies/xyzzy,ign,_,_]
[812,813,pies(xyzzy,pies(xyzzy,ign,_,_]
[813,814,pies)xyzzy,pies)xyzzy,ign,_,_]
[814,815,pies,pies,subst:sg:nom:m1,nazwisko,samodzielnie|yyy|zzz]
[815,816,xyzzy,xyzzy,ign,_,_]
[816,817,pies,pies,subst:sg:nom:m1,nazwisko,samodzielnie|yyy|zzz]
[817,818,xyzzy,xyzzy,ign,_,_]
[818,819,pies,pies,subst:sg:nom:m1,nazwisko,samodzielnie|yyy|zzz]
[819,820,xyzzy,xyzzy,ign,_,_]
[820,821,pies-xyzzy,pies-xyzzy,ign,_,_]
[821,822,piesxyzzy,piesxyzzy,ign,_,_]
[822,823,pies,pies,subst:sg:nom:m1,nazwisko,samodzielnie|yyy|zzz]
[823,824,.,.,ign,_,_]
[824,825,Qmpx,Qmpx,ign,_,_]
[825,826,pies,pies,subst:sg:nom:m1,nazwisko,samodzielnie|yyy|zzz]
[826,827,,,,,ign,_,_]
[827,828,Qmpx,Qmpx,ign,_,_]
[828,829,pies,pies,subst:sg:nom:m1,nazwisko,samodzielnie|yyy|zzz]
[829,830,;,;,ign,_,_]
[830,831,Qmpx,Qmpx,ign,_,_]
[831,832,pies-Qmpx,pies-Qmpx,ign,_,_]
[832,833,pies:Qmpx,pies:Qmpx,ign,_,_]
[833,834,pies?Qmpx,pies?Qmpx,ign,_,_]
[834,835,pies!Qmpx,pies!Qmpx,ign,_,_]
[835,836,pies/Qmpx,pies/Qmpx,ign,_,_]
[836,837,pies(Qmpx,pies(Qmpx,ign,_,_]
[837,838,pies)Qmpx,pies)Qmpx,ign,_,_]
[838,839,pies,pies,subst:sg:nom:m1,nazwisko,samodzielnie|yyy|zzz]
[839,840,Qmpx,Qmpx,ign,_,_]
[840,841,pies,pies,subst:sg:nom:m1,nazwisko,samodzielnie|yyy|zzz]
[841,842,Qmpx,Qmpx,ign,_,_]
[842,843,pies,pies,subst:sg:nom:m1,nazwisko,samodzielnie|yyy|zzz]
[843,844,Qmpx,Qmpx,ign,_,_]
[844,845,pies-Qmpx,pies-Qmpx,ign,_,_]
[845,846,piesQmpx,piesQmpx,ign,_,_]
[846,847,pies,pies,subst:sg:nom:m1,nazwisko,samodzielnie|yyy|zzz]
[847,848,.,.,ign,_,_]
[848,849,123,123,ign,_,_]
[849,850,pies,pies,subst:sg:nom:m1,nazwisko,samodzielnie|yyy|zzz]
[850,851,,,,,ign,_,_]
[851,852,123,123,ign,_,_]
[852,853,pies,pies,subst:sg:nom:m1,nazwisko,samodzielnie|yyy|zzz]
[853,854,;,;,ign,_,_]
[854,855,123,123,ign,_,_]
[855,856,pies-123,pies-123,ign,_,_]
[856,857,pies:123,pies:123,ign,_,_]
[857,858,pies?123,pies?123,ign,_,_]
[858,859,pies!123,pies!123,ign,_,_]
[859,860,pies/123,pies/123,ign,_,_]
[860,861,pies(123,pies(123,ign,_,_]
[861,862,pies)123,pies)123,ign,_,_]
[862,863,pies,pies,subst:sg:nom:m1,nazwisko,samodzielnie|yyy|zzz]
[863,864,123,123,ign,_,_]
[864,865,pies,pies,subst:sg:nom:m1,nazwisko,samodzielnie|yyy|zzz]
[865,866,123,123,ign,_,_]
[866,867,pies,pies,subst:sg:nom:m1,nazwisko,samodzielnie|yyy|zzz]
[867,868,123,123,ign,_,_]
[868,869,pies-123,pies-123,ign,_,_]
[869,870,pies123,pies123,ign,_,_]
[870,871,pies,pies,subst:sg:nom:m1,nazwisko,samodzielnie|yyy|zzz]
[871,872,.,.,ign,_,_]
[872,873,VII,VII,ign,_,_]
[873,874,pies,pies,subst:sg:nom:m1,nazwisko,samodzielnie|yyy|zzz]
[874,875,,,,,ign,_,_]
[875,876,VII,VII,ign,_,_]
[876,877,pies,pies,subst:sg:nom:m1,nazwisko,samodzielnie|yyy|zzz]
[877,878,;,;,ign,_,_]
[878,879,VII,VII,ign,_,_]
[879,880,pies-VII,pies-VII,ign,_,_]
[880,881,pies:VII,pies:VII,ign,_,_]
[881,882,pies?VII,pies?VII,ign,_,_]
[882,883,pies!VII,pies!VII,ign,_,_]
[883,884,pies/VII,pies/VII,ign,_,_]
[884,885,pies(VII,pies(VII,ign,_,_]
[885,886,pies)VII,pies)VII,ign,_,_]
[886,887,pies,pies,subst:sg:nom:m1,nazwisko,samodzielnie|yyy|zzz]
[887,888,VII,VII,ign,_,_]
[888,889,pies,pies,subst:sg:nom:m1,nazwisko,samodzielnie|yyy|zzz]
[889,890,VII,VII,ign,_,_]
[890,891,pies,pies,subst:sg:nom:m1,nazwisko,samodzielnie|yyy|zzz]
[891,892,VII,VII,ign,_,_]
[892,893,pies-VII,pies-VII,ign,_,_]
[893,894,piesVII,piesVII,ign,_,_]
[894,895,xyzzy,xyzzy,ign,_,_]
[895,896,.,.,ign,_,_]
[896,897,xyzzy,xyzzy,ign,_,_]
[897,898,xyzzy,xyzzy,ign,_,_]
[898,899,,,,,ign,_,_]
[899,900,xyzzy,xyzzy,ign,_,_]
[900,901,xyzzy,xyzzy,ign,_,_]
[901,902,;,;,ign,_,_]
[902,903,xyzzy,xyzzy,ign,_,_]
[903,904,xyzzy-xyzzy,xyzzy-xyzzy,ign,_,_]
[904,905,xyzzy:xyzzy,xyzzy:xyzzy,ign,_,_]
[905,906,xyzzy?xyzzy,xyzzy?xyzzy,ign,_,_]
[906,907,xyzzy!xyzzy,xyzzy!xyzzy,ign,_,_]
[907,908,xyzzy/xyzzy,xyzzy/xyzzy,ign,_,_]
[908,909,xyzzy(xyzzy,xyzzy(xyzzy,ign,_,_]
[909,910,xyzzy)xyzzy,xyzzy)xyzzy,ign,_,_]
[910,911,xyzzy,xyzzy,ign,_,_]
[911,912,xyzzy,xyzzy,ign,_,_]
[912,913,xyzzy,xyzzy,ign,_,_]
[913,914,xyzzy,xyzzy,ign,_,_]
[914,915,xyzzy,xyzzy,ign,_,_]
[915,916,xyzzy,xyzzy,ign,_,_]
[916,917,xyzzy-xyzzy,xyzzy-xyzzy,ign,_,_]
[917,918,xyzzyxyzzy,xyzzyxyzzy,ign,_,_]
[918,919,xyzzy,xyzzy,ign,_,_]
[919,920,.,.,ign,_,_]
[920,921,Qmpx,Qmpx,ign,_,_]
[921,922,xyzzy,xyzzy,ign,_,_]
[922,923,,,,,ign,_,_]
[923,924,Qmpx,Qmpx,ign,_,_]
[924,925,xyzzy,xyzzy,ign,_,_]
[925,926,;,;,ign,_,_]
[926,927,Qmpx,Qmpx,ign,_,_]
[927,928,xyzzy-Qmpx,xyzzy-Qmpx,ign,_,_]
[928,929,xyzzy:Qmpx,xyzzy:Qmpx,ign,_,_]
[929,930,xyzzy?Qmpx,xyzzy?Qmpx,ign,_,_]
[930,931,xyzzy!Qmpx,xyzzy!Qmpx,ign,_,_]
[931,932,xyzzy/Qmpx,xyzzy/Qmpx,ign,_,_]
[932,933,xyzzy(Qmpx,xyzzy(Qmpx,ign,_,_]
[933,934,xyzzy)Qmpx,xyzzy)Qmpx,ign,_,_]
[934,935,xyzzy,xyzzy,ign,_,_]
[935,936,Qmpx,Qmpx,ign,_,_]
[936,937,xyzzy,xyzzy,ign,_,_]
[937,938,Qmpx,Qmpx,ign,_,_]
[938,939,xyzzy,xyzzy,ign,_,_]
[939,940,Qmpx,Qmpx,ign,_,_]
[940,941,xyzzy-Qmpx,xyzzy-Qmpx,ign,_,_]
[941,942,xyzzyQmpx,xyzzyQmpx,ign,_,_]
[942,943,xyzzy,xyzzy,ign,_,_]
[943,944,.,.,ign,_,_]
[944,945,123,123,ign,_,_]
[945,946,xyzzy,xyzzy,ign,_,_]
[946,947,,,,,ign,_,_]
[947,948,123,123,ign,_,_]
[948,949,xyzzy,xyzzy,ign,_,_]
[949,950,;,;,ign,_,_]
[950,951,123,123,ign,_,_]
[951,952,xyzzy-123,xyzzy-123,ign,_,_]
[952,953,xyzzy:123,xyzzy:123,ign,_,_]
[953,954,xyzzy?123,xyzzy?123,ign,_,_]
[954,955,xyzzy!123,xyzzy!123,ign,_,_]
[955,956,xyzzy/123,xyzzy/123,ign,_,_]
[956,957,xyzzy(123,xyzzy(123,ign,_,_]
[957,958,xyzzy)123,xyzzy)123,ign,_,_]
[958,959,xyzzy,xyzzy,ign,_,_]
[959,960,123,123,ign,_,_]
[960,961,xyzzy,xyzzy,ign,_,_]
[961,962,123,123,ign,_,_]
[962,963,xyzzy,xyzzy,ign,_,_]
[963,964,123,123,ign,_,_]
[964,965,xyzzy-123,xyzzy-123,ign,_,_]
[965,966,xyzzy123,xyzzy123,ign,_,_]
[966,967,xyzzy,xyzzy,ign,_,_]
[967,968,.,.,ign,_,_]
[968,969,VII,VII,ign,_,_]
[969,970,xyzzy,xyzzy,ign,_,_]
[970,971,,,,,ign,_,_]
[971,972,VII,VII,ign,_,_]
[972,973,xyzzy,xyzzy,ign,_,_]
[973,974,;,;,ign,_,_]
[974,975,VII,VII,ign,_,_]
[975,976,xyzzy-VII,xyzzy-VII,ign,_,_]
[976,977,xyzzy:VII,xyzzy:VII,ign,_,_]
[977,978,xyzzy?VII,xyzzy?VII,ign,_,_]
[978,979,xyzzy!VII,xyzzy!VII,ign,_,_]
[979,980,xyzzy/VII,xyzzy/VII,ign,_,_]
[980,981,xyzzy(VII,xyzzy(VII,ign,_,_]
[981,982,xyzzy)VII,xyzzy)VII,ign,_,_]
[982,983,xyzzy,xyzzy,ign,_,_]
[983,984,VII,VII,ign,_,_]
[984,985,xyzzy,xyzzy,ign,_,_]
[985,986,VII,VII,ign,_,_]
[986,987,xyzzy,xyzzy,ign,_,_]
[987,988,VII,VII,ign,_,_]
[988,989,xyzzy-VII,xyzzy-VII,ign,_,_]
[989,990,xyzzyVII,xyzzyVII,ign,_,_]
[990,991,Qmpx,Qmpx,ign,_,_]
[991,992,.,.,ign,_,_]
[992,993,Qmpx,Qmpx,ign,_,_]
[993,994,Qmpx,Qmpx,ign,_,_]
[994,995,,,,,ign,_,_]
[995,996,Qmpx,Qmpx,ign,_,_]
[996,997,Qmpx,Qmpx,ign,_,_]
[997,998,;,;,ign,_,_]
[998,999,Qmpx,Qmpx,ign,_,_]
[999,1000,Qmpx-Qmpx,Qmpx-Qmpx,ign,_,_]
[1000,1001,Qmpx:Qmpx,Qmpx:Qmpx,ign,_,_]
[1001,1002,Qmpx?Qmpx,Qmpx?Qmpx,ign,_,_]
[1002,1003,Qmpx!Qmpx,Qmpx!Qmpx,ign,_,_]
[1003,1004,Qmpx/Qmpx,Qmpx/Qmpx,ign,_,_]
[1004,1005,Qmpx(Qmpx,Qmpx(Qmpx,ign,_,_]
[1005,1006,Qmpx)Qmpx,Qmpx)Qmpx,ign,_,_]
[1006,1007,Qmpx,Qmpx,ign,_,_]
[1007,1008,Qmpx,Qmpx,ign,_,_]
[1008,1009,Qmpx,Qmpx,ign,_,_]
[1009,1010,Qmpx,Qmpx,ign,_,_]
[1010,1011,Qmpx,Qmpx,ign,_,_]
[1011,1012,Qmpx,Qmpx,ign,_,_]
[1012,1013,Qmpx-Qmpx,Qmpx-Qmpx,ign,_,_]
[1013,1014,QmpxQmpx,QmpxQmpx,ign,_,_]
[1014,1015,Qmpx,Qmpx,ign,_,_]
[1015,1016,.,.,ign,_,_]
[1016,1017,123,123,ign,_,_]
[1017,1018,Qmpx,Qmpx,ign,_,_]
[1018,1019,,,,,ign,_,_]
[1019,1020,123,123,ign,_,_]
[1020,1021,Qmpx,Qmpx,ign,_,_]
[1021,1022,;,;,ign,_,_]
[1022,1023,123,123,ign,_,_]
[1023,1024,Qmpx-123,Qmpx-123,ign,_,_]
[1024,1025,Qmpx:123,Qmpx:123,ign,_,_]
[1025,1026,Qmpx?123,Qmpx?123,ign,_,_]
[1026,1027,Qmpx!123,Qmpx!123,ign,_,_]
[1027,1028,Qmpx/123,Qmpx/123,ign,_,_]
[1028,1029,Qmpx(123,Qmpx(123,ign,_,_]
[1029,1030,Qmpx)123,Qmpx)123,ign,_,_]
[1030,1031,Qmpx,Qmpx,ign,_,_]
[1031,1032,123,123,ign,_,_]
[1032,1033,Qmpx,Qmpx,ign,_,_]
[1033,1034,123,123,ign,_,_]
[1034,1035,Qmpx,Qmpx,ign,_,_]
[1035,1036,123,123,ign,_,_]
[1036,1037,Qmpx-123,Qmpx-123,ign,_,_]
[1037,1038,Qmpx123,Qmpx123,ign,_,_]
[1038,1039,Qmpx,Qmpx,ign,_,_]
[1039,1040,.,.,ign,_,_]
[1040,1041,VII,VII,ign,_,_]
[1041,1042,Qmpx,Qmpx,ign,_,_]
[1042,1043,,,,,ign,_,_]
[1043,1044,VII,VII,ign,_,_]
[1044,1045,Qmpx,Qmpx,ign,_,_]
[1045,1046,;,;,ign,_,_]
[1046,1047,VII,VII,ign,_,_]
[1047,1048,Qmpx-VII,Qmpx-VII,ign,_,_]
[1048,1049,Qmpx:VII,Qmpx:VII,ign,_,_]
[1049,1050,Qmpx?VII,Qmpx?VII,ign,_,_]
[1050,1051,Qmpx!VII,Qmpx!VII,ign,_,_]
[1051,1052,Qmpx/VII,Qmpx/VII,ign,_,_]
[1052,1053,Qmpx(VII,Qmpx(VII,ign,_,_]
[1053,1054,Qmpx)VII,Qmpx)VII,ign,_,_]
[1054,1055,Qmpx,Qmpx,ign,_,_]
[1055,1056,VII,VII,ign,_,_]
[1056,1057,Qmpx,Qmpx,ign,_,_]
[1057,1058,VII,VII,ign,_,_]
[1058,1059,Qmpx,Qmpx,ign,_,_]
[1059,1060,VII,VII,ign,_,_]
[1060,1061,Qmpx-VII,Qmpx-VII,ign,_,_]
[1061,1062,QmpxVII,QmpxVII,ign,_,_]
[1062,1063,123,123,ign,_,_]
[1063,1064,.,.,ign,_,_]
[1064,1065,123,123,ign,_,_]
[1065,1066,123,123,ign,_,_]
[1066,1067,,,,,ign,_,_]
[1067,1068,123,123,ign,_,_]
[1068,1069,123,123,ign,_,_]
[1069,1070,;,;,ign,_,_]
[1070,1071,123,123,ign,_,_]
[1071,1072,123-123,123-123,ign,_,_]
[1072,1073,123:123,123:123,ign,_,_]
[1073,1074,123?123,123?123,ign,_,_]
[1074,1075,123!123,123!123,ign,_,_]
[1075,1076,123/123,123/123,ign,_,_]
[1076,1077,123(123,123(123,ign,_,_]
[1077,1078,123)123,123)123,ign,_,_]
[1078,1079,123,123,ign,_,_]
[1079,1080,123,123,ign,_,_]
[1080,1081,123,123,ign,_,_]
[1081,1082,123,123,ign,_,_]
[1082,1083,123,123,ign,_,_]
[1083,1084,123,123,ign,_,_]
[1084,1085,123-123,123-123,ign,_,_]
[1085,1086,123123,123123,ign,_,_]
[1086,1087,123,123,ign,_,_]
[1087,1088,.,.,ign,_,_]
[1088,1089,VII,VII,ign,_,_]
[1089,1090,123,123,ign,_,_]
[1090,1091,,,,,ign,_,_]
[1091,1092,VII,VII,ign,_,_]
[1092,1093,123,123,ign,_,_]
[1093,1094,;,;,ign,_,_]
[1094,1095,VII,VII,ign,_,_]
[1095,1096,123-VII,123-VII,ign,_,_]
[1096,1097,123:VII,123:VII,ign,_,_]
[1097,1098,123?VII,123?VII,ign,_,_]
[1098,1099,123!VII,123!VII,ign,_,_]
[1099,1100,123/VII,123/VII,ign,_,_]
[1100,1101,123(VII,123(VII,ign,_,_]
[1101,1102,123)VII,123)VII,ign,_,_]
[1102,1103,123,123,ign,_,_]
[1103,1104,VII,VII,ign,_,_]
[1104,1105,123,123,ign,_,_]
[1105,1106,VII,VII,ign,_,_]
[1106,1107,123,123,ign,_,_]
[1107,1108,VII,VII,ign,_,_]
[1108,1109,123-VII,123-VII,ign,_,_]
[1109,1110,123VII,123VII,ign,_,_]
[1110,1111,VII,VII,ign,_,_]
[1111,1112,.,.,ign,_,_]
[1112,1113,VII,VII,ign,_,_]
[1113,1114,VII,VII,ign,_,_]
[1114,1115,,,,,ign,_,_]
[1115,1116,VII,VII,ign,_,_]
[1116,1117,VII,VII,ign,_,_]
[1117,1118,;,;,ign,_,_]
[1118,1119,VII,VII,ign,_,_]
[1119,1120,VII-VII,VII-VII,ign,_,_]
[1120,1121,VII:VII,VII:VII,ign,_,_]
[1121,1122,VII?VII,VII?VII,ign,_,_]
[1122,1123,VII!VII,VII!VII,ign,_,_]
[1123,1124,VII/VII,VII/VII,ign,_,_]
[1124,1125,VII(VII,VII(VII,ign,_,_]
[1125,1126,VII)VII,VII)VII,ign,_,_]
[1126,1127,VII,VII,ign,_,_]
[1127,1128,VII,VII,ign,_,_]
[1128,1129,VII,VII,ign,_,_]
[1129,1130,VII,VII,ign,_,_]
[1130,1131,VII,VII,ign,_,_]
[1131,1132,VII,VII,ign,_,_]
[1132,1133,VII-VII,VII-VII,ign,_,_]
[1133,1134,VIIVII,VIIVII,ign,_,_]
[1134,1135,.,.,ign,_,_]
[1135,1136,mikro,mikro,ign,_,_]
[1136,1137,.,.,ign,_,_]
[1137,1138,(mikro),(mikro),ign,_,_]
[1138,1139,mikro,mikro,ign,_,_]
[1139,1140,.,.,ign,_,_]
[1140,1141,.,.,ign,_,_]
[1141,1142,.,.,ign,_,_]
[1142,1143,-mikro-,-mikro-,ign,_,_]
[1143,1144,mikro,mikro,ign,_,_]
[1144,1145,,,,,ign,_,_]
[1145,1146,mikro,mikro,ign,_,_]
[1146,1147,;,;,ign,_,_]
[1147,1148,mikro,mikro,ign,_,_]
[1148,1149,mikro,mikro,ign,_,_]
[1149,1150,mikro,mikro,ign,_,_]
[1150,1151,.,.,ign,_,_]
[1151,1152,euro,euro,ign,_,_]
[1152,1153,.,.,ign,_,_]
[1153,1154,(euro),(euro),ign,_,_]
[1154,1155,euro,euro,ign,_,_]
[1155,1156,.,.,ign,_,_]
[1156,1157,.,.,ign,_,_]
[1157,1158,.,.,ign,_,_]
[1158,1159,-euro-,-euro-,ign,_,_]
[1159,1160,euro,euro,ign,_,_]
[1160,1161,,,,,ign,_,_]
[1161,1162,euro,euro,ign,_,_]
[1162,1163,;,;,ign,_,_]
[1163,1164,euro,euro,ign,_,_]
[1164,1165,euro,euro,ign,_,_]
[1165,1166,euro,euro,ign,_,_]
[1166,1167,.,.,ign,_,_]
[1167,1168,super,super,ign,_,_]
[1168,1169,.,.,ign,_,_]
[1169,1170,(super),(super),ign,_,_]
[1170,1171,super,super,ign,_,_]
[1171,1172,.,.,ign,_,_]
[1172,1173,.,.,ign,_,_]
[1173,1174,.,.,ign,_,_]
[1174,1175,-super-,-super-,ign,_,_]
[1175,1176,super,super,ign,_,_]
[1176,1177,,,,,ign,_,_]
[1177,1178,super,super,ign,_,_]
[1178,1179,;,;,ign,_,_]
[1179,1180,super,super,ign,_,_]
[1180,1181,super,super,ign,_,_]
[1181,1182,super,super,ign,_,_]
[1182,1183,.,.,ign,_,_]
[1183,1184,.,.,ign,_,_]
[1184,1185,.,.,ign,_,_]
[1185,1186,.,.,ign,_,_]
[1186,1187,.,.,ign,_,_]
[1187,1188,.,.,ign,_,_]
[1188,1189,,,,,ign,_,_]
[1189,1190,;,;,ign,_,_]
[1190,1191,-,-,ign,_,_]
[1191,1192,--,--,ign,_,_]
[1192,1193,.,.,ign,_,_]
[1193,1194,,,,,ign,_,_]
[1194,1195,;,;,ign,_,_]
[1195,1196,?!,?!,ign,_,_]
[1196,1197,(),(),ign,_,_]
[]
[]
[]
[1197,1198,a,a,ign,_,_]
[1198,1199,.,.,ign,_,_]
[1199,1200,b,b,ign,_,_]
[1200,1201,.,.,ign,_,_]
[1201,1202,c,c,ign,_,_]
[1202,1203,.,.,ign,_,_]
[1203,1204,d,d,ign,_,_]
[1204,1205,1,1,ign,_,_]
[1205,1206,,,,,ign,_,_]
[1206,1207,2,2,ign,_,_]
[1207,1208,,,,,ign,_,_]
[1208,1209,3,3,ign,_,_]
[1209,1210,x-y-z,x-y-z,ign,_,_]
[1210,1211,co?,co?,ign,_,_]
[1211,1212,n,n,ign,_,_]
[1212,1213,.,.,ign,_,_]
[1213,1214,p,p,ign,_,_]
[1214,1215,.,.,ign,_,_]
[1215,1216,p,p,ign,_,_]
[1216,1217,.,.,ign,_,_]
[1217,1218,n,n,ign,_,_]
[1218,1219,.,.,ign,_,_]
[1219,1220,e,e,ign,_,_]
[1220,1221,.,.,ign,_,_]
[1221,1222,tzn,tzn,ign,_,_]
[1222,1223,.,.,ign,_,_]
[1223,1224,O,O,ign,_,_]
[1224,1225,.,.,ign,_,_]
[1225,1226,K,K,ign,_,_]
[1226,1227,.,.,ign,_,_]
[1227,1228,3,3,ign,_,_]
[1228,1229,.,.,ign,_,_]
[1229,1230,14,14,ign,_,_]
[1230,1231,1+1,1+1,ign,_,_]

