[0,1,kot,kot:nazwisko,subst:sg:nom:m1,nazwisko,samodzielnie]
[1,2,eurokot,eurokot:zwierze,subst:sg:nom:m1,_,euro|samodzielnie]
[2,3,pies,pies,ign,_,_]
[3,4,europies,europies,subst:sg:acc:m3,_,euro
 3,4,europies,europies,subst:sg:nom:m1,nazwisko,euro]
[4,5,euro,euro,ign,_,_]
[5,6,EURO,EURO,ign,_,_]
[6,7,euro,euro,ign,_,_]
[7,8,Euro,Euro,ign,_,_]
[8,9,EURO,EURO,ign,_,_]
[9,10,kot,kot:nazwisko,subst:sg:nom:m1,nazwisko,samodzielnie]
[10,11,KOT,kot:nazwisko,subst:sg:nom:m1,nazwisko,samodzielnie]
[11,12,kot,kot:nazwisko,subst:sg:nom:m1,nazwisko,samodzielnie]
[12,13,Kot,kot:nazwisko,subst:sg:nom:m1,nazwisko,samodzielnie]
[13,14,KOT,kot:nazwisko,subst:sg:nom:m1,nazwisko,samodzielnie]
[14,15,pies,pies,ign,_,_]
[15,16,PIES,PIES,ign,_,_]
[16,17,pies,pies,ign,_,_]
[17,18,Pies,Pies,ign,_,_]
[18,19,PIES,PIES,ign,_,_]
[19,20,euro123,euro123,ign,_,_]
[20,21,123euro,123euro,ign,_,_]
[21,22,eurox,eurox,ign,_,_]
[22,23,xeuro,xeuro,ign,_,_]
[23,24,euroeuro,euroeuro,ign,_,_]
[24,25,kot123,kot123,ign,_,_]
[25,26,123kot,123kot,ign,_,_]
[26,27,kotx,kotx,ign,_,_]
[27,28,xkot,xkot,ign,_,_]
[28,29,kotkot,kotkot,ign,_,_]
[29,30,pies123,pies123,ign,_,_]
[30,31,123pies,123pies,ign,_,_]
[31,32,piesx,piesx,ign,_,_]
[32,33,xpies,xpies,ign,_,_]
[33,34,piespies,piespies,ign,_,_]
[34,35,euro,euro,ign,_,_]
[35,36,.,.,ign,_,_]
[36,37,euro,euro,ign,_,_]
[37,38,euro,euro,ign,_,_]
[38,39,,,,,ign,_,_]
[39,40,euro,euro,ign,_,_]
[40,41,euro,euro,ign,_,_]
[41,42,;,;,ign,_,_]
[42,43,euro,euro,ign,_,_]
[43,44,euro-euro,euro-euro,ign,_,_]
[44,45,euro:euro,euro:euro,ign,_,_]
[45,46,euro?euro,euro?euro,ign,_,_]
[46,47,euro!euro,euro!euro,ign,_,_]
[47,48,euro/euro,euro/euro,ign,_,_]
[48,49,euro(euro,euro(euro,ign,_,_]
[49,50,euro)euro,euro)euro,ign,_,_]
[50,51,euro,euro,ign,_,_]
[51,52,euro,euro,ign,_,_]
[52,53,euro,euro,ign,_,_]
[53,54,euro,euro,ign,_,_]
[54,55,euro,euro,ign,_,_]
[55,56,euro,euro,ign,_,_]
[56,57,euro-euro,euro-euro,ign,_,_]
[57,58,euroeuro,euroeuro,ign,_,_]
[58,59,euro,euro,ign,_,_]
[59,60,.,.,ign,_,_]
[60,61,kot,kot:nazwisko,subst:sg:nom:m1,nazwisko,samodzielnie]
[61,62,euro,euro,ign,_,_]
[62,63,,,,,ign,_,_]
[63,64,kot,kot:nazwisko,subst:sg:nom:m1,nazwisko,samodzielnie]
[64,65,euro,euro,ign,_,_]
[65,66,;,;,ign,_,_]
[66,67,kot,kot:nazwisko,subst:sg:nom:m1,nazwisko,samodzielnie]
[67,68,euro-kot,euro-kot,ign,_,_]
[68,69,euro:kot,euro:kot,ign,_,_]
[69,70,euro?kot,euro?kot,ign,_,_]
[70,71,euro!kot,euro!kot,ign,_,_]
[71,72,euro/kot,euro/kot,ign,_,_]
[72,73,euro(kot,euro(kot,ign,_,_]
[73,74,euro)kot,euro)kot,ign,_,_]
[74,75,euro,euro,ign,_,_]
[75,76,kot,kot:nazwisko,subst:sg:nom:m1,nazwisko,samodzielnie]
[76,77,euro,euro,ign,_,_]
[77,78,kot,kot:nazwisko,subst:sg:nom:m1,nazwisko,samodzielnie]
[78,79,euro,euro,ign,_,_]
[79,80,kot,kot:nazwisko,subst:sg:nom:m1,nazwisko,samodzielnie]
[80,81,euro-kot,euro-kot,ign,_,_]
[81,82,eurokot,eurokot:zwierze,subst:sg:nom:m1,_,euro|samodzielnie]
[82,83,euro,euro,ign,_,_]
[83,84,.,.,ign,_,_]
[84,85,pies,pies,ign,_,_]
[85,86,euro,euro,ign,_,_]
[86,87,,,,,ign,_,_]
[87,88,pies,pies,ign,_,_]
[88,89,euro,euro,ign,_,_]
[89,90,;,;,ign,_,_]
[90,91,pies,pies,ign,_,_]
[91,92,euro-pies,euro-pies,ign,_,_]
[92,93,euro:pies,euro:pies,ign,_,_]
[93,94,euro?pies,euro?pies,ign,_,_]
[94,95,euro!pies,euro!pies,ign,_,_]
[95,96,euro/pies,euro/pies,ign,_,_]
[96,97,euro(pies,euro(pies,ign,_,_]
[97,98,euro)pies,euro)pies,ign,_,_]
[98,99,euro,euro,ign,_,_]
[99,100,pies,pies,ign,_,_]
[100,101,euro,euro,ign,_,_]
[101,102,pies,pies,ign,_,_]
[102,103,euro,euro,ign,_,_]
[103,104,pies,pies,ign,_,_]
[104,105,euro-pies,euro-pies,ign,_,_]
[105,106,europies,europies,subst:sg:acc:m3,_,euro
 105,106,europies,europies,subst:sg:nom:m1,nazwisko,euro]
[106,107,euro,euro,ign,_,_]
[107,108,.,.,ign,_,_]
[108,109,xyzzy,xyzzy,ign,_,_]
[109,110,euro,euro,ign,_,_]
[110,111,,,,,ign,_,_]
[111,112,xyzzy,xyzzy,ign,_,_]
[112,113,euro,euro,ign,_,_]
[113,114,;,;,ign,_,_]
[114,115,xyzzy,xyzzy,ign,_,_]
[115,116,euro-xyzzy,euro-xyzzy,ign,_,_]
[116,117,euro:xyzzy,euro:xyzzy,ign,_,_]
[117,118,euro?xyzzy,euro?xyzzy,ign,_,_]
[118,119,euro!xyzzy,euro!xyzzy,ign,_,_]
[119,120,euro/xyzzy,euro/xyzzy,ign,_,_]
[120,121,euro(xyzzy,euro(xyzzy,ign,_,_]
[121,122,euro)xyzzy,euro)xyzzy,ign,_,_]
[122,123,euro,euro,ign,_,_]
[123,124,xyzzy,xyzzy,ign,_,_]
[124,125,euro,euro,ign,_,_]
[125,126,xyzzy,xyzzy,ign,_,_]
[126,127,euro,euro,ign,_,_]
[127,128,xyzzy,xyzzy,ign,_,_]
[128,129,euro-xyzzy,euro-xyzzy,ign,_,_]
[129,130,euroxyzzy,euroxyzzy,ign,_,_]
[130,131,euro,euro,ign,_,_]
[131,132,.,.,ign,_,_]
[132,133,Qmpx,Qmpx,ign,_,_]
[133,134,euro,euro,ign,_,_]
[134,135,,,,,ign,_,_]
[135,136,Qmpx,Qmpx,ign,_,_]
[136,137,euro,euro,ign,_,_]
[137,138,;,;,ign,_,_]
[138,139,Qmpx,Qmpx,ign,_,_]
[139,140,euro-Qmpx,euro-Qmpx,ign,_,_]
[140,141,euro:Qmpx,euro:Qmpx,ign,_,_]
[141,142,euro?Qmpx,euro?Qmpx,ign,_,_]
[142,143,euro!Qmpx,euro!Qmpx,ign,_,_]
[143,144,euro/Qmpx,euro/Qmpx,ign,_,_]
[144,145,euro(Qmpx,euro(Qmpx,ign,_,_]
[145,146,euro)Qmpx,euro)Qmpx,ign,_,_]
[146,147,euro,euro,ign,_,_]
[147,148,Qmpx,Qmpx,ign,_,_]
[148,149,euro,euro,ign,_,_]
[149,150,Qmpx,Qmpx,ign,_,_]
[150,151,euro,euro,ign,_,_]
[151,152,Qmpx,Qmpx,ign,_,_]
[152,153,euro-Qmpx,euro-Qmpx,ign,_,_]
[153,154,euroQmpx,euroQmpx,ign,_,_]
[154,155,euro,euro,ign,_,_]
[155,156,.,.,ign,_,_]
[156,157,123,123,ign,_,_]
[157,158,euro,euro,ign,_,_]
[158,159,,,,,ign,_,_]
[159,160,123,123,ign,_,_]
[160,161,euro,euro,ign,_,_]
[161,162,;,;,ign,_,_]
[162,163,123,123,ign,_,_]
[163,164,euro-123,euro-123,ign,_,_]
[164,165,euro:123,euro:123,ign,_,_]
[165,166,euro?123,euro?123,ign,_,_]
[166,167,euro!123,euro!123,ign,_,_]
[167,168,euro/123,euro/123,ign,_,_]
[168,169,euro(123,euro(123,ign,_,_]
[169,170,euro)123,euro)123,ign,_,_]
[170,171,euro,euro,ign,_,_]
[171,172,123,123,ign,_,_]
[172,173,euro,euro,ign,_,_]
[173,174,123,123,ign,_,_]
[174,175,euro,euro,ign,_,_]
[175,176,123,123,ign,_,_]
[176,177,euro-123,euro-123,ign,_,_]
[177,178,euro123,euro123,ign,_,_]
[178,179,euro,euro,ign,_,_]
[179,180,.,.,ign,_,_]
[180,181,VII,VII,ign,_,_]
[181,182,euro,euro,ign,_,_]
[182,183,,,,,ign,_,_]
[183,184,VII,VII,ign,_,_]
[184,185,euro,euro,ign,_,_]
[185,186,;,;,ign,_,_]
[186,187,VII,VII,ign,_,_]
[187,188,euro-VII,euro-VII,ign,_,_]
[188,189,euro:VII,euro:VII,ign,_,_]
[189,190,euro?VII,euro?VII,ign,_,_]
[190,191,euro!VII,euro!VII,ign,_,_]
[191,192,euro/VII,euro/VII,ign,_,_]
[192,193,euro(VII,euro(VII,ign,_,_]
[193,194,euro)VII,euro)VII,ign,_,_]
[194,195,euro,euro,ign,_,_]
[195,196,VII,VII,ign,_,_]
[196,197,euro,euro,ign,_,_]
[197,198,VII,VII,ign,_,_]
[198,199,euro,euro,ign,_,_]
[199,200,VII,VII,ign,_,_]
[200,201,euro-VII,euro-VII,ign,_,_]
[201,202,euroVII,euroVII,ign,_,_]
[202,203,kot,kot:nazwisko,subst:sg:nom:m1,nazwisko,samodzielnie]
[203,204,.,.,ign,_,_]
[204,205,kot,kot:nazwisko,subst:sg:nom:m1,nazwisko,samodzielnie]
[205,206,kot,kot:nazwisko,subst:sg:nom:m1,nazwisko,samodzielnie]
[206,207,,,,,ign,_,_]
[207,208,kot,kot:nazwisko,subst:sg:nom:m1,nazwisko,samodzielnie]
[208,209,kot,kot:nazwisko,subst:sg:nom:m1,nazwisko,samodzielnie]
[209,210,;,;,ign,_,_]
[210,211,kot,kot:nazwisko,subst:sg:nom:m1,nazwisko,samodzielnie]
[211,212,kot-kot,kot-kot,ign,_,_]
[212,213,kot:kot,kot:kot,ign,_,_]
[213,214,kot?kot,kot?kot,ign,_,_]
[214,215,kot!kot,kot!kot,ign,_,_]
[215,216,kot/kot,kot/kot,ign,_,_]
[216,217,kot(kot,kot(kot,ign,_,_]
[217,218,kot)kot,kot)kot,ign,_,_]
[218,219,kot,kot:nazwisko,subst:sg:nom:m1,nazwisko,samodzielnie]
[219,220,kot,kot:nazwisko,subst:sg:nom:m1,nazwisko,samodzielnie]
[220,221,kot,kot:nazwisko,subst:sg:nom:m1,nazwisko,samodzielnie]
[221,222,kot,kot:nazwisko,subst:sg:nom:m1,nazwisko,samodzielnie]
[222,223,kot,kot:nazwisko,subst:sg:nom:m1,nazwisko,samodzielnie]
[223,224,kot,kot:nazwisko,subst:sg:nom:m1,nazwisko,samodzielnie]
[224,225,kot-kot,kot-kot,ign,_,_]
[225,226,kotkot,kotkot,ign,_,_]
[226,227,kot,kot:nazwisko,subst:sg:nom:m1,nazwisko,samodzielnie]
[227,228,.,.,ign,_,_]
[228,229,pies,pies,ign,_,_]
[229,230,kot,kot:nazwisko,subst:sg:nom:m1,nazwisko,samodzielnie]
[230,231,,,,,ign,_,_]
[231,232,pies,pies,ign,_,_]
[232,233,kot,kot:nazwisko,subst:sg:nom:m1,nazwisko,samodzielnie]
[233,234,;,;,ign,_,_]
[234,235,pies,pies,ign,_,_]
[235,236,kot-pies,kot-pies,ign,_,_]
[236,237,kot:pies,kot:pies,ign,_,_]
[237,238,kot?pies,kot?pies,ign,_,_]
[238,239,kot!pies,kot!pies,ign,_,_]
[239,240,kot/pies,kot/pies,ign,_,_]
[240,241,kot(pies,kot(pies,ign,_,_]
[241,242,kot)pies,kot)pies,ign,_,_]
[242,243,kot,kot:nazwisko,subst:sg:nom:m1,nazwisko,samodzielnie]
[243,244,pies,pies,ign,_,_]
[244,245,kot,kot:nazwisko,subst:sg:nom:m1,nazwisko,samodzielnie]
[245,246,pies,pies,ign,_,_]
[246,247,kot,kot:nazwisko,subst:sg:nom:m1,nazwisko,samodzielnie]
[247,248,pies,pies,ign,_,_]
[248,249,kot-pies,kot-pies,ign,_,_]
[249,250,kotpies,kotpies,ign,_,_]
[250,251,kot,kot:nazwisko,subst:sg:nom:m1,nazwisko,samodzielnie]
[251,252,.,.,ign,_,_]
[252,253,xyzzy,xyzzy,ign,_,_]
[253,254,kot,kot:nazwisko,subst:sg:nom:m1,nazwisko,samodzielnie]
[254,255,,,,,ign,_,_]
[255,256,xyzzy,xyzzy,ign,_,_]
[256,257,kot,kot:nazwisko,subst:sg:nom:m1,nazwisko,samodzielnie]
[257,258,;,;,ign,_,_]
[258,259,xyzzy,xyzzy,ign,_,_]
[259,260,kot-xyzzy,kot-xyzzy,ign,_,_]
[260,261,kot:xyzzy,kot:xyzzy,ign,_,_]
[261,262,kot?xyzzy,kot?xyzzy,ign,_,_]
[262,263,kot!xyzzy,kot!xyzzy,ign,_,_]
[263,264,kot/xyzzy,kot/xyzzy,ign,_,_]
[264,265,kot(xyzzy,kot(xyzzy,ign,_,_]
[265,266,kot)xyzzy,kot)xyzzy,ign,_,_]
[266,267,kot,kot:nazwisko,subst:sg:nom:m1,nazwisko,samodzielnie]
[267,268,xyzzy,xyzzy,ign,_,_]
[268,269,kot,kot:nazwisko,subst:sg:nom:m1,nazwisko,samodzielnie]
[269,270,xyzzy,xyzzy,ign,_,_]
[270,271,kot,kot:nazwisko,subst:sg:nom:m1,nazwisko,samodzielnie]
[271,272,xyzzy,xyzzy,ign,_,_]
[272,273,kot-xyzzy,kot-xyzzy,ign,_,_]
[273,274,kotxyzzy,kotxyzzy,ign,_,_]
[274,275,kot,kot:nazwisko,subst:sg:nom:m1,nazwisko,samodzielnie]
[275,276,.,.,ign,_,_]
[276,277,Qmpx,Qmpx,ign,_,_]
[277,278,kot,kot:nazwisko,subst:sg:nom:m1,nazwisko,samodzielnie]
[278,279,,,,,ign,_,_]
[279,280,Qmpx,Qmpx,ign,_,_]
[280,281,kot,kot:nazwisko,subst:sg:nom:m1,nazwisko,samodzielnie]
[281,282,;,;,ign,_,_]
[282,283,Qmpx,Qmpx,ign,_,_]
[283,284,kot-Qmpx,kot-Qmpx,ign,_,_]
[284,285,kot:Qmpx,kot:Qmpx,ign,_,_]
[285,286,kot?Qmpx,kot?Qmpx,ign,_,_]
[286,287,kot!Qmpx,kot!Qmpx,ign,_,_]
[287,288,kot/Qmpx,kot/Qmpx,ign,_,_]
[288,289,kot(Qmpx,kot(Qmpx,ign,_,_]
[289,290,kot)Qmpx,kot)Qmpx,ign,_,_]
[290,291,kot,kot:nazwisko,subst:sg:nom:m1,nazwisko,samodzielnie]
[291,292,Qmpx,Qmpx,ign,_,_]
[292,293,kot,kot:nazwisko,subst:sg:nom:m1,nazwisko,samodzielnie]
[293,294,Qmpx,Qmpx,ign,_,_]
[294,295,kot,kot:nazwisko,subst:sg:nom:m1,nazwisko,samodzielnie]
[295,296,Qmpx,Qmpx,ign,_,_]
[296,297,kot-Qmpx,kot-Qmpx,ign,_,_]
[297,298,kotQmpx,kotQmpx,ign,_,_]
[298,299,kot,kot:nazwisko,subst:sg:nom:m1,nazwisko,samodzielnie]
[299,300,.,.,ign,_,_]
[300,301,123,123,ign,_,_]
[301,302,kot,kot:nazwisko,subst:sg:nom:m1,nazwisko,samodzielnie]
[302,303,,,,,ign,_,_]
[303,304,123,123,ign,_,_]
[304,305,kot,kot:nazwisko,subst:sg:nom:m1,nazwisko,samodzielnie]
[305,306,;,;,ign,_,_]
[306,307,123,123,ign,_,_]
[307,308,kot-123,kot-123,ign,_,_]
[308,309,kot:123,kot:123,ign,_,_]
[309,310,kot?123,kot?123,ign,_,_]
[310,311,kot!123,kot!123,ign,_,_]
[311,312,kot/123,kot/123,ign,_,_]
[312,313,kot(123,kot(123,ign,_,_]
[313,314,kot)123,kot)123,ign,_,_]
[314,315,kot,kot:nazwisko,subst:sg:nom:m1,nazwisko,samodzielnie]
[315,316,123,123,ign,_,_]
[316,317,kot,kot:nazwisko,subst:sg:nom:m1,nazwisko,samodzielnie]
[317,318,123,123,ign,_,_]
[318,319,kot,kot:nazwisko,subst:sg:nom:m1,nazwisko,samodzielnie]
[319,320,123,123,ign,_,_]
[320,321,kot-123,kot-123,ign,_,_]
[321,322,kot123,kot123,ign,_,_]
[322,323,kot,kot:nazwisko,subst:sg:nom:m1,nazwisko,samodzielnie]
[323,324,.,.,ign,_,_]
[324,325,VII,VII,ign,_,_]
[325,326,kot,kot:nazwisko,subst:sg:nom:m1,nazwisko,samodzielnie]
[326,327,,,,,ign,_,_]
[327,328,VII,VII,ign,_,_]
[328,329,kot,kot:nazwisko,subst:sg:nom:m1,nazwisko,samodzielnie]
[329,330,;,;,ign,_,_]
[330,331,VII,VII,ign,_,_]
[331,332,kot-VII,kot-VII,ign,_,_]
[332,333,kot:VII,kot:VII,ign,_,_]
[333,334,kot?VII,kot?VII,ign,_,_]
[334,335,kot!VII,kot!VII,ign,_,_]
[335,336,kot/VII,kot/VII,ign,_,_]
[336,337,kot(VII,kot(VII,ign,_,_]
[337,338,kot)VII,kot)VII,ign,_,_]
[338,339,kot,kot:nazwisko,subst:sg:nom:m1,nazwisko,samodzielnie]
[339,340,VII,VII,ign,_,_]
[340,341,kot,kot:nazwisko,subst:sg:nom:m1,nazwisko,samodzielnie]
[341,342,VII,VII,ign,_,_]
[342,343,kot,kot:nazwisko,subst:sg:nom:m1,nazwisko,samodzielnie]
[343,344,VII,VII,ign,_,_]
[344,345,kot-VII,kot-VII,ign,_,_]
[345,346,kotVII,kotVII,ign,_,_]
[346,347,pies,pies,ign,_,_]
[347,348,.,.,ign,_,_]
[348,349,pies,pies,ign,_,_]
[349,350,pies,pies,ign,_,_]
[350,351,,,,,ign,_,_]
[351,352,pies,pies,ign,_,_]
[352,353,pies,pies,ign,_,_]
[353,354,;,;,ign,_,_]
[354,355,pies,pies,ign,_,_]
[355,356,pies-pies,pies-pies,ign,_,_]
[356,357,pies:pies,pies:pies,ign,_,_]
[357,358,pies?pies,pies?pies,ign,_,_]
[358,359,pies!pies,pies!pies,ign,_,_]
[359,360,pies/pies,pies/pies,ign,_,_]
[360,361,pies(pies,pies(pies,ign,_,_]
[361,362,pies)pies,pies)pies,ign,_,_]
[362,363,pies,pies,ign,_,_]
[363,364,pies,pies,ign,_,_]
[364,365,pies,pies,ign,_,_]
[365,366,pies,pies,ign,_,_]
[366,367,pies,pies,ign,_,_]
[367,368,pies,pies,ign,_,_]
[368,369,pies-pies,pies-pies,ign,_,_]
[369,370,piespies,piespies,ign,_,_]
[370,371,pies,pies,ign,_,_]
[371,372,.,.,ign,_,_]
[372,373,xyzzy,xyzzy,ign,_,_]
[373,374,pies,pies,ign,_,_]
[374,375,,,,,ign,_,_]
[375,376,xyzzy,xyzzy,ign,_,_]
[376,377,pies,pies,ign,_,_]
[377,378,;,;,ign,_,_]
[378,379,xyzzy,xyzzy,ign,_,_]
[379,380,pies-xyzzy,pies-xyzzy,ign,_,_]
[380,381,pies:xyzzy,pies:xyzzy,ign,_,_]
[381,382,pies?xyzzy,pies?xyzzy,ign,_,_]
[382,383,pies!xyzzy,pies!xyzzy,ign,_,_]
[383,384,pies/xyzzy,pies/xyzzy,ign,_,_]
[384,385,pies(xyzzy,pies(xyzzy,ign,_,_]
[385,386,pies)xyzzy,pies)xyzzy,ign,_,_]
[386,387,pies,pies,ign,_,_]
[387,388,xyzzy,xyzzy,ign,_,_]
[388,389,pies,pies,ign,_,_]
[389,390,xyzzy,xyzzy,ign,_,_]
[390,391,pies,pies,ign,_,_]
[391,392,xyzzy,xyzzy,ign,_,_]
[392,393,pies-xyzzy,pies-xyzzy,ign,_,_]
[393,394,piesxyzzy,piesxyzzy,ign,_,_]
[394,395,pies,pies,ign,_,_]
[395,396,.,.,ign,_,_]
[396,397,Qmpx,Qmpx,ign,_,_]
[397,398,pies,pies,ign,_,_]
[398,399,,,,,ign,_,_]
[399,400,Qmpx,Qmpx,ign,_,_]
[400,401,pies,pies,ign,_,_]
[401,402,;,;,ign,_,_]
[402,403,Qmpx,Qmpx,ign,_,_]
[403,404,pies-Qmpx,pies-Qmpx,ign,_,_]
[404,405,pies:Qmpx,pies:Qmpx,ign,_,_]
[405,406,pies?Qmpx,pies?Qmpx,ign,_,_]
[406,407,pies!Qmpx,pies!Qmpx,ign,_,_]
[407,408,pies/Qmpx,pies/Qmpx,ign,_,_]
[408,409,pies(Qmpx,pies(Qmpx,ign,_,_]
[409,410,pies)Qmpx,pies)Qmpx,ign,_,_]
[410,411,pies,pies,ign,_,_]
[411,412,Qmpx,Qmpx,ign,_,_]
[412,413,pies,pies,ign,_,_]
[413,414,Qmpx,Qmpx,ign,_,_]
[414,415,pies,pies,ign,_,_]
[415,416,Qmpx,Qmpx,ign,_,_]
[416,417,pies-Qmpx,pies-Qmpx,ign,_,_]
[417,418,piesQmpx,piesQmpx,ign,_,_]
[418,419,pies,pies,ign,_,_]
[419,420,.,.,ign,_,_]
[420,421,123,123,ign,_,_]
[421,422,pies,pies,ign,_,_]
[422,423,,,,,ign,_,_]
[423,424,123,123,ign,_,_]
[424,425,pies,pies,ign,_,_]
[425,426,;,;,ign,_,_]
[426,427,123,123,ign,_,_]
[427,428,pies-123,pies-123,ign,_,_]
[428,429,pies:123,pies:123,ign,_,_]
[429,430,pies?123,pies?123,ign,_,_]
[430,431,pies!123,pies!123,ign,_,_]
[431,432,pies/123,pies/123,ign,_,_]
[432,433,pies(123,pies(123,ign,_,_]
[433,434,pies)123,pies)123,ign,_,_]
[434,435,pies,pies,ign,_,_]
[435,436,123,123,ign,_,_]
[436,437,pies,pies,ign,_,_]
[437,438,123,123,ign,_,_]
[438,439,pies,pies,ign,_,_]
[439,440,123,123,ign,_,_]
[440,441,pies-123,pies-123,ign,_,_]
[441,442,pies123,pies123,ign,_,_]
[442,443,pies,pies,ign,_,_]
[443,444,.,.,ign,_,_]
[444,445,VII,VII,ign,_,_]
[445,446,pies,pies,ign,_,_]
[446,447,,,,,ign,_,_]
[447,448,VII,VII,ign,_,_]
[448,449,pies,pies,ign,_,_]
[449,450,;,;,ign,_,_]
[450,451,VII,VII,ign,_,_]
[451,452,pies-VII,pies-VII,ign,_,_]
[452,453,pies:VII,pies:VII,ign,_,_]
[453,454,pies?VII,pies?VII,ign,_,_]
[454,455,pies!VII,pies!VII,ign,_,_]
[455,456,pies/VII,pies/VII,ign,_,_]
[456,457,pies(VII,pies(VII,ign,_,_]
[457,458,pies)VII,pies)VII,ign,_,_]
[458,459,pies,pies,ign,_,_]
[459,460,VII,VII,ign,_,_]
[460,461,pies,pies,ign,_,_]
[461,462,VII,VII,ign,_,_]
[462,463,pies,pies,ign,_,_]
[463,464,VII,VII,ign,_,_]
[464,465,pies-VII,pies-VII,ign,_,_]
[465,466,piesVII,piesVII,ign,_,_]
[466,467,xyzzy,xyzzy,ign,_,_]
[467,468,.,.,ign,_,_]
[468,469,xyzzy,xyzzy,ign,_,_]
[469,470,xyzzy,xyzzy,ign,_,_]
[470,471,,,,,ign,_,_]
[471,472,xyzzy,xyzzy,ign,_,_]
[472,473,xyzzy,xyzzy,ign,_,_]
[473,474,;,;,ign,_,_]
[474,475,xyzzy,xyzzy,ign,_,_]
[475,476,xyzzy-xyzzy,xyzzy-xyzzy,ign,_,_]
[476,477,xyzzy:xyzzy,xyzzy:xyzzy,ign,_,_]
[477,478,xyzzy?xyzzy,xyzzy?xyzzy,ign,_,_]
[478,479,xyzzy!xyzzy,xyzzy!xyzzy,ign,_,_]
[479,480,xyzzy/xyzzy,xyzzy/xyzzy,ign,_,_]
[480,481,xyzzy(xyzzy,xyzzy(xyzzy,ign,_,_]
[481,482,xyzzy)xyzzy,xyzzy)xyzzy,ign,_,_]
[482,483,xyzzy,xyzzy,ign,_,_]
[483,484,xyzzy,xyzzy,ign,_,_]
[484,485,xyzzy,xyzzy,ign,_,_]
[485,486,xyzzy,xyzzy,ign,_,_]
[486,487,xyzzy,xyzzy,ign,_,_]
[487,488,xyzzy,xyzzy,ign,_,_]
[488,489,xyzzy-xyzzy,xyzzy-xyzzy,ign,_,_]
[489,490,xyzzyxyzzy,xyzzyxyzzy,ign,_,_]
[490,491,xyzzy,xyzzy,ign,_,_]
[491,492,.,.,ign,_,_]
[492,493,Qmpx,Qmpx,ign,_,_]
[493,494,xyzzy,xyzzy,ign,_,_]
[494,495,,,,,ign,_,_]
[495,496,Qmpx,Qmpx,ign,_,_]
[496,497,xyzzy,xyzzy,ign,_,_]
[497,498,;,;,ign,_,_]
[498,499,Qmpx,Qmpx,ign,_,_]
[499,500,xyzzy-Qmpx,xyzzy-Qmpx,ign,_,_]
[500,501,xyzzy:Qmpx,xyzzy:Qmpx,ign,_,_]
[501,502,xyzzy?Qmpx,xyzzy?Qmpx,ign,_,_]
[502,503,xyzzy!Qmpx,xyzzy!Qmpx,ign,_,_]
[503,504,xyzzy/Qmpx,xyzzy/Qmpx,ign,_,_]
[504,505,xyzzy(Qmpx,xyzzy(Qmpx,ign,_,_]
[505,506,xyzzy)Qmpx,xyzzy)Qmpx,ign,_,_]
[506,507,xyzzy,xyzzy,ign,_,_]
[507,508,Qmpx,Qmpx,ign,_,_]
[508,509,xyzzy,xyzzy,ign,_,_]
[509,510,Qmpx,Qmpx,ign,_,_]
[510,511,xyzzy,xyzzy,ign,_,_]
[511,512,Qmpx,Qmpx,ign,_,_]
[512,513,xyzzy-Qmpx,xyzzy-Qmpx,ign,_,_]
[513,514,xyzzyQmpx,xyzzyQmpx,ign,_,_]
[514,515,xyzzy,xyzzy,ign,_,_]
[515,516,.,.,ign,_,_]
[516,517,123,123,ign,_,_]
[517,518,xyzzy,xyzzy,ign,_,_]
[518,519,,,,,ign,_,_]
[519,520,123,123,ign,_,_]
[520,521,xyzzy,xyzzy,ign,_,_]
[521,522,;,;,ign,_,_]
[522,523,123,123,ign,_,_]
[523,524,xyzzy-123,xyzzy-123,ign,_,_]
[524,525,xyzzy:123,xyzzy:123,ign,_,_]
[525,526,xyzzy?123,xyzzy?123,ign,_,_]
[526,527,xyzzy!123,xyzzy!123,ign,_,_]
[527,528,xyzzy/123,xyzzy/123,ign,_,_]
[528,529,xyzzy(123,xyzzy(123,ign,_,_]
[529,530,xyzzy)123,xyzzy)123,ign,_,_]
[530,531,xyzzy,xyzzy,ign,_,_]
[531,532,123,123,ign,_,_]
[532,533,xyzzy,xyzzy,ign,_,_]
[533,534,123,123,ign,_,_]
[534,535,xyzzy,xyzzy,ign,_,_]
[535,536,123,123,ign,_,_]
[536,537,xyzzy-123,xyzzy-123,ign,_,_]
[537,538,xyzzy123,xyzzy123,ign,_,_]
[538,539,xyzzy,xyzzy,ign,_,_]
[539,540,.,.,ign,_,_]
[540,541,VII,VII,ign,_,_]
[541,542,xyzzy,xyzzy,ign,_,_]
[542,543,,,,,ign,_,_]
[543,544,VII,VII,ign,_,_]
[544,545,xyzzy,xyzzy,ign,_,_]
[545,546,;,;,ign,_,_]
[546,547,VII,VII,ign,_,_]
[547,548,xyzzy-VII,xyzzy-VII,ign,_,_]
[548,549,xyzzy:VII,xyzzy:VII,ign,_,_]
[549,550,xyzzy?VII,xyzzy?VII,ign,_,_]
[550,551,xyzzy!VII,xyzzy!VII,ign,_,_]
[551,552,xyzzy/VII,xyzzy/VII,ign,_,_]
[552,553,xyzzy(VII,xyzzy(VII,ign,_,_]
[553,554,xyzzy)VII,xyzzy)VII,ign,_,_]
[554,555,xyzzy,xyzzy,ign,_,_]
[555,556,VII,VII,ign,_,_]
[556,557,xyzzy,xyzzy,ign,_,_]
[557,558,VII,VII,ign,_,_]
[558,559,xyzzy,xyzzy,ign,_,_]
[559,560,VII,VII,ign,_,_]
[560,561,xyzzy-VII,xyzzy-VII,ign,_,_]
[561,562,xyzzyVII,xyzzyVII,ign,_,_]
[562,563,Qmpx,Qmpx,ign,_,_]
[563,564,.,.,ign,_,_]
[564,565,Qmpx,Qmpx,ign,_,_]
[565,566,Qmpx,Qmpx,ign,_,_]
[566,567,,,,,ign,_,_]
[567,568,Qmpx,Qmpx,ign,_,_]
[568,569,Qmpx,Qmpx,ign,_,_]
[569,570,;,;,ign,_,_]
[570,571,Qmpx,Qmpx,ign,_,_]
[571,572,Qmpx-Qmpx,Qmpx-Qmpx,ign,_,_]
[572,573,Qmpx:Qmpx,Qmpx:Qmpx,ign,_,_]
[573,574,Qmpx?Qmpx,Qmpx?Qmpx,ign,_,_]
[574,575,Qmpx!Qmpx,Qmpx!Qmpx,ign,_,_]
[575,576,Qmpx/Qmpx,Qmpx/Qmpx,ign,_,_]
[576,577,Qmpx(Qmpx,Qmpx(Qmpx,ign,_,_]
[577,578,Qmpx)Qmpx,Qmpx)Qmpx,ign,_,_]
[578,579,Qmpx,Qmpx,ign,_,_]
[579,580,Qmpx,Qmpx,ign,_,_]
[580,581,Qmpx,Qmpx,ign,_,_]
[581,582,Qmpx,Qmpx,ign,_,_]
[582,583,Qmpx,Qmpx,ign,_,_]
[583,584,Qmpx,Qmpx,ign,_,_]
[584,585,Qmpx-Qmpx,Qmpx-Qmpx,ign,_,_]
[585,586,QmpxQmpx,QmpxQmpx,ign,_,_]
[586,587,Qmpx,Qmpx,ign,_,_]
[587,588,.,.,ign,_,_]
[588,589,123,123,ign,_,_]
[589,590,Qmpx,Qmpx,ign,_,_]
[590,591,,,,,ign,_,_]
[591,592,123,123,ign,_,_]
[592,593,Qmpx,Qmpx,ign,_,_]
[593,594,;,;,ign,_,_]
[594,595,123,123,ign,_,_]
[595,596,Qmpx-123,Qmpx-123,ign,_,_]
[596,597,Qmpx:123,Qmpx:123,ign,_,_]
[597,598,Qmpx?123,Qmpx?123,ign,_,_]
[598,599,Qmpx!123,Qmpx!123,ign,_,_]
[599,600,Qmpx/123,Qmpx/123,ign,_,_]
[600,601,Qmpx(123,Qmpx(123,ign,_,_]
[601,602,Qmpx)123,Qmpx)123,ign,_,_]
[602,603,Qmpx,Qmpx,ign,_,_]
[603,604,123,123,ign,_,_]
[604,605,Qmpx,Qmpx,ign,_,_]
[605,606,123,123,ign,_,_]
[606,607,Qmpx,Qmpx,ign,_,_]
[607,608,123,123,ign,_,_]
[608,609,Qmpx-123,Qmpx-123,ign,_,_]
[609,610,Qmpx123,Qmpx123,ign,_,_]
[610,611,Qmpx,Qmpx,ign,_,_]
[611,612,.,.,ign,_,_]
[612,613,VII,VII,ign,_,_]
[613,614,Qmpx,Qmpx,ign,_,_]
[614,615,,,,,ign,_,_]
[615,616,VII,VII,ign,_,_]
[616,617,Qmpx,Qmpx,ign,_,_]
[617,618,;,;,ign,_,_]
[618,619,VII,VII,ign,_,_]
[619,620,Qmpx-VII,Qmpx-VII,ign,_,_]
[620,621,Qmpx:VII,Qmpx:VII,ign,_,_]
[621,622,Qmpx?VII,Qmpx?VII,ign,_,_]
[622,623,Qmpx!VII,Qmpx!VII,ign,_,_]
[623,624,Qmpx/VII,Qmpx/VII,ign,_,_]
[624,625,Qmpx(VII,Qmpx(VII,ign,_,_]
[625,626,Qmpx)VII,Qmpx)VII,ign,_,_]
[626,627,Qmpx,Qmpx,ign,_,_]
[627,628,VII,VII,ign,_,_]
[628,629,Qmpx,Qmpx,ign,_,_]
[629,630,VII,VII,ign,_,_]
[630,631,Qmpx,Qmpx,ign,_,_]
[631,632,VII,VII,ign,_,_]
[632,633,Qmpx-VII,Qmpx-VII,ign,_,_]
[633,634,QmpxVII,QmpxVII,ign,_,_]
[634,635,123,123,ign,_,_]
[635,636,.,.,ign,_,_]
[636,637,123,123,ign,_,_]
[637,638,123,123,ign,_,_]
[638,639,,,,,ign,_,_]
[639,640,123,123,ign,_,_]
[640,641,123,123,ign,_,_]
[641,642,;,;,ign,_,_]
[642,643,123,123,ign,_,_]
[643,644,123-123,123-123,ign,_,_]
[644,645,123:123,123:123,ign,_,_]
[645,646,123?123,123?123,ign,_,_]
[646,647,123!123,123!123,ign,_,_]
[647,648,123/123,123/123,ign,_,_]
[648,649,123(123,123(123,ign,_,_]
[649,650,123)123,123)123,ign,_,_]
[650,651,123,123,ign,_,_]
[651,652,123,123,ign,_,_]
[652,653,123,123,ign,_,_]
[653,654,123,123,ign,_,_]
[654,655,123,123,ign,_,_]
[655,656,123,123,ign,_,_]
[656,657,123-123,123-123,ign,_,_]
[657,658,123123,123123,ign,_,_]
[658,659,123,123,ign,_,_]
[659,660,.,.,ign,_,_]
[660,661,VII,VII,ign,_,_]
[661,662,123,123,ign,_,_]
[662,663,,,,,ign,_,_]
[663,664,VII,VII,ign,_,_]
[664,665,123,123,ign,_,_]
[665,666,;,;,ign,_,_]
[666,667,VII,VII,ign,_,_]
[667,668,123-VII,123-VII,ign,_,_]
[668,669,123:VII,123:VII,ign,_,_]
[669,670,123?VII,123?VII,ign,_,_]
[670,671,123!VII,123!VII,ign,_,_]
[671,672,123/VII,123/VII,ign,_,_]
[672,673,123(VII,123(VII,ign,_,_]
[673,674,123)VII,123)VII,ign,_,_]
[674,675,123,123,ign,_,_]
[675,676,VII,VII,ign,_,_]
[676,677,123,123,ign,_,_]
[677,678,VII,VII,ign,_,_]
[678,679,123,123,ign,_,_]
[679,680,VII,VII,ign,_,_]
[680,681,123-VII,123-VII,ign,_,_]
[681,682,123VII,123VII,ign,_,_]
[682,683,VII,VII,ign,_,_]
[683,684,.,.,ign,_,_]
[684,685,VII,VII,ign,_,_]
[685,686,VII,VII,ign,_,_]
[686,687,,,,,ign,_,_]
[687,688,VII,VII,ign,_,_]
[688,689,VII,VII,ign,_,_]
[689,690,;,;,ign,_,_]
[690,691,VII,VII,ign,_,_]
[691,692,VII-VII,VII-VII,ign,_,_]
[692,693,VII:VII,VII:VII,ign,_,_]
[693,694,VII?VII,VII?VII,ign,_,_]
[694,695,VII!VII,VII!VII,ign,_,_]
[695,696,VII/VII,VII/VII,ign,_,_]
[696,697,VII(VII,VII(VII,ign,_,_]
[697,698,VII)VII,VII)VII,ign,_,_]
[698,699,VII,VII,ign,_,_]
[699,700,VII,VII,ign,_,_]
[700,701,VII,VII,ign,_,_]
[701,702,VII,VII,ign,_,_]
[702,703,VII,VII,ign,_,_]
[703,704,VII,VII,ign,_,_]
[704,705,VII-VII,VII-VII,ign,_,_]
[705,706,VIIVII,VIIVII,ign,_,_]
[706,707,.,.,ign,_,_]
[707,708,euro,euro,ign,_,_]
[708,709,.,.,ign,_,_]
[709,710,(euro),(euro),ign,_,_]
[710,711,euro,euro,ign,_,_]
[711,712,.,.,ign,_,_]
[712,713,.,.,ign,_,_]
[713,714,.,.,ign,_,_]
[714,715,-euro-,-euro-,ign,_,_]
[715,716,euro,euro,ign,_,_]
[716,717,,,,,ign,_,_]
[717,718,euro,euro,ign,_,_]
[718,719,;,;,ign,_,_]
[719,720,euro,euro,ign,_,_]
[720,721,euro,euro,ign,_,_]
[721,722,euro,euro,ign,_,_]
[722,723,.,.,ign,_,_]
[723,724,kot,kot:nazwisko,subst:sg:nom:m1,nazwisko,samodzielnie]
[724,725,.,.,ign,_,_]
[725,726,(kot),(kot),ign,_,_]
[726,727,kot,kot:nazwisko,subst:sg:nom:m1,nazwisko,samodzielnie]
[727,728,.,.,ign,_,_]
[728,729,.,.,ign,_,_]
[729,730,.,.,ign,_,_]
[730,731,-kot-,-kot-,ign,_,_]
[731,732,kot,kot:nazwisko,subst:sg:nom:m1,nazwisko,samodzielnie]
[732,733,,,,,ign,_,_]
[733,734,kot,kot:nazwisko,subst:sg:nom:m1,nazwisko,samodzielnie]
[734,735,;,;,ign,_,_]
[735,736,kot,kot:nazwisko,subst:sg:nom:m1,nazwisko,samodzielnie]
[736,737,kot,kot:nazwisko,subst:sg:nom:m1,nazwisko,samodzielnie]
[737,738,kot,kot:nazwisko,subst:sg:nom:m1,nazwisko,samodzielnie]
[738,739,.,.,ign,_,_]
[739,740,pies,pies,ign,_,_]
[740,741,.,.,ign,_,_]
[741,742,(pies),(pies),ign,_,_]
[742,743,pies,pies,ign,_,_]
[743,744,.,.,ign,_,_]
[744,745,.,.,ign,_,_]
[745,746,.,.,ign,_,_]
[746,747,-pies-,-pies-,ign,_,_]
[747,748,pies,pies,ign,_,_]
[748,749,,,,,ign,_,_]
[749,750,pies,pies,ign,_,_]
[750,751,;,;,ign,_,_]
[751,752,pies,pies,ign,_,_]
[752,753,pies,pies,ign,_,_]
[753,754,pies,pies,ign,_,_]
[754,755,.,.,ign,_,_]
[755,756,.,.,ign,_,_]
[756,757,.,.,ign,_,_]
[757,758,.,.,ign,_,_]
[758,759,.,.,ign,_,_]
[759,760,.,.,ign,_,_]
[760,761,,,,,ign,_,_]
[761,762,;,;,ign,_,_]
[762,763,-,-,ign,_,_]
[763,764,--,--,ign,_,_]
[764,765,.,.,ign,_,_]
[765,766,,,,,ign,_,_]
[766,767,;,;,ign,_,_]
[767,768,?!,?!,ign,_,_]
[768,769,(),(),ign,_,_]
[]
[]
[]
[769,770,a,a,ign,_,_]
[770,771,.,.,ign,_,_]
[771,772,b,b,ign,_,_]
[772,773,.,.,ign,_,_]
[773,774,c,c,ign,_,_]
[774,775,.,.,ign,_,_]
[775,776,d,d,ign,_,_]
[776,777,1,1,ign,_,_]
[777,778,,,,,ign,_,_]
[778,779,2,2,ign,_,_]
[779,780,,,,,ign,_,_]
[780,781,3,3,ign,_,_]
[781,782,x-y-z,x-y-z,ign,_,_]
[782,783,co?,co?,ign,_,_]
[783,784,n,n,ign,_,_]
[784,785,.,.,ign,_,_]
[785,786,p,p,ign,_,_]
[786,787,.,.,ign,_,_]
[787,788,p,p,ign,_,_]
[788,789,.,.,ign,_,_]
[789,790,n,n,ign,_,_]
[790,791,.,.,ign,_,_]
[791,792,e,e,ign,_,_]
[792,793,.,.,ign,_,_]
[793,794,tzn,tzn,ign,_,_]
[794,795,.,.,ign,_,_]
[795,796,O,O,ign,_,_]
[796,797,.,.,ign,_,_]
[797,798,K,K,ign,_,_]
[798,799,.,.,ign,_,_]
[799,800,3,3,ign,_,_]
[800,801,.,.,ign,_,_]
[801,802,14,14,ign,_,_]
[802,803,1+1,1+1,ign,_,_]

