[0,1,rad,rad:v,winien:sg:m1.m2.m3:imperf,_,_]
[0,2,rade,rad:v,winien:sg:n1.n2:imperf,_,_]
[0,3,radem,rad:s,subst:sg:inst:m3,nazwa pospolita,_]
[1,3,em,być,aglt:sg:pri:imperf:wok,_,_]
[2,3,m,być,aglt:sg:pri:imperf:nwok,_,_]
[3,4,,,,,interp,_,_]
[4,5,kaszanka,kaszanka,subst:sg:nom:f,nazwa pospolita,kulin.]
[0,1,rad,rad:v,winien:sg:m1.m2.m3:imperf,_,_]
[0,2,rade,rad:v,winien:sg:n1.n2:imperf,_,_]
[0,3,radem,rad:s,subst:sg:inst:m3,nazwa pospolita,_]
[1,3,em,być,aglt:sg:pri:imperf:wok,_,_]
[2,3,m,być,aglt:sg:pri:imperf:nwok,_,_]
[3,4,,,,,interp,_,_]
[4,5,,,,,interp,_,_]
[5,6,,,,,interp,_,_]
[0,1,kaszanka,kaszanka,subst:sg:nom:f,nazwa pospolita,kulin.]
[0,1,KASZANKA,kaszanka,subst:sg:nom:f,nazwa pospolita,kulin.]
[0,1,kaszanka,kaszanka,subst:sg:nom:f,nazwa pospolita,kulin.]
[0,1,Kaszanka,kaszanka,subst:sg:nom:f,nazwa pospolita,kulin.]
[0,1,KASZANKA,kaszanka,subst:sg:nom:f,nazwa pospolita,kulin.]
[0,1,rad,rad:v,winien:sg:m1.m2.m3:imperf,_,_]
[0,2,rade,rad:v,winien:sg:n1.n2:imperf,_,_]
[0,3,radem,rad:s,subst:sg:inst:m3,nazwa pospolita,_]
[1,3,em,być,aglt:sg:pri:imperf:wok,_,_]
[2,3,m,być,aglt:sg:pri:imperf:nwok,_,_]
[0,1,RAD,rad:v,winien:sg:m1.m2.m3:imperf,_,_]
[0,2,RADE,rad:v,winien:sg:n1.n2:imperf,_,_]
[0,3,RADEM,rad:s,subst:sg:inst:m3,nazwa pospolita,_]
[1,3,EM,być,aglt:sg:pri:imperf:wok,_,_]
[2,3,M,być,aglt:sg:pri:imperf:nwok,_,_]
[0,1,rad,rad:v,winien:sg:m1.m2.m3:imperf,_,_]
[0,2,rade,rad:v,winien:sg:n1.n2:imperf,_,_]
[0,3,radem,rad:s,subst:sg:inst:m3,nazwa pospolita,_]
[1,3,em,być,aglt:sg:pri:imperf:wok,_,_]
[2,3,m,być,aglt:sg:pri:imperf:nwok,_,_]
[0,1,Rad,rad:v,winien:sg:m1.m2.m3:imperf,_,_]
[0,2,Rade,rad:v,winien:sg:n1.n2:imperf,_,_]
[0,3,Radem,rad:s,subst:sg:inst:m3,nazwa pospolita,_]
[1,3,em,być,aglt:sg:pri:imperf:wok,_,_]
[2,3,m,być,aglt:sg:pri:imperf:nwok,_,_]
[0,1,RAD,rad:v,winien:sg:m1.m2.m3:imperf,_,_]
[0,2,RADE,rad:v,winien:sg:n1.n2:imperf,_,_]
[0,3,RADEM,rad:s,subst:sg:inst:m3,nazwa pospolita,_]
[1,3,EM,być,aglt:sg:pri:imperf:wok,_,_]
[2,3,M,być,aglt:sg:pri:imperf:nwok,_,_]
[0,1,rade,rad:v,winien:sg:n1.n2:imperf,_,_]
[0,1,RADE,rad:v,winien:sg:n1.n2:imperf,_,_]
[0,1,rade,rad:v,winien:sg:n1.n2:imperf,_,_]
[0,1,Rade,rad:v,winien:sg:n1.n2:imperf,_,_]
[0,1,RADE,rad:v,winien:sg:n1.n2:imperf,_,_]
[0,1,rad,rad:v,winien:sg:m1.m2.m3:imperf,_,_]
[0,1,RAD,rad:v,winien:sg:m1.m2.m3:imperf,_,_]
[0,1,rad,rad:v,winien:sg:m1.m2.m3:imperf,_,_]
[0,1,Rad,rad:v,winien:sg:m1.m2.m3:imperf,_,_]
[0,1,RAD,rad:v,winien:sg:m1.m2.m3:imperf,_,_]
[0,1,em,em,ign,_,_]
[0,1,EM,EM,ign,_,_]
[0,1,em,em,ign,_,_]
[0,1,Em,Em,ign,_,_]
[0,1,EM,EM,ign,_,_]
[0,1,m,m,ign,_,_]
[0,1,M,M,ign,_,_]
[0,1,m,m,ign,_,_]
[0,1,M,M,ign,_,_]
[0,1,M,M,ign,_,_]
[0,1,,,,,interp,_,_]
[0,1,,,,,interp,_,_]
[0,1,,,,,interp,_,_]
[0,1,,,,,interp,_,_]
[0,1,,,,,interp,_,_]
[0,1,kaszanka123,kaszanka123,ign,_,_]
[0,1,123kaszanka,123kaszanka,ign,_,_]
[0,1,kaszankax,kaszankax,ign,_,_]
[0,1,xkaszanka,xkaszanka,ign,_,_]
[0,1,kaszankakaszanka,kaszankakaszanka,ign,_,_]
[0,1,radem123,radem123,ign,_,_]
[0,1,123radem,123radem,ign,_,_]
[0,1,rademx,rademx,ign,_,_]
[0,1,xradem,xradem,ign,_,_]
[0,1,rademradem,rademradem,ign,_,_]
[0,1,rade123,rade123,ign,_,_]
[0,1,123rade,123rade,ign,_,_]
[0,1,radex,radex,ign,_,_]
[0,1,xrade,xrade,ign,_,_]
[0,1,raderade,raderade,ign,_,_]
[0,1,rad123,rad123,ign,_,_]
[0,1,123rad,123rad,ign,_,_]
[0,1,radx,radx,ign,_,_]
[0,1,xrad,xrad,ign,_,_]
[0,1,radrad,radrad,ign,_,_]
[0,1,kaszanka,kaszanka,subst:sg:nom:f,nazwa pospolita,kulin.]
[1,2,.,.,ign,_,_]
[2,3,kaszanka,kaszanka,subst:sg:nom:f,nazwa pospolita,kulin.]
[0,1,kaszanka,kaszanka,subst:sg:nom:f,nazwa pospolita,kulin.]
[1,2,,,,,interp,_,_]
[2,3,kaszanka,kaszanka,subst:sg:nom:f,nazwa pospolita,kulin.]
[0,1,kaszanka,kaszanka,subst:sg:nom:f,nazwa pospolita,kulin.]
[1,2,;,;,ign,_,_]
[2,3,kaszanka,kaszanka,subst:sg:nom:f,nazwa pospolita,kulin.]
[0,1,kaszanka-kaszanka,kaszanka-kaszanka,ign,_,_]
[0,1,kaszanka:kaszanka,kaszanka:kaszanka,ign,_,_]
[0,1,kaszanka?kaszanka,kaszanka?kaszanka,ign,_,_]
[0,1,kaszanka!kaszanka,kaszanka!kaszanka,ign,_,_]
[0,1,kaszanka/kaszanka,kaszanka/kaszanka,ign,_,_]
[0,1,kaszanka(kaszanka,kaszanka(kaszanka,ign,_,_]
[0,1,kaszanka)kaszanka,kaszanka)kaszanka,ign,_,_]
[0,1,kaszanka,kaszanka,subst:sg:nom:f,nazwa pospolita,kulin.]
[1,2,kaszanka,kaszanka,subst:sg:nom:f,nazwa pospolita,kulin.]
[0,1,kaszanka,kaszanka,subst:sg:nom:f,nazwa pospolita,kulin.]
[1,2,kaszanka,kaszanka,subst:sg:nom:f,nazwa pospolita,kulin.]
[0,1,kaszanka,kaszanka,subst:sg:nom:f,nazwa pospolita,kulin.]
[1,2,kaszanka,kaszanka,subst:sg:nom:f,nazwa pospolita,kulin.]
[0,1,kaszanka-kaszanka,kaszanka-kaszanka,ign,_,_]
[0,1,kaszankakaszanka,kaszankakaszanka,ign,_,_]
[0,1,kaszanka,kaszanka,subst:sg:nom:f,nazwa pospolita,kulin.]
[1,2,.,.,ign,_,_]
[2,3,rad,rad:v,winien:sg:m1.m2.m3:imperf,_,_]
[2,4,rade,rad:v,winien:sg:n1.n2:imperf,_,_]
[2,5,radem,rad:s,subst:sg:inst:m3,nazwa pospolita,_]
[3,5,em,być,aglt:sg:pri:imperf:wok,_,_]
[4,5,m,być,aglt:sg:pri:imperf:nwok,_,_]
[0,1,kaszanka,kaszanka,subst:sg:nom:f,nazwa pospolita,kulin.]
[1,2,,,,,interp,_,_]
[2,3,rad,rad:v,winien:sg:m1.m2.m3:imperf,_,_]
[2,4,rade,rad:v,winien:sg:n1.n2:imperf,_,_]
[2,5,radem,rad:s,subst:sg:inst:m3,nazwa pospolita,_]
[3,5,em,być,aglt:sg:pri:imperf:wok,_,_]
[4,5,m,być,aglt:sg:pri:imperf:nwok,_,_]
[0,1,kaszanka,kaszanka,subst:sg:nom:f,nazwa pospolita,kulin.]
[1,2,;,;,ign,_,_]
[2,3,rad,rad:v,winien:sg:m1.m2.m3:imperf,_,_]
[2,4,rade,rad:v,winien:sg:n1.n2:imperf,_,_]
[2,5,radem,rad:s,subst:sg:inst:m3,nazwa pospolita,_]
[3,5,em,być,aglt:sg:pri:imperf:wok,_,_]
[4,5,m,być,aglt:sg:pri:imperf:nwok,_,_]
[0,1,kaszanka-radem,kaszanka-radem,ign,_,_]
[0,1,kaszanka:radem,kaszanka:radem,ign,_,_]
[0,1,kaszanka?radem,kaszanka?radem,ign,_,_]
[0,1,kaszanka!radem,kaszanka!radem,ign,_,_]
[0,1,kaszanka/radem,kaszanka/radem,ign,_,_]
[0,1,kaszanka(radem,kaszanka(radem,ign,_,_]
[0,1,kaszanka)radem,kaszanka)radem,ign,_,_]
[0,1,kaszanka,kaszanka,subst:sg:nom:f,nazwa pospolita,kulin.]
[1,2,rad,rad:v,winien:sg:m1.m2.m3:imperf,_,_]
[1,3,rade,rad:v,winien:sg:n1.n2:imperf,_,_]
[1,4,radem,rad:s,subst:sg:inst:m3,nazwa pospolita,_]
[2,4,em,być,aglt:sg:pri:imperf:wok,_,_]
[3,4,m,być,aglt:sg:pri:imperf:nwok,_,_]
[0,1,kaszanka,kaszanka,subst:sg:nom:f,nazwa pospolita,kulin.]
[1,2,rad,rad:v,winien:sg:m1.m2.m3:imperf,_,_]
[1,3,rade,rad:v,winien:sg:n1.n2:imperf,_,_]
[1,4,radem,rad:s,subst:sg:inst:m3,nazwa pospolita,_]
[2,4,em,być,aglt:sg:pri:imperf:wok,_,_]
[3,4,m,być,aglt:sg:pri:imperf:nwok,_,_]
[0,1,kaszanka,kaszanka,subst:sg:nom:f,nazwa pospolita,kulin.]
[1,2,rad,rad:v,winien:sg:m1.m2.m3:imperf,_,_]
[1,3,rade,rad:v,winien:sg:n1.n2:imperf,_,_]
[1,4,radem,rad:s,subst:sg:inst:m3,nazwa pospolita,_]
[2,4,em,być,aglt:sg:pri:imperf:wok,_,_]
[3,4,m,być,aglt:sg:pri:imperf:nwok,_,_]
[0,1,kaszanka-radem,kaszanka-radem,ign,_,_]
[0,1,kaszankaradem,kaszankaradem,ign,_,_]
[0,1,kaszanka,kaszanka,subst:sg:nom:f,nazwa pospolita,kulin.]
[1,2,.,.,ign,_,_]
[2,3,rade,rad:v,winien:sg:n1.n2:imperf,_,_]
[0,1,kaszanka,kaszanka,subst:sg:nom:f,nazwa pospolita,kulin.]
[1,2,,,,,interp,_,_]
[2,3,rade,rad:v,winien:sg:n1.n2:imperf,_,_]
[0,1,kaszanka,kaszanka,subst:sg:nom:f,nazwa pospolita,kulin.]
[1,2,;,;,ign,_,_]
[2,3,rade,rad:v,winien:sg:n1.n2:imperf,_,_]
[0,1,kaszanka-rade,kaszanka-rade,ign,_,_]
[0,1,kaszanka:rade,kaszanka:rade,ign,_,_]
[0,1,kaszanka?rade,kaszanka?rade,ign,_,_]
[0,1,kaszanka!rade,kaszanka!rade,ign,_,_]
[0,1,kaszanka/rade,kaszanka/rade,ign,_,_]
[0,1,kaszanka(rade,kaszanka(rade,ign,_,_]
[0,1,kaszanka)rade,kaszanka)rade,ign,_,_]
[0,1,kaszanka,kaszanka,subst:sg:nom:f,nazwa pospolita,kulin.]
[1,2,rade,rad:v,winien:sg:n1.n2:imperf,_,_]
[0,1,kaszanka,kaszanka,subst:sg:nom:f,nazwa pospolita,kulin.]
[1,2,rade,rad:v,winien:sg:n1.n2:imperf,_,_]
[0,1,kaszanka,kaszanka,subst:sg:nom:f,nazwa pospolita,kulin.]
[1,2,rade,rad:v,winien:sg:n1.n2:imperf,_,_]
[0,1,kaszanka-rade,kaszanka-rade,ign,_,_]
[0,1,kaszankarade,kaszankarade,ign,_,_]
[0,1,kaszanka,kaszanka,subst:sg:nom:f,nazwa pospolita,kulin.]
[1,2,.,.,ign,_,_]
[2,3,rad,rad:v,winien:sg:m1.m2.m3:imperf,_,_]
[0,1,kaszanka,kaszanka,subst:sg:nom:f,nazwa pospolita,kulin.]
[1,2,,,,,interp,_,_]
[2,3,rad,rad:v,winien:sg:m1.m2.m3:imperf,_,_]
[0,1,kaszanka,kaszanka,subst:sg:nom:f,nazwa pospolita,kulin.]
[1,2,;,;,ign,_,_]
[2,3,rad,rad:v,winien:sg:m1.m2.m3:imperf,_,_]
[0,1,kaszanka-rad,kaszanka-rad,ign,_,_]
[0,1,kaszanka:rad,kaszanka:rad,ign,_,_]
[0,1,kaszanka?rad,kaszanka?rad,ign,_,_]
[0,1,kaszanka!rad,kaszanka!rad,ign,_,_]
[0,1,kaszanka/rad,kaszanka/rad,ign,_,_]
[0,1,kaszanka(rad,kaszanka(rad,ign,_,_]
[0,1,kaszanka)rad,kaszanka)rad,ign,_,_]
[0,1,kaszanka,kaszanka,subst:sg:nom:f,nazwa pospolita,kulin.]
[1,2,rad,rad:v,winien:sg:m1.m2.m3:imperf,_,_]
[0,1,kaszanka,kaszanka,subst:sg:nom:f,nazwa pospolita,kulin.]
[1,2,rad,rad:v,winien:sg:m1.m2.m3:imperf,_,_]
[0,1,kaszanka,kaszanka,subst:sg:nom:f,nazwa pospolita,kulin.]
[1,2,rad,rad:v,winien:sg:m1.m2.m3:imperf,_,_]
[0,1,kaszanka-rad,kaszanka-rad,ign,_,_]
[0,1,kaszankarad,kaszankarad,ign,_,_]
[0,1,kaszanka,kaszanka,subst:sg:nom:f,nazwa pospolita,kulin.]
[1,2,.,.,ign,_,_]
[2,3,em,em,ign,_,_]
[0,1,kaszanka,kaszanka,subst:sg:nom:f,nazwa pospolita,kulin.]
[1,2,,,,,interp,_,_]
[2,3,em,em,ign,_,_]
[0,1,kaszanka,kaszanka,subst:sg:nom:f,nazwa pospolita,kulin.]
[1,2,;,;,ign,_,_]
[2,3,em,em,ign,_,_]
[0,1,kaszanka-em,kaszanka-em,ign,_,_]
[0,1,kaszanka:em,kaszanka:em,ign,_,_]
[0,1,kaszanka?em,kaszanka?em,ign,_,_]
[0,1,kaszanka!em,kaszanka!em,ign,_,_]
[0,1,kaszanka/em,kaszanka/em,ign,_,_]
[0,1,kaszanka(em,kaszanka(em,ign,_,_]
[0,1,kaszanka)em,kaszanka)em,ign,_,_]
[0,1,kaszanka,kaszanka,subst:sg:nom:f,nazwa pospolita,kulin.]
[1,2,em,em,ign,_,_]
[0,1,kaszanka,kaszanka,subst:sg:nom:f,nazwa pospolita,kulin.]
[1,2,em,em,ign,_,_]
[0,1,kaszanka,kaszanka,subst:sg:nom:f,nazwa pospolita,kulin.]
[1,2,em,em,ign,_,_]
[0,1,kaszanka-em,kaszanka-em,ign,_,_]
[0,1,kaszankaem,kaszankaem,ign,_,_]
[0,1,kaszanka,kaszanka,subst:sg:nom:f,nazwa pospolita,kulin.]
[1,2,.,.,ign,_,_]
[2,3,xyzzy,xyzzy,ign,_,_]
[0,1,kaszanka,kaszanka,subst:sg:nom:f,nazwa pospolita,kulin.]
[1,2,,,,,interp,_,_]
[2,3,xyzzy,xyzzy,ign,_,_]
[0,1,kaszanka,kaszanka,subst:sg:nom:f,nazwa pospolita,kulin.]
[1,2,;,;,ign,_,_]
[2,3,xyzzy,xyzzy,ign,_,_]
[0,1,kaszanka-xyzzy,kaszanka-xyzzy,ign,_,_]
[0,1,kaszanka:xyzzy,kaszanka:xyzzy,ign,_,_]
[0,1,kaszanka?xyzzy,kaszanka?xyzzy,ign,_,_]
[0,1,kaszanka!xyzzy,kaszanka!xyzzy,ign,_,_]
[0,1,kaszanka/xyzzy,kaszanka/xyzzy,ign,_,_]
[0,1,kaszanka(xyzzy,kaszanka(xyzzy,ign,_,_]
[0,1,kaszanka)xyzzy,kaszanka)xyzzy,ign,_,_]
[0,1,kaszanka,kaszanka,subst:sg:nom:f,nazwa pospolita,kulin.]
[1,2,xyzzy,xyzzy,ign,_,_]
[0,1,kaszanka,kaszanka,subst:sg:nom:f,nazwa pospolita,kulin.]
[1,2,xyzzy,xyzzy,ign,_,_]
[0,1,kaszanka,kaszanka,subst:sg:nom:f,nazwa pospolita,kulin.]
[1,2,xyzzy,xyzzy,ign,_,_]
[0,1,kaszanka-xyzzy,kaszanka-xyzzy,ign,_,_]
[0,1,kaszankaxyzzy,kaszankaxyzzy,ign,_,_]
[0,1,kaszanka,kaszanka,subst:sg:nom:f,nazwa pospolita,kulin.]
[1,2,.,.,ign,_,_]
[2,3,Qmpx,Qmpx,ign,_,_]
[0,1,kaszanka,kaszanka,subst:sg:nom:f,nazwa pospolita,kulin.]
[1,2,,,,,interp,_,_]
[2,3,Qmpx,Qmpx,ign,_,_]
[0,1,kaszanka,kaszanka,subst:sg:nom:f,nazwa pospolita,kulin.]
[1,2,;,;,ign,_,_]
[2,3,Qmpx,Qmpx,ign,_,_]
[0,1,kaszanka-Qmpx,kaszanka-Qmpx,ign,_,_]
[0,1,kaszanka:Qmpx,kaszanka:Qmpx,ign,_,_]
[0,1,kaszanka?Qmpx,kaszanka?Qmpx,ign,_,_]
[0,1,kaszanka!Qmpx,kaszanka!Qmpx,ign,_,_]
[0,1,kaszanka/Qmpx,kaszanka/Qmpx,ign,_,_]
[0,1,kaszanka(Qmpx,kaszanka(Qmpx,ign,_,_]
[0,1,kaszanka)Qmpx,kaszanka)Qmpx,ign,_,_]
[0,1,kaszanka,kaszanka,subst:sg:nom:f,nazwa pospolita,kulin.]
[1,2,Qmpx,Qmpx,ign,_,_]
[0,1,kaszanka,kaszanka,subst:sg:nom:f,nazwa pospolita,kulin.]
[1,2,Qmpx,Qmpx,ign,_,_]
[0,1,kaszanka,kaszanka,subst:sg:nom:f,nazwa pospolita,kulin.]
[1,2,Qmpx,Qmpx,ign,_,_]
[0,1,kaszanka-Qmpx,kaszanka-Qmpx,ign,_,_]
[0,1,kaszankaQmpx,kaszankaQmpx,ign,_,_]
[0,1,kaszanka,kaszanka,subst:sg:nom:f,nazwa pospolita,kulin.]
[1,2,.,.,ign,_,_]
[2,3,123,123,ign,_,_]
[0,1,kaszanka,kaszanka,subst:sg:nom:f,nazwa pospolita,kulin.]
[1,2,,,,,interp,_,_]
[2,3,123,123,ign,_,_]
[0,1,kaszanka,kaszanka,subst:sg:nom:f,nazwa pospolita,kulin.]
[1,2,;,;,ign,_,_]
[2,3,123,123,ign,_,_]
[0,1,kaszanka-123,kaszanka-123,ign,_,_]
[0,1,kaszanka:123,kaszanka:123,ign,_,_]
[0,1,kaszanka?123,kaszanka?123,ign,_,_]
[0,1,kaszanka!123,kaszanka!123,ign,_,_]
[0,1,kaszanka/123,kaszanka/123,ign,_,_]
[0,1,kaszanka(123,kaszanka(123,ign,_,_]
[0,1,kaszanka)123,kaszanka)123,ign,_,_]
[0,1,kaszanka,kaszanka,subst:sg:nom:f,nazwa pospolita,kulin.]
[1,2,123,123,ign,_,_]
[0,1,kaszanka,kaszanka,subst:sg:nom:f,nazwa pospolita,kulin.]
[1,2,123,123,ign,_,_]
[0,1,kaszanka,kaszanka,subst:sg:nom:f,nazwa pospolita,kulin.]
[1,2,123,123,ign,_,_]
[0,1,kaszanka-123,kaszanka-123,ign,_,_]
[0,1,kaszanka123,kaszanka123,ign,_,_]
[0,1,kaszanka,kaszanka,subst:sg:nom:f,nazwa pospolita,kulin.]
[1,2,.,.,ign,_,_]
[2,3,VII,VII,ign,_,_]
[0,1,kaszanka,kaszanka,subst:sg:nom:f,nazwa pospolita,kulin.]
[1,2,,,,,interp,_,_]
[2,3,VII,VII,ign,_,_]
[0,1,kaszanka,kaszanka,subst:sg:nom:f,nazwa pospolita,kulin.]
[1,2,;,;,ign,_,_]
[2,3,VII,VII,ign,_,_]
[0,1,kaszanka-VII,kaszanka-VII,ign,_,_]
[0,1,kaszanka:VII,kaszanka:VII,ign,_,_]
[0,1,kaszanka?VII,kaszanka?VII,ign,_,_]
[0,1,kaszanka!VII,kaszanka!VII,ign,_,_]
[0,1,kaszanka/VII,kaszanka/VII,ign,_,_]
[0,1,kaszanka(VII,kaszanka(VII,ign,_,_]
[0,1,kaszanka)VII,kaszanka)VII,ign,_,_]
[0,1,kaszanka,kaszanka,subst:sg:nom:f,nazwa pospolita,kulin.]
[1,2,VII,VII,ign,_,_]
[0,1,kaszanka,kaszanka,subst:sg:nom:f,nazwa pospolita,kulin.]
[1,2,VII,VII,ign,_,_]
[0,1,kaszanka,kaszanka,subst:sg:nom:f,nazwa pospolita,kulin.]
[1,2,VII,VII,ign,_,_]
[0,1,kaszanka-VII,kaszanka-VII,ign,_,_]
[0,1,kaszankaVII,kaszankaVII,ign,_,_]
[0,1,rad,rad:v,winien:sg:m1.m2.m3:imperf,_,_]
[0,2,rade,rad:v,winien:sg:n1.n2:imperf,_,_]
[0,3,radem,rad:s,subst:sg:inst:m3,nazwa pospolita,_]
[1,3,em,być,aglt:sg:pri:imperf:wok,_,_]
[2,3,m,być,aglt:sg:pri:imperf:nwok,_,_]
[3,4,.,.,ign,_,_]
[4,5,rad,rad:v,winien:sg:m1.m2.m3:imperf,_,_]
[4,6,rade,rad:v,winien:sg:n1.n2:imperf,_,_]
[4,7,radem,rad:s,subst:sg:inst:m3,nazwa pospolita,_]
[5,7,em,być,aglt:sg:pri:imperf:wok,_,_]
[6,7,m,być,aglt:sg:pri:imperf:nwok,_,_]
[0,1,rad,rad:v,winien:sg:m1.m2.m3:imperf,_,_]
[0,2,rade,rad:v,winien:sg:n1.n2:imperf,_,_]
[0,3,radem,rad:s,subst:sg:inst:m3,nazwa pospolita,_]
[1,3,em,być,aglt:sg:pri:imperf:wok,_,_]
[2,3,m,być,aglt:sg:pri:imperf:nwok,_,_]
[3,4,,,,,interp,_,_]
[4,5,rad,rad:v,winien:sg:m1.m2.m3:imperf,_,_]
[4,6,rade,rad:v,winien:sg:n1.n2:imperf,_,_]
[4,7,radem,rad:s,subst:sg:inst:m3,nazwa pospolita,_]
[5,7,em,być,aglt:sg:pri:imperf:wok,_,_]
[6,7,m,być,aglt:sg:pri:imperf:nwok,_,_]
[0,1,rad,rad:v,winien:sg:m1.m2.m3:imperf,_,_]
[0,2,rade,rad:v,winien:sg:n1.n2:imperf,_,_]
[0,3,radem,rad:s,subst:sg:inst:m3,nazwa pospolita,_]
[1,3,em,być,aglt:sg:pri:imperf:wok,_,_]
[2,3,m,być,aglt:sg:pri:imperf:nwok,_,_]
[3,4,;,;,ign,_,_]
[4,5,rad,rad:v,winien:sg:m1.m2.m3:imperf,_,_]
[4,6,rade,rad:v,winien:sg:n1.n2:imperf,_,_]
[4,7,radem,rad:s,subst:sg:inst:m3,nazwa pospolita,_]
[5,7,em,być,aglt:sg:pri:imperf:wok,_,_]
[6,7,m,być,aglt:sg:pri:imperf:nwok,_,_]
[0,1,radem-radem,radem-radem,ign,_,_]
[0,1,radem:radem,radem:radem,ign,_,_]
[0,1,radem?radem,radem?radem,ign,_,_]
[0,1,radem!radem,radem!radem,ign,_,_]
[0,1,radem/radem,radem/radem,ign,_,_]
[0,1,radem(radem,radem(radem,ign,_,_]
[0,1,radem)radem,radem)radem,ign,_,_]
[0,1,rad,rad:v,winien:sg:m1.m2.m3:imperf,_,_]
[0,2,rade,rad:v,winien:sg:n1.n2:imperf,_,_]
[0,3,radem,rad:s,subst:sg:inst:m3,nazwa pospolita,_]
[1,3,em,być,aglt:sg:pri:imperf:wok,_,_]
[2,3,m,być,aglt:sg:pri:imperf:nwok,_,_]
[3,4,rad,rad:v,winien:sg:m1.m2.m3:imperf,_,_]
[3,5,rade,rad:v,winien:sg:n1.n2:imperf,_,_]
[3,6,radem,rad:s,subst:sg:inst:m3,nazwa pospolita,_]
[4,6,em,być,aglt:sg:pri:imperf:wok,_,_]
[5,6,m,być,aglt:sg:pri:imperf:nwok,_,_]
[0,1,rad,rad:v,winien:sg:m1.m2.m3:imperf,_,_]
[0,2,rade,rad:v,winien:sg:n1.n2:imperf,_,_]
[0,3,radem,rad:s,subst:sg:inst:m3,nazwa pospolita,_]
[1,3,em,być,aglt:sg:pri:imperf:wok,_,_]
[2,3,m,być,aglt:sg:pri:imperf:nwok,_,_]
[3,4,rad,rad:v,winien:sg:m1.m2.m3:imperf,_,_]
[3,5,rade,rad:v,winien:sg:n1.n2:imperf,_,_]
[3,6,radem,rad:s,subst:sg:inst:m3,nazwa pospolita,_]
[4,6,em,być,aglt:sg:pri:imperf:wok,_,_]
[5,6,m,być,aglt:sg:pri:imperf:nwok,_,_]
[0,1,rad,rad:v,winien:sg:m1.m2.m3:imperf,_,_]
[0,2,rade,rad:v,winien:sg:n1.n2:imperf,_,_]
[0,3,radem,rad:s,subst:sg:inst:m3,nazwa pospolita,_]
[1,3,em,być,aglt:sg:pri:imperf:wok,_,_]
[2,3,m,być,aglt:sg:pri:imperf:nwok,_,_]
[3,4,rad,rad:v,winien:sg:m1.m2.m3:imperf,_,_]
[3,5,rade,rad:v,winien:sg:n1.n2:imperf,_,_]
[3,6,radem,rad:s,subst:sg:inst:m3,nazwa pospolita,_]
[4,6,em,być,aglt:sg:pri:imperf:wok,_,_]
[5,6,m,być,aglt:sg:pri:imperf:nwok,_,_]
[0,1,radem-radem,radem-radem,ign,_,_]
[0,1,rademradem,rademradem,ign,_,_]
[0,1,rad,rad:v,winien:sg:m1.m2.m3:imperf,_,_]
[0,2,rade,rad:v,winien:sg:n1.n2:imperf,_,_]
[0,3,radem,rad:s,subst:sg:inst:m3,nazwa pospolita,_]
[1,3,em,być,aglt:sg:pri:imperf:wok,_,_]
[2,3,m,być,aglt:sg:pri:imperf:nwok,_,_]
[3,4,.,.,ign,_,_]
[4,5,rade,rad:v,winien:sg:n1.n2:imperf,_,_]
[0,1,rad,rad:v,winien:sg:m1.m2.m3:imperf,_,_]
[0,2,rade,rad:v,winien:sg:n1.n2:imperf,_,_]
[0,3,radem,rad:s,subst:sg:inst:m3,nazwa pospolita,_]
[1,3,em,być,aglt:sg:pri:imperf:wok,_,_]
[2,3,m,być,aglt:sg:pri:imperf:nwok,_,_]
[3,4,,,,,interp,_,_]
[4,5,rade,rad:v,winien:sg:n1.n2:imperf,_,_]
[0,1,rad,rad:v,winien:sg:m1.m2.m3:imperf,_,_]
[0,2,rade,rad:v,winien:sg:n1.n2:imperf,_,_]
[0,3,radem,rad:s,subst:sg:inst:m3,nazwa pospolita,_]
[1,3,em,być,aglt:sg:pri:imperf:wok,_,_]
[2,3,m,być,aglt:sg:pri:imperf:nwok,_,_]
[3,4,;,;,ign,_,_]
[4,5,rade,rad:v,winien:sg:n1.n2:imperf,_,_]
[0,1,radem-rade,radem-rade,ign,_,_]
[0,1,radem:rade,radem:rade,ign,_,_]
[0,1,radem?rade,radem?rade,ign,_,_]
[0,1,radem!rade,radem!rade,ign,_,_]
[0,1,radem/rade,radem/rade,ign,_,_]
[0,1,radem(rade,radem(rade,ign,_,_]
[0,1,radem)rade,radem)rade,ign,_,_]
[0,1,rad,rad:v,winien:sg:m1.m2.m3:imperf,_,_]
[0,2,rade,rad:v,winien:sg:n1.n2:imperf,_,_]
[0,3,radem,rad:s,subst:sg:inst:m3,nazwa pospolita,_]
[1,3,em,być,aglt:sg:pri:imperf:wok,_,_]
[2,3,m,być,aglt:sg:pri:imperf:nwok,_,_]
[3,4,rade,rad:v,winien:sg:n1.n2:imperf,_,_]
[0,1,rad,rad:v,winien:sg:m1.m2.m3:imperf,_,_]
[0,2,rade,rad:v,winien:sg:n1.n2:imperf,_,_]
[0,3,radem,rad:s,subst:sg:inst:m3,nazwa pospolita,_]
[1,3,em,być,aglt:sg:pri:imperf:wok,_,_]
[2,3,m,być,aglt:sg:pri:imperf:nwok,_,_]
[3,4,rade,rad:v,winien:sg:n1.n2:imperf,_,_]
[0,1,rad,rad:v,winien:sg:m1.m2.m3:imperf,_,_]
[0,2,rade,rad:v,winien:sg:n1.n2:imperf,_,_]
[0,3,radem,rad:s,subst:sg:inst:m3,nazwa pospolita,_]
[1,3,em,być,aglt:sg:pri:imperf:wok,_,_]
[2,3,m,być,aglt:sg:pri:imperf:nwok,_,_]
[3,4,rade,rad:v,winien:sg:n1.n2:imperf,_,_]
[0,1,radem-rade,radem-rade,ign,_,_]
[0,1,rademrade,rademrade,ign,_,_]
[0,1,rad,rad:v,winien:sg:m1.m2.m3:imperf,_,_]
[0,2,rade,rad:v,winien:sg:n1.n2:imperf,_,_]
[0,3,radem,rad:s,subst:sg:inst:m3,nazwa pospolita,_]
[1,3,em,być,aglt:sg:pri:imperf:wok,_,_]
[2,3,m,być,aglt:sg:pri:imperf:nwok,_,_]
[3,4,.,.,ign,_,_]
[4,5,rad,rad:v,winien:sg:m1.m2.m3:imperf,_,_]
[0,1,rad,rad:v,winien:sg:m1.m2.m3:imperf,_,_]
[0,2,rade,rad:v,winien:sg:n1.n2:imperf,_,_]
[0,3,radem,rad:s,subst:sg:inst:m3,nazwa pospolita,_]
[1,3,em,być,aglt:sg:pri:imperf:wok,_,_]
[2,3,m,być,aglt:sg:pri:imperf:nwok,_,_]
[3,4,,,,,interp,_,_]
[4,5,rad,rad:v,winien:sg:m1.m2.m3:imperf,_,_]
[0,1,rad,rad:v,winien:sg:m1.m2.m3:imperf,_,_]
[0,2,rade,rad:v,winien:sg:n1.n2:imperf,_,_]
[0,3,radem,rad:s,subst:sg:inst:m3,nazwa pospolita,_]
[1,3,em,być,aglt:sg:pri:imperf:wok,_,_]
[2,3,m,być,aglt:sg:pri:imperf:nwok,_,_]
[3,4,;,;,ign,_,_]
[4,5,rad,rad:v,winien:sg:m1.m2.m3:imperf,_,_]
[0,1,radem-rad,radem-rad,ign,_,_]
[0,1,radem:rad,radem:rad,ign,_,_]
[0,1,radem?rad,radem?rad,ign,_,_]
[0,1,radem!rad,radem!rad,ign,_,_]
[0,1,radem/rad,radem/rad,ign,_,_]
[0,1,radem(rad,radem(rad,ign,_,_]
[0,1,radem)rad,radem)rad,ign,_,_]
[0,1,rad,rad:v,winien:sg:m1.m2.m3:imperf,_,_]
[0,2,rade,rad:v,winien:sg:n1.n2:imperf,_,_]
[0,3,radem,rad:s,subst:sg:inst:m3,nazwa pospolita,_]
[1,3,em,być,aglt:sg:pri:imperf:wok,_,_]
[2,3,m,być,aglt:sg:pri:imperf:nwok,_,_]
[3,4,rad,rad:v,winien:sg:m1.m2.m3:imperf,_,_]
[0,1,rad,rad:v,winien:sg:m1.m2.m3:imperf,_,_]
[0,2,rade,rad:v,winien:sg:n1.n2:imperf,_,_]
[0,3,radem,rad:s,subst:sg:inst:m3,nazwa pospolita,_]
[1,3,em,być,aglt:sg:pri:imperf:wok,_,_]
[2,3,m,być,aglt:sg:pri:imperf:nwok,_,_]
[3,4,rad,rad:v,winien:sg:m1.m2.m3:imperf,_,_]
[0,1,rad,rad:v,winien:sg:m1.m2.m3:imperf,_,_]
[0,2,rade,rad:v,winien:sg:n1.n2:imperf,_,_]
[0,3,radem,rad:s,subst:sg:inst:m3,nazwa pospolita,_]
[1,3,em,być,aglt:sg:pri:imperf:wok,_,_]
[2,3,m,być,aglt:sg:pri:imperf:nwok,_,_]
[3,4,rad,rad:v,winien:sg:m1.m2.m3:imperf,_,_]
[0,1,radem-rad,radem-rad,ign,_,_]
[0,1,rademrad,rademrad,ign,_,_]
[0,1,rad,rad:v,winien:sg:m1.m2.m3:imperf,_,_]
[0,2,rade,rad:v,winien:sg:n1.n2:imperf,_,_]
[0,3,radem,rad:s,subst:sg:inst:m3,nazwa pospolita,_]
[1,3,em,być,aglt:sg:pri:imperf:wok,_,_]
[2,3,m,być,aglt:sg:pri:imperf:nwok,_,_]
[3,4,.,.,ign,_,_]
[4,5,em,em,ign,_,_]
[0,1,rad,rad:v,winien:sg:m1.m2.m3:imperf,_,_]
[0,2,rade,rad:v,winien:sg:n1.n2:imperf,_,_]
[0,3,radem,rad:s,subst:sg:inst:m3,nazwa pospolita,_]
[1,3,em,być,aglt:sg:pri:imperf:wok,_,_]
[2,3,m,być,aglt:sg:pri:imperf:nwok,_,_]
[3,4,,,,,interp,_,_]
[4,5,em,em,ign,_,_]
[0,1,rad,rad:v,winien:sg:m1.m2.m3:imperf,_,_]
[0,2,rade,rad:v,winien:sg:n1.n2:imperf,_,_]
[0,3,radem,rad:s,subst:sg:inst:m3,nazwa pospolita,_]
[1,3,em,być,aglt:sg:pri:imperf:wok,_,_]
[2,3,m,być,aglt:sg:pri:imperf:nwok,_,_]
[3,4,;,;,ign,_,_]
[4,5,em,em,ign,_,_]
[0,1,radem-em,radem-em,ign,_,_]
[0,1,radem:em,radem:em,ign,_,_]
[0,1,radem?em,radem?em,ign,_,_]
[0,1,radem!em,radem!em,ign,_,_]
[0,1,radem/em,radem/em,ign,_,_]
[0,1,radem(em,radem(em,ign,_,_]
[0,1,radem)em,radem)em,ign,_,_]
[0,1,rad,rad:v,winien:sg:m1.m2.m3:imperf,_,_]
[0,2,rade,rad:v,winien:sg:n1.n2:imperf,_,_]
[0,3,radem,rad:s,subst:sg:inst:m3,nazwa pospolita,_]
[1,3,em,być,aglt:sg:pri:imperf:wok,_,_]
[2,3,m,być,aglt:sg:pri:imperf:nwok,_,_]
[3,4,em,em,ign,_,_]
[0,1,rad,rad:v,winien:sg:m1.m2.m3:imperf,_,_]
[0,2,rade,rad:v,winien:sg:n1.n2:imperf,_,_]
[0,3,radem,rad:s,subst:sg:inst:m3,nazwa pospolita,_]
[1,3,em,być,aglt:sg:pri:imperf:wok,_,_]
[2,3,m,być,aglt:sg:pri:imperf:nwok,_,_]
[3,4,em,em,ign,_,_]
[0,1,rad,rad:v,winien:sg:m1.m2.m3:imperf,_,_]
[0,2,rade,rad:v,winien:sg:n1.n2:imperf,_,_]
[0,3,radem,rad:s,subst:sg:inst:m3,nazwa pospolita,_]
[1,3,em,być,aglt:sg:pri:imperf:wok,_,_]
[2,3,m,być,aglt:sg:pri:imperf:nwok,_,_]
[3,4,em,em,ign,_,_]
[0,1,radem-em,radem-em,ign,_,_]
[0,1,rademem,rademem,ign,_,_]
[0,1,rad,rad:v,winien:sg:m1.m2.m3:imperf,_,_]
[0,2,rade,rad:v,winien:sg:n1.n2:imperf,_,_]
[0,3,radem,rad:s,subst:sg:inst:m3,nazwa pospolita,_]
[1,3,em,być,aglt:sg:pri:imperf:wok,_,_]
[2,3,m,być,aglt:sg:pri:imperf:nwok,_,_]
[3,4,.,.,ign,_,_]
[4,5,xyzzy,xyzzy,ign,_,_]
[0,1,rad,rad:v,winien:sg:m1.m2.m3:imperf,_,_]
[0,2,rade,rad:v,winien:sg:n1.n2:imperf,_,_]
[0,3,radem,rad:s,subst:sg:inst:m3,nazwa pospolita,_]
[1,3,em,być,aglt:sg:pri:imperf:wok,_,_]
[2,3,m,być,aglt:sg:pri:imperf:nwok,_,_]
[3,4,,,,,interp,_,_]
[4,5,xyzzy,xyzzy,ign,_,_]
[0,1,rad,rad:v,winien:sg:m1.m2.m3:imperf,_,_]
[0,2,rade,rad:v,winien:sg:n1.n2:imperf,_,_]
[0,3,radem,rad:s,subst:sg:inst:m3,nazwa pospolita,_]
[1,3,em,być,aglt:sg:pri:imperf:wok,_,_]
[2,3,m,być,aglt:sg:pri:imperf:nwok,_,_]
[3,4,;,;,ign,_,_]
[4,5,xyzzy,xyzzy,ign,_,_]
[0,1,radem-xyzzy,radem-xyzzy,ign,_,_]
[0,1,radem:xyzzy,radem:xyzzy,ign,_,_]
[0,1,radem?xyzzy,radem?xyzzy,ign,_,_]
[0,1,radem!xyzzy,radem!xyzzy,ign,_,_]
[0,1,radem/xyzzy,radem/xyzzy,ign,_,_]
[0,1,radem(xyzzy,radem(xyzzy,ign,_,_]
[0,1,radem)xyzzy,radem)xyzzy,ign,_,_]
[0,1,rad,rad:v,winien:sg:m1.m2.m3:imperf,_,_]
[0,2,rade,rad:v,winien:sg:n1.n2:imperf,_,_]
[0,3,radem,rad:s,subst:sg:inst:m3,nazwa pospolita,_]
[1,3,em,być,aglt:sg:pri:imperf:wok,_,_]
[2,3,m,być,aglt:sg:pri:imperf:nwok,_,_]
[3,4,xyzzy,xyzzy,ign,_,_]
[0,1,rad,rad:v,winien:sg:m1.m2.m3:imperf,_,_]
[0,2,rade,rad:v,winien:sg:n1.n2:imperf,_,_]
[0,3,radem,rad:s,subst:sg:inst:m3,nazwa pospolita,_]
[1,3,em,być,aglt:sg:pri:imperf:wok,_,_]
[2,3,m,być,aglt:sg:pri:imperf:nwok,_,_]
[3,4,xyzzy,xyzzy,ign,_,_]
[0,1,rad,rad:v,winien:sg:m1.m2.m3:imperf,_,_]
[0,2,rade,rad:v,winien:sg:n1.n2:imperf,_,_]
[0,3,radem,rad:s,subst:sg:inst:m3,nazwa pospolita,_]
[1,3,em,być,aglt:sg:pri:imperf:wok,_,_]
[2,3,m,być,aglt:sg:pri:imperf:nwok,_,_]
[3,4,xyzzy,xyzzy,ign,_,_]
[0,1,radem-xyzzy,radem-xyzzy,ign,_,_]
[0,1,rademxyzzy,rademxyzzy,ign,_,_]
[0,1,rad,rad:v,winien:sg:m1.m2.m3:imperf,_,_]
[0,2,rade,rad:v,winien:sg:n1.n2:imperf,_,_]
[0,3,radem,rad:s,subst:sg:inst:m3,nazwa pospolita,_]
[1,3,em,być,aglt:sg:pri:imperf:wok,_,_]
[2,3,m,być,aglt:sg:pri:imperf:nwok,_,_]
[3,4,.,.,ign,_,_]
[4,5,Qmpx,Qmpx,ign,_,_]
[0,1,rad,rad:v,winien:sg:m1.m2.m3:imperf,_,_]
[0,2,rade,rad:v,winien:sg:n1.n2:imperf,_,_]
[0,3,radem,rad:s,subst:sg:inst:m3,nazwa pospolita,_]
[1,3,em,być,aglt:sg:pri:imperf:wok,_,_]
[2,3,m,być,aglt:sg:pri:imperf:nwok,_,_]
[3,4,,,,,interp,_,_]
[4,5,Qmpx,Qmpx,ign,_,_]
[0,1,rad,rad:v,winien:sg:m1.m2.m3:imperf,_,_]
[0,2,rade,rad:v,winien:sg:n1.n2:imperf,_,_]
[0,3,radem,rad:s,subst:sg:inst:m3,nazwa pospolita,_]
[1,3,em,być,aglt:sg:pri:imperf:wok,_,_]
[2,3,m,być,aglt:sg:pri:imperf:nwok,_,_]
[3,4,;,;,ign,_,_]
[4,5,Qmpx,Qmpx,ign,_,_]
[0,1,radem-Qmpx,radem-Qmpx,ign,_,_]
[0,1,radem:Qmpx,radem:Qmpx,ign,_,_]
[0,1,radem?Qmpx,radem?Qmpx,ign,_,_]
[0,1,radem!Qmpx,radem!Qmpx,ign,_,_]
[0,1,radem/Qmpx,radem/Qmpx,ign,_,_]
[0,1,radem(Qmpx,radem(Qmpx,ign,_,_]
[0,1,radem)Qmpx,radem)Qmpx,ign,_,_]
[0,1,rad,rad:v,winien:sg:m1.m2.m3:imperf,_,_]
[0,2,rade,rad:v,winien:sg:n1.n2:imperf,_,_]
[0,3,radem,rad:s,subst:sg:inst:m3,nazwa pospolita,_]
[1,3,em,być,aglt:sg:pri:imperf:wok,_,_]
[2,3,m,być,aglt:sg:pri:imperf:nwok,_,_]
[3,4,Qmpx,Qmpx,ign,_,_]
[0,1,rad,rad:v,winien:sg:m1.m2.m3:imperf,_,_]
[0,2,rade,rad:v,winien:sg:n1.n2:imperf,_,_]
[0,3,radem,rad:s,subst:sg:inst:m3,nazwa pospolita,_]
[1,3,em,być,aglt:sg:pri:imperf:wok,_,_]
[2,3,m,być,aglt:sg:pri:imperf:nwok,_,_]
[3,4,Qmpx,Qmpx,ign,_,_]
[0,1,rad,rad:v,winien:sg:m1.m2.m3:imperf,_,_]
[0,2,rade,rad:v,winien:sg:n1.n2:imperf,_,_]
[0,3,radem,rad:s,subst:sg:inst:m3,nazwa pospolita,_]
[1,3,em,być,aglt:sg:pri:imperf:wok,_,_]
[2,3,m,być,aglt:sg:pri:imperf:nwok,_,_]
[3,4,Qmpx,Qmpx,ign,_,_]
[0,1,radem-Qmpx,radem-Qmpx,ign,_,_]
[0,1,rademQmpx,rademQmpx,ign,_,_]
[0,1,rad,rad:v,winien:sg:m1.m2.m3:imperf,_,_]
[0,2,rade,rad:v,winien:sg:n1.n2:imperf,_,_]
[0,3,radem,rad:s,subst:sg:inst:m3,nazwa pospolita,_]
[1,3,em,być,aglt:sg:pri:imperf:wok,_,_]
[2,3,m,być,aglt:sg:pri:imperf:nwok,_,_]
[3,4,.,.,ign,_,_]
[4,5,123,123,ign,_,_]
[0,1,rad,rad:v,winien:sg:m1.m2.m3:imperf,_,_]
[0,2,rade,rad:v,winien:sg:n1.n2:imperf,_,_]
[0,3,radem,rad:s,subst:sg:inst:m3,nazwa pospolita,_]
[1,3,em,być,aglt:sg:pri:imperf:wok,_,_]
[2,3,m,być,aglt:sg:pri:imperf:nwok,_,_]
[3,4,,,,,interp,_,_]
[4,5,123,123,ign,_,_]
[0,1,rad,rad:v,winien:sg:m1.m2.m3:imperf,_,_]
[0,2,rade,rad:v,winien:sg:n1.n2:imperf,_,_]
[0,3,radem,rad:s,subst:sg:inst:m3,nazwa pospolita,_]
[1,3,em,być,aglt:sg:pri:imperf:wok,_,_]
[2,3,m,być,aglt:sg:pri:imperf:nwok,_,_]
[3,4,;,;,ign,_,_]
[4,5,123,123,ign,_,_]
[0,1,radem-123,radem-123,ign,_,_]
[0,1,radem:123,radem:123,ign,_,_]
[0,1,radem?123,radem?123,ign,_,_]
[0,1,radem!123,radem!123,ign,_,_]
[0,1,radem/123,radem/123,ign,_,_]
[0,1,radem(123,radem(123,ign,_,_]
[0,1,radem)123,radem)123,ign,_,_]
[0,1,rad,rad:v,winien:sg:m1.m2.m3:imperf,_,_]
[0,2,rade,rad:v,winien:sg:n1.n2:imperf,_,_]
[0,3,radem,rad:s,subst:sg:inst:m3,nazwa pospolita,_]
[1,3,em,być,aglt:sg:pri:imperf:wok,_,_]
[2,3,m,być,aglt:sg:pri:imperf:nwok,_,_]
[3,4,123,123,ign,_,_]
[0,1,rad,rad:v,winien:sg:m1.m2.m3:imperf,_,_]
[0,2,rade,rad:v,winien:sg:n1.n2:imperf,_,_]
[0,3,radem,rad:s,subst:sg:inst:m3,nazwa pospolita,_]
[1,3,em,być,aglt:sg:pri:imperf:wok,_,_]
[2,3,m,być,aglt:sg:pri:imperf:nwok,_,_]
[3,4,123,123,ign,_,_]
[0,1,rad,rad:v,winien:sg:m1.m2.m3:imperf,_,_]
[0,2,rade,rad:v,winien:sg:n1.n2:imperf,_,_]
[0,3,radem,rad:s,subst:sg:inst:m3,nazwa pospolita,_]
[1,3,em,być,aglt:sg:pri:imperf:wok,_,_]
[2,3,m,być,aglt:sg:pri:imperf:nwok,_,_]
[3,4,123,123,ign,_,_]
[0,1,radem-123,radem-123,ign,_,_]
[0,1,radem123,radem123,ign,_,_]
[0,1,rad,rad:v,winien:sg:m1.m2.m3:imperf,_,_]
[0,2,rade,rad:v,winien:sg:n1.n2:imperf,_,_]
[0,3,radem,rad:s,subst:sg:inst:m3,nazwa pospolita,_]
[1,3,em,być,aglt:sg:pri:imperf:wok,_,_]
[2,3,m,być,aglt:sg:pri:imperf:nwok,_,_]
[3,4,.,.,ign,_,_]
[4,5,VII,VII,ign,_,_]
[0,1,rad,rad:v,winien:sg:m1.m2.m3:imperf,_,_]
[0,2,rade,rad:v,winien:sg:n1.n2:imperf,_,_]
[0,3,radem,rad:s,subst:sg:inst:m3,nazwa pospolita,_]
[1,3,em,być,aglt:sg:pri:imperf:wok,_,_]
[2,3,m,być,aglt:sg:pri:imperf:nwok,_,_]
[3,4,,,,,interp,_,_]
[4,5,VII,VII,ign,_,_]
[0,1,rad,rad:v,winien:sg:m1.m2.m3:imperf,_,_]
[0,2,rade,rad:v,winien:sg:n1.n2:imperf,_,_]
[0,3,radem,rad:s,subst:sg:inst:m3,nazwa pospolita,_]
[1,3,em,być,aglt:sg:pri:imperf:wok,_,_]
[2,3,m,być,aglt:sg:pri:imperf:nwok,_,_]
[3,4,;,;,ign,_,_]
[4,5,VII,VII,ign,_,_]
[0,1,radem-VII,radem-VII,ign,_,_]
[0,1,radem:VII,radem:VII,ign,_,_]
[0,1,radem?VII,radem?VII,ign,_,_]
[0,1,radem!VII,radem!VII,ign,_,_]
[0,1,radem/VII,radem/VII,ign,_,_]
[0,1,radem(VII,radem(VII,ign,_,_]
[0,1,radem)VII,radem)VII,ign,_,_]
[0,1,rad,rad:v,winien:sg:m1.m2.m3:imperf,_,_]
[0,2,rade,rad:v,winien:sg:n1.n2:imperf,_,_]
[0,3,radem,rad:s,subst:sg:inst:m3,nazwa pospolita,_]
[1,3,em,być,aglt:sg:pri:imperf:wok,_,_]
[2,3,m,być,aglt:sg:pri:imperf:nwok,_,_]
[3,4,VII,VII,ign,_,_]
[0,1,rad,rad:v,winien:sg:m1.m2.m3:imperf,_,_]
[0,2,rade,rad:v,winien:sg:n1.n2:imperf,_,_]
[0,3,radem,rad:s,subst:sg:inst:m3,nazwa pospolita,_]
[1,3,em,być,aglt:sg:pri:imperf:wok,_,_]
[2,3,m,być,aglt:sg:pri:imperf:nwok,_,_]
[3,4,VII,VII,ign,_,_]
[0,1,rad,rad:v,winien:sg:m1.m2.m3:imperf,_,_]
[0,2,rade,rad:v,winien:sg:n1.n2:imperf,_,_]
[0,3,radem,rad:s,subst:sg:inst:m3,nazwa pospolita,_]
[1,3,em,być,aglt:sg:pri:imperf:wok,_,_]
[2,3,m,być,aglt:sg:pri:imperf:nwok,_,_]
[3,4,VII,VII,ign,_,_]
[0,1,radem-VII,radem-VII,ign,_,_]
[0,1,rademVII,rademVII,ign,_,_]
[0,1,rade,rad:v,winien:sg:n1.n2:imperf,_,_]
[1,2,.,.,ign,_,_]
[2,3,rade,rad:v,winien:sg:n1.n2:imperf,_,_]
[0,1,rade,rad:v,winien:sg:n1.n2:imperf,_,_]
[1,2,,,,,interp,_,_]
[2,3,rade,rad:v,winien:sg:n1.n2:imperf,_,_]
[0,1,rade,rad:v,winien:sg:n1.n2:imperf,_,_]
[1,2,;,;,ign,_,_]
[2,3,rade,rad:v,winien:sg:n1.n2:imperf,_,_]
[0,1,rade-rade,rade-rade,ign,_,_]
[0,1,rade:rade,rade:rade,ign,_,_]
[0,1,rade?rade,rade?rade,ign,_,_]
[0,1,rade!rade,rade!rade,ign,_,_]
[0,1,rade/rade,rade/rade,ign,_,_]
[0,1,rade(rade,rade(rade,ign,_,_]
[0,1,rade)rade,rade)rade,ign,_,_]
[0,1,rade,rad:v,winien:sg:n1.n2:imperf,_,_]
[1,2,rade,rad:v,winien:sg:n1.n2:imperf,_,_]
[0,1,rade,rad:v,winien:sg:n1.n2:imperf,_,_]
[1,2,rade,rad:v,winien:sg:n1.n2:imperf,_,_]
[0,1,rade,rad:v,winien:sg:n1.n2:imperf,_,_]
[1,2,rade,rad:v,winien:sg:n1.n2:imperf,_,_]
[0,1,rade-rade,rade-rade,ign,_,_]
[0,1,raderade,raderade,ign,_,_]
[0,1,rade,rad:v,winien:sg:n1.n2:imperf,_,_]
[1,2,.,.,ign,_,_]
[2,3,rad,rad:v,winien:sg:m1.m2.m3:imperf,_,_]
[0,1,rade,rad:v,winien:sg:n1.n2:imperf,_,_]
[1,2,,,,,interp,_,_]
[2,3,rad,rad:v,winien:sg:m1.m2.m3:imperf,_,_]
[0,1,rade,rad:v,winien:sg:n1.n2:imperf,_,_]
[1,2,;,;,ign,_,_]
[2,3,rad,rad:v,winien:sg:m1.m2.m3:imperf,_,_]
[0,1,rade-rad,rade-rad,ign,_,_]
[0,1,rade:rad,rade:rad,ign,_,_]
[0,1,rade?rad,rade?rad,ign,_,_]
[0,1,rade!rad,rade!rad,ign,_,_]
[0,1,rade/rad,rade/rad,ign,_,_]
[0,1,rade(rad,rade(rad,ign,_,_]
[0,1,rade)rad,rade)rad,ign,_,_]
[0,1,rade,rad:v,winien:sg:n1.n2:imperf,_,_]
[1,2,rad,rad:v,winien:sg:m1.m2.m3:imperf,_,_]
[0,1,rade,rad:v,winien:sg:n1.n2:imperf,_,_]
[1,2,rad,rad:v,winien:sg:m1.m2.m3:imperf,_,_]
[0,1,rade,rad:v,winien:sg:n1.n2:imperf,_,_]
[1,2,rad,rad:v,winien:sg:m1.m2.m3:imperf,_,_]
[0,1,rade-rad,rade-rad,ign,_,_]
[0,1,raderad,raderad,ign,_,_]
[0,1,rade,rad:v,winien:sg:n1.n2:imperf,_,_]
[1,2,.,.,ign,_,_]
[2,3,em,em,ign,_,_]
[0,1,rade,rad:v,winien:sg:n1.n2:imperf,_,_]
[1,2,,,,,interp,_,_]
[2,3,em,em,ign,_,_]
[0,1,rade,rad:v,winien:sg:n1.n2:imperf,_,_]
[1,2,;,;,ign,_,_]
[2,3,em,em,ign,_,_]
[0,1,rade-em,rade-em,ign,_,_]
[0,1,rade:em,rade:em,ign,_,_]
[0,1,rade?em,rade?em,ign,_,_]
[0,1,rade!em,rade!em,ign,_,_]
[0,1,rade/em,rade/em,ign,_,_]
[0,1,rade(em,rade(em,ign,_,_]
[0,1,rade)em,rade)em,ign,_,_]
[0,1,rade,rad:v,winien:sg:n1.n2:imperf,_,_]
[1,2,em,em,ign,_,_]
[0,1,rade,rad:v,winien:sg:n1.n2:imperf,_,_]
[1,2,em,em,ign,_,_]
[0,1,rade,rad:v,winien:sg:n1.n2:imperf,_,_]
[1,2,em,em,ign,_,_]
[0,1,rade-em,rade-em,ign,_,_]
[0,1,rade,rad:v,winien:sg:n1.n2:imperf,_,_]
[1,2,em,być,aglt:sg:pri:imperf:wok,_,_]
[0,1,rade,rad:v,winien:sg:n1.n2:imperf,_,_]
[1,2,.,.,ign,_,_]
[2,3,xyzzy,xyzzy,ign,_,_]
[0,1,rade,rad:v,winien:sg:n1.n2:imperf,_,_]
[1,2,,,,,interp,_,_]
[2,3,xyzzy,xyzzy,ign,_,_]
[0,1,rade,rad:v,winien:sg:n1.n2:imperf,_,_]
[1,2,;,;,ign,_,_]
[2,3,xyzzy,xyzzy,ign,_,_]
[0,1,rade-xyzzy,rade-xyzzy,ign,_,_]
[0,1,rade:xyzzy,rade:xyzzy,ign,_,_]
[0,1,rade?xyzzy,rade?xyzzy,ign,_,_]
[0,1,rade!xyzzy,rade!xyzzy,ign,_,_]
[0,1,rade/xyzzy,rade/xyzzy,ign,_,_]
[0,1,rade(xyzzy,rade(xyzzy,ign,_,_]
[0,1,rade)xyzzy,rade)xyzzy,ign,_,_]
[0,1,rade,rad:v,winien:sg:n1.n2:imperf,_,_]
[1,2,xyzzy,xyzzy,ign,_,_]
[0,1,rade,rad:v,winien:sg:n1.n2:imperf,_,_]
[1,2,xyzzy,xyzzy,ign,_,_]
[0,1,rade,rad:v,winien:sg:n1.n2:imperf,_,_]
[1,2,xyzzy,xyzzy,ign,_,_]
[0,1,rade-xyzzy,rade-xyzzy,ign,_,_]
[0,1,radexyzzy,radexyzzy,ign,_,_]
[0,1,rade,rad:v,winien:sg:n1.n2:imperf,_,_]
[1,2,.,.,ign,_,_]
[2,3,Qmpx,Qmpx,ign,_,_]
[0,1,rade,rad:v,winien:sg:n1.n2:imperf,_,_]
[1,2,,,,,interp,_,_]
[2,3,Qmpx,Qmpx,ign,_,_]
[0,1,rade,rad:v,winien:sg:n1.n2:imperf,_,_]
[1,2,;,;,ign,_,_]
[2,3,Qmpx,Qmpx,ign,_,_]
[0,1,rade-Qmpx,rade-Qmpx,ign,_,_]
[0,1,rade:Qmpx,rade:Qmpx,ign,_,_]
[0,1,rade?Qmpx,rade?Qmpx,ign,_,_]
[0,1,rade!Qmpx,rade!Qmpx,ign,_,_]
[0,1,rade/Qmpx,rade/Qmpx,ign,_,_]
[0,1,rade(Qmpx,rade(Qmpx,ign,_,_]
[0,1,rade)Qmpx,rade)Qmpx,ign,_,_]
[0,1,rade,rad:v,winien:sg:n1.n2:imperf,_,_]
[1,2,Qmpx,Qmpx,ign,_,_]
[0,1,rade,rad:v,winien:sg:n1.n2:imperf,_,_]
[1,2,Qmpx,Qmpx,ign,_,_]
[0,1,rade,rad:v,winien:sg:n1.n2:imperf,_,_]
[1,2,Qmpx,Qmpx,ign,_,_]
[0,1,rade-Qmpx,rade-Qmpx,ign,_,_]
[0,1,radeQmpx,radeQmpx,ign,_,_]
[0,1,rade,rad:v,winien:sg:n1.n2:imperf,_,_]
[1,2,.,.,ign,_,_]
[2,3,123,123,ign,_,_]
[0,1,rade,rad:v,winien:sg:n1.n2:imperf,_,_]
[1,2,,,,,interp,_,_]
[2,3,123,123,ign,_,_]
[0,1,rade,rad:v,winien:sg:n1.n2:imperf,_,_]
[1,2,;,;,ign,_,_]
[2,3,123,123,ign,_,_]
[0,1,rade-123,rade-123,ign,_,_]
[0,1,rade:123,rade:123,ign,_,_]
[0,1,rade?123,rade?123,ign,_,_]
[0,1,rade!123,rade!123,ign,_,_]
[0,1,rade/123,rade/123,ign,_,_]
[0,1,rade(123,rade(123,ign,_,_]
[0,1,rade)123,rade)123,ign,_,_]
[0,1,rade,rad:v,winien:sg:n1.n2:imperf,_,_]
[1,2,123,123,ign,_,_]
[0,1,rade,rad:v,winien:sg:n1.n2:imperf,_,_]
[1,2,123,123,ign,_,_]
[0,1,rade,rad:v,winien:sg:n1.n2:imperf,_,_]
[1,2,123,123,ign,_,_]
[0,1,rade-123,rade-123,ign,_,_]
[0,1,rade123,rade123,ign,_,_]
[0,1,rade,rad:v,winien:sg:n1.n2:imperf,_,_]
[1,2,.,.,ign,_,_]
[2,3,VII,VII,ign,_,_]
[0,1,rade,rad:v,winien:sg:n1.n2:imperf,_,_]
[1,2,,,,,interp,_,_]
[2,3,VII,VII,ign,_,_]
[0,1,rade,rad:v,winien:sg:n1.n2:imperf,_,_]
[1,2,;,;,ign,_,_]
[2,3,VII,VII,ign,_,_]
[0,1,rade-VII,rade-VII,ign,_,_]
[0,1,rade:VII,rade:VII,ign,_,_]
[0,1,rade?VII,rade?VII,ign,_,_]
[0,1,rade!VII,rade!VII,ign,_,_]
[0,1,rade/VII,rade/VII,ign,_,_]
[0,1,rade(VII,rade(VII,ign,_,_]
[0,1,rade)VII,rade)VII,ign,_,_]
[0,1,rade,rad:v,winien:sg:n1.n2:imperf,_,_]
[1,2,VII,VII,ign,_,_]
[0,1,rade,rad:v,winien:sg:n1.n2:imperf,_,_]
[1,2,VII,VII,ign,_,_]
[0,1,rade,rad:v,winien:sg:n1.n2:imperf,_,_]
[1,2,VII,VII,ign,_,_]
[0,1,rade-VII,rade-VII,ign,_,_]
[0,1,radeVII,radeVII,ign,_,_]
[0,1,rad,rad:v,winien:sg:m1.m2.m3:imperf,_,_]
[1,2,.,.,ign,_,_]
[2,3,rad,rad:v,winien:sg:m1.m2.m3:imperf,_,_]
[0,1,rad,rad:v,winien:sg:m1.m2.m3:imperf,_,_]
[1,2,,,,,interp,_,_]
[2,3,rad,rad:v,winien:sg:m1.m2.m3:imperf,_,_]
[0,1,rad,rad:v,winien:sg:m1.m2.m3:imperf,_,_]
[1,2,;,;,ign,_,_]
[2,3,rad,rad:v,winien:sg:m1.m2.m3:imperf,_,_]
[0,1,rad-rad,rad-rad,ign,_,_]
[0,1,rad:rad,rad:rad,ign,_,_]
[0,1,rad?rad,rad?rad,ign,_,_]
[0,1,rad!rad,rad!rad,ign,_,_]
[0,1,rad/rad,rad/rad,ign,_,_]
[0,1,rad(rad,rad(rad,ign,_,_]
[0,1,rad)rad,rad)rad,ign,_,_]
[0,1,rad,rad:v,winien:sg:m1.m2.m3:imperf,_,_]
[1,2,rad,rad:v,winien:sg:m1.m2.m3:imperf,_,_]
[0,1,rad,rad:v,winien:sg:m1.m2.m3:imperf,_,_]
[1,2,rad,rad:v,winien:sg:m1.m2.m3:imperf,_,_]
[0,1,rad,rad:v,winien:sg:m1.m2.m3:imperf,_,_]
[1,2,rad,rad:v,winien:sg:m1.m2.m3:imperf,_,_]
[0,1,rad-rad,rad-rad,ign,_,_]
[0,1,radrad,radrad,ign,_,_]
[0,1,rad,rad:v,winien:sg:m1.m2.m3:imperf,_,_]
[1,2,.,.,ign,_,_]
[2,3,em,em,ign,_,_]
[0,1,rad,rad:v,winien:sg:m1.m2.m3:imperf,_,_]
[1,2,,,,,interp,_,_]
[2,3,em,em,ign,_,_]
[0,1,rad,rad:v,winien:sg:m1.m2.m3:imperf,_,_]
[1,2,;,;,ign,_,_]
[2,3,em,em,ign,_,_]
[0,1,rad-em,rad-em,ign,_,_]
[0,1,rad:em,rad:em,ign,_,_]
[0,1,rad?em,rad?em,ign,_,_]
[0,1,rad!em,rad!em,ign,_,_]
[0,1,rad/em,rad/em,ign,_,_]
[0,1,rad(em,rad(em,ign,_,_]
[0,1,rad)em,rad)em,ign,_,_]
[0,1,rad,rad:v,winien:sg:m1.m2.m3:imperf,_,_]
[1,2,em,em,ign,_,_]
[0,1,rad,rad:v,winien:sg:m1.m2.m3:imperf,_,_]
[1,2,em,em,ign,_,_]
[0,1,rad,rad:v,winien:sg:m1.m2.m3:imperf,_,_]
[1,2,em,em,ign,_,_]
[0,1,rad-em,rad-em,ign,_,_]
[0,1,rad,rad:v,winien:sg:m1.m2.m3:imperf,_,_]
[0,2,rade,rad:v,winien:sg:n1.n2:imperf,_,_]
[0,3,radem,rad:s,subst:sg:inst:m3,nazwa pospolita,_]
[1,3,em,być,aglt:sg:pri:imperf:wok,_,_]
[2,3,m,być,aglt:sg:pri:imperf:nwok,_,_]
[0,1,rad,rad:v,winien:sg:m1.m2.m3:imperf,_,_]
[1,2,.,.,ign,_,_]
[2,3,xyzzy,xyzzy,ign,_,_]
[0,1,rad,rad:v,winien:sg:m1.m2.m3:imperf,_,_]
[1,2,,,,,interp,_,_]
[2,3,xyzzy,xyzzy,ign,_,_]
[0,1,rad,rad:v,winien:sg:m1.m2.m3:imperf,_,_]
[1,2,;,;,ign,_,_]
[2,3,xyzzy,xyzzy,ign,_,_]
[0,1,rad-xyzzy,rad-xyzzy,ign,_,_]
[0,1,rad:xyzzy,rad:xyzzy,ign,_,_]
[0,1,rad?xyzzy,rad?xyzzy,ign,_,_]
[0,1,rad!xyzzy,rad!xyzzy,ign,_,_]
[0,1,rad/xyzzy,rad/xyzzy,ign,_,_]
[0,1,rad(xyzzy,rad(xyzzy,ign,_,_]
[0,1,rad)xyzzy,rad)xyzzy,ign,_,_]
[0,1,rad,rad:v,winien:sg:m1.m2.m3:imperf,_,_]
[1,2,xyzzy,xyzzy,ign,_,_]
[0,1,rad,rad:v,winien:sg:m1.m2.m3:imperf,_,_]
[1,2,xyzzy,xyzzy,ign,_,_]
[0,1,rad,rad:v,winien:sg:m1.m2.m3:imperf,_,_]
[1,2,xyzzy,xyzzy,ign,_,_]
[0,1,rad-xyzzy,rad-xyzzy,ign,_,_]
[0,1,radxyzzy,radxyzzy,ign,_,_]
[0,1,rad,rad:v,winien:sg:m1.m2.m3:imperf,_,_]
[1,2,.,.,ign,_,_]
[2,3,Qmpx,Qmpx,ign,_,_]
[0,1,rad,rad:v,winien:sg:m1.m2.m3:imperf,_,_]
[1,2,,,,,interp,_,_]
[2,3,Qmpx,Qmpx,ign,_,_]
[0,1,rad,rad:v,winien:sg:m1.m2.m3:imperf,_,_]
[1,2,;,;,ign,_,_]
[2,3,Qmpx,Qmpx,ign,_,_]
[0,1,rad-Qmpx,rad-Qmpx,ign,_,_]
[0,1,rad:Qmpx,rad:Qmpx,ign,_,_]
[0,1,rad?Qmpx,rad?Qmpx,ign,_,_]
[0,1,rad!Qmpx,rad!Qmpx,ign,_,_]
[0,1,rad/Qmpx,rad/Qmpx,ign,_,_]
[0,1,rad(Qmpx,rad(Qmpx,ign,_,_]
[0,1,rad)Qmpx,rad)Qmpx,ign,_,_]
[0,1,rad,rad:v,winien:sg:m1.m2.m3:imperf,_,_]
[1,2,Qmpx,Qmpx,ign,_,_]
[0,1,rad,rad:v,winien:sg:m1.m2.m3:imperf,_,_]
[1,2,Qmpx,Qmpx,ign,_,_]
[0,1,rad,rad:v,winien:sg:m1.m2.m3:imperf,_,_]
[1,2,Qmpx,Qmpx,ign,_,_]
[0,1,rad-Qmpx,rad-Qmpx,ign,_,_]
[0,1,radQmpx,radQmpx,ign,_,_]
[0,1,rad,rad:v,winien:sg:m1.m2.m3:imperf,_,_]
[1,2,.,.,ign,_,_]
[2,3,123,123,ign,_,_]
[0,1,rad,rad:v,winien:sg:m1.m2.m3:imperf,_,_]
[1,2,,,,,interp,_,_]
[2,3,123,123,ign,_,_]
[0,1,rad,rad:v,winien:sg:m1.m2.m3:imperf,_,_]
[1,2,;,;,ign,_,_]
[2,3,123,123,ign,_,_]
[0,1,rad-123,rad-123,ign,_,_]
[0,1,rad:123,rad:123,ign,_,_]
[0,1,rad?123,rad?123,ign,_,_]
[0,1,rad!123,rad!123,ign,_,_]
[0,1,rad/123,rad/123,ign,_,_]
[0,1,rad(123,rad(123,ign,_,_]
[0,1,rad)123,rad)123,ign,_,_]
[0,1,rad,rad:v,winien:sg:m1.m2.m3:imperf,_,_]
[1,2,123,123,ign,_,_]
[0,1,rad,rad:v,winien:sg:m1.m2.m3:imperf,_,_]
[1,2,123,123,ign,_,_]
[0,1,rad,rad:v,winien:sg:m1.m2.m3:imperf,_,_]
[1,2,123,123,ign,_,_]
[0,1,rad-123,rad-123,ign,_,_]
[0,1,rad123,rad123,ign,_,_]
[0,1,rad,rad:v,winien:sg:m1.m2.m3:imperf,_,_]
[1,2,.,.,ign,_,_]
[2,3,VII,VII,ign,_,_]
[0,1,rad,rad:v,winien:sg:m1.m2.m3:imperf,_,_]
[1,2,,,,,interp,_,_]
[2,3,VII,VII,ign,_,_]
[0,1,rad,rad:v,winien:sg:m1.m2.m3:imperf,_,_]
[1,2,;,;,ign,_,_]
[2,3,VII,VII,ign,_,_]
[0,1,rad-VII,rad-VII,ign,_,_]
[0,1,rad:VII,rad:VII,ign,_,_]
[0,1,rad?VII,rad?VII,ign,_,_]
[0,1,rad!VII,rad!VII,ign,_,_]
[0,1,rad/VII,rad/VII,ign,_,_]
[0,1,rad(VII,rad(VII,ign,_,_]
[0,1,rad)VII,rad)VII,ign,_,_]
[0,1,rad,rad:v,winien:sg:m1.m2.m3:imperf,_,_]
[1,2,VII,VII,ign,_,_]
[0,1,rad,rad:v,winien:sg:m1.m2.m3:imperf,_,_]
[1,2,VII,VII,ign,_,_]
[0,1,rad,rad:v,winien:sg:m1.m2.m3:imperf,_,_]
[1,2,VII,VII,ign,_,_]
[0,1,rad-VII,rad-VII,ign,_,_]
[0,1,radVII,radVII,ign,_,_]
[0,1,em,em,ign,_,_]
[1,2,.,.,ign,_,_]
[2,3,em,em,ign,_,_]
[0,1,em,em,ign,_,_]
[1,2,,,,,interp,_,_]
[2,3,em,em,ign,_,_]
[0,1,em,em,ign,_,_]
[1,2,;,;,ign,_,_]
[2,3,em,em,ign,_,_]
[0,1,em-em,em-em,ign,_,_]
[0,1,em:em,em:em,ign,_,_]
[0,1,em?em,em?em,ign,_,_]
[0,1,em!em,em!em,ign,_,_]
[0,1,em/em,em/em,ign,_,_]
[0,1,em(em,em(em,ign,_,_]
[0,1,em)em,em)em,ign,_,_]
[0,1,em,em,ign,_,_]
[1,2,em,em,ign,_,_]
[0,1,em,em,ign,_,_]
[1,2,em,em,ign,_,_]
[0,1,em,em,ign,_,_]
[1,2,em,em,ign,_,_]
[0,1,em-em,em-em,ign,_,_]
[0,1,emem,emem,ign,_,_]
[0,1,em,em,ign,_,_]
[1,2,.,.,ign,_,_]
[2,3,xyzzy,xyzzy,ign,_,_]
[0,1,em,em,ign,_,_]
[1,2,,,,,interp,_,_]
[2,3,xyzzy,xyzzy,ign,_,_]
[0,1,em,em,ign,_,_]
[1,2,;,;,ign,_,_]
[2,3,xyzzy,xyzzy,ign,_,_]
[0,1,em-xyzzy,em-xyzzy,ign,_,_]
[0,1,em:xyzzy,em:xyzzy,ign,_,_]
[0,1,em?xyzzy,em?xyzzy,ign,_,_]
[0,1,em!xyzzy,em!xyzzy,ign,_,_]
[0,1,em/xyzzy,em/xyzzy,ign,_,_]
[0,1,em(xyzzy,em(xyzzy,ign,_,_]
[0,1,em)xyzzy,em)xyzzy,ign,_,_]
[0,1,em,em,ign,_,_]
[1,2,xyzzy,xyzzy,ign,_,_]
[0,1,em,em,ign,_,_]
[1,2,xyzzy,xyzzy,ign,_,_]
[0,1,em,em,ign,_,_]
[1,2,xyzzy,xyzzy,ign,_,_]
[0,1,em-xyzzy,em-xyzzy,ign,_,_]
[0,1,emxyzzy,emxyzzy,ign,_,_]
[0,1,em,em,ign,_,_]
[1,2,.,.,ign,_,_]
[2,3,Qmpx,Qmpx,ign,_,_]
[0,1,em,em,ign,_,_]
[1,2,,,,,interp,_,_]
[2,3,Qmpx,Qmpx,ign,_,_]
[0,1,em,em,ign,_,_]
[1,2,;,;,ign,_,_]
[2,3,Qmpx,Qmpx,ign,_,_]
[0,1,em-Qmpx,em-Qmpx,ign,_,_]
[0,1,em:Qmpx,em:Qmpx,ign,_,_]
[0,1,em?Qmpx,em?Qmpx,ign,_,_]
[0,1,em!Qmpx,em!Qmpx,ign,_,_]
[0,1,em/Qmpx,em/Qmpx,ign,_,_]
[0,1,em(Qmpx,em(Qmpx,ign,_,_]
[0,1,em)Qmpx,em)Qmpx,ign,_,_]
[0,1,em,em,ign,_,_]
[1,2,Qmpx,Qmpx,ign,_,_]
[0,1,em,em,ign,_,_]
[1,2,Qmpx,Qmpx,ign,_,_]
[0,1,em,em,ign,_,_]
[1,2,Qmpx,Qmpx,ign,_,_]
[0,1,em-Qmpx,em-Qmpx,ign,_,_]
[0,1,emQmpx,emQmpx,ign,_,_]
[0,1,em,em,ign,_,_]
[1,2,.,.,ign,_,_]
[2,3,123,123,ign,_,_]
[0,1,em,em,ign,_,_]
[1,2,,,,,interp,_,_]
[2,3,123,123,ign,_,_]
[0,1,em,em,ign,_,_]
[1,2,;,;,ign,_,_]
[2,3,123,123,ign,_,_]
[0,1,em-123,em-123,ign,_,_]
[0,1,em:123,em:123,ign,_,_]
[0,1,em?123,em?123,ign,_,_]
[0,1,em!123,em!123,ign,_,_]
[0,1,em/123,em/123,ign,_,_]
[0,1,em(123,em(123,ign,_,_]
[0,1,em)123,em)123,ign,_,_]
[0,1,em,em,ign,_,_]
[1,2,123,123,ign,_,_]
[0,1,em,em,ign,_,_]
[1,2,123,123,ign,_,_]
[0,1,em,em,ign,_,_]
[1,2,123,123,ign,_,_]
[0,1,em-123,em-123,ign,_,_]
[0,1,em123,em123,ign,_,_]
[0,1,em,em,ign,_,_]
[1,2,.,.,ign,_,_]
[2,3,VII,VII,ign,_,_]
[0,1,em,em,ign,_,_]
[1,2,,,,,interp,_,_]
[2,3,VII,VII,ign,_,_]
[0,1,em,em,ign,_,_]
[1,2,;,;,ign,_,_]
[2,3,VII,VII,ign,_,_]
[0,1,em-VII,em-VII,ign,_,_]
[0,1,em:VII,em:VII,ign,_,_]
[0,1,em?VII,em?VII,ign,_,_]
[0,1,em!VII,em!VII,ign,_,_]
[0,1,em/VII,em/VII,ign,_,_]
[0,1,em(VII,em(VII,ign,_,_]
[0,1,em)VII,em)VII,ign,_,_]
[0,1,em,em,ign,_,_]
[1,2,VII,VII,ign,_,_]
[0,1,em,em,ign,_,_]
[1,2,VII,VII,ign,_,_]
[0,1,em,em,ign,_,_]
[1,2,VII,VII,ign,_,_]
[0,1,em-VII,em-VII,ign,_,_]
[0,1,emVII,emVII,ign,_,_]
[0,1,xyzzy,xyzzy,ign,_,_]
[1,2,.,.,ign,_,_]
[2,3,xyzzy,xyzzy,ign,_,_]
[0,1,xyzzy,xyzzy,ign,_,_]
[1,2,,,,,interp,_,_]
[2,3,xyzzy,xyzzy,ign,_,_]
[0,1,xyzzy,xyzzy,ign,_,_]
[1,2,;,;,ign,_,_]
[2,3,xyzzy,xyzzy,ign,_,_]
[0,1,xyzzy-xyzzy,xyzzy-xyzzy,ign,_,_]
[0,1,xyzzy:xyzzy,xyzzy:xyzzy,ign,_,_]
[0,1,xyzzy?xyzzy,xyzzy?xyzzy,ign,_,_]
[0,1,xyzzy!xyzzy,xyzzy!xyzzy,ign,_,_]
[0,1,xyzzy/xyzzy,xyzzy/xyzzy,ign,_,_]
[0,1,xyzzy(xyzzy,xyzzy(xyzzy,ign,_,_]
[0,1,xyzzy)xyzzy,xyzzy)xyzzy,ign,_,_]
[0,1,xyzzy,xyzzy,ign,_,_]
[1,2,xyzzy,xyzzy,ign,_,_]
[0,1,xyzzy,xyzzy,ign,_,_]
[1,2,xyzzy,xyzzy,ign,_,_]
[0,1,xyzzy,xyzzy,ign,_,_]
[1,2,xyzzy,xyzzy,ign,_,_]
[0,1,xyzzy-xyzzy,xyzzy-xyzzy,ign,_,_]
[0,1,xyzzyxyzzy,xyzzyxyzzy,ign,_,_]
[0,1,xyzzy,xyzzy,ign,_,_]
[1,2,.,.,ign,_,_]
[2,3,Qmpx,Qmpx,ign,_,_]
[0,1,xyzzy,xyzzy,ign,_,_]
[1,2,,,,,interp,_,_]
[2,3,Qmpx,Qmpx,ign,_,_]
[0,1,xyzzy,xyzzy,ign,_,_]
[1,2,;,;,ign,_,_]
[2,3,Qmpx,Qmpx,ign,_,_]
[0,1,xyzzy-Qmpx,xyzzy-Qmpx,ign,_,_]
[0,1,xyzzy:Qmpx,xyzzy:Qmpx,ign,_,_]
[0,1,xyzzy?Qmpx,xyzzy?Qmpx,ign,_,_]
[0,1,xyzzy!Qmpx,xyzzy!Qmpx,ign,_,_]
[0,1,xyzzy/Qmpx,xyzzy/Qmpx,ign,_,_]
[0,1,xyzzy(Qmpx,xyzzy(Qmpx,ign,_,_]
[0,1,xyzzy)Qmpx,xyzzy)Qmpx,ign,_,_]
[0,1,xyzzy,xyzzy,ign,_,_]
[1,2,Qmpx,Qmpx,ign,_,_]
[0,1,xyzzy,xyzzy,ign,_,_]
[1,2,Qmpx,Qmpx,ign,_,_]
[0,1,xyzzy,xyzzy,ign,_,_]
[1,2,Qmpx,Qmpx,ign,_,_]
[0,1,xyzzy-Qmpx,xyzzy-Qmpx,ign,_,_]
[0,1,xyzzyQmpx,xyzzyQmpx,ign,_,_]
[0,1,xyzzy,xyzzy,ign,_,_]
[1,2,.,.,ign,_,_]
[2,3,123,123,ign,_,_]
[0,1,xyzzy,xyzzy,ign,_,_]
[1,2,,,,,interp,_,_]
[2,3,123,123,ign,_,_]
[0,1,xyzzy,xyzzy,ign,_,_]
[1,2,;,;,ign,_,_]
[2,3,123,123,ign,_,_]
[0,1,xyzzy-123,xyzzy-123,ign,_,_]
[0,1,xyzzy:123,xyzzy:123,ign,_,_]
[0,1,xyzzy?123,xyzzy?123,ign,_,_]
[0,1,xyzzy!123,xyzzy!123,ign,_,_]
[0,1,xyzzy/123,xyzzy/123,ign,_,_]
[0,1,xyzzy(123,xyzzy(123,ign,_,_]
[0,1,xyzzy)123,xyzzy)123,ign,_,_]
[0,1,xyzzy,xyzzy,ign,_,_]
[1,2,123,123,ign,_,_]
[0,1,xyzzy,xyzzy,ign,_,_]
[1,2,123,123,ign,_,_]
[0,1,xyzzy,xyzzy,ign,_,_]
[1,2,123,123,ign,_,_]
[0,1,xyzzy-123,xyzzy-123,ign,_,_]
[0,1,xyzzy123,xyzzy123,ign,_,_]
[0,1,xyzzy,xyzzy,ign,_,_]
[1,2,.,.,ign,_,_]
[2,3,VII,VII,ign,_,_]
[0,1,xyzzy,xyzzy,ign,_,_]
[1,2,,,,,interp,_,_]
[2,3,VII,VII,ign,_,_]
[0,1,xyzzy,xyzzy,ign,_,_]
[1,2,;,;,ign,_,_]
[2,3,VII,VII,ign,_,_]
[0,1,xyzzy-VII,xyzzy-VII,ign,_,_]
[0,1,xyzzy:VII,xyzzy:VII,ign,_,_]
[0,1,xyzzy?VII,xyzzy?VII,ign,_,_]
[0,1,xyzzy!VII,xyzzy!VII,ign,_,_]
[0,1,xyzzy/VII,xyzzy/VII,ign,_,_]
[0,1,xyzzy(VII,xyzzy(VII,ign,_,_]
[0,1,xyzzy)VII,xyzzy)VII,ign,_,_]
[0,1,xyzzy,xyzzy,ign,_,_]
[1,2,VII,VII,ign,_,_]
[0,1,xyzzy,xyzzy,ign,_,_]
[1,2,VII,VII,ign,_,_]
[0,1,xyzzy,xyzzy,ign,_,_]
[1,2,VII,VII,ign,_,_]
[0,1,xyzzy-VII,xyzzy-VII,ign,_,_]
[0,1,xyzzyVII,xyzzyVII,ign,_,_]
[0,1,Qmpx,Qmpx,ign,_,_]
[1,2,.,.,ign,_,_]
[2,3,Qmpx,Qmpx,ign,_,_]
[0,1,Qmpx,Qmpx,ign,_,_]
[1,2,,,,,interp,_,_]
[2,3,Qmpx,Qmpx,ign,_,_]
[0,1,Qmpx,Qmpx,ign,_,_]
[1,2,;,;,ign,_,_]
[2,3,Qmpx,Qmpx,ign,_,_]
[0,1,Qmpx-Qmpx,Qmpx-Qmpx,ign,_,_]
[0,1,Qmpx:Qmpx,Qmpx:Qmpx,ign,_,_]
[0,1,Qmpx?Qmpx,Qmpx?Qmpx,ign,_,_]
[0,1,Qmpx!Qmpx,Qmpx!Qmpx,ign,_,_]
[0,1,Qmpx/Qmpx,Qmpx/Qmpx,ign,_,_]
[0,1,Qmpx(Qmpx,Qmpx(Qmpx,ign,_,_]
[0,1,Qmpx)Qmpx,Qmpx)Qmpx,ign,_,_]
[0,1,Qmpx,Qmpx,ign,_,_]
[1,2,Qmpx,Qmpx,ign,_,_]
[0,1,Qmpx,Qmpx,ign,_,_]
[1,2,Qmpx,Qmpx,ign,_,_]
[0,1,Qmpx,Qmpx,ign,_,_]
[1,2,Qmpx,Qmpx,ign,_,_]
[0,1,Qmpx-Qmpx,Qmpx-Qmpx,ign,_,_]
[0,1,QmpxQmpx,QmpxQmpx,ign,_,_]
[0,1,Qmpx,Qmpx,ign,_,_]
[1,2,.,.,ign,_,_]
[2,3,123,123,ign,_,_]
[0,1,Qmpx,Qmpx,ign,_,_]
[1,2,,,,,interp,_,_]
[2,3,123,123,ign,_,_]
[0,1,Qmpx,Qmpx,ign,_,_]
[1,2,;,;,ign,_,_]
[2,3,123,123,ign,_,_]
[0,1,Qmpx-123,Qmpx-123,ign,_,_]
[0,1,Qmpx:123,Qmpx:123,ign,_,_]
[0,1,Qmpx?123,Qmpx?123,ign,_,_]
[0,1,Qmpx!123,Qmpx!123,ign,_,_]
[0,1,Qmpx/123,Qmpx/123,ign,_,_]
[0,1,Qmpx(123,Qmpx(123,ign,_,_]
[0,1,Qmpx)123,Qmpx)123,ign,_,_]
[0,1,Qmpx,Qmpx,ign,_,_]
[1,2,123,123,ign,_,_]
[0,1,Qmpx,Qmpx,ign,_,_]
[1,2,123,123,ign,_,_]
[0,1,Qmpx,Qmpx,ign,_,_]
[1,2,123,123,ign,_,_]
[0,1,Qmpx-123,Qmpx-123,ign,_,_]
[0,1,Qmpx123,Qmpx123,ign,_,_]
[0,1,Qmpx,Qmpx,ign,_,_]
[1,2,.,.,ign,_,_]
[2,3,VII,VII,ign,_,_]
[0,1,Qmpx,Qmpx,ign,_,_]
[1,2,,,,,interp,_,_]
[2,3,VII,VII,ign,_,_]
[0,1,Qmpx,Qmpx,ign,_,_]
[1,2,;,;,ign,_,_]
[2,3,VII,VII,ign,_,_]
[0,1,Qmpx-VII,Qmpx-VII,ign,_,_]
[0,1,Qmpx:VII,Qmpx:VII,ign,_,_]
[0,1,Qmpx?VII,Qmpx?VII,ign,_,_]
[0,1,Qmpx!VII,Qmpx!VII,ign,_,_]
[0,1,Qmpx/VII,Qmpx/VII,ign,_,_]
[0,1,Qmpx(VII,Qmpx(VII,ign,_,_]
[0,1,Qmpx)VII,Qmpx)VII,ign,_,_]
[0,1,Qmpx,Qmpx,ign,_,_]
[1,2,VII,VII,ign,_,_]
[0,1,Qmpx,Qmpx,ign,_,_]
[1,2,VII,VII,ign,_,_]
[0,1,Qmpx,Qmpx,ign,_,_]
[1,2,VII,VII,ign,_,_]
[0,1,Qmpx-VII,Qmpx-VII,ign,_,_]
[0,1,QmpxVII,QmpxVII,ign,_,_]
[0,1,123,123,ign,_,_]
[1,2,.,.,ign,_,_]
[2,3,123,123,ign,_,_]
[0,1,123,123,ign,_,_]
[1,2,,,,,interp,_,_]
[2,3,123,123,ign,_,_]
[0,1,123,123,ign,_,_]
[1,2,;,;,ign,_,_]
[2,3,123,123,ign,_,_]
[0,1,123-123,123-123,ign,_,_]
[0,1,123:123,123:123,ign,_,_]
[0,1,123?123,123?123,ign,_,_]
[0,1,123!123,123!123,ign,_,_]
[0,1,123/123,123/123,ign,_,_]
[0,1,123(123,123(123,ign,_,_]
[0,1,123)123,123)123,ign,_,_]
[0,1,123,123,ign,_,_]
[1,2,123,123,ign,_,_]
[0,1,123,123,ign,_,_]
[1,2,123,123,ign,_,_]
[0,1,123,123,ign,_,_]
[1,2,123,123,ign,_,_]
[0,1,123-123,123-123,ign,_,_]
[0,1,123123,123123,ign,_,_]
[0,1,123,123,ign,_,_]
[1,2,.,.,ign,_,_]
[2,3,VII,VII,ign,_,_]
[0,1,123,123,ign,_,_]
[1,2,,,,,interp,_,_]
[2,3,VII,VII,ign,_,_]
[0,1,123,123,ign,_,_]
[1,2,;,;,ign,_,_]
[2,3,VII,VII,ign,_,_]
[0,1,123-VII,123-VII,ign,_,_]
[0,1,123:VII,123:VII,ign,_,_]
[0,1,123?VII,123?VII,ign,_,_]
[0,1,123!VII,123!VII,ign,_,_]
[0,1,123/VII,123/VII,ign,_,_]
[0,1,123(VII,123(VII,ign,_,_]
[0,1,123)VII,123)VII,ign,_,_]
[0,1,123,123,ign,_,_]
[1,2,VII,VII,ign,_,_]
[0,1,123,123,ign,_,_]
[1,2,VII,VII,ign,_,_]
[0,1,123,123,ign,_,_]
[1,2,VII,VII,ign,_,_]
[0,1,123-VII,123-VII,ign,_,_]
[0,1,123VII,123VII,ign,_,_]
[0,1,VII,VII,ign,_,_]
[1,2,.,.,ign,_,_]
[2,3,VII,VII,ign,_,_]
[0,1,VII,VII,ign,_,_]
[1,2,,,,,interp,_,_]
[2,3,VII,VII,ign,_,_]
[0,1,VII,VII,ign,_,_]
[1,2,;,;,ign,_,_]
[2,3,VII,VII,ign,_,_]
[0,1,VII-VII,VII-VII,ign,_,_]
[0,1,VII:VII,VII:VII,ign,_,_]
[0,1,VII?VII,VII?VII,ign,_,_]
[0,1,VII!VII,VII!VII,ign,_,_]
[0,1,VII/VII,VII/VII,ign,_,_]
[0,1,VII(VII,VII(VII,ign,_,_]
[0,1,VII)VII,VII)VII,ign,_,_]
[0,1,VII,VII,ign,_,_]
[1,2,VII,VII,ign,_,_]
[0,1,VII,VII,ign,_,_]
[1,2,VII,VII,ign,_,_]
[0,1,VII,VII,ign,_,_]
[1,2,VII,VII,ign,_,_]
[0,1,VII-VII,VII-VII,ign,_,_]
[0,1,VIIVII,VIIVII,ign,_,_]
[0,1,.,.,ign,_,_]
[1,2,kaszanka,kaszanka,subst:sg:nom:f,nazwa pospolita,kulin.]
[2,3,.,.,ign,_,_]
[0,1,(kaszanka),(kaszanka),ign,_,_]
[0,1,kaszanka,kaszanka,subst:sg:nom:f,nazwa pospolita,kulin.]
[1,2,.,.,ign,_,_]
[2,3,.,.,ign,_,_]
[3,4,.,.,ign,_,_]
[0,1,-kaszanka-,-kaszanka-,ign,_,_]
[0,1,kaszanka,kaszanka,subst:sg:nom:f,nazwa pospolita,kulin.]
[1,2,,,,,interp,_,_]
[2,3,kaszanka,kaszanka,subst:sg:nom:f,nazwa pospolita,kulin.]
[3,4,;,;,ign,_,_]
[4,5,kaszanka,kaszanka,subst:sg:nom:f,nazwa pospolita,kulin.]
[0,1,kaszanka,kaszanka,subst:sg:nom:f,nazwa pospolita,kulin.]
[0,1,kaszanka,kaszanka,subst:sg:nom:f,nazwa pospolita,kulin.]
[0,1,.,.,ign,_,_]
[1,2,rad,rad:v,winien:sg:m1.m2.m3:imperf,_,_]
[1,3,rade,rad:v,winien:sg:n1.n2:imperf,_,_]
[1,4,radem,rad:s,subst:sg:inst:m3,nazwa pospolita,_]
[2,4,em,być,aglt:sg:pri:imperf:wok,_,_]
[3,4,m,być,aglt:sg:pri:imperf:nwok,_,_]
[4,5,.,.,ign,_,_]
[0,1,(radem),(radem),ign,_,_]
[0,1,rad,rad:v,winien:sg:m1.m2.m3:imperf,_,_]
[0,2,rade,rad:v,winien:sg:n1.n2:imperf,_,_]
[0,3,radem,rad:s,subst:sg:inst:m3,nazwa pospolita,_]
[1,3,em,być,aglt:sg:pri:imperf:wok,_,_]
[2,3,m,być,aglt:sg:pri:imperf:nwok,_,_]
[3,4,.,.,ign,_,_]
[4,5,.,.,ign,_,_]
[5,6,.,.,ign,_,_]
[0,1,-radem-,-radem-,ign,_,_]
[0,1,rad,rad:v,winien:sg:m1.m2.m3:imperf,_,_]
[0,2,rade,rad:v,winien:sg:n1.n2:imperf,_,_]
[0,3,radem,rad:s,subst:sg:inst:m3,nazwa pospolita,_]
[1,3,em,być,aglt:sg:pri:imperf:wok,_,_]
[2,3,m,być,aglt:sg:pri:imperf:nwok,_,_]
[3,4,,,,,interp,_,_]
[4,5,rad,rad:v,winien:sg:m1.m2.m3:imperf,_,_]
[4,6,rade,rad:v,winien:sg:n1.n2:imperf,_,_]
[4,7,radem,rad:s,subst:sg:inst:m3,nazwa pospolita,_]
[5,7,em,być,aglt:sg:pri:imperf:wok,_,_]
[6,7,m,być,aglt:sg:pri:imperf:nwok,_,_]
[7,8,;,;,ign,_,_]
[8,9,rad,rad:v,winien:sg:m1.m2.m3:imperf,_,_]
[8,10,rade,rad:v,winien:sg:n1.n2:imperf,_,_]
[8,11,radem,rad:s,subst:sg:inst:m3,nazwa pospolita,_]
[9,11,em,być,aglt:sg:pri:imperf:wok,_,_]
[10,11,m,być,aglt:sg:pri:imperf:nwok,_,_]
[0,1,rad,rad:v,winien:sg:m1.m2.m3:imperf,_,_]
[0,2,rade,rad:v,winien:sg:n1.n2:imperf,_,_]
[0,3,radem,rad:s,subst:sg:inst:m3,nazwa pospolita,_]
[1,3,em,być,aglt:sg:pri:imperf:wok,_,_]
[2,3,m,być,aglt:sg:pri:imperf:nwok,_,_]
[0,1,rad,rad:v,winien:sg:m1.m2.m3:imperf,_,_]
[0,2,rade,rad:v,winien:sg:n1.n2:imperf,_,_]
[0,3,radem,rad:s,subst:sg:inst:m3,nazwa pospolita,_]
[1,3,em,być,aglt:sg:pri:imperf:wok,_,_]
[2,3,m,być,aglt:sg:pri:imperf:nwok,_,_]
[0,1,.,.,ign,_,_]
[1,2,rade,rad:v,winien:sg:n1.n2:imperf,_,_]
[2,3,.,.,ign,_,_]
[0,1,(rade),(rade),ign,_,_]
[0,1,rade,rad:v,winien:sg:n1.n2:imperf,_,_]
[1,2,.,.,ign,_,_]
[2,3,.,.,ign,_,_]
[3,4,.,.,ign,_,_]
[0,1,-rade-,-rade-,ign,_,_]
[0,1,rade,rad:v,winien:sg:n1.n2:imperf,_,_]
[1,2,,,,,interp,_,_]
[2,3,rade,rad:v,winien:sg:n1.n2:imperf,_,_]
[3,4,;,;,ign,_,_]
[4,5,rade,rad:v,winien:sg:n1.n2:imperf,_,_]
[0,1,rade,rad:v,winien:sg:n1.n2:imperf,_,_]
[0,1,rade,rad:v,winien:sg:n1.n2:imperf,_,_]
[0,1,.,.,ign,_,_]
[0,1,.,.,ign,_,_]
[1,2,.,.,ign,_,_]
[0,1,.,.,ign,_,_]
[1,2,.,.,ign,_,_]
[2,3,.,.,ign,_,_]
[0,1,,,,,interp,_,_]
[0,1,;,;,ign,_,_]
[0,1,-,-,ign,_,_]
[0,1,--,--,ign,_,_]
[0,1,.,.,ign,_,_]
[1,2,,,,,interp,_,_]
[2,3,;,;,ign,_,_]
[0,1,?!,?!,ign,_,_]
[0,1,(),(),ign,_,_]
[]
[]
[]
[0,1,a,a,ign,_,_]
[1,2,.,.,ign,_,_]
[2,3,b,b,ign,_,_]
[3,4,.,.,ign,_,_]
[4,5,c,c,ign,_,_]
[5,6,.,.,ign,_,_]
[6,7,d,d,ign,_,_]
[0,1,1,1,ign,_,_]
[1,2,,,,,interp,_,_]
[2,3,2,2,ign,_,_]
[3,4,,,,,interp,_,_]
[4,5,3,3,ign,_,_]
[0,1,x-y-z,x-y-z,ign,_,_]
[0,1,co?,co?,ign,_,_]
[0,1,n,n,ign,_,_]
[1,2,.,.,ign,_,_]
[2,3,p,p,ign,_,_]
[3,4,.,.,ign,_,_]
[0,1,p,p,ign,_,_]
[1,2,.,.,ign,_,_]
[2,3,n,n,ign,_,_]
[3,4,.,.,ign,_,_]
[4,5,e,e,ign,_,_]
[5,6,.,.,ign,_,_]
[0,1,tzn,tzn,ign,_,_]
[1,2,.,.,ign,_,_]
[0,1,O,O,ign,_,_]
[1,2,.,.,ign,_,_]
[2,3,K,K,ign,_,_]
[3,4,.,.,ign,_,_]
[0,1,3,3,ign,_,_]
[1,2,.,.,ign,_,_]
[2,3,14,14,ign,_,_]
[0,1,1+1,1+1,ign,_,_]

