[0,1,czerwony,czerwony:a1,adj:sg:acc:m3:pos,pospolita,niebieski
 0,1,czerwony,czerwony:a2,adj:sg:acc:m3:pos,pospolita,żółty1|żółty2
 0,1,czerwony,czerwony:a3,adj:sg:acc:m3:pos,pospolita,żółty1|żółty2
 0,1,czerwony,czerwony:a4,adj:sg:acc:m3:pos,pospolita,żółty1|żółty2|żółty3]
[1,2,czerwony,czerwony:a1,adj:sg:acc:m3:pos,pospolita,niebieski
 1,2,czerwony,czerwony:a2,adj:sg:acc:m3:pos,pospolita,żółty1|żółty2
 1,2,czerwony,czerwony:a3,adj:sg:acc:m3:pos,pospolita,żółty1|żółty2
 1,2,czerwony,czerwony:a4,adj:sg:acc:m3:pos,pospolita,żółty1|żółty2|żółty3]
[2,3,CZERWONY,czerwony:a1,adj:sg:acc:m3:pos,pospolita,niebieski
 2,3,CZERWONY,czerwony:a2,adj:sg:acc:m3:pos,pospolita,żółty1|żółty2
 2,3,CZERWONY,czerwony:a3,adj:sg:acc:m3:pos,pospolita,żółty1|żółty2
 2,3,CZERWONY,czerwony:a4,adj:sg:acc:m3:pos,pospolita,żółty1|żółty2|żółty3]
[3,4,czerwony,czerwony:a1,adj:sg:acc:m3:pos,pospolita,niebieski
 3,4,czerwony,czerwony:a2,adj:sg:acc:m3:pos,pospolita,żółty1|żółty2
 3,4,czerwony,czerwony:a3,adj:sg:acc:m3:pos,pospolita,żółty1|żółty2
 3,4,czerwony,czerwony:a4,adj:sg:acc:m3:pos,pospolita,żółty1|żółty2|żółty3]
[4,5,Czerwony,czerwony:a1,adj:sg:acc:m3:pos,pospolita,niebieski
 4,5,Czerwony,czerwony:a2,adj:sg:acc:m3:pos,pospolita,żółty1|żółty2
 4,5,Czerwony,czerwony:a3,adj:sg:acc:m3:pos,pospolita,żółty1|żółty2
 4,5,Czerwony,czerwony:a4,adj:sg:acc:m3:pos,pospolita,żółty1|żółty2|żółty3]
[5,6,CZERWONY,czerwony:a1,adj:sg:acc:m3:pos,pospolita,niebieski
 5,6,CZERWONY,czerwony:a2,adj:sg:acc:m3:pos,pospolita,żółty1|żółty2
 5,6,CZERWONY,czerwony:a3,adj:sg:acc:m3:pos,pospolita,żółty1|żółty2
 5,6,CZERWONY,czerwony:a4,adj:sg:acc:m3:pos,pospolita,żółty1|żółty2|żółty3]
[6,7,czerwony123,czerwony123,ign,_,_]
[7,8,123czerwony,123czerwony,ign,_,_]
[8,9,czerwonyx,czerwonyx,ign,_,_]
[9,10,xczerwony,xczerwony,ign,_,_]
[10,11,czerwonyczerwony,czerwonyczerwony,ign,_,_]
[11,12,czerwony,czerwony:a1,adj:sg:acc:m3:pos,pospolita,niebieski
 11,12,czerwony,czerwony:a2,adj:sg:acc:m3:pos,pospolita,żółty1|żółty2
 11,12,czerwony,czerwony:a3,adj:sg:acc:m3:pos,pospolita,żółty1|żółty2
 11,12,czerwony,czerwony:a4,adj:sg:acc:m3:pos,pospolita,żółty1|żółty2|żółty3]
[12,13,.,.,ign,_,_]
[13,14,czerwony,czerwony:a1,adj:sg:acc:m3:pos,pospolita,niebieski
 13,14,czerwony,czerwony:a2,adj:sg:acc:m3:pos,pospolita,żółty1|żółty2
 13,14,czerwony,czerwony:a3,adj:sg:acc:m3:pos,pospolita,żółty1|żółty2
 13,14,czerwony,czerwony:a4,adj:sg:acc:m3:pos,pospolita,żółty1|żółty2|żółty3]
[14,15,czerwony,czerwony:a1,adj:sg:acc:m3:pos,pospolita,niebieski
 14,15,czerwony,czerwony:a2,adj:sg:acc:m3:pos,pospolita,żółty1|żółty2
 14,15,czerwony,czerwony:a3,adj:sg:acc:m3:pos,pospolita,żółty1|żółty2
 14,15,czerwony,czerwony:a4,adj:sg:acc:m3:pos,pospolita,żółty1|żółty2|żółty3]
[15,16,,,,,ign,_,_]
[16,17,czerwony,czerwony:a1,adj:sg:acc:m3:pos,pospolita,niebieski
 16,17,czerwony,czerwony:a2,adj:sg:acc:m3:pos,pospolita,żółty1|żółty2
 16,17,czerwony,czerwony:a3,adj:sg:acc:m3:pos,pospolita,żółty1|żółty2
 16,17,czerwony,czerwony:a4,adj:sg:acc:m3:pos,pospolita,żółty1|żółty2|żółty3]
[17,18,czerwony,czerwony:a1,adj:sg:acc:m3:pos,pospolita,niebieski
 17,18,czerwony,czerwony:a2,adj:sg:acc:m3:pos,pospolita,żółty1|żółty2
 17,18,czerwony,czerwony:a3,adj:sg:acc:m3:pos,pospolita,żółty1|żółty2
 17,18,czerwony,czerwony:a4,adj:sg:acc:m3:pos,pospolita,żółty1|żółty2|żółty3]
[18,19,;,;,ign,_,_]
[19,20,czerwony,czerwony:a1,adj:sg:acc:m3:pos,pospolita,niebieski
 19,20,czerwony,czerwony:a2,adj:sg:acc:m3:pos,pospolita,żółty1|żółty2
 19,20,czerwony,czerwony:a3,adj:sg:acc:m3:pos,pospolita,żółty1|żółty2
 19,20,czerwony,czerwony:a4,adj:sg:acc:m3:pos,pospolita,żółty1|żółty2|żółty3]
[20,21,czerwony-czerwony,czerwony-czerwony,ign,_,_]
[21,22,czerwony:czerwony,czerwony:czerwony,ign,_,_]
[22,23,czerwony?czerwony,czerwony?czerwony,ign,_,_]
[23,24,czerwony!czerwony,czerwony!czerwony,ign,_,_]
[24,25,czerwony/czerwony,czerwony/czerwony,ign,_,_]
[25,26,czerwony(czerwony,czerwony(czerwony,ign,_,_]
[26,27,czerwony)czerwony,czerwony)czerwony,ign,_,_]
[27,28,czerwony,czerwony:a1,adj:sg:acc:m3:pos,pospolita,niebieski
 27,28,czerwony,czerwony:a2,adj:sg:acc:m3:pos,pospolita,żółty1|żółty2
 27,28,czerwony,czerwony:a3,adj:sg:acc:m3:pos,pospolita,żółty1|żółty2
 27,28,czerwony,czerwony:a4,adj:sg:acc:m3:pos,pospolita,żółty1|żółty2|żółty3]
[28,29,czerwony,czerwony:a1,adj:sg:acc:m3:pos,pospolita,niebieski
 28,29,czerwony,czerwony:a2,adj:sg:acc:m3:pos,pospolita,żółty1|żółty2
 28,29,czerwony,czerwony:a3,adj:sg:acc:m3:pos,pospolita,żółty1|żółty2
 28,29,czerwony,czerwony:a4,adj:sg:acc:m3:pos,pospolita,żółty1|żółty2|żółty3]
[29,30,czerwony,czerwony:a1,adj:sg:acc:m3:pos,pospolita,niebieski
 29,30,czerwony,czerwony:a2,adj:sg:acc:m3:pos,pospolita,żółty1|żółty2
 29,30,czerwony,czerwony:a3,adj:sg:acc:m3:pos,pospolita,żółty1|żółty2
 29,30,czerwony,czerwony:a4,adj:sg:acc:m3:pos,pospolita,żółty1|żółty2|żółty3]
[30,31,czerwony,czerwony:a1,adj:sg:acc:m3:pos,pospolita,niebieski
 30,31,czerwony,czerwony:a2,adj:sg:acc:m3:pos,pospolita,żółty1|żółty2
 30,31,czerwony,czerwony:a3,adj:sg:acc:m3:pos,pospolita,żółty1|żółty2
 30,31,czerwony,czerwony:a4,adj:sg:acc:m3:pos,pospolita,żółty1|żółty2|żółty3]
[31,32,czerwony,czerwony:a1,adj:sg:acc:m3:pos,pospolita,niebieski
 31,32,czerwony,czerwony:a2,adj:sg:acc:m3:pos,pospolita,żółty1|żółty2
 31,32,czerwony,czerwony:a3,adj:sg:acc:m3:pos,pospolita,żółty1|żółty2
 31,32,czerwony,czerwony:a4,adj:sg:acc:m3:pos,pospolita,żółty1|żółty2|żółty3]
[32,33,czerwony,czerwony:a1,adj:sg:acc:m3:pos,pospolita,niebieski
 32,33,czerwony,czerwony:a2,adj:sg:acc:m3:pos,pospolita,żółty1|żółty2
 32,33,czerwony,czerwony:a3,adj:sg:acc:m3:pos,pospolita,żółty1|żółty2
 32,33,czerwony,czerwony:a4,adj:sg:acc:m3:pos,pospolita,żółty1|żółty2|żółty3]
[33,34,czerwony-czerwony,czerwony-czerwony,ign,_,_]
[34,35,czerwonyczerwony,czerwonyczerwony,ign,_,_]
[35,36,czerwony,czerwony:a1,adj:sg:acc:m3:pos,pospolita,niebieski
 35,36,czerwony,czerwony:a2,adj:sg:acc:m3:pos,pospolita,żółty1|żółty2
 35,36,czerwony,czerwony:a3,adj:sg:acc:m3:pos,pospolita,żółty1|żółty2
 35,36,czerwony,czerwony:a4,adj:sg:acc:m3:pos,pospolita,żółty1|żółty2|żółty3]
[36,37,.,.,ign,_,_]
[37,38,xyzzy,xyzzy,ign,_,_]
[38,39,czerwony,czerwony:a1,adj:sg:acc:m3:pos,pospolita,niebieski
 38,39,czerwony,czerwony:a2,adj:sg:acc:m3:pos,pospolita,żółty1|żółty2
 38,39,czerwony,czerwony:a3,adj:sg:acc:m3:pos,pospolita,żółty1|żółty2
 38,39,czerwony,czerwony:a4,adj:sg:acc:m3:pos,pospolita,żółty1|żółty2|żółty3]
[39,40,,,,,ign,_,_]
[40,41,xyzzy,xyzzy,ign,_,_]
[41,42,czerwony,czerwony:a1,adj:sg:acc:m3:pos,pospolita,niebieski
 41,42,czerwony,czerwony:a2,adj:sg:acc:m3:pos,pospolita,żółty1|żółty2
 41,42,czerwony,czerwony:a3,adj:sg:acc:m3:pos,pospolita,żółty1|żółty2
 41,42,czerwony,czerwony:a4,adj:sg:acc:m3:pos,pospolita,żółty1|żółty2|żółty3]
[42,43,;,;,ign,_,_]
[43,44,xyzzy,xyzzy,ign,_,_]
[44,45,czerwony-xyzzy,czerwony-xyzzy,ign,_,_]
[45,46,czerwony:xyzzy,czerwony:xyzzy,ign,_,_]
[46,47,czerwony?xyzzy,czerwony?xyzzy,ign,_,_]
[47,48,czerwony!xyzzy,czerwony!xyzzy,ign,_,_]
[48,49,czerwony/xyzzy,czerwony/xyzzy,ign,_,_]
[49,50,czerwony(xyzzy,czerwony(xyzzy,ign,_,_]
[50,51,czerwony)xyzzy,czerwony)xyzzy,ign,_,_]
[51,52,czerwony,czerwony:a1,adj:sg:acc:m3:pos,pospolita,niebieski
 51,52,czerwony,czerwony:a2,adj:sg:acc:m3:pos,pospolita,żółty1|żółty2
 51,52,czerwony,czerwony:a3,adj:sg:acc:m3:pos,pospolita,żółty1|żółty2
 51,52,czerwony,czerwony:a4,adj:sg:acc:m3:pos,pospolita,żółty1|żółty2|żółty3]
[52,53,xyzzy,xyzzy,ign,_,_]
[53,54,czerwony,czerwony:a1,adj:sg:acc:m3:pos,pospolita,niebieski
 53,54,czerwony,czerwony:a2,adj:sg:acc:m3:pos,pospolita,żółty1|żółty2
 53,54,czerwony,czerwony:a3,adj:sg:acc:m3:pos,pospolita,żółty1|żółty2
 53,54,czerwony,czerwony:a4,adj:sg:acc:m3:pos,pospolita,żółty1|żółty2|żółty3]
[54,55,xyzzy,xyzzy,ign,_,_]
[55,56,czerwony,czerwony:a1,adj:sg:acc:m3:pos,pospolita,niebieski
 55,56,czerwony,czerwony:a2,adj:sg:acc:m3:pos,pospolita,żółty1|żółty2
 55,56,czerwony,czerwony:a3,adj:sg:acc:m3:pos,pospolita,żółty1|żółty2
 55,56,czerwony,czerwony:a4,adj:sg:acc:m3:pos,pospolita,żółty1|żółty2|żółty3]
[56,57,xyzzy,xyzzy,ign,_,_]
[57,58,czerwony-xyzzy,czerwony-xyzzy,ign,_,_]
[58,59,czerwonyxyzzy,czerwonyxyzzy,ign,_,_]
[59,60,czerwony,czerwony:a1,adj:sg:acc:m3:pos,pospolita,niebieski
 59,60,czerwony,czerwony:a2,adj:sg:acc:m3:pos,pospolita,żółty1|żółty2
 59,60,czerwony,czerwony:a3,adj:sg:acc:m3:pos,pospolita,żółty1|żółty2
 59,60,czerwony,czerwony:a4,adj:sg:acc:m3:pos,pospolita,żółty1|żółty2|żółty3]
[60,61,.,.,ign,_,_]
[61,62,Qmpx,Qmpx,ign,_,_]
[62,63,czerwony,czerwony:a1,adj:sg:acc:m3:pos,pospolita,niebieski
 62,63,czerwony,czerwony:a2,adj:sg:acc:m3:pos,pospolita,żółty1|żółty2
 62,63,czerwony,czerwony:a3,adj:sg:acc:m3:pos,pospolita,żółty1|żółty2
 62,63,czerwony,czerwony:a4,adj:sg:acc:m3:pos,pospolita,żółty1|żółty2|żółty3]
[63,64,,,,,ign,_,_]
[64,65,Qmpx,Qmpx,ign,_,_]
[65,66,czerwony,czerwony:a1,adj:sg:acc:m3:pos,pospolita,niebieski
 65,66,czerwony,czerwony:a2,adj:sg:acc:m3:pos,pospolita,żółty1|żółty2
 65,66,czerwony,czerwony:a3,adj:sg:acc:m3:pos,pospolita,żółty1|żółty2
 65,66,czerwony,czerwony:a4,adj:sg:acc:m3:pos,pospolita,żółty1|żółty2|żółty3]
[66,67,;,;,ign,_,_]
[67,68,Qmpx,Qmpx,ign,_,_]
[68,69,czerwony-Qmpx,czerwony-Qmpx,ign,_,_]
[69,70,czerwony:Qmpx,czerwony:Qmpx,ign,_,_]
[70,71,czerwony?Qmpx,czerwony?Qmpx,ign,_,_]
[71,72,czerwony!Qmpx,czerwony!Qmpx,ign,_,_]
[72,73,czerwony/Qmpx,czerwony/Qmpx,ign,_,_]
[73,74,czerwony(Qmpx,czerwony(Qmpx,ign,_,_]
[74,75,czerwony)Qmpx,czerwony)Qmpx,ign,_,_]
[75,76,czerwony,czerwony:a1,adj:sg:acc:m3:pos,pospolita,niebieski
 75,76,czerwony,czerwony:a2,adj:sg:acc:m3:pos,pospolita,żółty1|żółty2
 75,76,czerwony,czerwony:a3,adj:sg:acc:m3:pos,pospolita,żółty1|żółty2
 75,76,czerwony,czerwony:a4,adj:sg:acc:m3:pos,pospolita,żółty1|żółty2|żółty3]
[76,77,Qmpx,Qmpx,ign,_,_]
[77,78,czerwony,czerwony:a1,adj:sg:acc:m3:pos,pospolita,niebieski
 77,78,czerwony,czerwony:a2,adj:sg:acc:m3:pos,pospolita,żółty1|żółty2
 77,78,czerwony,czerwony:a3,adj:sg:acc:m3:pos,pospolita,żółty1|żółty2
 77,78,czerwony,czerwony:a4,adj:sg:acc:m3:pos,pospolita,żółty1|żółty2|żółty3]
[78,79,Qmpx,Qmpx,ign,_,_]
[79,80,czerwony,czerwony:a1,adj:sg:acc:m3:pos,pospolita,niebieski
 79,80,czerwony,czerwony:a2,adj:sg:acc:m3:pos,pospolita,żółty1|żółty2
 79,80,czerwony,czerwony:a3,adj:sg:acc:m3:pos,pospolita,żółty1|żółty2
 79,80,czerwony,czerwony:a4,adj:sg:acc:m3:pos,pospolita,żółty1|żółty2|żółty3]
[80,81,Qmpx,Qmpx,ign,_,_]
[81,82,czerwony-Qmpx,czerwony-Qmpx,ign,_,_]
[82,83,czerwonyQmpx,czerwonyQmpx,ign,_,_]
[83,84,czerwony,czerwony:a1,adj:sg:acc:m3:pos,pospolita,niebieski
 83,84,czerwony,czerwony:a2,adj:sg:acc:m3:pos,pospolita,żółty1|żółty2
 83,84,czerwony,czerwony:a3,adj:sg:acc:m3:pos,pospolita,żółty1|żółty2
 83,84,czerwony,czerwony:a4,adj:sg:acc:m3:pos,pospolita,żółty1|żółty2|żółty3]
[84,85,.,.,ign,_,_]
[85,86,123,123,ign,_,_]
[86,87,czerwony,czerwony:a1,adj:sg:acc:m3:pos,pospolita,niebieski
 86,87,czerwony,czerwony:a2,adj:sg:acc:m3:pos,pospolita,żółty1|żółty2
 86,87,czerwony,czerwony:a3,adj:sg:acc:m3:pos,pospolita,żółty1|żółty2
 86,87,czerwony,czerwony:a4,adj:sg:acc:m3:pos,pospolita,żółty1|żółty2|żółty3]
[87,88,,,,,ign,_,_]
[88,89,123,123,ign,_,_]
[89,90,czerwony,czerwony:a1,adj:sg:acc:m3:pos,pospolita,niebieski
 89,90,czerwony,czerwony:a2,adj:sg:acc:m3:pos,pospolita,żółty1|żółty2
 89,90,czerwony,czerwony:a3,adj:sg:acc:m3:pos,pospolita,żółty1|żółty2
 89,90,czerwony,czerwony:a4,adj:sg:acc:m3:pos,pospolita,żółty1|żółty2|żółty3]
[90,91,;,;,ign,_,_]
[91,92,123,123,ign,_,_]
[92,93,czerwony-123,czerwony-123,ign,_,_]
[93,94,czerwony:123,czerwony:123,ign,_,_]
[94,95,czerwony?123,czerwony?123,ign,_,_]
[95,96,czerwony!123,czerwony!123,ign,_,_]
[96,97,czerwony/123,czerwony/123,ign,_,_]
[97,98,czerwony(123,czerwony(123,ign,_,_]
[98,99,czerwony)123,czerwony)123,ign,_,_]
[99,100,czerwony,czerwony:a1,adj:sg:acc:m3:pos,pospolita,niebieski
 99,100,czerwony,czerwony:a2,adj:sg:acc:m3:pos,pospolita,żółty1|żółty2
 99,100,czerwony,czerwony:a3,adj:sg:acc:m3:pos,pospolita,żółty1|żółty2
 99,100,czerwony,czerwony:a4,adj:sg:acc:m3:pos,pospolita,żółty1|żółty2|żółty3]
[100,101,123,123,ign,_,_]
[101,102,czerwony,czerwony:a1,adj:sg:acc:m3:pos,pospolita,niebieski
 101,102,czerwony,czerwony:a2,adj:sg:acc:m3:pos,pospolita,żółty1|żółty2
 101,102,czerwony,czerwony:a3,adj:sg:acc:m3:pos,pospolita,żółty1|żółty2
 101,102,czerwony,czerwony:a4,adj:sg:acc:m3:pos,pospolita,żółty1|żółty2|żółty3]
[102,103,123,123,ign,_,_]
[103,104,czerwony,czerwony:a1,adj:sg:acc:m3:pos,pospolita,niebieski
 103,104,czerwony,czerwony:a2,adj:sg:acc:m3:pos,pospolita,żółty1|żółty2
 103,104,czerwony,czerwony:a3,adj:sg:acc:m3:pos,pospolita,żółty1|żółty2
 103,104,czerwony,czerwony:a4,adj:sg:acc:m3:pos,pospolita,żółty1|żółty2|żółty3]
[104,105,123,123,ign,_,_]
[105,106,czerwony-123,czerwony-123,ign,_,_]
[106,107,czerwony123,czerwony123,ign,_,_]
[107,108,czerwony,czerwony:a1,adj:sg:acc:m3:pos,pospolita,niebieski
 107,108,czerwony,czerwony:a2,adj:sg:acc:m3:pos,pospolita,żółty1|żółty2
 107,108,czerwony,czerwony:a3,adj:sg:acc:m3:pos,pospolita,żółty1|żółty2
 107,108,czerwony,czerwony:a4,adj:sg:acc:m3:pos,pospolita,żółty1|żółty2|żółty3]
[108,109,.,.,ign,_,_]
[109,110,VII,VII,ign,_,_]
[110,111,czerwony,czerwony:a1,adj:sg:acc:m3:pos,pospolita,niebieski
 110,111,czerwony,czerwony:a2,adj:sg:acc:m3:pos,pospolita,żółty1|żółty2
 110,111,czerwony,czerwony:a3,adj:sg:acc:m3:pos,pospolita,żółty1|żółty2
 110,111,czerwony,czerwony:a4,adj:sg:acc:m3:pos,pospolita,żółty1|żółty2|żółty3]
[111,112,,,,,ign,_,_]
[112,113,VII,VII,ign,_,_]
[113,114,czerwony,czerwony:a1,adj:sg:acc:m3:pos,pospolita,niebieski
 113,114,czerwony,czerwony:a2,adj:sg:acc:m3:pos,pospolita,żółty1|żółty2
 113,114,czerwony,czerwony:a3,adj:sg:acc:m3:pos,pospolita,żółty1|żółty2
 113,114,czerwony,czerwony:a4,adj:sg:acc:m3:pos,pospolita,żółty1|żółty2|żółty3]
[114,115,;,;,ign,_,_]
[115,116,VII,VII,ign,_,_]
[116,117,czerwony-VII,czerwony-VII,ign,_,_]
[117,118,czerwony:VII,czerwony:VII,ign,_,_]
[118,119,czerwony?VII,czerwony?VII,ign,_,_]
[119,120,czerwony!VII,czerwony!VII,ign,_,_]
[120,121,czerwony/VII,czerwony/VII,ign,_,_]
[121,122,czerwony(VII,czerwony(VII,ign,_,_]
[122,123,czerwony)VII,czerwony)VII,ign,_,_]
[123,124,czerwony,czerwony:a1,adj:sg:acc:m3:pos,pospolita,niebieski
 123,124,czerwony,czerwony:a2,adj:sg:acc:m3:pos,pospolita,żółty1|żółty2
 123,124,czerwony,czerwony:a3,adj:sg:acc:m3:pos,pospolita,żółty1|żółty2
 123,124,czerwony,czerwony:a4,adj:sg:acc:m3:pos,pospolita,żółty1|żółty2|żółty3]
[124,125,VII,VII,ign,_,_]
[125,126,czerwony,czerwony:a1,adj:sg:acc:m3:pos,pospolita,niebieski
 125,126,czerwony,czerwony:a2,adj:sg:acc:m3:pos,pospolita,żółty1|żółty2
 125,126,czerwony,czerwony:a3,adj:sg:acc:m3:pos,pospolita,żółty1|żółty2
 125,126,czerwony,czerwony:a4,adj:sg:acc:m3:pos,pospolita,żółty1|żółty2|żółty3]
[126,127,VII,VII,ign,_,_]
[127,128,czerwony,czerwony:a1,adj:sg:acc:m3:pos,pospolita,niebieski
 127,128,czerwony,czerwony:a2,adj:sg:acc:m3:pos,pospolita,żółty1|żółty2
 127,128,czerwony,czerwony:a3,adj:sg:acc:m3:pos,pospolita,żółty1|żółty2
 127,128,czerwony,czerwony:a4,adj:sg:acc:m3:pos,pospolita,żółty1|żółty2|żółty3]
[128,129,VII,VII,ign,_,_]
[129,130,czerwony-VII,czerwony-VII,ign,_,_]
[130,131,czerwonyVII,czerwonyVII,ign,_,_]
[131,132,xyzzy,xyzzy,ign,_,_]
[132,133,.,.,ign,_,_]
[133,134,xyzzy,xyzzy,ign,_,_]
[134,135,xyzzy,xyzzy,ign,_,_]
[135,136,,,,,ign,_,_]
[136,137,xyzzy,xyzzy,ign,_,_]
[137,138,xyzzy,xyzzy,ign,_,_]
[138,139,;,;,ign,_,_]
[139,140,xyzzy,xyzzy,ign,_,_]
[140,141,xyzzy-xyzzy,xyzzy-xyzzy,ign,_,_]
[141,142,xyzzy:xyzzy,xyzzy:xyzzy,ign,_,_]
[142,143,xyzzy?xyzzy,xyzzy?xyzzy,ign,_,_]
[143,144,xyzzy!xyzzy,xyzzy!xyzzy,ign,_,_]
[144,145,xyzzy/xyzzy,xyzzy/xyzzy,ign,_,_]
[145,146,xyzzy(xyzzy,xyzzy(xyzzy,ign,_,_]
[146,147,xyzzy)xyzzy,xyzzy)xyzzy,ign,_,_]
[147,148,xyzzy,xyzzy,ign,_,_]
[148,149,xyzzy,xyzzy,ign,_,_]
[149,150,xyzzy,xyzzy,ign,_,_]
[150,151,xyzzy,xyzzy,ign,_,_]
[151,152,xyzzy,xyzzy,ign,_,_]
[152,153,xyzzy,xyzzy,ign,_,_]
[153,154,xyzzy-xyzzy,xyzzy-xyzzy,ign,_,_]
[154,155,xyzzyxyzzy,xyzzyxyzzy,ign,_,_]
[155,156,xyzzy,xyzzy,ign,_,_]
[156,157,.,.,ign,_,_]
[157,158,Qmpx,Qmpx,ign,_,_]
[158,159,xyzzy,xyzzy,ign,_,_]
[159,160,,,,,ign,_,_]
[160,161,Qmpx,Qmpx,ign,_,_]
[161,162,xyzzy,xyzzy,ign,_,_]
[162,163,;,;,ign,_,_]
[163,164,Qmpx,Qmpx,ign,_,_]
[164,165,xyzzy-Qmpx,xyzzy-Qmpx,ign,_,_]
[165,166,xyzzy:Qmpx,xyzzy:Qmpx,ign,_,_]
[166,167,xyzzy?Qmpx,xyzzy?Qmpx,ign,_,_]
[167,168,xyzzy!Qmpx,xyzzy!Qmpx,ign,_,_]
[168,169,xyzzy/Qmpx,xyzzy/Qmpx,ign,_,_]
[169,170,xyzzy(Qmpx,xyzzy(Qmpx,ign,_,_]
[170,171,xyzzy)Qmpx,xyzzy)Qmpx,ign,_,_]
[171,172,xyzzy,xyzzy,ign,_,_]
[172,173,Qmpx,Qmpx,ign,_,_]
[173,174,xyzzy,xyzzy,ign,_,_]
[174,175,Qmpx,Qmpx,ign,_,_]
[175,176,xyzzy,xyzzy,ign,_,_]
[176,177,Qmpx,Qmpx,ign,_,_]
[177,178,xyzzy-Qmpx,xyzzy-Qmpx,ign,_,_]
[178,179,xyzzyQmpx,xyzzyQmpx,ign,_,_]
[179,180,xyzzy,xyzzy,ign,_,_]
[180,181,.,.,ign,_,_]
[181,182,123,123,ign,_,_]
[182,183,xyzzy,xyzzy,ign,_,_]
[183,184,,,,,ign,_,_]
[184,185,123,123,ign,_,_]
[185,186,xyzzy,xyzzy,ign,_,_]
[186,187,;,;,ign,_,_]
[187,188,123,123,ign,_,_]
[188,189,xyzzy-123,xyzzy-123,ign,_,_]
[189,190,xyzzy:123,xyzzy:123,ign,_,_]
[190,191,xyzzy?123,xyzzy?123,ign,_,_]
[191,192,xyzzy!123,xyzzy!123,ign,_,_]
[192,193,xyzzy/123,xyzzy/123,ign,_,_]
[193,194,xyzzy(123,xyzzy(123,ign,_,_]
[194,195,xyzzy)123,xyzzy)123,ign,_,_]
[195,196,xyzzy,xyzzy,ign,_,_]
[196,197,123,123,ign,_,_]
[197,198,xyzzy,xyzzy,ign,_,_]
[198,199,123,123,ign,_,_]
[199,200,xyzzy,xyzzy,ign,_,_]
[200,201,123,123,ign,_,_]
[201,202,xyzzy-123,xyzzy-123,ign,_,_]
[202,203,xyzzy123,xyzzy123,ign,_,_]
[203,204,xyzzy,xyzzy,ign,_,_]
[204,205,.,.,ign,_,_]
[205,206,VII,VII,ign,_,_]
[206,207,xyzzy,xyzzy,ign,_,_]
[207,208,,,,,ign,_,_]
[208,209,VII,VII,ign,_,_]
[209,210,xyzzy,xyzzy,ign,_,_]
[210,211,;,;,ign,_,_]
[211,212,VII,VII,ign,_,_]
[212,213,xyzzy-VII,xyzzy-VII,ign,_,_]
[213,214,xyzzy:VII,xyzzy:VII,ign,_,_]
[214,215,xyzzy?VII,xyzzy?VII,ign,_,_]
[215,216,xyzzy!VII,xyzzy!VII,ign,_,_]
[216,217,xyzzy/VII,xyzzy/VII,ign,_,_]
[217,218,xyzzy(VII,xyzzy(VII,ign,_,_]
[218,219,xyzzy)VII,xyzzy)VII,ign,_,_]
[219,220,xyzzy,xyzzy,ign,_,_]
[220,221,VII,VII,ign,_,_]
[221,222,xyzzy,xyzzy,ign,_,_]
[222,223,VII,VII,ign,_,_]
[223,224,xyzzy,xyzzy,ign,_,_]
[224,225,VII,VII,ign,_,_]
[225,226,xyzzy-VII,xyzzy-VII,ign,_,_]
[226,227,xyzzyVII,xyzzyVII,ign,_,_]
[227,228,Qmpx,Qmpx,ign,_,_]
[228,229,.,.,ign,_,_]
[229,230,Qmpx,Qmpx,ign,_,_]
[230,231,Qmpx,Qmpx,ign,_,_]
[231,232,,,,,ign,_,_]
[232,233,Qmpx,Qmpx,ign,_,_]
[233,234,Qmpx,Qmpx,ign,_,_]
[234,235,;,;,ign,_,_]
[235,236,Qmpx,Qmpx,ign,_,_]
[236,237,Qmpx-Qmpx,Qmpx-Qmpx,ign,_,_]
[237,238,Qmpx:Qmpx,Qmpx:Qmpx,ign,_,_]
[238,239,Qmpx?Qmpx,Qmpx?Qmpx,ign,_,_]
[239,240,Qmpx!Qmpx,Qmpx!Qmpx,ign,_,_]
[240,241,Qmpx/Qmpx,Qmpx/Qmpx,ign,_,_]
[241,242,Qmpx(Qmpx,Qmpx(Qmpx,ign,_,_]
[242,243,Qmpx)Qmpx,Qmpx)Qmpx,ign,_,_]
[243,244,Qmpx,Qmpx,ign,_,_]
[244,245,Qmpx,Qmpx,ign,_,_]
[245,246,Qmpx,Qmpx,ign,_,_]
[246,247,Qmpx,Qmpx,ign,_,_]
[247,248,Qmpx,Qmpx,ign,_,_]
[248,249,Qmpx,Qmpx,ign,_,_]
[249,250,Qmpx-Qmpx,Qmpx-Qmpx,ign,_,_]
[250,251,QmpxQmpx,QmpxQmpx,ign,_,_]
[251,252,Qmpx,Qmpx,ign,_,_]
[252,253,.,.,ign,_,_]
[253,254,123,123,ign,_,_]
[254,255,Qmpx,Qmpx,ign,_,_]
[255,256,,,,,ign,_,_]
[256,257,123,123,ign,_,_]
[257,258,Qmpx,Qmpx,ign,_,_]
[258,259,;,;,ign,_,_]
[259,260,123,123,ign,_,_]
[260,261,Qmpx-123,Qmpx-123,ign,_,_]
[261,262,Qmpx:123,Qmpx:123,ign,_,_]
[262,263,Qmpx?123,Qmpx?123,ign,_,_]
[263,264,Qmpx!123,Qmpx!123,ign,_,_]
[264,265,Qmpx/123,Qmpx/123,ign,_,_]
[265,266,Qmpx(123,Qmpx(123,ign,_,_]
[266,267,Qmpx)123,Qmpx)123,ign,_,_]
[267,268,Qmpx,Qmpx,ign,_,_]
[268,269,123,123,ign,_,_]
[269,270,Qmpx,Qmpx,ign,_,_]
[270,271,123,123,ign,_,_]
[271,272,Qmpx,Qmpx,ign,_,_]
[272,273,123,123,ign,_,_]
[273,274,Qmpx-123,Qmpx-123,ign,_,_]
[274,275,Qmpx123,Qmpx123,ign,_,_]
[275,276,Qmpx,Qmpx,ign,_,_]
[276,277,.,.,ign,_,_]
[277,278,VII,VII,ign,_,_]
[278,279,Qmpx,Qmpx,ign,_,_]
[279,280,,,,,ign,_,_]
[280,281,VII,VII,ign,_,_]
[281,282,Qmpx,Qmpx,ign,_,_]
[282,283,;,;,ign,_,_]
[283,284,VII,VII,ign,_,_]
[284,285,Qmpx-VII,Qmpx-VII,ign,_,_]
[285,286,Qmpx:VII,Qmpx:VII,ign,_,_]
[286,287,Qmpx?VII,Qmpx?VII,ign,_,_]
[287,288,Qmpx!VII,Qmpx!VII,ign,_,_]
[288,289,Qmpx/VII,Qmpx/VII,ign,_,_]
[289,290,Qmpx(VII,Qmpx(VII,ign,_,_]
[290,291,Qmpx)VII,Qmpx)VII,ign,_,_]
[291,292,Qmpx,Qmpx,ign,_,_]
[292,293,VII,VII,ign,_,_]
[293,294,Qmpx,Qmpx,ign,_,_]
[294,295,VII,VII,ign,_,_]
[295,296,Qmpx,Qmpx,ign,_,_]
[296,297,VII,VII,ign,_,_]
[297,298,Qmpx-VII,Qmpx-VII,ign,_,_]
[298,299,QmpxVII,QmpxVII,ign,_,_]
[299,300,123,123,ign,_,_]
[300,301,.,.,ign,_,_]
[301,302,123,123,ign,_,_]
[302,303,123,123,ign,_,_]
[303,304,,,,,ign,_,_]
[304,305,123,123,ign,_,_]
[305,306,123,123,ign,_,_]
[306,307,;,;,ign,_,_]
[307,308,123,123,ign,_,_]
[308,309,123-123,123-123,ign,_,_]
[309,310,123:123,123:123,ign,_,_]
[310,311,123?123,123?123,ign,_,_]
[311,312,123!123,123!123,ign,_,_]
[312,313,123/123,123/123,ign,_,_]
[313,314,123(123,123(123,ign,_,_]
[314,315,123)123,123)123,ign,_,_]
[315,316,123,123,ign,_,_]
[316,317,123,123,ign,_,_]
[317,318,123,123,ign,_,_]
[318,319,123,123,ign,_,_]
[319,320,123,123,ign,_,_]
[320,321,123,123,ign,_,_]
[321,322,123-123,123-123,ign,_,_]
[322,323,123123,123123,ign,_,_]
[323,324,123,123,ign,_,_]
[324,325,.,.,ign,_,_]
[325,326,VII,VII,ign,_,_]
[326,327,123,123,ign,_,_]
[327,328,,,,,ign,_,_]
[328,329,VII,VII,ign,_,_]
[329,330,123,123,ign,_,_]
[330,331,;,;,ign,_,_]
[331,332,VII,VII,ign,_,_]
[332,333,123-VII,123-VII,ign,_,_]
[333,334,123:VII,123:VII,ign,_,_]
[334,335,123?VII,123?VII,ign,_,_]
[335,336,123!VII,123!VII,ign,_,_]
[336,337,123/VII,123/VII,ign,_,_]
[337,338,123(VII,123(VII,ign,_,_]
[338,339,123)VII,123)VII,ign,_,_]
[339,340,123,123,ign,_,_]
[340,341,VII,VII,ign,_,_]
[341,342,123,123,ign,_,_]
[342,343,VII,VII,ign,_,_]
[343,344,123,123,ign,_,_]
[344,345,VII,VII,ign,_,_]
[345,346,123-VII,123-VII,ign,_,_]
[346,347,123VII,123VII,ign,_,_]
[347,348,VII,VII,ign,_,_]
[348,349,.,.,ign,_,_]
[349,350,VII,VII,ign,_,_]
[350,351,VII,VII,ign,_,_]
[351,352,,,,,ign,_,_]
[352,353,VII,VII,ign,_,_]
[353,354,VII,VII,ign,_,_]
[354,355,;,;,ign,_,_]
[355,356,VII,VII,ign,_,_]
[356,357,VII-VII,VII-VII,ign,_,_]
[357,358,VII:VII,VII:VII,ign,_,_]
[358,359,VII?VII,VII?VII,ign,_,_]
[359,360,VII!VII,VII!VII,ign,_,_]
[360,361,VII/VII,VII/VII,ign,_,_]
[361,362,VII(VII,VII(VII,ign,_,_]
[362,363,VII)VII,VII)VII,ign,_,_]
[363,364,VII,VII,ign,_,_]
[364,365,VII,VII,ign,_,_]
[365,366,VII,VII,ign,_,_]
[366,367,VII,VII,ign,_,_]
[367,368,VII,VII,ign,_,_]
[368,369,VII,VII,ign,_,_]
[369,370,VII-VII,VII-VII,ign,_,_]
[370,371,VIIVII,VIIVII,ign,_,_]
[371,372,.,.,ign,_,_]
[372,373,czerwony,czerwony:a1,adj:sg:acc:m3:pos,pospolita,niebieski
 372,373,czerwony,czerwony:a2,adj:sg:acc:m3:pos,pospolita,żółty1|żółty2
 372,373,czerwony,czerwony:a3,adj:sg:acc:m3:pos,pospolita,żółty1|żółty2
 372,373,czerwony,czerwony:a4,adj:sg:acc:m3:pos,pospolita,żółty1|żółty2|żółty3]
[373,374,.,.,ign,_,_]
[374,375,(czerwony),(czerwony),ign,_,_]
[375,376,czerwony,czerwony:a1,adj:sg:acc:m3:pos,pospolita,niebieski
 375,376,czerwony,czerwony:a2,adj:sg:acc:m3:pos,pospolita,żółty1|żółty2
 375,376,czerwony,czerwony:a3,adj:sg:acc:m3:pos,pospolita,żółty1|żółty2
 375,376,czerwony,czerwony:a4,adj:sg:acc:m3:pos,pospolita,żółty1|żółty2|żółty3]
[376,377,.,.,ign,_,_]
[377,378,.,.,ign,_,_]
[378,379,.,.,ign,_,_]
[379,380,-czerwony-,-czerwony-,ign,_,_]
[380,381,czerwony,czerwony:a1,adj:sg:acc:m3:pos,pospolita,niebieski
 380,381,czerwony,czerwony:a2,adj:sg:acc:m3:pos,pospolita,żółty1|żółty2
 380,381,czerwony,czerwony:a3,adj:sg:acc:m3:pos,pospolita,żółty1|żółty2
 380,381,czerwony,czerwony:a4,adj:sg:acc:m3:pos,pospolita,żółty1|żółty2|żółty3]
[381,382,,,,,ign,_,_]
[382,383,czerwony,czerwony:a1,adj:sg:acc:m3:pos,pospolita,niebieski
 382,383,czerwony,czerwony:a2,adj:sg:acc:m3:pos,pospolita,żółty1|żółty2
 382,383,czerwony,czerwony:a3,adj:sg:acc:m3:pos,pospolita,żółty1|żółty2
 382,383,czerwony,czerwony:a4,adj:sg:acc:m3:pos,pospolita,żółty1|żółty2|żółty3]
[383,384,;,;,ign,_,_]
[384,385,czerwony,czerwony:a1,adj:sg:acc:m3:pos,pospolita,niebieski
 384,385,czerwony,czerwony:a2,adj:sg:acc:m3:pos,pospolita,żółty1|żółty2
 384,385,czerwony,czerwony:a3,adj:sg:acc:m3:pos,pospolita,żółty1|żółty2
 384,385,czerwony,czerwony:a4,adj:sg:acc:m3:pos,pospolita,żółty1|żółty2|żółty3]
[385,386,czerwony,czerwony:a1,adj:sg:acc:m3:pos,pospolita,niebieski
 385,386,czerwony,czerwony:a2,adj:sg:acc:m3:pos,pospolita,żółty1|żółty2
 385,386,czerwony,czerwony:a3,adj:sg:acc:m3:pos,pospolita,żółty1|żółty2
 385,386,czerwony,czerwony:a4,adj:sg:acc:m3:pos,pospolita,żółty1|żółty2|żółty3]
[386,387,czerwony,czerwony:a1,adj:sg:acc:m3:pos,pospolita,niebieski
 386,387,czerwony,czerwony:a2,adj:sg:acc:m3:pos,pospolita,żółty1|żółty2
 386,387,czerwony,czerwony:a3,adj:sg:acc:m3:pos,pospolita,żółty1|żółty2
 386,387,czerwony,czerwony:a4,adj:sg:acc:m3:pos,pospolita,żółty1|żółty2|żółty3]
[387,388,.,.,ign,_,_]
[388,389,.,.,ign,_,_]
[389,390,.,.,ign,_,_]
[390,391,.,.,ign,_,_]
[391,392,.,.,ign,_,_]
[392,393,.,.,ign,_,_]
[393,394,,,,,ign,_,_]
[394,395,;,;,ign,_,_]
[395,396,-,-,ign,_,_]
[396,397,--,--,ign,_,_]
[397,398,.,.,ign,_,_]
[398,399,,,,,ign,_,_]
[399,400,;,;,ign,_,_]
[400,401,?!,?!,ign,_,_]
[401,402,(),(),ign,_,_]
[]
[]
[]
[402,403,a,a,ign,_,_]
[403,404,.,.,ign,_,_]
[404,405,b,b,ign,_,_]
[405,406,.,.,ign,_,_]
[406,407,c,c,ign,_,_]
[407,408,.,.,ign,_,_]
[408,409,d,d,ign,_,_]
[409,410,1,1,ign,_,_]
[410,411,,,,,ign,_,_]
[411,412,2,2,ign,_,_]
[412,413,,,,,ign,_,_]
[413,414,3,3,ign,_,_]
[414,415,x-y-z,x-y-z,ign,_,_]
[415,416,co?,co?,ign,_,_]
[416,417,n,n,ign,_,_]
[417,418,.,.,ign,_,_]
[418,419,p,p,ign,_,_]
[419,420,.,.,ign,_,_]
[420,421,p,p,ign,_,_]
[421,422,.,.,ign,_,_]
[422,423,n,n,ign,_,_]
[423,424,.,.,ign,_,_]
[424,425,e,e,ign,_,_]
[425,426,.,.,ign,_,_]
[426,427,tzn,tzn,ign,_,_]
[427,428,.,.,ign,_,_]
[428,429,O,O,ign,_,_]
[429,430,.,.,ign,_,_]
[430,431,K,K,ign,_,_]
[431,432,.,.,ign,_,_]
[432,433,3,3,ign,_,_]
[433,434,.,.,ign,_,_]
[434,435,14,14,ign,_,_]
[435,436,1+1,1+1,ign,_,_]

