[0,1,czerwony,czerwony:a1,adj:sg:acc:m3:pos,pospolita,niebieski
 0,1,czerwony,czerwony:a2,adj:sg:acc:m3:pos,pospolita,żółty1|żółty2
 0,1,czerwony,czerwony:a3,adj:sg:acc:m3:pos,pospolita,żółty1|żółty2
 0,1,czerwony,czerwony:a4,adj:sg:acc:m3:pos,pospolita,żółty1|żółty2|żółty3]
[0,1,czerwony,czerwony:a1,adj:sg:acc:m3:pos,pospolita,niebieski
 0,1,czerwony,czerwony:a2,adj:sg:acc:m3:pos,pospolita,żółty1|żółty2
 0,1,czerwony,czerwony:a3,adj:sg:acc:m3:pos,pospolita,żółty1|żółty2
 0,1,czerwony,czerwony:a4,adj:sg:acc:m3:pos,pospolita,żółty1|żółty2|żółty3]
[0,1,CZERWONY,czerwony:a1,adj:sg:acc:m3:pos,pospolita,niebieski
 0,1,CZERWONY,czerwony:a2,adj:sg:acc:m3:pos,pospolita,żółty1|żółty2
 0,1,CZERWONY,czerwony:a3,adj:sg:acc:m3:pos,pospolita,żółty1|żółty2
 0,1,CZERWONY,czerwony:a4,adj:sg:acc:m3:pos,pospolita,żółty1|żółty2|żółty3]
[0,1,czerwony,czerwony:a1,adj:sg:acc:m3:pos,pospolita,niebieski
 0,1,czerwony,czerwony:a2,adj:sg:acc:m3:pos,pospolita,żółty1|żółty2
 0,1,czerwony,czerwony:a3,adj:sg:acc:m3:pos,pospolita,żółty1|żółty2
 0,1,czerwony,czerwony:a4,adj:sg:acc:m3:pos,pospolita,żółty1|żółty2|żółty3]
[0,1,Czerwony,czerwony:a1,adj:sg:acc:m3:pos,pospolita,niebieski
 0,1,Czerwony,czerwony:a2,adj:sg:acc:m3:pos,pospolita,żółty1|żółty2
 0,1,Czerwony,czerwony:a3,adj:sg:acc:m3:pos,pospolita,żółty1|żółty2
 0,1,Czerwony,czerwony:a4,adj:sg:acc:m3:pos,pospolita,żółty1|żółty2|żółty3]
[0,1,CZERWONY,czerwony:a1,adj:sg:acc:m3:pos,pospolita,niebieski
 0,1,CZERWONY,czerwony:a2,adj:sg:acc:m3:pos,pospolita,żółty1|żółty2
 0,1,CZERWONY,czerwony:a3,adj:sg:acc:m3:pos,pospolita,żółty1|żółty2
 0,1,CZERWONY,czerwony:a4,adj:sg:acc:m3:pos,pospolita,żółty1|żółty2|żółty3]
[0,1,czerwony123,czerwony123,ign,_,_]
[0,1,123czerwony,123czerwony,ign,_,_]
[0,1,czerwonyx,czerwonyx,ign,_,_]
[0,1,xczerwony,xczerwony,ign,_,_]
[0,1,czerwonyczerwony,czerwonyczerwony,ign,_,_]
[0,1,czerwony,czerwony:a1,adj:sg:acc:m3:pos,pospolita,niebieski
 0,1,czerwony,czerwony:a2,adj:sg:acc:m3:pos,pospolita,żółty1|żółty2
 0,1,czerwony,czerwony:a3,adj:sg:acc:m3:pos,pospolita,żółty1|żółty2
 0,1,czerwony,czerwony:a4,adj:sg:acc:m3:pos,pospolita,żółty1|żółty2|żółty3]
[1,2,.,.,ign,_,_]
[2,3,czerwony,czerwony:a1,adj:sg:acc:m3:pos,pospolita,niebieski
 2,3,czerwony,czerwony:a2,adj:sg:acc:m3:pos,pospolita,żółty1|żółty2
 2,3,czerwony,czerwony:a3,adj:sg:acc:m3:pos,pospolita,żółty1|żółty2
 2,3,czerwony,czerwony:a4,adj:sg:acc:m3:pos,pospolita,żółty1|żółty2|żółty3]
[0,1,czerwony,czerwony:a1,adj:sg:acc:m3:pos,pospolita,niebieski
 0,1,czerwony,czerwony:a2,adj:sg:acc:m3:pos,pospolita,żółty1|żółty2
 0,1,czerwony,czerwony:a3,adj:sg:acc:m3:pos,pospolita,żółty1|żółty2
 0,1,czerwony,czerwony:a4,adj:sg:acc:m3:pos,pospolita,żółty1|żółty2|żółty3]
[1,2,,,,,ign,_,_]
[2,3,czerwony,czerwony:a1,adj:sg:acc:m3:pos,pospolita,niebieski
 2,3,czerwony,czerwony:a2,adj:sg:acc:m3:pos,pospolita,żółty1|żółty2
 2,3,czerwony,czerwony:a3,adj:sg:acc:m3:pos,pospolita,żółty1|żółty2
 2,3,czerwony,czerwony:a4,adj:sg:acc:m3:pos,pospolita,żółty1|żółty2|żółty3]
[0,1,czerwony,czerwony:a1,adj:sg:acc:m3:pos,pospolita,niebieski
 0,1,czerwony,czerwony:a2,adj:sg:acc:m3:pos,pospolita,żółty1|żółty2
 0,1,czerwony,czerwony:a3,adj:sg:acc:m3:pos,pospolita,żółty1|żółty2
 0,1,czerwony,czerwony:a4,adj:sg:acc:m3:pos,pospolita,żółty1|żółty2|żółty3]
[1,2,;,;,ign,_,_]
[2,3,czerwony,czerwony:a1,adj:sg:acc:m3:pos,pospolita,niebieski
 2,3,czerwony,czerwony:a2,adj:sg:acc:m3:pos,pospolita,żółty1|żółty2
 2,3,czerwony,czerwony:a3,adj:sg:acc:m3:pos,pospolita,żółty1|żółty2
 2,3,czerwony,czerwony:a4,adj:sg:acc:m3:pos,pospolita,żółty1|żółty2|żółty3]
[0,1,czerwony-czerwony,czerwony-czerwony,ign,_,_]
[0,1,czerwony:czerwony,czerwony:czerwony,ign,_,_]
[0,1,czerwony?czerwony,czerwony?czerwony,ign,_,_]
[0,1,czerwony!czerwony,czerwony!czerwony,ign,_,_]
[0,1,czerwony/czerwony,czerwony/czerwony,ign,_,_]
[0,1,czerwony(czerwony,czerwony(czerwony,ign,_,_]
[0,1,czerwony)czerwony,czerwony)czerwony,ign,_,_]
[0,1,czerwony,czerwony:a1,adj:sg:acc:m3:pos,pospolita,niebieski
 0,1,czerwony,czerwony:a2,adj:sg:acc:m3:pos,pospolita,żółty1|żółty2
 0,1,czerwony,czerwony:a3,adj:sg:acc:m3:pos,pospolita,żółty1|żółty2
 0,1,czerwony,czerwony:a4,adj:sg:acc:m3:pos,pospolita,żółty1|żółty2|żółty3]
[1,2, , ,sp,_,_]
[2,3,czerwony,czerwony:a1,adj:sg:acc:m3:pos,pospolita,niebieski
 2,3,czerwony,czerwony:a2,adj:sg:acc:m3:pos,pospolita,żółty1|żółty2
 2,3,czerwony,czerwony:a3,adj:sg:acc:m3:pos,pospolita,żółty1|żółty2
 2,3,czerwony,czerwony:a4,adj:sg:acc:m3:pos,pospolita,żółty1|żółty2|żółty3]
[0,1,czerwony,czerwony:a1,adj:sg:acc:m3:pos,pospolita,niebieski
 0,1,czerwony,czerwony:a2,adj:sg:acc:m3:pos,pospolita,żółty1|żółty2
 0,1,czerwony,czerwony:a3,adj:sg:acc:m3:pos,pospolita,żółty1|żółty2
 0,1,czerwony,czerwony:a4,adj:sg:acc:m3:pos,pospolita,żółty1|żółty2|żółty3]
[1,2,  ,  ,sp,_,_]
[2,3,czerwony,czerwony:a1,adj:sg:acc:m3:pos,pospolita,niebieski
 2,3,czerwony,czerwony:a2,adj:sg:acc:m3:pos,pospolita,żółty1|żółty2
 2,3,czerwony,czerwony:a3,adj:sg:acc:m3:pos,pospolita,żółty1|żółty2
 2,3,czerwony,czerwony:a4,adj:sg:acc:m3:pos,pospolita,żółty1|żółty2|żółty3]
[0,1,czerwony,czerwony:a1,adj:sg:acc:m3:pos,pospolita,niebieski
 0,1,czerwony,czerwony:a2,adj:sg:acc:m3:pos,pospolita,żółty1|żółty2
 0,1,czerwony,czerwony:a3,adj:sg:acc:m3:pos,pospolita,żółty1|żółty2
 0,1,czerwony,czerwony:a4,adj:sg:acc:m3:pos,pospolita,żółty1|żółty2|żółty3]
[1,2,	,	,sp,_,_]
[2,3,czerwony,czerwony:a1,adj:sg:acc:m3:pos,pospolita,niebieski
 2,3,czerwony,czerwony:a2,adj:sg:acc:m3:pos,pospolita,żółty1|żółty2
 2,3,czerwony,czerwony:a3,adj:sg:acc:m3:pos,pospolita,żółty1|żółty2
 2,3,czerwony,czerwony:a4,adj:sg:acc:m3:pos,pospolita,żółty1|żółty2|żółty3]
[0,1,czerwony-czerwony,czerwony-czerwony,ign,_,_]
[0,1,czerwonyczerwony,czerwonyczerwony,ign,_,_]
[0,1,czerwony,czerwony:a1,adj:sg:acc:m3:pos,pospolita,niebieski
 0,1,czerwony,czerwony:a2,adj:sg:acc:m3:pos,pospolita,żółty1|żółty2
 0,1,czerwony,czerwony:a3,adj:sg:acc:m3:pos,pospolita,żółty1|żółty2
 0,1,czerwony,czerwony:a4,adj:sg:acc:m3:pos,pospolita,żółty1|żółty2|żółty3]
[1,2,.,.,ign,_,_]
[2,3,xyzzy,xyzzy,ign,_,_]
[0,1,czerwony,czerwony:a1,adj:sg:acc:m3:pos,pospolita,niebieski
 0,1,czerwony,czerwony:a2,adj:sg:acc:m3:pos,pospolita,żółty1|żółty2
 0,1,czerwony,czerwony:a3,adj:sg:acc:m3:pos,pospolita,żółty1|żółty2
 0,1,czerwony,czerwony:a4,adj:sg:acc:m3:pos,pospolita,żółty1|żółty2|żółty3]
[1,2,,,,,ign,_,_]
[2,3,xyzzy,xyzzy,ign,_,_]
[0,1,czerwony,czerwony:a1,adj:sg:acc:m3:pos,pospolita,niebieski
 0,1,czerwony,czerwony:a2,adj:sg:acc:m3:pos,pospolita,żółty1|żółty2
 0,1,czerwony,czerwony:a3,adj:sg:acc:m3:pos,pospolita,żółty1|żółty2
 0,1,czerwony,czerwony:a4,adj:sg:acc:m3:pos,pospolita,żółty1|żółty2|żółty3]
[1,2,;,;,ign,_,_]
[2,3,xyzzy,xyzzy,ign,_,_]
[0,1,czerwony-xyzzy,czerwony-xyzzy,ign,_,_]
[0,1,czerwony:xyzzy,czerwony:xyzzy,ign,_,_]
[0,1,czerwony?xyzzy,czerwony?xyzzy,ign,_,_]
[0,1,czerwony!xyzzy,czerwony!xyzzy,ign,_,_]
[0,1,czerwony/xyzzy,czerwony/xyzzy,ign,_,_]
[0,1,czerwony(xyzzy,czerwony(xyzzy,ign,_,_]
[0,1,czerwony)xyzzy,czerwony)xyzzy,ign,_,_]
[0,1,czerwony,czerwony:a1,adj:sg:acc:m3:pos,pospolita,niebieski
 0,1,czerwony,czerwony:a2,adj:sg:acc:m3:pos,pospolita,żółty1|żółty2
 0,1,czerwony,czerwony:a3,adj:sg:acc:m3:pos,pospolita,żółty1|żółty2
 0,1,czerwony,czerwony:a4,adj:sg:acc:m3:pos,pospolita,żółty1|żółty2|żółty3]
[1,2, , ,sp,_,_]
[2,3,xyzzy,xyzzy,ign,_,_]
[0,1,czerwony,czerwony:a1,adj:sg:acc:m3:pos,pospolita,niebieski
 0,1,czerwony,czerwony:a2,adj:sg:acc:m3:pos,pospolita,żółty1|żółty2
 0,1,czerwony,czerwony:a3,adj:sg:acc:m3:pos,pospolita,żółty1|żółty2
 0,1,czerwony,czerwony:a4,adj:sg:acc:m3:pos,pospolita,żółty1|żółty2|żółty3]
[1,2,  ,  ,sp,_,_]
[2,3,xyzzy,xyzzy,ign,_,_]
[0,1,czerwony,czerwony:a1,adj:sg:acc:m3:pos,pospolita,niebieski
 0,1,czerwony,czerwony:a2,adj:sg:acc:m3:pos,pospolita,żółty1|żółty2
 0,1,czerwony,czerwony:a3,adj:sg:acc:m3:pos,pospolita,żółty1|żółty2
 0,1,czerwony,czerwony:a4,adj:sg:acc:m3:pos,pospolita,żółty1|żółty2|żółty3]
[1,2,	,	,sp,_,_]
[2,3,xyzzy,xyzzy,ign,_,_]
[0,1,czerwony-xyzzy,czerwony-xyzzy,ign,_,_]
[0,1,czerwonyxyzzy,czerwonyxyzzy,ign,_,_]
[0,1,czerwony,czerwony:a1,adj:sg:acc:m3:pos,pospolita,niebieski
 0,1,czerwony,czerwony:a2,adj:sg:acc:m3:pos,pospolita,żółty1|żółty2
 0,1,czerwony,czerwony:a3,adj:sg:acc:m3:pos,pospolita,żółty1|żółty2
 0,1,czerwony,czerwony:a4,adj:sg:acc:m3:pos,pospolita,żółty1|żółty2|żółty3]
[1,2,.,.,ign,_,_]
[2,3,Qmpx,Qmpx,ign,_,_]
[0,1,czerwony,czerwony:a1,adj:sg:acc:m3:pos,pospolita,niebieski
 0,1,czerwony,czerwony:a2,adj:sg:acc:m3:pos,pospolita,żółty1|żółty2
 0,1,czerwony,czerwony:a3,adj:sg:acc:m3:pos,pospolita,żółty1|żółty2
 0,1,czerwony,czerwony:a4,adj:sg:acc:m3:pos,pospolita,żółty1|żółty2|żółty3]
[1,2,,,,,ign,_,_]
[2,3,Qmpx,Qmpx,ign,_,_]
[0,1,czerwony,czerwony:a1,adj:sg:acc:m3:pos,pospolita,niebieski
 0,1,czerwony,czerwony:a2,adj:sg:acc:m3:pos,pospolita,żółty1|żółty2
 0,1,czerwony,czerwony:a3,adj:sg:acc:m3:pos,pospolita,żółty1|żółty2
 0,1,czerwony,czerwony:a4,adj:sg:acc:m3:pos,pospolita,żółty1|żółty2|żółty3]
[1,2,;,;,ign,_,_]
[2,3,Qmpx,Qmpx,ign,_,_]
[0,1,czerwony-Qmpx,czerwony-Qmpx,ign,_,_]
[0,1,czerwony:Qmpx,czerwony:Qmpx,ign,_,_]
[0,1,czerwony?Qmpx,czerwony?Qmpx,ign,_,_]
[0,1,czerwony!Qmpx,czerwony!Qmpx,ign,_,_]
[0,1,czerwony/Qmpx,czerwony/Qmpx,ign,_,_]
[0,1,czerwony(Qmpx,czerwony(Qmpx,ign,_,_]
[0,1,czerwony)Qmpx,czerwony)Qmpx,ign,_,_]
[0,1,czerwony,czerwony:a1,adj:sg:acc:m3:pos,pospolita,niebieski
 0,1,czerwony,czerwony:a2,adj:sg:acc:m3:pos,pospolita,żółty1|żółty2
 0,1,czerwony,czerwony:a3,adj:sg:acc:m3:pos,pospolita,żółty1|żółty2
 0,1,czerwony,czerwony:a4,adj:sg:acc:m3:pos,pospolita,żółty1|żółty2|żółty3]
[1,2, , ,sp,_,_]
[2,3,Qmpx,Qmpx,ign,_,_]
[0,1,czerwony,czerwony:a1,adj:sg:acc:m3:pos,pospolita,niebieski
 0,1,czerwony,czerwony:a2,adj:sg:acc:m3:pos,pospolita,żółty1|żółty2
 0,1,czerwony,czerwony:a3,adj:sg:acc:m3:pos,pospolita,żółty1|żółty2
 0,1,czerwony,czerwony:a4,adj:sg:acc:m3:pos,pospolita,żółty1|żółty2|żółty3]
[1,2,  ,  ,sp,_,_]
[2,3,Qmpx,Qmpx,ign,_,_]
[0,1,czerwony,czerwony:a1,adj:sg:acc:m3:pos,pospolita,niebieski
 0,1,czerwony,czerwony:a2,adj:sg:acc:m3:pos,pospolita,żółty1|żółty2
 0,1,czerwony,czerwony:a3,adj:sg:acc:m3:pos,pospolita,żółty1|żółty2
 0,1,czerwony,czerwony:a4,adj:sg:acc:m3:pos,pospolita,żółty1|żółty2|żółty3]
[1,2,	,	,sp,_,_]
[2,3,Qmpx,Qmpx,ign,_,_]
[0,1,czerwony-Qmpx,czerwony-Qmpx,ign,_,_]
[0,1,czerwonyQmpx,czerwonyQmpx,ign,_,_]
[0,1,czerwony,czerwony:a1,adj:sg:acc:m3:pos,pospolita,niebieski
 0,1,czerwony,czerwony:a2,adj:sg:acc:m3:pos,pospolita,żółty1|żółty2
 0,1,czerwony,czerwony:a3,adj:sg:acc:m3:pos,pospolita,żółty1|żółty2
 0,1,czerwony,czerwony:a4,adj:sg:acc:m3:pos,pospolita,żółty1|żółty2|żółty3]
[1,2,.,.,ign,_,_]
[2,3,123,123,ign,_,_]
[0,1,czerwony,czerwony:a1,adj:sg:acc:m3:pos,pospolita,niebieski
 0,1,czerwony,czerwony:a2,adj:sg:acc:m3:pos,pospolita,żółty1|żółty2
 0,1,czerwony,czerwony:a3,adj:sg:acc:m3:pos,pospolita,żółty1|żółty2
 0,1,czerwony,czerwony:a4,adj:sg:acc:m3:pos,pospolita,żółty1|żółty2|żółty3]
[1,2,,,,,ign,_,_]
[2,3,123,123,ign,_,_]
[0,1,czerwony,czerwony:a1,adj:sg:acc:m3:pos,pospolita,niebieski
 0,1,czerwony,czerwony:a2,adj:sg:acc:m3:pos,pospolita,żółty1|żółty2
 0,1,czerwony,czerwony:a3,adj:sg:acc:m3:pos,pospolita,żółty1|żółty2
 0,1,czerwony,czerwony:a4,adj:sg:acc:m3:pos,pospolita,żółty1|żółty2|żółty3]
[1,2,;,;,ign,_,_]
[2,3,123,123,ign,_,_]
[0,1,czerwony-123,czerwony-123,ign,_,_]
[0,1,czerwony:123,czerwony:123,ign,_,_]
[0,1,czerwony?123,czerwony?123,ign,_,_]
[0,1,czerwony!123,czerwony!123,ign,_,_]
[0,1,czerwony/123,czerwony/123,ign,_,_]
[0,1,czerwony(123,czerwony(123,ign,_,_]
[0,1,czerwony)123,czerwony)123,ign,_,_]
[0,1,czerwony,czerwony:a1,adj:sg:acc:m3:pos,pospolita,niebieski
 0,1,czerwony,czerwony:a2,adj:sg:acc:m3:pos,pospolita,żółty1|żółty2
 0,1,czerwony,czerwony:a3,adj:sg:acc:m3:pos,pospolita,żółty1|żółty2
 0,1,czerwony,czerwony:a4,adj:sg:acc:m3:pos,pospolita,żółty1|żółty2|żółty3]
[1,2, , ,sp,_,_]
[2,3,123,123,ign,_,_]
[0,1,czerwony,czerwony:a1,adj:sg:acc:m3:pos,pospolita,niebieski
 0,1,czerwony,czerwony:a2,adj:sg:acc:m3:pos,pospolita,żółty1|żółty2
 0,1,czerwony,czerwony:a3,adj:sg:acc:m3:pos,pospolita,żółty1|żółty2
 0,1,czerwony,czerwony:a4,adj:sg:acc:m3:pos,pospolita,żółty1|żółty2|żółty3]
[1,2,  ,  ,sp,_,_]
[2,3,123,123,ign,_,_]
[0,1,czerwony,czerwony:a1,adj:sg:acc:m3:pos,pospolita,niebieski
 0,1,czerwony,czerwony:a2,adj:sg:acc:m3:pos,pospolita,żółty1|żółty2
 0,1,czerwony,czerwony:a3,adj:sg:acc:m3:pos,pospolita,żółty1|żółty2
 0,1,czerwony,czerwony:a4,adj:sg:acc:m3:pos,pospolita,żółty1|żółty2|żółty3]
[1,2,	,	,sp,_,_]
[2,3,123,123,ign,_,_]
[0,1,czerwony-123,czerwony-123,ign,_,_]
[0,1,czerwony123,czerwony123,ign,_,_]
[0,1,czerwony,czerwony:a1,adj:sg:acc:m3:pos,pospolita,niebieski
 0,1,czerwony,czerwony:a2,adj:sg:acc:m3:pos,pospolita,żółty1|żółty2
 0,1,czerwony,czerwony:a3,adj:sg:acc:m3:pos,pospolita,żółty1|żółty2
 0,1,czerwony,czerwony:a4,adj:sg:acc:m3:pos,pospolita,żółty1|żółty2|żółty3]
[1,2,.,.,ign,_,_]
[2,3,VII,VII,ign,_,_]
[0,1,czerwony,czerwony:a1,adj:sg:acc:m3:pos,pospolita,niebieski
 0,1,czerwony,czerwony:a2,adj:sg:acc:m3:pos,pospolita,żółty1|żółty2
 0,1,czerwony,czerwony:a3,adj:sg:acc:m3:pos,pospolita,żółty1|żółty2
 0,1,czerwony,czerwony:a4,adj:sg:acc:m3:pos,pospolita,żółty1|żółty2|żółty3]
[1,2,,,,,ign,_,_]
[2,3,VII,VII,ign,_,_]
[0,1,czerwony,czerwony:a1,adj:sg:acc:m3:pos,pospolita,niebieski
 0,1,czerwony,czerwony:a2,adj:sg:acc:m3:pos,pospolita,żółty1|żółty2
 0,1,czerwony,czerwony:a3,adj:sg:acc:m3:pos,pospolita,żółty1|żółty2
 0,1,czerwony,czerwony:a4,adj:sg:acc:m3:pos,pospolita,żółty1|żółty2|żółty3]
[1,2,;,;,ign,_,_]
[2,3,VII,VII,ign,_,_]
[0,1,czerwony-VII,czerwony-VII,ign,_,_]
[0,1,czerwony:VII,czerwony:VII,ign,_,_]
[0,1,czerwony?VII,czerwony?VII,ign,_,_]
[0,1,czerwony!VII,czerwony!VII,ign,_,_]
[0,1,czerwony/VII,czerwony/VII,ign,_,_]
[0,1,czerwony(VII,czerwony(VII,ign,_,_]
[0,1,czerwony)VII,czerwony)VII,ign,_,_]
[0,1,czerwony,czerwony:a1,adj:sg:acc:m3:pos,pospolita,niebieski
 0,1,czerwony,czerwony:a2,adj:sg:acc:m3:pos,pospolita,żółty1|żółty2
 0,1,czerwony,czerwony:a3,adj:sg:acc:m3:pos,pospolita,żółty1|żółty2
 0,1,czerwony,czerwony:a4,adj:sg:acc:m3:pos,pospolita,żółty1|żółty2|żółty3]
[1,2, , ,sp,_,_]
[2,3,VII,VII,ign,_,_]
[0,1,czerwony,czerwony:a1,adj:sg:acc:m3:pos,pospolita,niebieski
 0,1,czerwony,czerwony:a2,adj:sg:acc:m3:pos,pospolita,żółty1|żółty2
 0,1,czerwony,czerwony:a3,adj:sg:acc:m3:pos,pospolita,żółty1|żółty2
 0,1,czerwony,czerwony:a4,adj:sg:acc:m3:pos,pospolita,żółty1|żółty2|żółty3]
[1,2,  ,  ,sp,_,_]
[2,3,VII,VII,ign,_,_]
[0,1,czerwony,czerwony:a1,adj:sg:acc:m3:pos,pospolita,niebieski
 0,1,czerwony,czerwony:a2,adj:sg:acc:m3:pos,pospolita,żółty1|żółty2
 0,1,czerwony,czerwony:a3,adj:sg:acc:m3:pos,pospolita,żółty1|żółty2
 0,1,czerwony,czerwony:a4,adj:sg:acc:m3:pos,pospolita,żółty1|żółty2|żółty3]
[1,2,	,	,sp,_,_]
[2,3,VII,VII,ign,_,_]
[0,1,czerwony-VII,czerwony-VII,ign,_,_]
[0,1,czerwonyVII,czerwonyVII,ign,_,_]
[0,1,xyzzy,xyzzy,ign,_,_]
[1,2,.,.,ign,_,_]
[2,3,xyzzy,xyzzy,ign,_,_]
[0,1,xyzzy,xyzzy,ign,_,_]
[1,2,,,,,ign,_,_]
[2,3,xyzzy,xyzzy,ign,_,_]
[0,1,xyzzy,xyzzy,ign,_,_]
[1,2,;,;,ign,_,_]
[2,3,xyzzy,xyzzy,ign,_,_]
[0,1,xyzzy-xyzzy,xyzzy-xyzzy,ign,_,_]
[0,1,xyzzy:xyzzy,xyzzy:xyzzy,ign,_,_]
[0,1,xyzzy?xyzzy,xyzzy?xyzzy,ign,_,_]
[0,1,xyzzy!xyzzy,xyzzy!xyzzy,ign,_,_]
[0,1,xyzzy/xyzzy,xyzzy/xyzzy,ign,_,_]
[0,1,xyzzy(xyzzy,xyzzy(xyzzy,ign,_,_]
[0,1,xyzzy)xyzzy,xyzzy)xyzzy,ign,_,_]
[0,1,xyzzy,xyzzy,ign,_,_]
[1,2, , ,sp,_,_]
[2,3,xyzzy,xyzzy,ign,_,_]
[0,1,xyzzy,xyzzy,ign,_,_]
[1,2,  ,  ,sp,_,_]
[2,3,xyzzy,xyzzy,ign,_,_]
[0,1,xyzzy,xyzzy,ign,_,_]
[1,2,	,	,sp,_,_]
[2,3,xyzzy,xyzzy,ign,_,_]
[0,1,xyzzy-xyzzy,xyzzy-xyzzy,ign,_,_]
[0,1,xyzzyxyzzy,xyzzyxyzzy,ign,_,_]
[0,1,xyzzy,xyzzy,ign,_,_]
[1,2,.,.,ign,_,_]
[2,3,Qmpx,Qmpx,ign,_,_]
[0,1,xyzzy,xyzzy,ign,_,_]
[1,2,,,,,ign,_,_]
[2,3,Qmpx,Qmpx,ign,_,_]
[0,1,xyzzy,xyzzy,ign,_,_]
[1,2,;,;,ign,_,_]
[2,3,Qmpx,Qmpx,ign,_,_]
[0,1,xyzzy-Qmpx,xyzzy-Qmpx,ign,_,_]
[0,1,xyzzy:Qmpx,xyzzy:Qmpx,ign,_,_]
[0,1,xyzzy?Qmpx,xyzzy?Qmpx,ign,_,_]
[0,1,xyzzy!Qmpx,xyzzy!Qmpx,ign,_,_]
[0,1,xyzzy/Qmpx,xyzzy/Qmpx,ign,_,_]
[0,1,xyzzy(Qmpx,xyzzy(Qmpx,ign,_,_]
[0,1,xyzzy)Qmpx,xyzzy)Qmpx,ign,_,_]
[0,1,xyzzy,xyzzy,ign,_,_]
[1,2, , ,sp,_,_]
[2,3,Qmpx,Qmpx,ign,_,_]
[0,1,xyzzy,xyzzy,ign,_,_]
[1,2,  ,  ,sp,_,_]
[2,3,Qmpx,Qmpx,ign,_,_]
[0,1,xyzzy,xyzzy,ign,_,_]
[1,2,	,	,sp,_,_]
[2,3,Qmpx,Qmpx,ign,_,_]
[0,1,xyzzy-Qmpx,xyzzy-Qmpx,ign,_,_]
[0,1,xyzzyQmpx,xyzzyQmpx,ign,_,_]
[0,1,xyzzy,xyzzy,ign,_,_]
[1,2,.,.,ign,_,_]
[2,3,123,123,ign,_,_]
[0,1,xyzzy,xyzzy,ign,_,_]
[1,2,,,,,ign,_,_]
[2,3,123,123,ign,_,_]
[0,1,xyzzy,xyzzy,ign,_,_]
[1,2,;,;,ign,_,_]
[2,3,123,123,ign,_,_]
[0,1,xyzzy-123,xyzzy-123,ign,_,_]
[0,1,xyzzy:123,xyzzy:123,ign,_,_]
[0,1,xyzzy?123,xyzzy?123,ign,_,_]
[0,1,xyzzy!123,xyzzy!123,ign,_,_]
[0,1,xyzzy/123,xyzzy/123,ign,_,_]
[0,1,xyzzy(123,xyzzy(123,ign,_,_]
[0,1,xyzzy)123,xyzzy)123,ign,_,_]
[0,1,xyzzy,xyzzy,ign,_,_]
[1,2, , ,sp,_,_]
[2,3,123,123,ign,_,_]
[0,1,xyzzy,xyzzy,ign,_,_]
[1,2,  ,  ,sp,_,_]
[2,3,123,123,ign,_,_]
[0,1,xyzzy,xyzzy,ign,_,_]
[1,2,	,	,sp,_,_]
[2,3,123,123,ign,_,_]
[0,1,xyzzy-123,xyzzy-123,ign,_,_]
[0,1,xyzzy123,xyzzy123,ign,_,_]
[0,1,xyzzy,xyzzy,ign,_,_]
[1,2,.,.,ign,_,_]
[2,3,VII,VII,ign,_,_]
[0,1,xyzzy,xyzzy,ign,_,_]
[1,2,,,,,ign,_,_]
[2,3,VII,VII,ign,_,_]
[0,1,xyzzy,xyzzy,ign,_,_]
[1,2,;,;,ign,_,_]
[2,3,VII,VII,ign,_,_]
[0,1,xyzzy-VII,xyzzy-VII,ign,_,_]
[0,1,xyzzy:VII,xyzzy:VII,ign,_,_]
[0,1,xyzzy?VII,xyzzy?VII,ign,_,_]
[0,1,xyzzy!VII,xyzzy!VII,ign,_,_]
[0,1,xyzzy/VII,xyzzy/VII,ign,_,_]
[0,1,xyzzy(VII,xyzzy(VII,ign,_,_]
[0,1,xyzzy)VII,xyzzy)VII,ign,_,_]
[0,1,xyzzy,xyzzy,ign,_,_]
[1,2, , ,sp,_,_]
[2,3,VII,VII,ign,_,_]
[0,1,xyzzy,xyzzy,ign,_,_]
[1,2,  ,  ,sp,_,_]
[2,3,VII,VII,ign,_,_]
[0,1,xyzzy,xyzzy,ign,_,_]
[1,2,	,	,sp,_,_]
[2,3,VII,VII,ign,_,_]
[0,1,xyzzy-VII,xyzzy-VII,ign,_,_]
[0,1,xyzzyVII,xyzzyVII,ign,_,_]
[0,1,Qmpx,Qmpx,ign,_,_]
[1,2,.,.,ign,_,_]
[2,3,Qmpx,Qmpx,ign,_,_]
[0,1,Qmpx,Qmpx,ign,_,_]
[1,2,,,,,ign,_,_]
[2,3,Qmpx,Qmpx,ign,_,_]
[0,1,Qmpx,Qmpx,ign,_,_]
[1,2,;,;,ign,_,_]
[2,3,Qmpx,Qmpx,ign,_,_]
[0,1,Qmpx-Qmpx,Qmpx-Qmpx,ign,_,_]
[0,1,Qmpx:Qmpx,Qmpx:Qmpx,ign,_,_]
[0,1,Qmpx?Qmpx,Qmpx?Qmpx,ign,_,_]
[0,1,Qmpx!Qmpx,Qmpx!Qmpx,ign,_,_]
[0,1,Qmpx/Qmpx,Qmpx/Qmpx,ign,_,_]
[0,1,Qmpx(Qmpx,Qmpx(Qmpx,ign,_,_]
[0,1,Qmpx)Qmpx,Qmpx)Qmpx,ign,_,_]
[0,1,Qmpx,Qmpx,ign,_,_]
[1,2, , ,sp,_,_]
[2,3,Qmpx,Qmpx,ign,_,_]
[0,1,Qmpx,Qmpx,ign,_,_]
[1,2,  ,  ,sp,_,_]
[2,3,Qmpx,Qmpx,ign,_,_]
[0,1,Qmpx,Qmpx,ign,_,_]
[1,2,	,	,sp,_,_]
[2,3,Qmpx,Qmpx,ign,_,_]
[0,1,Qmpx-Qmpx,Qmpx-Qmpx,ign,_,_]
[0,1,QmpxQmpx,QmpxQmpx,ign,_,_]
[0,1,Qmpx,Qmpx,ign,_,_]
[1,2,.,.,ign,_,_]
[2,3,123,123,ign,_,_]
[0,1,Qmpx,Qmpx,ign,_,_]
[1,2,,,,,ign,_,_]
[2,3,123,123,ign,_,_]
[0,1,Qmpx,Qmpx,ign,_,_]
[1,2,;,;,ign,_,_]
[2,3,123,123,ign,_,_]
[0,1,Qmpx-123,Qmpx-123,ign,_,_]
[0,1,Qmpx:123,Qmpx:123,ign,_,_]
[0,1,Qmpx?123,Qmpx?123,ign,_,_]
[0,1,Qmpx!123,Qmpx!123,ign,_,_]
[0,1,Qmpx/123,Qmpx/123,ign,_,_]
[0,1,Qmpx(123,Qmpx(123,ign,_,_]
[0,1,Qmpx)123,Qmpx)123,ign,_,_]
[0,1,Qmpx,Qmpx,ign,_,_]
[1,2, , ,sp,_,_]
[2,3,123,123,ign,_,_]
[0,1,Qmpx,Qmpx,ign,_,_]
[1,2,  ,  ,sp,_,_]
[2,3,123,123,ign,_,_]
[0,1,Qmpx,Qmpx,ign,_,_]
[1,2,	,	,sp,_,_]
[2,3,123,123,ign,_,_]
[0,1,Qmpx-123,Qmpx-123,ign,_,_]
[0,1,Qmpx123,Qmpx123,ign,_,_]
[0,1,Qmpx,Qmpx,ign,_,_]
[1,2,.,.,ign,_,_]
[2,3,VII,VII,ign,_,_]
[0,1,Qmpx,Qmpx,ign,_,_]
[1,2,,,,,ign,_,_]
[2,3,VII,VII,ign,_,_]
[0,1,Qmpx,Qmpx,ign,_,_]
[1,2,;,;,ign,_,_]
[2,3,VII,VII,ign,_,_]
[0,1,Qmpx-VII,Qmpx-VII,ign,_,_]
[0,1,Qmpx:VII,Qmpx:VII,ign,_,_]
[0,1,Qmpx?VII,Qmpx?VII,ign,_,_]
[0,1,Qmpx!VII,Qmpx!VII,ign,_,_]
[0,1,Qmpx/VII,Qmpx/VII,ign,_,_]
[0,1,Qmpx(VII,Qmpx(VII,ign,_,_]
[0,1,Qmpx)VII,Qmpx)VII,ign,_,_]
[0,1,Qmpx,Qmpx,ign,_,_]
[1,2, , ,sp,_,_]
[2,3,VII,VII,ign,_,_]
[0,1,Qmpx,Qmpx,ign,_,_]
[1,2,  ,  ,sp,_,_]
[2,3,VII,VII,ign,_,_]
[0,1,Qmpx,Qmpx,ign,_,_]
[1,2,	,	,sp,_,_]
[2,3,VII,VII,ign,_,_]
[0,1,Qmpx-VII,Qmpx-VII,ign,_,_]
[0,1,QmpxVII,QmpxVII,ign,_,_]
[0,1,123,123,ign,_,_]
[1,2,.,.,ign,_,_]
[2,3,123,123,ign,_,_]
[0,1,123,123,ign,_,_]
[1,2,,,,,ign,_,_]
[2,3,123,123,ign,_,_]
[0,1,123,123,ign,_,_]
[1,2,;,;,ign,_,_]
[2,3,123,123,ign,_,_]
[0,1,123-123,123-123,ign,_,_]
[0,1,123:123,123:123,ign,_,_]
[0,1,123?123,123?123,ign,_,_]
[0,1,123!123,123!123,ign,_,_]
[0,1,123/123,123/123,ign,_,_]
[0,1,123(123,123(123,ign,_,_]
[0,1,123)123,123)123,ign,_,_]
[0,1,123,123,ign,_,_]
[1,2, , ,sp,_,_]
[2,3,123,123,ign,_,_]
[0,1,123,123,ign,_,_]
[1,2,  ,  ,sp,_,_]
[2,3,123,123,ign,_,_]
[0,1,123,123,ign,_,_]
[1,2,	,	,sp,_,_]
[2,3,123,123,ign,_,_]
[0,1,123-123,123-123,ign,_,_]
[0,1,123123,123123,ign,_,_]
[0,1,123,123,ign,_,_]
[1,2,.,.,ign,_,_]
[2,3,VII,VII,ign,_,_]
[0,1,123,123,ign,_,_]
[1,2,,,,,ign,_,_]
[2,3,VII,VII,ign,_,_]
[0,1,123,123,ign,_,_]
[1,2,;,;,ign,_,_]
[2,3,VII,VII,ign,_,_]
[0,1,123-VII,123-VII,ign,_,_]
[0,1,123:VII,123:VII,ign,_,_]
[0,1,123?VII,123?VII,ign,_,_]
[0,1,123!VII,123!VII,ign,_,_]
[0,1,123/VII,123/VII,ign,_,_]
[0,1,123(VII,123(VII,ign,_,_]
[0,1,123)VII,123)VII,ign,_,_]
[0,1,123,123,ign,_,_]
[1,2, , ,sp,_,_]
[2,3,VII,VII,ign,_,_]
[0,1,123,123,ign,_,_]
[1,2,  ,  ,sp,_,_]
[2,3,VII,VII,ign,_,_]
[0,1,123,123,ign,_,_]
[1,2,	,	,sp,_,_]
[2,3,VII,VII,ign,_,_]
[0,1,123-VII,123-VII,ign,_,_]
[0,1,123VII,123VII,ign,_,_]
[0,1,VII,VII,ign,_,_]
[1,2,.,.,ign,_,_]
[2,3,VII,VII,ign,_,_]
[0,1,VII,VII,ign,_,_]
[1,2,,,,,ign,_,_]
[2,3,VII,VII,ign,_,_]
[0,1,VII,VII,ign,_,_]
[1,2,;,;,ign,_,_]
[2,3,VII,VII,ign,_,_]
[0,1,VII-VII,VII-VII,ign,_,_]
[0,1,VII:VII,VII:VII,ign,_,_]
[0,1,VII?VII,VII?VII,ign,_,_]
[0,1,VII!VII,VII!VII,ign,_,_]
[0,1,VII/VII,VII/VII,ign,_,_]
[0,1,VII(VII,VII(VII,ign,_,_]
[0,1,VII)VII,VII)VII,ign,_,_]
[0,1,VII,VII,ign,_,_]
[1,2, , ,sp,_,_]
[2,3,VII,VII,ign,_,_]
[0,1,VII,VII,ign,_,_]
[1,2,  ,  ,sp,_,_]
[2,3,VII,VII,ign,_,_]
[0,1,VII,VII,ign,_,_]
[1,2,	,	,sp,_,_]
[2,3,VII,VII,ign,_,_]
[0,1,VII-VII,VII-VII,ign,_,_]
[0,1,VIIVII,VIIVII,ign,_,_]
[0,1,.,.,ign,_,_]
[1,2,czerwony,czerwony:a1,adj:sg:acc:m3:pos,pospolita,niebieski
 1,2,czerwony,czerwony:a2,adj:sg:acc:m3:pos,pospolita,żółty1|żółty2
 1,2,czerwony,czerwony:a3,adj:sg:acc:m3:pos,pospolita,żółty1|żółty2
 1,2,czerwony,czerwony:a4,adj:sg:acc:m3:pos,pospolita,żółty1|żółty2|żółty3]
[2,3,.,.,ign,_,_]
[0,1,(czerwony),(czerwony),ign,_,_]
[0,1,czerwony,czerwony:a1,adj:sg:acc:m3:pos,pospolita,niebieski
 0,1,czerwony,czerwony:a2,adj:sg:acc:m3:pos,pospolita,żółty1|żółty2
 0,1,czerwony,czerwony:a3,adj:sg:acc:m3:pos,pospolita,żółty1|żółty2
 0,1,czerwony,czerwony:a4,adj:sg:acc:m3:pos,pospolita,żółty1|żółty2|żółty3]
[1,2,.,.,ign,_,_]
[2,3,.,.,ign,_,_]
[3,4,.,.,ign,_,_]
[0,1,-czerwony-,-czerwony-,ign,_,_]
[0,1,czerwony,czerwony:a1,adj:sg:acc:m3:pos,pospolita,niebieski
 0,1,czerwony,czerwony:a2,adj:sg:acc:m3:pos,pospolita,żółty1|żółty2
 0,1,czerwony,czerwony:a3,adj:sg:acc:m3:pos,pospolita,żółty1|żółty2
 0,1,czerwony,czerwony:a4,adj:sg:acc:m3:pos,pospolita,żółty1|żółty2|żółty3]
[1,2,,,,,ign,_,_]
[2,3,czerwony,czerwony:a1,adj:sg:acc:m3:pos,pospolita,niebieski
 2,3,czerwony,czerwony:a2,adj:sg:acc:m3:pos,pospolita,żółty1|żółty2
 2,3,czerwony,czerwony:a3,adj:sg:acc:m3:pos,pospolita,żółty1|żółty2
 2,3,czerwony,czerwony:a4,adj:sg:acc:m3:pos,pospolita,żółty1|żółty2|żółty3]
[3,4,;,;,ign,_,_]
[4,5,czerwony,czerwony:a1,adj:sg:acc:m3:pos,pospolita,niebieski
 4,5,czerwony,czerwony:a2,adj:sg:acc:m3:pos,pospolita,żółty1|żółty2
 4,5,czerwony,czerwony:a3,adj:sg:acc:m3:pos,pospolita,żółty1|żółty2
 4,5,czerwony,czerwony:a4,adj:sg:acc:m3:pos,pospolita,żółty1|żółty2|żółty3]
[0,1,  ,  ,sp,_,_]
[1,2,czerwony,czerwony:a1,adj:sg:acc:m3:pos,pospolita,niebieski
 1,2,czerwony,czerwony:a2,adj:sg:acc:m3:pos,pospolita,żółty1|żółty2
 1,2,czerwony,czerwony:a3,adj:sg:acc:m3:pos,pospolita,żółty1|żółty2
 1,2,czerwony,czerwony:a4,adj:sg:acc:m3:pos,pospolita,żółty1|żółty2|żółty3]
[2,3,  ,  ,sp,_,_]
[0,1,	,	,sp,_,_]
[1,2,czerwony,czerwony:a1,adj:sg:acc:m3:pos,pospolita,niebieski
 1,2,czerwony,czerwony:a2,adj:sg:acc:m3:pos,pospolita,żółty1|żółty2
 1,2,czerwony,czerwony:a3,adj:sg:acc:m3:pos,pospolita,żółty1|żółty2
 1,2,czerwony,czerwony:a4,adj:sg:acc:m3:pos,pospolita,żółty1|żółty2|żółty3]
[2,3,	,	,sp,_,_]
[0,1,.,.,ign,_,_]
[0,1,.,.,ign,_,_]
[1,2,.,.,ign,_,_]
[0,1,.,.,ign,_,_]
[1,2,.,.,ign,_,_]
[2,3,.,.,ign,_,_]
[0,1,,,,,ign,_,_]
[0,1,;,;,ign,_,_]
[0,1,-,-,ign,_,_]
[0,1,--,--,ign,_,_]
[0,1,.,.,ign,_,_]
[1,2,,,,,ign,_,_]
[2,3,;,;,ign,_,_]
[0,1,?!,?!,ign,_,_]
[0,1,(),(),ign,_,_]
[]
[0,1, , ,sp,_,_]
[0,1,   ,   ,sp,_,_]
[0,1,a,a,ign,_,_]
[1,2,.,.,ign,_,_]
[2,3,b,b,ign,_,_]
[3,4,.,.,ign,_,_]
[4,5,c,c,ign,_,_]
[5,6,.,.,ign,_,_]
[6,7,d,d,ign,_,_]
[0,1,1,1,ign,_,_]
[1,2,,,,,ign,_,_]
[2,3,2,2,ign,_,_]
[3,4,,,,,ign,_,_]
[4,5,3,3,ign,_,_]
[0,1,x-y-z,x-y-z,ign,_,_]
[0,1,co?,co?,ign,_,_]
[0,1,n,n,ign,_,_]
[1,2,.,.,ign,_,_]
[2,3,p,p,ign,_,_]
[3,4,.,.,ign,_,_]
[0,1,p,p,ign,_,_]
[1,2,.,.,ign,_,_]
[2,3,n,n,ign,_,_]
[3,4,.,.,ign,_,_]
[4,5,e,e,ign,_,_]
[5,6,.,.,ign,_,_]
[0,1,tzn,tzn,ign,_,_]
[1,2,.,.,ign,_,_]
[0,1,O,O,ign,_,_]
[1,2,.,.,ign,_,_]
[2,3,K,K,ign,_,_]
[3,4,.,.,ign,_,_]
[0,1,3,3,ign,_,_]
[1,2,.,.,ign,_,_]
[2,3,14,14,ign,_,_]
[0,1,1+1,1+1,ign,_,_]

