[0,1,kot,kot,subst:sg:nom:m1,_,_]
[1,2,pies,pies,ign,_,_]
[2,3,kot,kot,subst:sg:nom:m1,_,_]
[3,4,kot,kot,subst:sg:nom:m1,_,_]
[4,5,pies,pies,ign,_,_]
[5,6,pies,pies,ign,_,_]
[6,7,kot,kot,subst:sg:nom:m1,_,_]
[7,8,kot,kot,subst:sg:nom:m1,_,_]
[8,9,KOT,kot,subst:sg:nom:m1,_,_]
[9,10,kot,kot,subst:sg:nom:m1,_,_]
[10,11,Kot,kot,subst:sg:nom:m1,_,_]
[11,12,KOT,kot,subst:sg:nom:m1,_,_]
[12,13,kot123,kot123,ign,_,_]
[13,14,123kot,123kot,ign,_,_]
[14,15,kotx,kotx,ign,_,_]
[15,16,xkot,xkot,ign,_,_]
[16,17,kotkot,kotkot,ign,_,_]
[17,18,kot,kot,subst:sg:nom:m1,_,_]
[18,19,.,.,ign,_,_]
[19,20,kot,kot,subst:sg:nom:m1,_,_]
[20,21,kot,kot,subst:sg:nom:m1,_,_]
[21,22,,,,,ign,_,_]
[22,23,kot,kot,subst:sg:nom:m1,_,_]
[23,24,kot,kot,subst:sg:nom:m1,_,_]
[24,25,;,;,ign,_,_]
[25,26,kot,kot,subst:sg:nom:m1,_,_]
[26,27,kot-kot,kot-kot,ign,_,_]
[27,28,kot:kot,kot:kot,ign,_,_]
[28,29,kot?kot,kot?kot,ign,_,_]
[29,30,kot!kot,kot!kot,ign,_,_]
[30,31,kot/kot,kot/kot,ign,_,_]
[31,32,kot(kot,kot(kot,ign,_,_]
[32,33,kot)kot,kot)kot,ign,_,_]
[33,34,kot,kot,subst:sg:nom:m1,_,_]
[34,35,kot,kot,subst:sg:nom:m1,_,_]
[35,36,kot,kot,subst:sg:nom:m1,_,_]
[36,37,kot,kot,subst:sg:nom:m1,_,_]
[37,38,kot,kot,subst:sg:nom:m1,_,_]
[38,39,kot,kot,subst:sg:nom:m1,_,_]
[39,40,kot-kot,kot-kot,ign,_,_]
[40,41,kotkot,kotkot,ign,_,_]
[41,42,kot,kot,subst:sg:nom:m1,_,_]
[42,43,.,.,ign,_,_]
[43,44,xyzzy,xyzzy,ign,_,_]
[44,45,kot,kot,subst:sg:nom:m1,_,_]
[45,46,,,,,ign,_,_]
[46,47,xyzzy,xyzzy,ign,_,_]
[47,48,kot,kot,subst:sg:nom:m1,_,_]
[48,49,;,;,ign,_,_]
[49,50,xyzzy,xyzzy,ign,_,_]
[50,51,kot-xyzzy,kot-xyzzy,ign,_,_]
[51,52,kot:xyzzy,kot:xyzzy,ign,_,_]
[52,53,kot?xyzzy,kot?xyzzy,ign,_,_]
[53,54,kot!xyzzy,kot!xyzzy,ign,_,_]
[54,55,kot/xyzzy,kot/xyzzy,ign,_,_]
[55,56,kot(xyzzy,kot(xyzzy,ign,_,_]
[56,57,kot)xyzzy,kot)xyzzy,ign,_,_]
[57,58,kot,kot,subst:sg:nom:m1,_,_]
[58,59,xyzzy,xyzzy,ign,_,_]
[59,60,kot,kot,subst:sg:nom:m1,_,_]
[60,61,xyzzy,xyzzy,ign,_,_]
[61,62,kot,kot,subst:sg:nom:m1,_,_]
[62,63,xyzzy,xyzzy,ign,_,_]
[63,64,kot-xyzzy,kot-xyzzy,ign,_,_]
[64,65,kotxyzzy,kotxyzzy,ign,_,_]
[65,66,kot,kot,subst:sg:nom:m1,_,_]
[66,67,.,.,ign,_,_]
[67,68,Qmpx,Qmpx,ign,_,_]
[68,69,kot,kot,subst:sg:nom:m1,_,_]
[69,70,,,,,ign,_,_]
[70,71,Qmpx,Qmpx,ign,_,_]
[71,72,kot,kot,subst:sg:nom:m1,_,_]
[72,73,;,;,ign,_,_]
[73,74,Qmpx,Qmpx,ign,_,_]
[74,75,kot-Qmpx,kot-Qmpx,ign,_,_]
[75,76,kot:Qmpx,kot:Qmpx,ign,_,_]
[76,77,kot?Qmpx,kot?Qmpx,ign,_,_]
[77,78,kot!Qmpx,kot!Qmpx,ign,_,_]
[78,79,kot/Qmpx,kot/Qmpx,ign,_,_]
[79,80,kot(Qmpx,kot(Qmpx,ign,_,_]
[80,81,kot)Qmpx,kot)Qmpx,ign,_,_]
[81,82,kot,kot,subst:sg:nom:m1,_,_]
[82,83,Qmpx,Qmpx,ign,_,_]
[83,84,kot,kot,subst:sg:nom:m1,_,_]
[84,85,Qmpx,Qmpx,ign,_,_]
[85,86,kot,kot,subst:sg:nom:m1,_,_]
[86,87,Qmpx,Qmpx,ign,_,_]
[87,88,kot-Qmpx,kot-Qmpx,ign,_,_]
[88,89,kotQmpx,kotQmpx,ign,_,_]
[89,90,kot,kot,subst:sg:nom:m1,_,_]
[90,91,.,.,ign,_,_]
[91,92,123,123,ign,_,_]
[92,93,kot,kot,subst:sg:nom:m1,_,_]
[93,94,,,,,ign,_,_]
[94,95,123,123,ign,_,_]
[95,96,kot,kot,subst:sg:nom:m1,_,_]
[96,97,;,;,ign,_,_]
[97,98,123,123,ign,_,_]
[98,99,kot-123,kot-123,ign,_,_]
[99,100,kot:123,kot:123,ign,_,_]
[100,101,kot?123,kot?123,ign,_,_]
[101,102,kot!123,kot!123,ign,_,_]
[102,103,kot/123,kot/123,ign,_,_]
[103,104,kot(123,kot(123,ign,_,_]
[104,105,kot)123,kot)123,ign,_,_]
[105,106,kot,kot,subst:sg:nom:m1,_,_]
[106,107,123,123,ign,_,_]
[107,108,kot,kot,subst:sg:nom:m1,_,_]
[108,109,123,123,ign,_,_]
[109,110,kot,kot,subst:sg:nom:m1,_,_]
[110,111,123,123,ign,_,_]
[111,112,kot-123,kot-123,ign,_,_]
[112,113,kot123,kot123,ign,_,_]
[113,114,kot,kot,subst:sg:nom:m1,_,_]
[114,115,.,.,ign,_,_]
[115,116,VII,VII,ign,_,_]
[116,117,kot,kot,subst:sg:nom:m1,_,_]
[117,118,,,,,ign,_,_]
[118,119,VII,VII,ign,_,_]
[119,120,kot,kot,subst:sg:nom:m1,_,_]
[120,121,;,;,ign,_,_]
[121,122,VII,VII,ign,_,_]
[122,123,kot-VII,kot-VII,ign,_,_]
[123,124,kot:VII,kot:VII,ign,_,_]
[124,125,kot?VII,kot?VII,ign,_,_]
[125,126,kot!VII,kot!VII,ign,_,_]
[126,127,kot/VII,kot/VII,ign,_,_]
[127,128,kot(VII,kot(VII,ign,_,_]
[128,129,kot)VII,kot)VII,ign,_,_]
[129,130,kot,kot,subst:sg:nom:m1,_,_]
[130,131,VII,VII,ign,_,_]
[131,132,kot,kot,subst:sg:nom:m1,_,_]
[132,133,VII,VII,ign,_,_]
[133,134,kot,kot,subst:sg:nom:m1,_,_]
[134,135,VII,VII,ign,_,_]
[135,136,kot-VII,kot-VII,ign,_,_]
[136,137,kotVII,kotVII,ign,_,_]
[137,138,xyzzy,xyzzy,ign,_,_]
[138,139,.,.,ign,_,_]
[139,140,xyzzy,xyzzy,ign,_,_]
[140,141,xyzzy,xyzzy,ign,_,_]
[141,142,,,,,ign,_,_]
[142,143,xyzzy,xyzzy,ign,_,_]
[143,144,xyzzy,xyzzy,ign,_,_]
[144,145,;,;,ign,_,_]
[145,146,xyzzy,xyzzy,ign,_,_]
[146,147,xyzzy-xyzzy,xyzzy-xyzzy,ign,_,_]
[147,148,xyzzy:xyzzy,xyzzy:xyzzy,ign,_,_]
[148,149,xyzzy?xyzzy,xyzzy?xyzzy,ign,_,_]
[149,150,xyzzy!xyzzy,xyzzy!xyzzy,ign,_,_]
[150,151,xyzzy/xyzzy,xyzzy/xyzzy,ign,_,_]
[151,152,xyzzy(xyzzy,xyzzy(xyzzy,ign,_,_]
[152,153,xyzzy)xyzzy,xyzzy)xyzzy,ign,_,_]
[153,154,xyzzy,xyzzy,ign,_,_]
[154,155,xyzzy,xyzzy,ign,_,_]
[155,156,xyzzy,xyzzy,ign,_,_]
[156,157,xyzzy,xyzzy,ign,_,_]
[157,158,xyzzy,xyzzy,ign,_,_]
[158,159,xyzzy,xyzzy,ign,_,_]
[159,160,xyzzy-xyzzy,xyzzy-xyzzy,ign,_,_]
[160,161,xyzzyxyzzy,xyzzyxyzzy,ign,_,_]
[161,162,xyzzy,xyzzy,ign,_,_]
[162,163,.,.,ign,_,_]
[163,164,Qmpx,Qmpx,ign,_,_]
[164,165,xyzzy,xyzzy,ign,_,_]
[165,166,,,,,ign,_,_]
[166,167,Qmpx,Qmpx,ign,_,_]
[167,168,xyzzy,xyzzy,ign,_,_]
[168,169,;,;,ign,_,_]
[169,170,Qmpx,Qmpx,ign,_,_]
[170,171,xyzzy-Qmpx,xyzzy-Qmpx,ign,_,_]
[171,172,xyzzy:Qmpx,xyzzy:Qmpx,ign,_,_]
[172,173,xyzzy?Qmpx,xyzzy?Qmpx,ign,_,_]
[173,174,xyzzy!Qmpx,xyzzy!Qmpx,ign,_,_]
[174,175,xyzzy/Qmpx,xyzzy/Qmpx,ign,_,_]
[175,176,xyzzy(Qmpx,xyzzy(Qmpx,ign,_,_]
[176,177,xyzzy)Qmpx,xyzzy)Qmpx,ign,_,_]
[177,178,xyzzy,xyzzy,ign,_,_]
[178,179,Qmpx,Qmpx,ign,_,_]
[179,180,xyzzy,xyzzy,ign,_,_]
[180,181,Qmpx,Qmpx,ign,_,_]
[181,182,xyzzy,xyzzy,ign,_,_]
[182,183,Qmpx,Qmpx,ign,_,_]
[183,184,xyzzy-Qmpx,xyzzy-Qmpx,ign,_,_]
[184,185,xyzzyQmpx,xyzzyQmpx,ign,_,_]
[185,186,xyzzy,xyzzy,ign,_,_]
[186,187,.,.,ign,_,_]
[187,188,123,123,ign,_,_]
[188,189,xyzzy,xyzzy,ign,_,_]
[189,190,,,,,ign,_,_]
[190,191,123,123,ign,_,_]
[191,192,xyzzy,xyzzy,ign,_,_]
[192,193,;,;,ign,_,_]
[193,194,123,123,ign,_,_]
[194,195,xyzzy-123,xyzzy-123,ign,_,_]
[195,196,xyzzy:123,xyzzy:123,ign,_,_]
[196,197,xyzzy?123,xyzzy?123,ign,_,_]
[197,198,xyzzy!123,xyzzy!123,ign,_,_]
[198,199,xyzzy/123,xyzzy/123,ign,_,_]
[199,200,xyzzy(123,xyzzy(123,ign,_,_]
[200,201,xyzzy)123,xyzzy)123,ign,_,_]
[201,202,xyzzy,xyzzy,ign,_,_]
[202,203,123,123,ign,_,_]
[203,204,xyzzy,xyzzy,ign,_,_]
[204,205,123,123,ign,_,_]
[205,206,xyzzy,xyzzy,ign,_,_]
[206,207,123,123,ign,_,_]
[207,208,xyzzy-123,xyzzy-123,ign,_,_]
[208,209,xyzzy123,xyzzy123,ign,_,_]
[209,210,xyzzy,xyzzy,ign,_,_]
[210,211,.,.,ign,_,_]
[211,212,VII,VII,ign,_,_]
[212,213,xyzzy,xyzzy,ign,_,_]
[213,214,,,,,ign,_,_]
[214,215,VII,VII,ign,_,_]
[215,216,xyzzy,xyzzy,ign,_,_]
[216,217,;,;,ign,_,_]
[217,218,VII,VII,ign,_,_]
[218,219,xyzzy-VII,xyzzy-VII,ign,_,_]
[219,220,xyzzy:VII,xyzzy:VII,ign,_,_]
[220,221,xyzzy?VII,xyzzy?VII,ign,_,_]
[221,222,xyzzy!VII,xyzzy!VII,ign,_,_]
[222,223,xyzzy/VII,xyzzy/VII,ign,_,_]
[223,224,xyzzy(VII,xyzzy(VII,ign,_,_]
[224,225,xyzzy)VII,xyzzy)VII,ign,_,_]
[225,226,xyzzy,xyzzy,ign,_,_]
[226,227,VII,VII,ign,_,_]
[227,228,xyzzy,xyzzy,ign,_,_]
[228,229,VII,VII,ign,_,_]
[229,230,xyzzy,xyzzy,ign,_,_]
[230,231,VII,VII,ign,_,_]
[231,232,xyzzy-VII,xyzzy-VII,ign,_,_]
[232,233,xyzzyVII,xyzzyVII,ign,_,_]
[233,234,Qmpx,Qmpx,ign,_,_]
[234,235,.,.,ign,_,_]
[235,236,Qmpx,Qmpx,ign,_,_]
[236,237,Qmpx,Qmpx,ign,_,_]
[237,238,,,,,ign,_,_]
[238,239,Qmpx,Qmpx,ign,_,_]
[239,240,Qmpx,Qmpx,ign,_,_]
[240,241,;,;,ign,_,_]
[241,242,Qmpx,Qmpx,ign,_,_]
[242,243,Qmpx-Qmpx,Qmpx-Qmpx,ign,_,_]
[243,244,Qmpx:Qmpx,Qmpx:Qmpx,ign,_,_]
[244,245,Qmpx?Qmpx,Qmpx?Qmpx,ign,_,_]
[245,246,Qmpx!Qmpx,Qmpx!Qmpx,ign,_,_]
[246,247,Qmpx/Qmpx,Qmpx/Qmpx,ign,_,_]
[247,248,Qmpx(Qmpx,Qmpx(Qmpx,ign,_,_]
[248,249,Qmpx)Qmpx,Qmpx)Qmpx,ign,_,_]
[249,250,Qmpx,Qmpx,ign,_,_]
[250,251,Qmpx,Qmpx,ign,_,_]
[251,252,Qmpx,Qmpx,ign,_,_]
[252,253,Qmpx,Qmpx,ign,_,_]
[253,254,Qmpx,Qmpx,ign,_,_]
[254,255,Qmpx,Qmpx,ign,_,_]
[255,256,Qmpx-Qmpx,Qmpx-Qmpx,ign,_,_]
[256,257,QmpxQmpx,QmpxQmpx,ign,_,_]
[257,258,Qmpx,Qmpx,ign,_,_]
[258,259,.,.,ign,_,_]
[259,260,123,123,ign,_,_]
[260,261,Qmpx,Qmpx,ign,_,_]
[261,262,,,,,ign,_,_]
[262,263,123,123,ign,_,_]
[263,264,Qmpx,Qmpx,ign,_,_]
[264,265,;,;,ign,_,_]
[265,266,123,123,ign,_,_]
[266,267,Qmpx-123,Qmpx-123,ign,_,_]
[267,268,Qmpx:123,Qmpx:123,ign,_,_]
[268,269,Qmpx?123,Qmpx?123,ign,_,_]
[269,270,Qmpx!123,Qmpx!123,ign,_,_]
[270,271,Qmpx/123,Qmpx/123,ign,_,_]
[271,272,Qmpx(123,Qmpx(123,ign,_,_]
[272,273,Qmpx)123,Qmpx)123,ign,_,_]
[273,274,Qmpx,Qmpx,ign,_,_]
[274,275,123,123,ign,_,_]
[275,276,Qmpx,Qmpx,ign,_,_]
[276,277,123,123,ign,_,_]
[277,278,Qmpx,Qmpx,ign,_,_]
[278,279,123,123,ign,_,_]
[279,280,Qmpx-123,Qmpx-123,ign,_,_]
[280,281,Qmpx123,Qmpx123,ign,_,_]
[281,282,Qmpx,Qmpx,ign,_,_]
[282,283,.,.,ign,_,_]
[283,284,VII,VII,ign,_,_]
[284,285,Qmpx,Qmpx,ign,_,_]
[285,286,,,,,ign,_,_]
[286,287,VII,VII,ign,_,_]
[287,288,Qmpx,Qmpx,ign,_,_]
[288,289,;,;,ign,_,_]
[289,290,VII,VII,ign,_,_]
[290,291,Qmpx-VII,Qmpx-VII,ign,_,_]
[291,292,Qmpx:VII,Qmpx:VII,ign,_,_]
[292,293,Qmpx?VII,Qmpx?VII,ign,_,_]
[293,294,Qmpx!VII,Qmpx!VII,ign,_,_]
[294,295,Qmpx/VII,Qmpx/VII,ign,_,_]
[295,296,Qmpx(VII,Qmpx(VII,ign,_,_]
[296,297,Qmpx)VII,Qmpx)VII,ign,_,_]
[297,298,Qmpx,Qmpx,ign,_,_]
[298,299,VII,VII,ign,_,_]
[299,300,Qmpx,Qmpx,ign,_,_]
[300,301,VII,VII,ign,_,_]
[301,302,Qmpx,Qmpx,ign,_,_]
[302,303,VII,VII,ign,_,_]
[303,304,Qmpx-VII,Qmpx-VII,ign,_,_]
[304,305,QmpxVII,QmpxVII,ign,_,_]
[305,306,123,123,ign,_,_]
[306,307,.,.,ign,_,_]
[307,308,123,123,ign,_,_]
[308,309,123,123,ign,_,_]
[309,310,,,,,ign,_,_]
[310,311,123,123,ign,_,_]
[311,312,123,123,ign,_,_]
[312,313,;,;,ign,_,_]
[313,314,123,123,ign,_,_]
[314,315,123-123,123-123,ign,_,_]
[315,316,123:123,123:123,ign,_,_]
[316,317,123?123,123?123,ign,_,_]
[317,318,123!123,123!123,ign,_,_]
[318,319,123/123,123/123,ign,_,_]
[319,320,123(123,123(123,ign,_,_]
[320,321,123)123,123)123,ign,_,_]
[321,322,123,123,ign,_,_]
[322,323,123,123,ign,_,_]
[323,324,123,123,ign,_,_]
[324,325,123,123,ign,_,_]
[325,326,123,123,ign,_,_]
[326,327,123,123,ign,_,_]
[327,328,123-123,123-123,ign,_,_]
[328,329,123123,123123,ign,_,_]
[329,330,123,123,ign,_,_]
[330,331,.,.,ign,_,_]
[331,332,VII,VII,ign,_,_]
[332,333,123,123,ign,_,_]
[333,334,,,,,ign,_,_]
[334,335,VII,VII,ign,_,_]
[335,336,123,123,ign,_,_]
[336,337,;,;,ign,_,_]
[337,338,VII,VII,ign,_,_]
[338,339,123-VII,123-VII,ign,_,_]
[339,340,123:VII,123:VII,ign,_,_]
[340,341,123?VII,123?VII,ign,_,_]
[341,342,123!VII,123!VII,ign,_,_]
[342,343,123/VII,123/VII,ign,_,_]
[343,344,123(VII,123(VII,ign,_,_]
[344,345,123)VII,123)VII,ign,_,_]
[345,346,123,123,ign,_,_]
[346,347,VII,VII,ign,_,_]
[347,348,123,123,ign,_,_]
[348,349,VII,VII,ign,_,_]
[349,350,123,123,ign,_,_]
[350,351,VII,VII,ign,_,_]
[351,352,123-VII,123-VII,ign,_,_]
[352,353,123VII,123VII,ign,_,_]
[353,354,VII,VII,ign,_,_]
[354,355,.,.,ign,_,_]
[355,356,VII,VII,ign,_,_]
[356,357,VII,VII,ign,_,_]
[357,358,,,,,ign,_,_]
[358,359,VII,VII,ign,_,_]
[359,360,VII,VII,ign,_,_]
[360,361,;,;,ign,_,_]
[361,362,VII,VII,ign,_,_]
[362,363,VII-VII,VII-VII,ign,_,_]
[363,364,VII:VII,VII:VII,ign,_,_]
[364,365,VII?VII,VII?VII,ign,_,_]
[365,366,VII!VII,VII!VII,ign,_,_]
[366,367,VII/VII,VII/VII,ign,_,_]
[367,368,VII(VII,VII(VII,ign,_,_]
[368,369,VII)VII,VII)VII,ign,_,_]
[369,370,VII,VII,ign,_,_]
[370,371,VII,VII,ign,_,_]
[371,372,VII,VII,ign,_,_]
[372,373,VII,VII,ign,_,_]
[373,374,VII,VII,ign,_,_]
[374,375,VII,VII,ign,_,_]
[375,376,VII-VII,VII-VII,ign,_,_]
[376,377,VIIVII,VIIVII,ign,_,_]
[377,378,.,.,ign,_,_]
[378,379,kot,kot,subst:sg:nom:m1,_,_]
[379,380,.,.,ign,_,_]
[380,381,(kot),(kot),ign,_,_]
[381,382,kot,kot,subst:sg:nom:m1,_,_]
[382,383,.,.,ign,_,_]
[383,384,.,.,ign,_,_]
[384,385,.,.,ign,_,_]
[385,386,-kot-,-kot-,ign,_,_]
[386,387,kot,kot,subst:sg:nom:m1,_,_]
[387,388,,,,,ign,_,_]
[388,389,kot,kot,subst:sg:nom:m1,_,_]
[389,390,;,;,ign,_,_]
[390,391,kot,kot,subst:sg:nom:m1,_,_]
[391,392,kot,kot,subst:sg:nom:m1,_,_]
[392,393,kot,kot,subst:sg:nom:m1,_,_]
[393,394,.,.,ign,_,_]
[394,395,.,.,ign,_,_]
[395,396,.,.,ign,_,_]
[396,397,.,.,ign,_,_]
[397,398,.,.,ign,_,_]
[398,399,.,.,ign,_,_]
[399,400,,,,,ign,_,_]
[400,401,;,;,ign,_,_]
[401,402,-,-,ign,_,_]
[402,403,--,--,ign,_,_]
[403,404,.,.,ign,_,_]
[404,405,,,,,ign,_,_]
[405,406,;,;,ign,_,_]
[406,407,?!,?!,ign,_,_]
[407,408,(),(),ign,_,_]
[]
[]
[]
[408,409,a,a,ign,_,_]
[409,410,.,.,ign,_,_]
[410,411,b,b,ign,_,_]
[411,412,.,.,ign,_,_]
[412,413,c,c,ign,_,_]
[413,414,.,.,ign,_,_]
[414,415,d,d,ign,_,_]
[415,416,1,1,ign,_,_]
[416,417,,,,,ign,_,_]
[417,418,2,2,ign,_,_]
[418,419,,,,,ign,_,_]
[419,420,3,3,ign,_,_]
[420,421,x-y-z,x-y-z,ign,_,_]
[421,422,co?,co?,ign,_,_]
[422,423,n,n,ign,_,_]
[423,424,.,.,ign,_,_]
[424,425,p,p,ign,_,_]
[425,426,.,.,ign,_,_]
[426,427,p,p,ign,_,_]
[427,428,.,.,ign,_,_]
[428,429,n,n,ign,_,_]
[429,430,.,.,ign,_,_]
[430,431,e,e,ign,_,_]
[431,432,.,.,ign,_,_]
[432,433,tzn,tzn,ign,_,_]
[433,434,.,.,ign,_,_]
[434,435,O,O,ign,_,_]
[435,436,.,.,ign,_,_]
[436,437,K,K,ign,_,_]
[437,438,.,.,ign,_,_]
[438,439,3,3,ign,_,_]
[439,440,.,.,ign,_,_]
[440,441,14,14,ign,_,_]
[441,442,1+1,1+1,ign,_,_]

