[0,1,iphone,iPhone:s2,subst:sg:nom:m1,wlasna,_]
[0,1,latex,latex,subst:sg:nom:m2,pospolita,_]
[0,1,iPhone,iPhone:s2,subst:sg:nom:m1,wlasna,_]
[0,1,LaTeX,latex,subst:sg:nom:m2,pospolita,_
 0,1,LaTeX,LaTeX:s1,subst:sg:nom:m1,wlasna,_]
[0,1,nie-iPhone,nie-iPhone:s2,subst:sg:nom:m1,wlasna,_]
[0,1,nie-iphone,nie-iPhone:s2,subst:sg:nom:m1,wlasna,_]
[0,1,nie-latex,nie-latex,subst:sg:nom:m2,pospolita,_]
[0,1,nie-LaTeX,nie-latex,subst:sg:nom:m2,pospolita,_
 0,1,nie-LaTeX,nie-LaTeX:s1,subst:sg:nom:m1,wlasna,_]
[0,1,iPhone-LaTeX,iPhone-latex,subst:sg:nom:m2,pospolita,_
 0,1,iPhone-LaTeX,iPhone-LaTeX:s1,subst:sg:nom:m1,wlasna,_]
[0,1,iphone-latex,iPhone-latex,subst:sg:nom:m2,pospolita,_]
[0,1,latex,latex,subst:sg:nom:m2,pospolita,_]
[0,1,LATEX,latex,subst:sg:nom:m2,pospolita,_
 0,1,LATEX,LaTeX:s1,subst:sg:nom:m1,wlasna,_]
[0,1,latex,latex,subst:sg:nom:m2,pospolita,_]
[0,1,Latex,latex,subst:sg:nom:m2,pospolita,_]
[0,1,LATEX,latex,subst:sg:nom:m2,pospolita,_
 0,1,LATEX,LaTeX:s1,subst:sg:nom:m1,wlasna,_]
[0,1,LaTeX,latex,subst:sg:nom:m2,pospolita,_
 0,1,LaTeX,LaTeX:s1,subst:sg:nom:m1,wlasna,_]
[0,1,LATEX,latex,subst:sg:nom:m2,pospolita,_
 0,1,LATEX,LaTeX:s1,subst:sg:nom:m1,wlasna,_]
[0,1,latex,latex,subst:sg:nom:m2,pospolita,_]
[0,1,Latex,latex,subst:sg:nom:m2,pospolita,_]
[0,1,lAtEx,latex,subst:sg:nom:m2,pospolita,_]
[0,1,iPhone,iPhone:s2,subst:sg:nom:m1,wlasna,_]
[0,1,IPHONE,iPhone:s2,subst:sg:nom:m1,wlasna,_]
[0,1,iphone,iPhone:s2,subst:sg:nom:m1,wlasna,_]
[0,1,Iphone,iPhone:s2,subst:sg:nom:m1,wlasna,_]
[0,1,IpHONE,iPhone:s2,subst:sg:nom:m1,wlasna,_]
[0,1,arcy,arcy,ign,_,_]
[0,1,ARCY,ARCY,ign,_,_]
[0,1,arcy,arcy,ign,_,_]
[0,1,Arcy,Arcy,ign,_,_]
[0,1,ARCY,ARCY,ign,_,_]
[0,1,nie,nie,ign,_,_]
[0,1,NIE,NIE,ign,_,_]
[0,1,nie,nie,ign,_,_]
[0,1,Nie,Nie,ign,_,_]
[0,1,NIE,NIE,ign,_,_]
[0,1,-,-,ign,_,_]
[0,1,-,-,ign,_,_]
[0,1,-,-,ign,_,_]
[0,1,-,-,ign,_,_]
[0,1,-,-,ign,_,_]
[0,1,latex123,latex123,ign,_,_]
[0,1,123latex,123latex,ign,_,_]
[0,1,latexx,latexx,ign,_,_]
[0,1,xlatex,xlatex,ign,_,_]
[0,1,latexlatex,latexlatex,ign,_,_]
[0,1,LaTeX123,LaTeX123,ign,_,_]
[0,1,123LaTeX,123LaTeX,ign,_,_]
[0,1,LaTeXx,LaTeXx,ign,_,_]
[0,1,xLaTeX,xLaTeX,ign,_,_]
[0,1,LaTeXLaTeX,LaTeXLaTeX,ign,_,_]
[0,1,iPhone123,iPhone123,ign,_,_]
[0,1,123iPhone,123iPhone,ign,_,_]
[0,1,iPhonex,iPhonex,ign,_,_]
[0,1,xiPhone,xiPhone,ign,_,_]
[0,1,iPhoneiPhone,iPhoneiPhone,ign,_,_]
[0,1,arcy123,arcy123,ign,_,_]
[0,1,123arcy,123arcy,ign,_,_]
[0,1,arcyx,arcyx,ign,_,_]
[0,1,xarcy,xarcy,ign,_,_]
[0,1,arcyarcy,arcyarcy,ign,_,_]
[0,1,latex,latex,subst:sg:nom:m2,pospolita,_]
[1,2,.,.,ign,_,_]
[2,3,latex,latex,subst:sg:nom:m2,pospolita,_]
[0,1,latex,latex,subst:sg:nom:m2,pospolita,_]
[1,2,,,,,ign,_,_]
[2,3,latex,latex,subst:sg:nom:m2,pospolita,_]
[0,1,latex,latex,subst:sg:nom:m2,pospolita,_]
[1,2,;,;,ign,_,_]
[2,3,latex,latex,subst:sg:nom:m2,pospolita,_]
[0,1,latex-latex,latex-latex,subst:sg:nom:m2,pospolita,_]
[0,1,latex:latex,latex:latex,ign,_,_]
[0,1,latex?latex,latex?latex,ign,_,_]
[0,1,latex!latex,latex!latex,ign,_,_]
[0,1,latex/latex,latex/latex,ign,_,_]
[0,1,latex(latex,latex(latex,ign,_,_]
[0,1,latex)latex,latex)latex,ign,_,_]
[0,1,latex,latex,subst:sg:nom:m2,pospolita,_]
[1,2,latex,latex,subst:sg:nom:m2,pospolita,_]
[0,1,latex,latex,subst:sg:nom:m2,pospolita,_]
[1,2,latex,latex,subst:sg:nom:m2,pospolita,_]
[0,1,latex,latex,subst:sg:nom:m2,pospolita,_]
[1,2,latex,latex,subst:sg:nom:m2,pospolita,_]
[0,1,latex-latex,latex-latex,subst:sg:nom:m2,pospolita,_]
[0,1,latexlatex,latexlatex,ign,_,_]
[0,1,latex,latex,subst:sg:nom:m2,pospolita,_]
[1,2,.,.,ign,_,_]
[2,3,LaTeX,latex,subst:sg:nom:m2,pospolita,_
 2,3,LaTeX,LaTeX:s1,subst:sg:nom:m1,wlasna,_]
[0,1,latex,latex,subst:sg:nom:m2,pospolita,_]
[1,2,,,,,ign,_,_]
[2,3,LaTeX,latex,subst:sg:nom:m2,pospolita,_
 2,3,LaTeX,LaTeX:s1,subst:sg:nom:m1,wlasna,_]
[0,1,latex,latex,subst:sg:nom:m2,pospolita,_]
[1,2,;,;,ign,_,_]
[2,3,LaTeX,latex,subst:sg:nom:m2,pospolita,_
 2,3,LaTeX,LaTeX:s1,subst:sg:nom:m1,wlasna,_]
[0,1,latex-LaTeX,latex-latex,subst:sg:nom:m2,pospolita,_
 0,1,latex-LaTeX,latex-LaTeX:s1,subst:sg:nom:m1,wlasna,_]
[0,1,latex:LaTeX,latex:LaTeX,ign,_,_]
[0,1,latex?LaTeX,latex?LaTeX,ign,_,_]
[0,1,latex!LaTeX,latex!LaTeX,ign,_,_]
[0,1,latex/LaTeX,latex/LaTeX,ign,_,_]
[0,1,latex(LaTeX,latex(LaTeX,ign,_,_]
[0,1,latex)LaTeX,latex)LaTeX,ign,_,_]
[0,1,latex,latex,subst:sg:nom:m2,pospolita,_]
[1,2,LaTeX,latex,subst:sg:nom:m2,pospolita,_
 1,2,LaTeX,LaTeX:s1,subst:sg:nom:m1,wlasna,_]
[0,1,latex,latex,subst:sg:nom:m2,pospolita,_]
[1,2,LaTeX,latex,subst:sg:nom:m2,pospolita,_
 1,2,LaTeX,LaTeX:s1,subst:sg:nom:m1,wlasna,_]
[0,1,latex,latex,subst:sg:nom:m2,pospolita,_]
[1,2,LaTeX,latex,subst:sg:nom:m2,pospolita,_
 1,2,LaTeX,LaTeX:s1,subst:sg:nom:m1,wlasna,_]
[0,1,latex-LaTeX,latex-latex,subst:sg:nom:m2,pospolita,_
 0,1,latex-LaTeX,latex-LaTeX:s1,subst:sg:nom:m1,wlasna,_]
[0,1,latexLaTeX,latexLaTeX,ign,_,_]
[0,1,latex,latex,subst:sg:nom:m2,pospolita,_]
[1,2,.,.,ign,_,_]
[2,3,iPhone,iPhone:s2,subst:sg:nom:m1,wlasna,_]
[0,1,latex,latex,subst:sg:nom:m2,pospolita,_]
[1,2,,,,,ign,_,_]
[2,3,iPhone,iPhone:s2,subst:sg:nom:m1,wlasna,_]
[0,1,latex,latex,subst:sg:nom:m2,pospolita,_]
[1,2,;,;,ign,_,_]
[2,3,iPhone,iPhone:s2,subst:sg:nom:m1,wlasna,_]
[0,1,latex-iPhone,latex-iPhone:s2,subst:sg:nom:m1,wlasna,_]
[0,1,latex:iPhone,latex:iPhone,ign,_,_]
[0,1,latex?iPhone,latex?iPhone,ign,_,_]
[0,1,latex!iPhone,latex!iPhone,ign,_,_]
[0,1,latex/iPhone,latex/iPhone,ign,_,_]
[0,1,latex(iPhone,latex(iPhone,ign,_,_]
[0,1,latex)iPhone,latex)iPhone,ign,_,_]
[0,1,latex,latex,subst:sg:nom:m2,pospolita,_]
[1,2,iPhone,iPhone:s2,subst:sg:nom:m1,wlasna,_]
[0,1,latex,latex,subst:sg:nom:m2,pospolita,_]
[1,2,iPhone,iPhone:s2,subst:sg:nom:m1,wlasna,_]
[0,1,latex,latex,subst:sg:nom:m2,pospolita,_]
[1,2,iPhone,iPhone:s2,subst:sg:nom:m1,wlasna,_]
[0,1,latex-iPhone,latex-iPhone:s2,subst:sg:nom:m1,wlasna,_]
[0,1,latexiPhone,latexiPhone,ign,_,_]
[0,1,latex,latex,subst:sg:nom:m2,pospolita,_]
[1,2,.,.,ign,_,_]
[2,3,arcy,arcy,ign,_,_]
[0,1,latex,latex,subst:sg:nom:m2,pospolita,_]
[1,2,,,,,ign,_,_]
[2,3,arcy,arcy,ign,_,_]
[0,1,latex,latex,subst:sg:nom:m2,pospolita,_]
[1,2,;,;,ign,_,_]
[2,3,arcy,arcy,ign,_,_]
[0,1,latex-arcy,latex-arcy,ign,_,_]
[0,1,latex:arcy,latex:arcy,ign,_,_]
[0,1,latex?arcy,latex?arcy,ign,_,_]
[0,1,latex!arcy,latex!arcy,ign,_,_]
[0,1,latex/arcy,latex/arcy,ign,_,_]
[0,1,latex(arcy,latex(arcy,ign,_,_]
[0,1,latex)arcy,latex)arcy,ign,_,_]
[0,1,latex,latex,subst:sg:nom:m2,pospolita,_]
[1,2,arcy,arcy,ign,_,_]
[0,1,latex,latex,subst:sg:nom:m2,pospolita,_]
[1,2,arcy,arcy,ign,_,_]
[0,1,latex,latex,subst:sg:nom:m2,pospolita,_]
[1,2,arcy,arcy,ign,_,_]
[0,1,latex-arcy,latex-arcy,ign,_,_]
[0,1,latexarcy,latexarcy,ign,_,_]
[0,1,latex,latex,subst:sg:nom:m2,pospolita,_]
[1,2,.,.,ign,_,_]
[2,3,nie,nie,ign,_,_]
[0,1,latex,latex,subst:sg:nom:m2,pospolita,_]
[1,2,,,,,ign,_,_]
[2,3,nie,nie,ign,_,_]
[0,1,latex,latex,subst:sg:nom:m2,pospolita,_]
[1,2,;,;,ign,_,_]
[2,3,nie,nie,ign,_,_]
[0,1,latex-nie,latex-nie,ign,_,_]
[0,1,latex:nie,latex:nie,ign,_,_]
[0,1,latex?nie,latex?nie,ign,_,_]
[0,1,latex!nie,latex!nie,ign,_,_]
[0,1,latex/nie,latex/nie,ign,_,_]
[0,1,latex(nie,latex(nie,ign,_,_]
[0,1,latex)nie,latex)nie,ign,_,_]
[0,1,latex,latex,subst:sg:nom:m2,pospolita,_]
[1,2,nie,nie,ign,_,_]
[0,1,latex,latex,subst:sg:nom:m2,pospolita,_]
[1,2,nie,nie,ign,_,_]
[0,1,latex,latex,subst:sg:nom:m2,pospolita,_]
[1,2,nie,nie,ign,_,_]
[0,1,latex-nie,latex-nie,ign,_,_]
[0,1,latexnie,latexnie,ign,_,_]
[0,1,latex,latex,subst:sg:nom:m2,pospolita,_]
[1,2,.,.,ign,_,_]
[2,3,xyzzy,xyzzy,ign,_,_]
[0,1,latex,latex,subst:sg:nom:m2,pospolita,_]
[1,2,,,,,ign,_,_]
[2,3,xyzzy,xyzzy,ign,_,_]
[0,1,latex,latex,subst:sg:nom:m2,pospolita,_]
[1,2,;,;,ign,_,_]
[2,3,xyzzy,xyzzy,ign,_,_]
[0,1,latex-xyzzy,latex-xyzzy,ign,_,_]
[0,1,latex:xyzzy,latex:xyzzy,ign,_,_]
[0,1,latex?xyzzy,latex?xyzzy,ign,_,_]
[0,1,latex!xyzzy,latex!xyzzy,ign,_,_]
[0,1,latex/xyzzy,latex/xyzzy,ign,_,_]
[0,1,latex(xyzzy,latex(xyzzy,ign,_,_]
[0,1,latex)xyzzy,latex)xyzzy,ign,_,_]
[0,1,latex,latex,subst:sg:nom:m2,pospolita,_]
[1,2,xyzzy,xyzzy,ign,_,_]
[0,1,latex,latex,subst:sg:nom:m2,pospolita,_]
[1,2,xyzzy,xyzzy,ign,_,_]
[0,1,latex,latex,subst:sg:nom:m2,pospolita,_]
[1,2,xyzzy,xyzzy,ign,_,_]
[0,1,latex-xyzzy,latex-xyzzy,ign,_,_]
[0,1,latexxyzzy,latexxyzzy,ign,_,_]
[0,1,latex,latex,subst:sg:nom:m2,pospolita,_]
[1,2,.,.,ign,_,_]
[2,3,Qmpx,Qmpx,ign,_,_]
[0,1,latex,latex,subst:sg:nom:m2,pospolita,_]
[1,2,,,,,ign,_,_]
[2,3,Qmpx,Qmpx,ign,_,_]
[0,1,latex,latex,subst:sg:nom:m2,pospolita,_]
[1,2,;,;,ign,_,_]
[2,3,Qmpx,Qmpx,ign,_,_]
[0,1,latex-Qmpx,latex-Qmpx,ign,_,_]
[0,1,latex:Qmpx,latex:Qmpx,ign,_,_]
[0,1,latex?Qmpx,latex?Qmpx,ign,_,_]
[0,1,latex!Qmpx,latex!Qmpx,ign,_,_]
[0,1,latex/Qmpx,latex/Qmpx,ign,_,_]
[0,1,latex(Qmpx,latex(Qmpx,ign,_,_]
[0,1,latex)Qmpx,latex)Qmpx,ign,_,_]
[0,1,latex,latex,subst:sg:nom:m2,pospolita,_]
[1,2,Qmpx,Qmpx,ign,_,_]
[0,1,latex,latex,subst:sg:nom:m2,pospolita,_]
[1,2,Qmpx,Qmpx,ign,_,_]
[0,1,latex,latex,subst:sg:nom:m2,pospolita,_]
[1,2,Qmpx,Qmpx,ign,_,_]
[0,1,latex-Qmpx,latex-Qmpx,ign,_,_]
[0,1,latexQmpx,latexQmpx,ign,_,_]
[0,1,latex,latex,subst:sg:nom:m2,pospolita,_]
[1,2,.,.,ign,_,_]
[2,3,123,123,ign,_,_]
[0,1,latex,latex,subst:sg:nom:m2,pospolita,_]
[1,2,,,,,ign,_,_]
[2,3,123,123,ign,_,_]
[0,1,latex,latex,subst:sg:nom:m2,pospolita,_]
[1,2,;,;,ign,_,_]
[2,3,123,123,ign,_,_]
[0,1,latex-123,latex-123,ign,_,_]
[0,1,latex:123,latex:123,ign,_,_]
[0,1,latex?123,latex?123,ign,_,_]
[0,1,latex!123,latex!123,ign,_,_]
[0,1,latex/123,latex/123,ign,_,_]
[0,1,latex(123,latex(123,ign,_,_]
[0,1,latex)123,latex)123,ign,_,_]
[0,1,latex,latex,subst:sg:nom:m2,pospolita,_]
[1,2,123,123,ign,_,_]
[0,1,latex,latex,subst:sg:nom:m2,pospolita,_]
[1,2,123,123,ign,_,_]
[0,1,latex,latex,subst:sg:nom:m2,pospolita,_]
[1,2,123,123,ign,_,_]
[0,1,latex-123,latex-123,ign,_,_]
[0,1,latex123,latex123,ign,_,_]
[0,1,latex,latex,subst:sg:nom:m2,pospolita,_]
[1,2,.,.,ign,_,_]
[2,3,VII,VII,ign,_,_]
[0,1,latex,latex,subst:sg:nom:m2,pospolita,_]
[1,2,,,,,ign,_,_]
[2,3,VII,VII,ign,_,_]
[0,1,latex,latex,subst:sg:nom:m2,pospolita,_]
[1,2,;,;,ign,_,_]
[2,3,VII,VII,ign,_,_]
[0,1,latex-VII,latex-VII,ign,_,_]
[0,1,latex:VII,latex:VII,ign,_,_]
[0,1,latex?VII,latex?VII,ign,_,_]
[0,1,latex!VII,latex!VII,ign,_,_]
[0,1,latex/VII,latex/VII,ign,_,_]
[0,1,latex(VII,latex(VII,ign,_,_]
[0,1,latex)VII,latex)VII,ign,_,_]
[0,1,latex,latex,subst:sg:nom:m2,pospolita,_]
[1,2,VII,VII,ign,_,_]
[0,1,latex,latex,subst:sg:nom:m2,pospolita,_]
[1,2,VII,VII,ign,_,_]
[0,1,latex,latex,subst:sg:nom:m2,pospolita,_]
[1,2,VII,VII,ign,_,_]
[0,1,latex-VII,latex-VII,ign,_,_]
[0,1,latexVII,latexVII,ign,_,_]
[0,1,LaTeX,latex,subst:sg:nom:m2,pospolita,_
 0,1,LaTeX,LaTeX:s1,subst:sg:nom:m1,wlasna,_]
[1,2,.,.,ign,_,_]
[2,3,LaTeX,latex,subst:sg:nom:m2,pospolita,_
 2,3,LaTeX,LaTeX:s1,subst:sg:nom:m1,wlasna,_]
[0,1,LaTeX,latex,subst:sg:nom:m2,pospolita,_
 0,1,LaTeX,LaTeX:s1,subst:sg:nom:m1,wlasna,_]
[1,2,,,,,ign,_,_]
[2,3,LaTeX,latex,subst:sg:nom:m2,pospolita,_
 2,3,LaTeX,LaTeX:s1,subst:sg:nom:m1,wlasna,_]
[0,1,LaTeX,latex,subst:sg:nom:m2,pospolita,_
 0,1,LaTeX,LaTeX:s1,subst:sg:nom:m1,wlasna,_]
[1,2,;,;,ign,_,_]
[2,3,LaTeX,latex,subst:sg:nom:m2,pospolita,_
 2,3,LaTeX,LaTeX:s1,subst:sg:nom:m1,wlasna,_]
[0,1,LaTeX-LaTeX,latex-latex,subst:sg:nom:m2,pospolita,_
 0,1,LaTeX-LaTeX,latex-LaTeX:s1,subst:sg:nom:m1,wlasna,_]
[0,1,LaTeX:LaTeX,LaTeX:LaTeX,ign,_,_]
[0,1,LaTeX?LaTeX,LaTeX?LaTeX,ign,_,_]
[0,1,LaTeX!LaTeX,LaTeX!LaTeX,ign,_,_]
[0,1,LaTeX/LaTeX,LaTeX/LaTeX,ign,_,_]
[0,1,LaTeX(LaTeX,LaTeX(LaTeX,ign,_,_]
[0,1,LaTeX)LaTeX,LaTeX)LaTeX,ign,_,_]
[0,1,LaTeX,latex,subst:sg:nom:m2,pospolita,_
 0,1,LaTeX,LaTeX:s1,subst:sg:nom:m1,wlasna,_]
[1,2,LaTeX,latex,subst:sg:nom:m2,pospolita,_
 1,2,LaTeX,LaTeX:s1,subst:sg:nom:m1,wlasna,_]
[0,1,LaTeX,latex,subst:sg:nom:m2,pospolita,_
 0,1,LaTeX,LaTeX:s1,subst:sg:nom:m1,wlasna,_]
[1,2,LaTeX,latex,subst:sg:nom:m2,pospolita,_
 1,2,LaTeX,LaTeX:s1,subst:sg:nom:m1,wlasna,_]
[0,1,LaTeX,latex,subst:sg:nom:m2,pospolita,_
 0,1,LaTeX,LaTeX:s1,subst:sg:nom:m1,wlasna,_]
[1,2,LaTeX,latex,subst:sg:nom:m2,pospolita,_
 1,2,LaTeX,LaTeX:s1,subst:sg:nom:m1,wlasna,_]
[0,1,LaTeX-LaTeX,latex-latex,subst:sg:nom:m2,pospolita,_
 0,1,LaTeX-LaTeX,latex-LaTeX:s1,subst:sg:nom:m1,wlasna,_]
[0,1,LaTeXLaTeX,LaTeXLaTeX,ign,_,_]
[0,1,LaTeX,latex,subst:sg:nom:m2,pospolita,_
 0,1,LaTeX,LaTeX:s1,subst:sg:nom:m1,wlasna,_]
[1,2,.,.,ign,_,_]
[2,3,iPhone,iPhone:s2,subst:sg:nom:m1,wlasna,_]
[0,1,LaTeX,latex,subst:sg:nom:m2,pospolita,_
 0,1,LaTeX,LaTeX:s1,subst:sg:nom:m1,wlasna,_]
[1,2,,,,,ign,_,_]
[2,3,iPhone,iPhone:s2,subst:sg:nom:m1,wlasna,_]
[0,1,LaTeX,latex,subst:sg:nom:m2,pospolita,_
 0,1,LaTeX,LaTeX:s1,subst:sg:nom:m1,wlasna,_]
[1,2,;,;,ign,_,_]
[2,3,iPhone,iPhone:s2,subst:sg:nom:m1,wlasna,_]
[0,1,LaTeX-iPhone,latex-iPhone:s2,subst:sg:nom:m1,wlasna,_]
[0,1,LaTeX:iPhone,LaTeX:iPhone,ign,_,_]
[0,1,LaTeX?iPhone,LaTeX?iPhone,ign,_,_]
[0,1,LaTeX!iPhone,LaTeX!iPhone,ign,_,_]
[0,1,LaTeX/iPhone,LaTeX/iPhone,ign,_,_]
[0,1,LaTeX(iPhone,LaTeX(iPhone,ign,_,_]
[0,1,LaTeX)iPhone,LaTeX)iPhone,ign,_,_]
[0,1,LaTeX,latex,subst:sg:nom:m2,pospolita,_
 0,1,LaTeX,LaTeX:s1,subst:sg:nom:m1,wlasna,_]
[1,2,iPhone,iPhone:s2,subst:sg:nom:m1,wlasna,_]
[0,1,LaTeX,latex,subst:sg:nom:m2,pospolita,_
 0,1,LaTeX,LaTeX:s1,subst:sg:nom:m1,wlasna,_]
[1,2,iPhone,iPhone:s2,subst:sg:nom:m1,wlasna,_]
[0,1,LaTeX,latex,subst:sg:nom:m2,pospolita,_
 0,1,LaTeX,LaTeX:s1,subst:sg:nom:m1,wlasna,_]
[1,2,iPhone,iPhone:s2,subst:sg:nom:m1,wlasna,_]
[0,1,LaTeX-iPhone,latex-iPhone:s2,subst:sg:nom:m1,wlasna,_]
[0,1,LaTeXiPhone,LaTeXiPhone,ign,_,_]
[0,1,LaTeX,latex,subst:sg:nom:m2,pospolita,_
 0,1,LaTeX,LaTeX:s1,subst:sg:nom:m1,wlasna,_]
[1,2,.,.,ign,_,_]
[2,3,arcy,arcy,ign,_,_]
[0,1,LaTeX,latex,subst:sg:nom:m2,pospolita,_
 0,1,LaTeX,LaTeX:s1,subst:sg:nom:m1,wlasna,_]
[1,2,,,,,ign,_,_]
[2,3,arcy,arcy,ign,_,_]
[0,1,LaTeX,latex,subst:sg:nom:m2,pospolita,_
 0,1,LaTeX,LaTeX:s1,subst:sg:nom:m1,wlasna,_]
[1,2,;,;,ign,_,_]
[2,3,arcy,arcy,ign,_,_]
[0,1,LaTeX-arcy,LaTeX-arcy,ign,_,_]
[0,1,LaTeX:arcy,LaTeX:arcy,ign,_,_]
[0,1,LaTeX?arcy,LaTeX?arcy,ign,_,_]
[0,1,LaTeX!arcy,LaTeX!arcy,ign,_,_]
[0,1,LaTeX/arcy,LaTeX/arcy,ign,_,_]
[0,1,LaTeX(arcy,LaTeX(arcy,ign,_,_]
[0,1,LaTeX)arcy,LaTeX)arcy,ign,_,_]
[0,1,LaTeX,latex,subst:sg:nom:m2,pospolita,_
 0,1,LaTeX,LaTeX:s1,subst:sg:nom:m1,wlasna,_]
[1,2,arcy,arcy,ign,_,_]
[0,1,LaTeX,latex,subst:sg:nom:m2,pospolita,_
 0,1,LaTeX,LaTeX:s1,subst:sg:nom:m1,wlasna,_]
[1,2,arcy,arcy,ign,_,_]
[0,1,LaTeX,latex,subst:sg:nom:m2,pospolita,_
 0,1,LaTeX,LaTeX:s1,subst:sg:nom:m1,wlasna,_]
[1,2,arcy,arcy,ign,_,_]
[0,1,LaTeX-arcy,LaTeX-arcy,ign,_,_]
[0,1,LaTeXarcy,LaTeXarcy,ign,_,_]
[0,1,LaTeX,latex,subst:sg:nom:m2,pospolita,_
 0,1,LaTeX,LaTeX:s1,subst:sg:nom:m1,wlasna,_]
[1,2,.,.,ign,_,_]
[2,3,nie,nie,ign,_,_]
[0,1,LaTeX,latex,subst:sg:nom:m2,pospolita,_
 0,1,LaTeX,LaTeX:s1,subst:sg:nom:m1,wlasna,_]
[1,2,,,,,ign,_,_]
[2,3,nie,nie,ign,_,_]
[0,1,LaTeX,latex,subst:sg:nom:m2,pospolita,_
 0,1,LaTeX,LaTeX:s1,subst:sg:nom:m1,wlasna,_]
[1,2,;,;,ign,_,_]
[2,3,nie,nie,ign,_,_]
[0,1,LaTeX-nie,LaTeX-nie,ign,_,_]
[0,1,LaTeX:nie,LaTeX:nie,ign,_,_]
[0,1,LaTeX?nie,LaTeX?nie,ign,_,_]
[0,1,LaTeX!nie,LaTeX!nie,ign,_,_]
[0,1,LaTeX/nie,LaTeX/nie,ign,_,_]
[0,1,LaTeX(nie,LaTeX(nie,ign,_,_]
[0,1,LaTeX)nie,LaTeX)nie,ign,_,_]
[0,1,LaTeX,latex,subst:sg:nom:m2,pospolita,_
 0,1,LaTeX,LaTeX:s1,subst:sg:nom:m1,wlasna,_]
[1,2,nie,nie,ign,_,_]
[0,1,LaTeX,latex,subst:sg:nom:m2,pospolita,_
 0,1,LaTeX,LaTeX:s1,subst:sg:nom:m1,wlasna,_]
[1,2,nie,nie,ign,_,_]
[0,1,LaTeX,latex,subst:sg:nom:m2,pospolita,_
 0,1,LaTeX,LaTeX:s1,subst:sg:nom:m1,wlasna,_]
[1,2,nie,nie,ign,_,_]
[0,1,LaTeX-nie,LaTeX-nie,ign,_,_]
[0,1,LaTeXnie,LaTeXnie,ign,_,_]
[0,1,LaTeX,latex,subst:sg:nom:m2,pospolita,_
 0,1,LaTeX,LaTeX:s1,subst:sg:nom:m1,wlasna,_]
[1,2,.,.,ign,_,_]
[2,3,xyzzy,xyzzy,ign,_,_]
[0,1,LaTeX,latex,subst:sg:nom:m2,pospolita,_
 0,1,LaTeX,LaTeX:s1,subst:sg:nom:m1,wlasna,_]
[1,2,,,,,ign,_,_]
[2,3,xyzzy,xyzzy,ign,_,_]
[0,1,LaTeX,latex,subst:sg:nom:m2,pospolita,_
 0,1,LaTeX,LaTeX:s1,subst:sg:nom:m1,wlasna,_]
[1,2,;,;,ign,_,_]
[2,3,xyzzy,xyzzy,ign,_,_]
[0,1,LaTeX-xyzzy,LaTeX-xyzzy,ign,_,_]
[0,1,LaTeX:xyzzy,LaTeX:xyzzy,ign,_,_]
[0,1,LaTeX?xyzzy,LaTeX?xyzzy,ign,_,_]
[0,1,LaTeX!xyzzy,LaTeX!xyzzy,ign,_,_]
[0,1,LaTeX/xyzzy,LaTeX/xyzzy,ign,_,_]
[0,1,LaTeX(xyzzy,LaTeX(xyzzy,ign,_,_]
[0,1,LaTeX)xyzzy,LaTeX)xyzzy,ign,_,_]
[0,1,LaTeX,latex,subst:sg:nom:m2,pospolita,_
 0,1,LaTeX,LaTeX:s1,subst:sg:nom:m1,wlasna,_]
[1,2,xyzzy,xyzzy,ign,_,_]
[0,1,LaTeX,latex,subst:sg:nom:m2,pospolita,_
 0,1,LaTeX,LaTeX:s1,subst:sg:nom:m1,wlasna,_]
[1,2,xyzzy,xyzzy,ign,_,_]
[0,1,LaTeX,latex,subst:sg:nom:m2,pospolita,_
 0,1,LaTeX,LaTeX:s1,subst:sg:nom:m1,wlasna,_]
[1,2,xyzzy,xyzzy,ign,_,_]
[0,1,LaTeX-xyzzy,LaTeX-xyzzy,ign,_,_]
[0,1,LaTeXxyzzy,LaTeXxyzzy,ign,_,_]
[0,1,LaTeX,latex,subst:sg:nom:m2,pospolita,_
 0,1,LaTeX,LaTeX:s1,subst:sg:nom:m1,wlasna,_]
[1,2,.,.,ign,_,_]
[2,3,Qmpx,Qmpx,ign,_,_]
[0,1,LaTeX,latex,subst:sg:nom:m2,pospolita,_
 0,1,LaTeX,LaTeX:s1,subst:sg:nom:m1,wlasna,_]
[1,2,,,,,ign,_,_]
[2,3,Qmpx,Qmpx,ign,_,_]
[0,1,LaTeX,latex,subst:sg:nom:m2,pospolita,_
 0,1,LaTeX,LaTeX:s1,subst:sg:nom:m1,wlasna,_]
[1,2,;,;,ign,_,_]
[2,3,Qmpx,Qmpx,ign,_,_]
[0,1,LaTeX-Qmpx,LaTeX-Qmpx,ign,_,_]
[0,1,LaTeX:Qmpx,LaTeX:Qmpx,ign,_,_]
[0,1,LaTeX?Qmpx,LaTeX?Qmpx,ign,_,_]
[0,1,LaTeX!Qmpx,LaTeX!Qmpx,ign,_,_]
[0,1,LaTeX/Qmpx,LaTeX/Qmpx,ign,_,_]
[0,1,LaTeX(Qmpx,LaTeX(Qmpx,ign,_,_]
[0,1,LaTeX)Qmpx,LaTeX)Qmpx,ign,_,_]
[0,1,LaTeX,latex,subst:sg:nom:m2,pospolita,_
 0,1,LaTeX,LaTeX:s1,subst:sg:nom:m1,wlasna,_]
[1,2,Qmpx,Qmpx,ign,_,_]
[0,1,LaTeX,latex,subst:sg:nom:m2,pospolita,_
 0,1,LaTeX,LaTeX:s1,subst:sg:nom:m1,wlasna,_]
[1,2,Qmpx,Qmpx,ign,_,_]
[0,1,LaTeX,latex,subst:sg:nom:m2,pospolita,_
 0,1,LaTeX,LaTeX:s1,subst:sg:nom:m1,wlasna,_]
[1,2,Qmpx,Qmpx,ign,_,_]
[0,1,LaTeX-Qmpx,LaTeX-Qmpx,ign,_,_]
[0,1,LaTeXQmpx,LaTeXQmpx,ign,_,_]
[0,1,LaTeX,latex,subst:sg:nom:m2,pospolita,_
 0,1,LaTeX,LaTeX:s1,subst:sg:nom:m1,wlasna,_]
[1,2,.,.,ign,_,_]
[2,3,123,123,ign,_,_]
[0,1,LaTeX,latex,subst:sg:nom:m2,pospolita,_
 0,1,LaTeX,LaTeX:s1,subst:sg:nom:m1,wlasna,_]
[1,2,,,,,ign,_,_]
[2,3,123,123,ign,_,_]
[0,1,LaTeX,latex,subst:sg:nom:m2,pospolita,_
 0,1,LaTeX,LaTeX:s1,subst:sg:nom:m1,wlasna,_]
[1,2,;,;,ign,_,_]
[2,3,123,123,ign,_,_]
[0,1,LaTeX-123,LaTeX-123,ign,_,_]
[0,1,LaTeX:123,LaTeX:123,ign,_,_]
[0,1,LaTeX?123,LaTeX?123,ign,_,_]
[0,1,LaTeX!123,LaTeX!123,ign,_,_]
[0,1,LaTeX/123,LaTeX/123,ign,_,_]
[0,1,LaTeX(123,LaTeX(123,ign,_,_]
[0,1,LaTeX)123,LaTeX)123,ign,_,_]
[0,1,LaTeX,latex,subst:sg:nom:m2,pospolita,_
 0,1,LaTeX,LaTeX:s1,subst:sg:nom:m1,wlasna,_]
[1,2,123,123,ign,_,_]
[0,1,LaTeX,latex,subst:sg:nom:m2,pospolita,_
 0,1,LaTeX,LaTeX:s1,subst:sg:nom:m1,wlasna,_]
[1,2,123,123,ign,_,_]
[0,1,LaTeX,latex,subst:sg:nom:m2,pospolita,_
 0,1,LaTeX,LaTeX:s1,subst:sg:nom:m1,wlasna,_]
[1,2,123,123,ign,_,_]
[0,1,LaTeX-123,LaTeX-123,ign,_,_]
[0,1,LaTeX123,LaTeX123,ign,_,_]
[0,1,LaTeX,latex,subst:sg:nom:m2,pospolita,_
 0,1,LaTeX,LaTeX:s1,subst:sg:nom:m1,wlasna,_]
[1,2,.,.,ign,_,_]
[2,3,VII,VII,ign,_,_]
[0,1,LaTeX,latex,subst:sg:nom:m2,pospolita,_
 0,1,LaTeX,LaTeX:s1,subst:sg:nom:m1,wlasna,_]
[1,2,,,,,ign,_,_]
[2,3,VII,VII,ign,_,_]
[0,1,LaTeX,latex,subst:sg:nom:m2,pospolita,_
 0,1,LaTeX,LaTeX:s1,subst:sg:nom:m1,wlasna,_]
[1,2,;,;,ign,_,_]
[2,3,VII,VII,ign,_,_]
[0,1,LaTeX-VII,LaTeX-VII,ign,_,_]
[0,1,LaTeX:VII,LaTeX:VII,ign,_,_]
[0,1,LaTeX?VII,LaTeX?VII,ign,_,_]
[0,1,LaTeX!VII,LaTeX!VII,ign,_,_]
[0,1,LaTeX/VII,LaTeX/VII,ign,_,_]
[0,1,LaTeX(VII,LaTeX(VII,ign,_,_]
[0,1,LaTeX)VII,LaTeX)VII,ign,_,_]
[0,1,LaTeX,latex,subst:sg:nom:m2,pospolita,_
 0,1,LaTeX,LaTeX:s1,subst:sg:nom:m1,wlasna,_]
[1,2,VII,VII,ign,_,_]
[0,1,LaTeX,latex,subst:sg:nom:m2,pospolita,_
 0,1,LaTeX,LaTeX:s1,subst:sg:nom:m1,wlasna,_]
[1,2,VII,VII,ign,_,_]
[0,1,LaTeX,latex,subst:sg:nom:m2,pospolita,_
 0,1,LaTeX,LaTeX:s1,subst:sg:nom:m1,wlasna,_]
[1,2,VII,VII,ign,_,_]
[0,1,LaTeX-VII,LaTeX-VII,ign,_,_]
[0,1,LaTeXVII,LaTeXVII,ign,_,_]
[0,1,iPhone,iPhone:s2,subst:sg:nom:m1,wlasna,_]
[1,2,.,.,ign,_,_]
[2,3,iPhone,iPhone:s2,subst:sg:nom:m1,wlasna,_]
[0,1,iPhone,iPhone:s2,subst:sg:nom:m1,wlasna,_]
[1,2,,,,,ign,_,_]
[2,3,iPhone,iPhone:s2,subst:sg:nom:m1,wlasna,_]
[0,1,iPhone,iPhone:s2,subst:sg:nom:m1,wlasna,_]
[1,2,;,;,ign,_,_]
[2,3,iPhone,iPhone:s2,subst:sg:nom:m1,wlasna,_]
[0,1,iPhone-iPhone,iPhone-iPhone:s2,subst:sg:nom:m1,wlasna,_]
[0,1,iPhone:iPhone,iPhone:iPhone,ign,_,_]
[0,1,iPhone?iPhone,iPhone?iPhone,ign,_,_]
[0,1,iPhone!iPhone,iPhone!iPhone,ign,_,_]
[0,1,iPhone/iPhone,iPhone/iPhone,ign,_,_]
[0,1,iPhone(iPhone,iPhone(iPhone,ign,_,_]
[0,1,iPhone)iPhone,iPhone)iPhone,ign,_,_]
[0,1,iPhone,iPhone:s2,subst:sg:nom:m1,wlasna,_]
[1,2,iPhone,iPhone:s2,subst:sg:nom:m1,wlasna,_]
[0,1,iPhone,iPhone:s2,subst:sg:nom:m1,wlasna,_]
[1,2,iPhone,iPhone:s2,subst:sg:nom:m1,wlasna,_]
[0,1,iPhone,iPhone:s2,subst:sg:nom:m1,wlasna,_]
[1,2,iPhone,iPhone:s2,subst:sg:nom:m1,wlasna,_]
[0,1,iPhone-iPhone,iPhone-iPhone:s2,subst:sg:nom:m1,wlasna,_]
[0,1,iPhoneiPhone,iPhoneiPhone,ign,_,_]
[0,1,iPhone,iPhone:s2,subst:sg:nom:m1,wlasna,_]
[1,2,.,.,ign,_,_]
[2,3,arcy,arcy,ign,_,_]
[0,1,iPhone,iPhone:s2,subst:sg:nom:m1,wlasna,_]
[1,2,,,,,ign,_,_]
[2,3,arcy,arcy,ign,_,_]
[0,1,iPhone,iPhone:s2,subst:sg:nom:m1,wlasna,_]
[1,2,;,;,ign,_,_]
[2,3,arcy,arcy,ign,_,_]
[0,1,iPhone-arcy,iPhone-arcy,ign,_,_]
[0,1,iPhone:arcy,iPhone:arcy,ign,_,_]
[0,1,iPhone?arcy,iPhone?arcy,ign,_,_]
[0,1,iPhone!arcy,iPhone!arcy,ign,_,_]
[0,1,iPhone/arcy,iPhone/arcy,ign,_,_]
[0,1,iPhone(arcy,iPhone(arcy,ign,_,_]
[0,1,iPhone)arcy,iPhone)arcy,ign,_,_]
[0,1,iPhone,iPhone:s2,subst:sg:nom:m1,wlasna,_]
[1,2,arcy,arcy,ign,_,_]
[0,1,iPhone,iPhone:s2,subst:sg:nom:m1,wlasna,_]
[1,2,arcy,arcy,ign,_,_]
[0,1,iPhone,iPhone:s2,subst:sg:nom:m1,wlasna,_]
[1,2,arcy,arcy,ign,_,_]
[0,1,iPhone-arcy,iPhone-arcy,ign,_,_]
[0,1,iPhonearcy,iPhonearcy,ign,_,_]
[0,1,iPhone,iPhone:s2,subst:sg:nom:m1,wlasna,_]
[1,2,.,.,ign,_,_]
[2,3,nie,nie,ign,_,_]
[0,1,iPhone,iPhone:s2,subst:sg:nom:m1,wlasna,_]
[1,2,,,,,ign,_,_]
[2,3,nie,nie,ign,_,_]
[0,1,iPhone,iPhone:s2,subst:sg:nom:m1,wlasna,_]
[1,2,;,;,ign,_,_]
[2,3,nie,nie,ign,_,_]
[0,1,iPhone-nie,iPhone-nie,ign,_,_]
[0,1,iPhone:nie,iPhone:nie,ign,_,_]
[0,1,iPhone?nie,iPhone?nie,ign,_,_]
[0,1,iPhone!nie,iPhone!nie,ign,_,_]
[0,1,iPhone/nie,iPhone/nie,ign,_,_]
[0,1,iPhone(nie,iPhone(nie,ign,_,_]
[0,1,iPhone)nie,iPhone)nie,ign,_,_]
[0,1,iPhone,iPhone:s2,subst:sg:nom:m1,wlasna,_]
[1,2,nie,nie,ign,_,_]
[0,1,iPhone,iPhone:s2,subst:sg:nom:m1,wlasna,_]
[1,2,nie,nie,ign,_,_]
[0,1,iPhone,iPhone:s2,subst:sg:nom:m1,wlasna,_]
[1,2,nie,nie,ign,_,_]
[0,1,iPhone-nie,iPhone-nie,ign,_,_]
[0,1,iPhonenie,iPhonenie,ign,_,_]
[0,1,iPhone,iPhone:s2,subst:sg:nom:m1,wlasna,_]
[1,2,.,.,ign,_,_]
[2,3,xyzzy,xyzzy,ign,_,_]
[0,1,iPhone,iPhone:s2,subst:sg:nom:m1,wlasna,_]
[1,2,,,,,ign,_,_]
[2,3,xyzzy,xyzzy,ign,_,_]
[0,1,iPhone,iPhone:s2,subst:sg:nom:m1,wlasna,_]
[1,2,;,;,ign,_,_]
[2,3,xyzzy,xyzzy,ign,_,_]
[0,1,iPhone-xyzzy,iPhone-xyzzy,ign,_,_]
[0,1,iPhone:xyzzy,iPhone:xyzzy,ign,_,_]
[0,1,iPhone?xyzzy,iPhone?xyzzy,ign,_,_]
[0,1,iPhone!xyzzy,iPhone!xyzzy,ign,_,_]
[0,1,iPhone/xyzzy,iPhone/xyzzy,ign,_,_]
[0,1,iPhone(xyzzy,iPhone(xyzzy,ign,_,_]
[0,1,iPhone)xyzzy,iPhone)xyzzy,ign,_,_]
[0,1,iPhone,iPhone:s2,subst:sg:nom:m1,wlasna,_]
[1,2,xyzzy,xyzzy,ign,_,_]
[0,1,iPhone,iPhone:s2,subst:sg:nom:m1,wlasna,_]
[1,2,xyzzy,xyzzy,ign,_,_]
[0,1,iPhone,iPhone:s2,subst:sg:nom:m1,wlasna,_]
[1,2,xyzzy,xyzzy,ign,_,_]
[0,1,iPhone-xyzzy,iPhone-xyzzy,ign,_,_]
[0,1,iPhonexyzzy,iPhonexyzzy,ign,_,_]
[0,1,iPhone,iPhone:s2,subst:sg:nom:m1,wlasna,_]
[1,2,.,.,ign,_,_]
[2,3,Qmpx,Qmpx,ign,_,_]
[0,1,iPhone,iPhone:s2,subst:sg:nom:m1,wlasna,_]
[1,2,,,,,ign,_,_]
[2,3,Qmpx,Qmpx,ign,_,_]
[0,1,iPhone,iPhone:s2,subst:sg:nom:m1,wlasna,_]
[1,2,;,;,ign,_,_]
[2,3,Qmpx,Qmpx,ign,_,_]
[0,1,iPhone-Qmpx,iPhone-Qmpx,ign,_,_]
[0,1,iPhone:Qmpx,iPhone:Qmpx,ign,_,_]
[0,1,iPhone?Qmpx,iPhone?Qmpx,ign,_,_]
[0,1,iPhone!Qmpx,iPhone!Qmpx,ign,_,_]
[0,1,iPhone/Qmpx,iPhone/Qmpx,ign,_,_]
[0,1,iPhone(Qmpx,iPhone(Qmpx,ign,_,_]
[0,1,iPhone)Qmpx,iPhone)Qmpx,ign,_,_]
[0,1,iPhone,iPhone:s2,subst:sg:nom:m1,wlasna,_]
[1,2,Qmpx,Qmpx,ign,_,_]
[0,1,iPhone,iPhone:s2,subst:sg:nom:m1,wlasna,_]
[1,2,Qmpx,Qmpx,ign,_,_]
[0,1,iPhone,iPhone:s2,subst:sg:nom:m1,wlasna,_]
[1,2,Qmpx,Qmpx,ign,_,_]
[0,1,iPhone-Qmpx,iPhone-Qmpx,ign,_,_]
[0,1,iPhoneQmpx,iPhoneQmpx,ign,_,_]
[0,1,iPhone,iPhone:s2,subst:sg:nom:m1,wlasna,_]
[1,2,.,.,ign,_,_]
[2,3,123,123,ign,_,_]
[0,1,iPhone,iPhone:s2,subst:sg:nom:m1,wlasna,_]
[1,2,,,,,ign,_,_]
[2,3,123,123,ign,_,_]
[0,1,iPhone,iPhone:s2,subst:sg:nom:m1,wlasna,_]
[1,2,;,;,ign,_,_]
[2,3,123,123,ign,_,_]
[0,1,iPhone-123,iPhone-123,ign,_,_]
[0,1,iPhone:123,iPhone:123,ign,_,_]
[0,1,iPhone?123,iPhone?123,ign,_,_]
[0,1,iPhone!123,iPhone!123,ign,_,_]
[0,1,iPhone/123,iPhone/123,ign,_,_]
[0,1,iPhone(123,iPhone(123,ign,_,_]
[0,1,iPhone)123,iPhone)123,ign,_,_]
[0,1,iPhone,iPhone:s2,subst:sg:nom:m1,wlasna,_]
[1,2,123,123,ign,_,_]
[0,1,iPhone,iPhone:s2,subst:sg:nom:m1,wlasna,_]
[1,2,123,123,ign,_,_]
[0,1,iPhone,iPhone:s2,subst:sg:nom:m1,wlasna,_]
[1,2,123,123,ign,_,_]
[0,1,iPhone-123,iPhone-123,ign,_,_]
[0,1,iPhone123,iPhone123,ign,_,_]
[0,1,iPhone,iPhone:s2,subst:sg:nom:m1,wlasna,_]
[1,2,.,.,ign,_,_]
[2,3,VII,VII,ign,_,_]
[0,1,iPhone,iPhone:s2,subst:sg:nom:m1,wlasna,_]
[1,2,,,,,ign,_,_]
[2,3,VII,VII,ign,_,_]
[0,1,iPhone,iPhone:s2,subst:sg:nom:m1,wlasna,_]
[1,2,;,;,ign,_,_]
[2,3,VII,VII,ign,_,_]
[0,1,iPhone-VII,iPhone-VII,ign,_,_]
[0,1,iPhone:VII,iPhone:VII,ign,_,_]
[0,1,iPhone?VII,iPhone?VII,ign,_,_]
[0,1,iPhone!VII,iPhone!VII,ign,_,_]
[0,1,iPhone/VII,iPhone/VII,ign,_,_]
[0,1,iPhone(VII,iPhone(VII,ign,_,_]
[0,1,iPhone)VII,iPhone)VII,ign,_,_]
[0,1,iPhone,iPhone:s2,subst:sg:nom:m1,wlasna,_]
[1,2,VII,VII,ign,_,_]
[0,1,iPhone,iPhone:s2,subst:sg:nom:m1,wlasna,_]
[1,2,VII,VII,ign,_,_]
[0,1,iPhone,iPhone:s2,subst:sg:nom:m1,wlasna,_]
[1,2,VII,VII,ign,_,_]
[0,1,iPhone-VII,iPhone-VII,ign,_,_]
[0,1,iPhoneVII,iPhoneVII,ign,_,_]
[0,1,arcy,arcy,ign,_,_]
[1,2,.,.,ign,_,_]
[2,3,arcy,arcy,ign,_,_]
[0,1,arcy,arcy,ign,_,_]
[1,2,,,,,ign,_,_]
[2,3,arcy,arcy,ign,_,_]
[0,1,arcy,arcy,ign,_,_]
[1,2,;,;,ign,_,_]
[2,3,arcy,arcy,ign,_,_]
[0,1,arcy-arcy,arcy-arcy,ign,_,_]
[0,1,arcy:arcy,arcy:arcy,ign,_,_]
[0,1,arcy?arcy,arcy?arcy,ign,_,_]
[0,1,arcy!arcy,arcy!arcy,ign,_,_]
[0,1,arcy/arcy,arcy/arcy,ign,_,_]
[0,1,arcy(arcy,arcy(arcy,ign,_,_]
[0,1,arcy)arcy,arcy)arcy,ign,_,_]
[0,1,arcy,arcy,ign,_,_]
[1,2,arcy,arcy,ign,_,_]
[0,1,arcy,arcy,ign,_,_]
[1,2,arcy,arcy,ign,_,_]
[0,1,arcy,arcy,ign,_,_]
[1,2,arcy,arcy,ign,_,_]
[0,1,arcy-arcy,arcy-arcy,ign,_,_]
[0,1,arcyarcy,arcyarcy,ign,_,_]
[0,1,arcy,arcy,ign,_,_]
[1,2,.,.,ign,_,_]
[2,3,nie,nie,ign,_,_]
[0,1,arcy,arcy,ign,_,_]
[1,2,,,,,ign,_,_]
[2,3,nie,nie,ign,_,_]
[0,1,arcy,arcy,ign,_,_]
[1,2,;,;,ign,_,_]
[2,3,nie,nie,ign,_,_]
[0,1,arcy-nie,arcy-nie,ign,_,_]
[0,1,arcy:nie,arcy:nie,ign,_,_]
[0,1,arcy?nie,arcy?nie,ign,_,_]
[0,1,arcy!nie,arcy!nie,ign,_,_]
[0,1,arcy/nie,arcy/nie,ign,_,_]
[0,1,arcy(nie,arcy(nie,ign,_,_]
[0,1,arcy)nie,arcy)nie,ign,_,_]
[0,1,arcy,arcy,ign,_,_]
[1,2,nie,nie,ign,_,_]
[0,1,arcy,arcy,ign,_,_]
[1,2,nie,nie,ign,_,_]
[0,1,arcy,arcy,ign,_,_]
[1,2,nie,nie,ign,_,_]
[0,1,arcy-nie,arcy-nie,ign,_,_]
[0,1,arcynie,arcynie,ign,_,_]
[0,1,arcy,arcy,ign,_,_]
[1,2,.,.,ign,_,_]
[2,3,xyzzy,xyzzy,ign,_,_]
[0,1,arcy,arcy,ign,_,_]
[1,2,,,,,ign,_,_]
[2,3,xyzzy,xyzzy,ign,_,_]
[0,1,arcy,arcy,ign,_,_]
[1,2,;,;,ign,_,_]
[2,3,xyzzy,xyzzy,ign,_,_]
[0,1,arcy-xyzzy,arcy-xyzzy,ign,_,_]
[0,1,arcy:xyzzy,arcy:xyzzy,ign,_,_]
[0,1,arcy?xyzzy,arcy?xyzzy,ign,_,_]
[0,1,arcy!xyzzy,arcy!xyzzy,ign,_,_]
[0,1,arcy/xyzzy,arcy/xyzzy,ign,_,_]
[0,1,arcy(xyzzy,arcy(xyzzy,ign,_,_]
[0,1,arcy)xyzzy,arcy)xyzzy,ign,_,_]
[0,1,arcy,arcy,ign,_,_]
[1,2,xyzzy,xyzzy,ign,_,_]
[0,1,arcy,arcy,ign,_,_]
[1,2,xyzzy,xyzzy,ign,_,_]
[0,1,arcy,arcy,ign,_,_]
[1,2,xyzzy,xyzzy,ign,_,_]
[0,1,arcy-xyzzy,arcy-xyzzy,ign,_,_]
[0,1,arcyxyzzy,arcyxyzzy,ign,_,_]
[0,1,arcy,arcy,ign,_,_]
[1,2,.,.,ign,_,_]
[2,3,Qmpx,Qmpx,ign,_,_]
[0,1,arcy,arcy,ign,_,_]
[1,2,,,,,ign,_,_]
[2,3,Qmpx,Qmpx,ign,_,_]
[0,1,arcy,arcy,ign,_,_]
[1,2,;,;,ign,_,_]
[2,3,Qmpx,Qmpx,ign,_,_]
[0,1,arcy-Qmpx,arcy-Qmpx,ign,_,_]
[0,1,arcy:Qmpx,arcy:Qmpx,ign,_,_]
[0,1,arcy?Qmpx,arcy?Qmpx,ign,_,_]
[0,1,arcy!Qmpx,arcy!Qmpx,ign,_,_]
[0,1,arcy/Qmpx,arcy/Qmpx,ign,_,_]
[0,1,arcy(Qmpx,arcy(Qmpx,ign,_,_]
[0,1,arcy)Qmpx,arcy)Qmpx,ign,_,_]
[0,1,arcy,arcy,ign,_,_]
[1,2,Qmpx,Qmpx,ign,_,_]
[0,1,arcy,arcy,ign,_,_]
[1,2,Qmpx,Qmpx,ign,_,_]
[0,1,arcy,arcy,ign,_,_]
[1,2,Qmpx,Qmpx,ign,_,_]
[0,1,arcy-Qmpx,arcy-Qmpx,ign,_,_]
[0,1,arcyQmpx,arcyQmpx,ign,_,_]
[0,1,arcy,arcy,ign,_,_]
[1,2,.,.,ign,_,_]
[2,3,123,123,ign,_,_]
[0,1,arcy,arcy,ign,_,_]
[1,2,,,,,ign,_,_]
[2,3,123,123,ign,_,_]
[0,1,arcy,arcy,ign,_,_]
[1,2,;,;,ign,_,_]
[2,3,123,123,ign,_,_]
[0,1,arcy-123,arcy-123,ign,_,_]
[0,1,arcy:123,arcy:123,ign,_,_]
[0,1,arcy?123,arcy?123,ign,_,_]
[0,1,arcy!123,arcy!123,ign,_,_]
[0,1,arcy/123,arcy/123,ign,_,_]
[0,1,arcy(123,arcy(123,ign,_,_]
[0,1,arcy)123,arcy)123,ign,_,_]
[0,1,arcy,arcy,ign,_,_]
[1,2,123,123,ign,_,_]
[0,1,arcy,arcy,ign,_,_]
[1,2,123,123,ign,_,_]
[0,1,arcy,arcy,ign,_,_]
[1,2,123,123,ign,_,_]
[0,1,arcy-123,arcy-123,ign,_,_]
[0,1,arcy123,arcy123,ign,_,_]
[0,1,arcy,arcy,ign,_,_]
[1,2,.,.,ign,_,_]
[2,3,VII,VII,ign,_,_]
[0,1,arcy,arcy,ign,_,_]
[1,2,,,,,ign,_,_]
[2,3,VII,VII,ign,_,_]
[0,1,arcy,arcy,ign,_,_]
[1,2,;,;,ign,_,_]
[2,3,VII,VII,ign,_,_]
[0,1,arcy-VII,arcy-VII,ign,_,_]
[0,1,arcy:VII,arcy:VII,ign,_,_]
[0,1,arcy?VII,arcy?VII,ign,_,_]
[0,1,arcy!VII,arcy!VII,ign,_,_]
[0,1,arcy/VII,arcy/VII,ign,_,_]
[0,1,arcy(VII,arcy(VII,ign,_,_]
[0,1,arcy)VII,arcy)VII,ign,_,_]
[0,1,arcy,arcy,ign,_,_]
[1,2,VII,VII,ign,_,_]
[0,1,arcy,arcy,ign,_,_]
[1,2,VII,VII,ign,_,_]
[0,1,arcy,arcy,ign,_,_]
[1,2,VII,VII,ign,_,_]
[0,1,arcy-VII,arcy-VII,ign,_,_]
[0,1,arcyVII,arcyVII,ign,_,_]
[0,1,nie,nie,ign,_,_]
[1,2,.,.,ign,_,_]
[2,3,nie,nie,ign,_,_]
[0,1,nie,nie,ign,_,_]
[1,2,,,,,ign,_,_]
[2,3,nie,nie,ign,_,_]
[0,1,nie,nie,ign,_,_]
[1,2,;,;,ign,_,_]
[2,3,nie,nie,ign,_,_]
[0,1,nie-nie,nie-nie,ign,_,_]
[0,1,nie:nie,nie:nie,ign,_,_]
[0,1,nie?nie,nie?nie,ign,_,_]
[0,1,nie!nie,nie!nie,ign,_,_]
[0,1,nie/nie,nie/nie,ign,_,_]
[0,1,nie(nie,nie(nie,ign,_,_]
[0,1,nie)nie,nie)nie,ign,_,_]
[0,1,nie,nie,ign,_,_]
[1,2,nie,nie,ign,_,_]
[0,1,nie,nie,ign,_,_]
[1,2,nie,nie,ign,_,_]
[0,1,nie,nie,ign,_,_]
[1,2,nie,nie,ign,_,_]
[0,1,nie-nie,nie-nie,ign,_,_]
[0,1,nienie,nienie,ign,_,_]
[0,1,nie,nie,ign,_,_]
[1,2,.,.,ign,_,_]
[2,3,xyzzy,xyzzy,ign,_,_]
[0,1,nie,nie,ign,_,_]
[1,2,,,,,ign,_,_]
[2,3,xyzzy,xyzzy,ign,_,_]
[0,1,nie,nie,ign,_,_]
[1,2,;,;,ign,_,_]
[2,3,xyzzy,xyzzy,ign,_,_]
[0,1,nie-xyzzy,nie-xyzzy,ign,_,_]
[0,1,nie:xyzzy,nie:xyzzy,ign,_,_]
[0,1,nie?xyzzy,nie?xyzzy,ign,_,_]
[0,1,nie!xyzzy,nie!xyzzy,ign,_,_]
[0,1,nie/xyzzy,nie/xyzzy,ign,_,_]
[0,1,nie(xyzzy,nie(xyzzy,ign,_,_]
[0,1,nie)xyzzy,nie)xyzzy,ign,_,_]
[0,1,nie,nie,ign,_,_]
[1,2,xyzzy,xyzzy,ign,_,_]
[0,1,nie,nie,ign,_,_]
[1,2,xyzzy,xyzzy,ign,_,_]
[0,1,nie,nie,ign,_,_]
[1,2,xyzzy,xyzzy,ign,_,_]
[0,1,nie-xyzzy,nie-xyzzy,ign,_,_]
[0,1,niexyzzy,niexyzzy,ign,_,_]
[0,1,nie,nie,ign,_,_]
[1,2,.,.,ign,_,_]
[2,3,Qmpx,Qmpx,ign,_,_]
[0,1,nie,nie,ign,_,_]
[1,2,,,,,ign,_,_]
[2,3,Qmpx,Qmpx,ign,_,_]
[0,1,nie,nie,ign,_,_]
[1,2,;,;,ign,_,_]
[2,3,Qmpx,Qmpx,ign,_,_]
[0,1,nie-Qmpx,nie-Qmpx,ign,_,_]
[0,1,nie:Qmpx,nie:Qmpx,ign,_,_]
[0,1,nie?Qmpx,nie?Qmpx,ign,_,_]
[0,1,nie!Qmpx,nie!Qmpx,ign,_,_]
[0,1,nie/Qmpx,nie/Qmpx,ign,_,_]
[0,1,nie(Qmpx,nie(Qmpx,ign,_,_]
[0,1,nie)Qmpx,nie)Qmpx,ign,_,_]
[0,1,nie,nie,ign,_,_]
[1,2,Qmpx,Qmpx,ign,_,_]
[0,1,nie,nie,ign,_,_]
[1,2,Qmpx,Qmpx,ign,_,_]
[0,1,nie,nie,ign,_,_]
[1,2,Qmpx,Qmpx,ign,_,_]
[0,1,nie-Qmpx,nie-Qmpx,ign,_,_]
[0,1,nieQmpx,nieQmpx,ign,_,_]
[0,1,nie,nie,ign,_,_]
[1,2,.,.,ign,_,_]
[2,3,123,123,ign,_,_]
[0,1,nie,nie,ign,_,_]
[1,2,,,,,ign,_,_]
[2,3,123,123,ign,_,_]
[0,1,nie,nie,ign,_,_]
[1,2,;,;,ign,_,_]
[2,3,123,123,ign,_,_]
[0,1,nie-123,nie-123,ign,_,_]
[0,1,nie:123,nie:123,ign,_,_]
[0,1,nie?123,nie?123,ign,_,_]
[0,1,nie!123,nie!123,ign,_,_]
[0,1,nie/123,nie/123,ign,_,_]
[0,1,nie(123,nie(123,ign,_,_]
[0,1,nie)123,nie)123,ign,_,_]
[0,1,nie,nie,ign,_,_]
[1,2,123,123,ign,_,_]
[0,1,nie,nie,ign,_,_]
[1,2,123,123,ign,_,_]
[0,1,nie,nie,ign,_,_]
[1,2,123,123,ign,_,_]
[0,1,nie-123,nie-123,ign,_,_]
[0,1,nie123,nie123,ign,_,_]
[0,1,nie,nie,ign,_,_]
[1,2,.,.,ign,_,_]
[2,3,VII,VII,ign,_,_]
[0,1,nie,nie,ign,_,_]
[1,2,,,,,ign,_,_]
[2,3,VII,VII,ign,_,_]
[0,1,nie,nie,ign,_,_]
[1,2,;,;,ign,_,_]
[2,3,VII,VII,ign,_,_]
[0,1,nie-VII,nie-VII,ign,_,_]
[0,1,nie:VII,nie:VII,ign,_,_]
[0,1,nie?VII,nie?VII,ign,_,_]
[0,1,nie!VII,nie!VII,ign,_,_]
[0,1,nie/VII,nie/VII,ign,_,_]
[0,1,nie(VII,nie(VII,ign,_,_]
[0,1,nie)VII,nie)VII,ign,_,_]
[0,1,nie,nie,ign,_,_]
[1,2,VII,VII,ign,_,_]
[0,1,nie,nie,ign,_,_]
[1,2,VII,VII,ign,_,_]
[0,1,nie,nie,ign,_,_]
[1,2,VII,VII,ign,_,_]
[0,1,nie-VII,nie-VII,ign,_,_]
[0,1,nieVII,nieVII,ign,_,_]
[0,1,xyzzy,xyzzy,ign,_,_]
[1,2,.,.,ign,_,_]
[2,3,xyzzy,xyzzy,ign,_,_]
[0,1,xyzzy,xyzzy,ign,_,_]
[1,2,,,,,ign,_,_]
[2,3,xyzzy,xyzzy,ign,_,_]
[0,1,xyzzy,xyzzy,ign,_,_]
[1,2,;,;,ign,_,_]
[2,3,xyzzy,xyzzy,ign,_,_]
[0,1,xyzzy-xyzzy,xyzzy-xyzzy,ign,_,_]
[0,1,xyzzy:xyzzy,xyzzy:xyzzy,ign,_,_]
[0,1,xyzzy?xyzzy,xyzzy?xyzzy,ign,_,_]
[0,1,xyzzy!xyzzy,xyzzy!xyzzy,ign,_,_]
[0,1,xyzzy/xyzzy,xyzzy/xyzzy,ign,_,_]
[0,1,xyzzy(xyzzy,xyzzy(xyzzy,ign,_,_]
[0,1,xyzzy)xyzzy,xyzzy)xyzzy,ign,_,_]
[0,1,xyzzy,xyzzy,ign,_,_]
[1,2,xyzzy,xyzzy,ign,_,_]
[0,1,xyzzy,xyzzy,ign,_,_]
[1,2,xyzzy,xyzzy,ign,_,_]
[0,1,xyzzy,xyzzy,ign,_,_]
[1,2,xyzzy,xyzzy,ign,_,_]
[0,1,xyzzy-xyzzy,xyzzy-xyzzy,ign,_,_]
[0,1,xyzzyxyzzy,xyzzyxyzzy,ign,_,_]
[0,1,xyzzy,xyzzy,ign,_,_]
[1,2,.,.,ign,_,_]
[2,3,Qmpx,Qmpx,ign,_,_]
[0,1,xyzzy,xyzzy,ign,_,_]
[1,2,,,,,ign,_,_]
[2,3,Qmpx,Qmpx,ign,_,_]
[0,1,xyzzy,xyzzy,ign,_,_]
[1,2,;,;,ign,_,_]
[2,3,Qmpx,Qmpx,ign,_,_]
[0,1,xyzzy-Qmpx,xyzzy-Qmpx,ign,_,_]
[0,1,xyzzy:Qmpx,xyzzy:Qmpx,ign,_,_]
[0,1,xyzzy?Qmpx,xyzzy?Qmpx,ign,_,_]
[0,1,xyzzy!Qmpx,xyzzy!Qmpx,ign,_,_]
[0,1,xyzzy/Qmpx,xyzzy/Qmpx,ign,_,_]
[0,1,xyzzy(Qmpx,xyzzy(Qmpx,ign,_,_]
[0,1,xyzzy)Qmpx,xyzzy)Qmpx,ign,_,_]
[0,1,xyzzy,xyzzy,ign,_,_]
[1,2,Qmpx,Qmpx,ign,_,_]
[0,1,xyzzy,xyzzy,ign,_,_]
[1,2,Qmpx,Qmpx,ign,_,_]
[0,1,xyzzy,xyzzy,ign,_,_]
[1,2,Qmpx,Qmpx,ign,_,_]
[0,1,xyzzy-Qmpx,xyzzy-Qmpx,ign,_,_]
[0,1,xyzzyQmpx,xyzzyQmpx,ign,_,_]
[0,1,xyzzy,xyzzy,ign,_,_]
[1,2,.,.,ign,_,_]
[2,3,123,123,ign,_,_]
[0,1,xyzzy,xyzzy,ign,_,_]
[1,2,,,,,ign,_,_]
[2,3,123,123,ign,_,_]
[0,1,xyzzy,xyzzy,ign,_,_]
[1,2,;,;,ign,_,_]
[2,3,123,123,ign,_,_]
[0,1,xyzzy-123,xyzzy-123,ign,_,_]
[0,1,xyzzy:123,xyzzy:123,ign,_,_]
[0,1,xyzzy?123,xyzzy?123,ign,_,_]
[0,1,xyzzy!123,xyzzy!123,ign,_,_]
[0,1,xyzzy/123,xyzzy/123,ign,_,_]
[0,1,xyzzy(123,xyzzy(123,ign,_,_]
[0,1,xyzzy)123,xyzzy)123,ign,_,_]
[0,1,xyzzy,xyzzy,ign,_,_]
[1,2,123,123,ign,_,_]
[0,1,xyzzy,xyzzy,ign,_,_]
[1,2,123,123,ign,_,_]
[0,1,xyzzy,xyzzy,ign,_,_]
[1,2,123,123,ign,_,_]
[0,1,xyzzy-123,xyzzy-123,ign,_,_]
[0,1,xyzzy123,xyzzy123,ign,_,_]
[0,1,xyzzy,xyzzy,ign,_,_]
[1,2,.,.,ign,_,_]
[2,3,VII,VII,ign,_,_]
[0,1,xyzzy,xyzzy,ign,_,_]
[1,2,,,,,ign,_,_]
[2,3,VII,VII,ign,_,_]
[0,1,xyzzy,xyzzy,ign,_,_]
[1,2,;,;,ign,_,_]
[2,3,VII,VII,ign,_,_]
[0,1,xyzzy-VII,xyzzy-VII,ign,_,_]
[0,1,xyzzy:VII,xyzzy:VII,ign,_,_]
[0,1,xyzzy?VII,xyzzy?VII,ign,_,_]
[0,1,xyzzy!VII,xyzzy!VII,ign,_,_]
[0,1,xyzzy/VII,xyzzy/VII,ign,_,_]
[0,1,xyzzy(VII,xyzzy(VII,ign,_,_]
[0,1,xyzzy)VII,xyzzy)VII,ign,_,_]
[0,1,xyzzy,xyzzy,ign,_,_]
[1,2,VII,VII,ign,_,_]
[0,1,xyzzy,xyzzy,ign,_,_]
[1,2,VII,VII,ign,_,_]
[0,1,xyzzy,xyzzy,ign,_,_]
[1,2,VII,VII,ign,_,_]
[0,1,xyzzy-VII,xyzzy-VII,ign,_,_]
[0,1,xyzzyVII,xyzzyVII,ign,_,_]
[0,1,Qmpx,Qmpx,ign,_,_]
[1,2,.,.,ign,_,_]
[2,3,Qmpx,Qmpx,ign,_,_]
[0,1,Qmpx,Qmpx,ign,_,_]
[1,2,,,,,ign,_,_]
[2,3,Qmpx,Qmpx,ign,_,_]
[0,1,Qmpx,Qmpx,ign,_,_]
[1,2,;,;,ign,_,_]
[2,3,Qmpx,Qmpx,ign,_,_]
[0,1,Qmpx-Qmpx,Qmpx-Qmpx,ign,_,_]
[0,1,Qmpx:Qmpx,Qmpx:Qmpx,ign,_,_]
[0,1,Qmpx?Qmpx,Qmpx?Qmpx,ign,_,_]
[0,1,Qmpx!Qmpx,Qmpx!Qmpx,ign,_,_]
[0,1,Qmpx/Qmpx,Qmpx/Qmpx,ign,_,_]
[0,1,Qmpx(Qmpx,Qmpx(Qmpx,ign,_,_]
[0,1,Qmpx)Qmpx,Qmpx)Qmpx,ign,_,_]
[0,1,Qmpx,Qmpx,ign,_,_]
[1,2,Qmpx,Qmpx,ign,_,_]
[0,1,Qmpx,Qmpx,ign,_,_]
[1,2,Qmpx,Qmpx,ign,_,_]
[0,1,Qmpx,Qmpx,ign,_,_]
[1,2,Qmpx,Qmpx,ign,_,_]
[0,1,Qmpx-Qmpx,Qmpx-Qmpx,ign,_,_]
[0,1,QmpxQmpx,QmpxQmpx,ign,_,_]
[0,1,Qmpx,Qmpx,ign,_,_]
[1,2,.,.,ign,_,_]
[2,3,123,123,ign,_,_]
[0,1,Qmpx,Qmpx,ign,_,_]
[1,2,,,,,ign,_,_]
[2,3,123,123,ign,_,_]
[0,1,Qmpx,Qmpx,ign,_,_]
[1,2,;,;,ign,_,_]
[2,3,123,123,ign,_,_]
[0,1,Qmpx-123,Qmpx-123,ign,_,_]
[0,1,Qmpx:123,Qmpx:123,ign,_,_]
[0,1,Qmpx?123,Qmpx?123,ign,_,_]
[0,1,Qmpx!123,Qmpx!123,ign,_,_]
[0,1,Qmpx/123,Qmpx/123,ign,_,_]
[0,1,Qmpx(123,Qmpx(123,ign,_,_]
[0,1,Qmpx)123,Qmpx)123,ign,_,_]
[0,1,Qmpx,Qmpx,ign,_,_]
[1,2,123,123,ign,_,_]
[0,1,Qmpx,Qmpx,ign,_,_]
[1,2,123,123,ign,_,_]
[0,1,Qmpx,Qmpx,ign,_,_]
[1,2,123,123,ign,_,_]
[0,1,Qmpx-123,Qmpx-123,ign,_,_]
[0,1,Qmpx123,Qmpx123,ign,_,_]
[0,1,Qmpx,Qmpx,ign,_,_]
[1,2,.,.,ign,_,_]
[2,3,VII,VII,ign,_,_]
[0,1,Qmpx,Qmpx,ign,_,_]
[1,2,,,,,ign,_,_]
[2,3,VII,VII,ign,_,_]
[0,1,Qmpx,Qmpx,ign,_,_]
[1,2,;,;,ign,_,_]
[2,3,VII,VII,ign,_,_]
[0,1,Qmpx-VII,Qmpx-VII,ign,_,_]
[0,1,Qmpx:VII,Qmpx:VII,ign,_,_]
[0,1,Qmpx?VII,Qmpx?VII,ign,_,_]
[0,1,Qmpx!VII,Qmpx!VII,ign,_,_]
[0,1,Qmpx/VII,Qmpx/VII,ign,_,_]
[0,1,Qmpx(VII,Qmpx(VII,ign,_,_]
[0,1,Qmpx)VII,Qmpx)VII,ign,_,_]
[0,1,Qmpx,Qmpx,ign,_,_]
[1,2,VII,VII,ign,_,_]
[0,1,Qmpx,Qmpx,ign,_,_]
[1,2,VII,VII,ign,_,_]
[0,1,Qmpx,Qmpx,ign,_,_]
[1,2,VII,VII,ign,_,_]
[0,1,Qmpx-VII,Qmpx-VII,ign,_,_]
[0,1,QmpxVII,QmpxVII,ign,_,_]
[0,1,123,123,ign,_,_]
[1,2,.,.,ign,_,_]
[2,3,123,123,ign,_,_]
[0,1,123,123,ign,_,_]
[1,2,,,,,ign,_,_]
[2,3,123,123,ign,_,_]
[0,1,123,123,ign,_,_]
[1,2,;,;,ign,_,_]
[2,3,123,123,ign,_,_]
[0,1,123-123,123-123,ign,_,_]
[0,1,123:123,123:123,ign,_,_]
[0,1,123?123,123?123,ign,_,_]
[0,1,123!123,123!123,ign,_,_]
[0,1,123/123,123/123,ign,_,_]
[0,1,123(123,123(123,ign,_,_]
[0,1,123)123,123)123,ign,_,_]
[0,1,123,123,ign,_,_]
[1,2,123,123,ign,_,_]
[0,1,123,123,ign,_,_]
[1,2,123,123,ign,_,_]
[0,1,123,123,ign,_,_]
[1,2,123,123,ign,_,_]
[0,1,123-123,123-123,ign,_,_]
[0,1,123123,123123,ign,_,_]
[0,1,123,123,ign,_,_]
[1,2,.,.,ign,_,_]
[2,3,VII,VII,ign,_,_]
[0,1,123,123,ign,_,_]
[1,2,,,,,ign,_,_]
[2,3,VII,VII,ign,_,_]
[0,1,123,123,ign,_,_]
[1,2,;,;,ign,_,_]
[2,3,VII,VII,ign,_,_]
[0,1,123-VII,123-VII,ign,_,_]
[0,1,123:VII,123:VII,ign,_,_]
[0,1,123?VII,123?VII,ign,_,_]
[0,1,123!VII,123!VII,ign,_,_]
[0,1,123/VII,123/VII,ign,_,_]
[0,1,123(VII,123(VII,ign,_,_]
[0,1,123)VII,123)VII,ign,_,_]
[0,1,123,123,ign,_,_]
[1,2,VII,VII,ign,_,_]
[0,1,123,123,ign,_,_]
[1,2,VII,VII,ign,_,_]
[0,1,123,123,ign,_,_]
[1,2,VII,VII,ign,_,_]
[0,1,123-VII,123-VII,ign,_,_]
[0,1,123VII,123VII,ign,_,_]
[0,1,VII,VII,ign,_,_]
[1,2,.,.,ign,_,_]
[2,3,VII,VII,ign,_,_]
[0,1,VII,VII,ign,_,_]
[1,2,,,,,ign,_,_]
[2,3,VII,VII,ign,_,_]
[0,1,VII,VII,ign,_,_]
[1,2,;,;,ign,_,_]
[2,3,VII,VII,ign,_,_]
[0,1,VII-VII,VII-VII,ign,_,_]
[0,1,VII:VII,VII:VII,ign,_,_]
[0,1,VII?VII,VII?VII,ign,_,_]
[0,1,VII!VII,VII!VII,ign,_,_]
[0,1,VII/VII,VII/VII,ign,_,_]
[0,1,VII(VII,VII(VII,ign,_,_]
[0,1,VII)VII,VII)VII,ign,_,_]
[0,1,VII,VII,ign,_,_]
[1,2,VII,VII,ign,_,_]
[0,1,VII,VII,ign,_,_]
[1,2,VII,VII,ign,_,_]
[0,1,VII,VII,ign,_,_]
[1,2,VII,VII,ign,_,_]
[0,1,VII-VII,VII-VII,ign,_,_]
[0,1,VIIVII,VIIVII,ign,_,_]
[0,1,.,.,ign,_,_]
[1,2,latex,latex,subst:sg:nom:m2,pospolita,_]
[2,3,.,.,ign,_,_]
[0,1,(latex),(latex),ign,_,_]
[0,1,latex,latex,subst:sg:nom:m2,pospolita,_]
[1,2,.,.,ign,_,_]
[2,3,.,.,ign,_,_]
[3,4,.,.,ign,_,_]
[0,1,-latex-,-latex-,ign,_,_]
[0,1,latex,latex,subst:sg:nom:m2,pospolita,_]
[1,2,,,,,ign,_,_]
[2,3,latex,latex,subst:sg:nom:m2,pospolita,_]
[3,4,;,;,ign,_,_]
[4,5,latex,latex,subst:sg:nom:m2,pospolita,_]
[0,1,latex,latex,subst:sg:nom:m2,pospolita,_]
[0,1,latex,latex,subst:sg:nom:m2,pospolita,_]
[0,1,.,.,ign,_,_]
[1,2,LaTeX,latex,subst:sg:nom:m2,pospolita,_
 1,2,LaTeX,LaTeX:s1,subst:sg:nom:m1,wlasna,_]
[2,3,.,.,ign,_,_]
[0,1,(LaTeX),(LaTeX),ign,_,_]
[0,1,LaTeX,latex,subst:sg:nom:m2,pospolita,_
 0,1,LaTeX,LaTeX:s1,subst:sg:nom:m1,wlasna,_]
[1,2,.,.,ign,_,_]
[2,3,.,.,ign,_,_]
[3,4,.,.,ign,_,_]
[0,1,-LaTeX-,-LaTeX-,ign,_,_]
[0,1,LaTeX,latex,subst:sg:nom:m2,pospolita,_
 0,1,LaTeX,LaTeX:s1,subst:sg:nom:m1,wlasna,_]
[1,2,,,,,ign,_,_]
[2,3,LaTeX,latex,subst:sg:nom:m2,pospolita,_
 2,3,LaTeX,LaTeX:s1,subst:sg:nom:m1,wlasna,_]
[3,4,;,;,ign,_,_]
[4,5,LaTeX,latex,subst:sg:nom:m2,pospolita,_
 4,5,LaTeX,LaTeX:s1,subst:sg:nom:m1,wlasna,_]
[0,1,LaTeX,latex,subst:sg:nom:m2,pospolita,_
 0,1,LaTeX,LaTeX:s1,subst:sg:nom:m1,wlasna,_]
[0,1,LaTeX,latex,subst:sg:nom:m2,pospolita,_
 0,1,LaTeX,LaTeX:s1,subst:sg:nom:m1,wlasna,_]
[0,1,.,.,ign,_,_]
[1,2,iPhone,iPhone:s2,subst:sg:nom:m1,wlasna,_]
[2,3,.,.,ign,_,_]
[0,1,(iPhone),(iPhone),ign,_,_]
[0,1,iPhone,iPhone:s2,subst:sg:nom:m1,wlasna,_]
[1,2,.,.,ign,_,_]
[2,3,.,.,ign,_,_]
[3,4,.,.,ign,_,_]
[0,1,-iPhone-,-iPhone-,ign,_,_]
[0,1,iPhone,iPhone:s2,subst:sg:nom:m1,wlasna,_]
[1,2,,,,,ign,_,_]
[2,3,iPhone,iPhone:s2,subst:sg:nom:m1,wlasna,_]
[3,4,;,;,ign,_,_]
[4,5,iPhone,iPhone:s2,subst:sg:nom:m1,wlasna,_]
[0,1,iPhone,iPhone:s2,subst:sg:nom:m1,wlasna,_]
[0,1,iPhone,iPhone:s2,subst:sg:nom:m1,wlasna,_]
[0,1,.,.,ign,_,_]
[0,1,.,.,ign,_,_]
[1,2,.,.,ign,_,_]
[0,1,.,.,ign,_,_]
[1,2,.,.,ign,_,_]
[2,3,.,.,ign,_,_]
[0,1,,,,,ign,_,_]
[0,1,;,;,ign,_,_]
[0,1,-,-,ign,_,_]
[0,1,--,--,ign,_,_]
[0,1,.,.,ign,_,_]
[1,2,,,,,ign,_,_]
[2,3,;,;,ign,_,_]
[0,1,?!,?!,ign,_,_]
[0,1,(),(),ign,_,_]
[]
[]
[]
[0,1,a,a,ign,_,_]
[1,2,.,.,ign,_,_]
[2,3,b,b,ign,_,_]
[3,4,.,.,ign,_,_]
[4,5,c,c,ign,_,_]
[5,6,.,.,ign,_,_]
[6,7,d,d,ign,_,_]
[0,1,1,1,ign,_,_]
[1,2,,,,,ign,_,_]
[2,3,2,2,ign,_,_]
[3,4,,,,,ign,_,_]
[4,5,3,3,ign,_,_]
[0,1,x-y-z,x-y-z,ign,_,_]
[0,1,co?,co?,ign,_,_]
[0,1,n,n,ign,_,_]
[1,2,.,.,ign,_,_]
[2,3,p,p,ign,_,_]
[3,4,.,.,ign,_,_]
[0,1,p,p,ign,_,_]
[1,2,.,.,ign,_,_]
[2,3,n,n,ign,_,_]
[3,4,.,.,ign,_,_]
[4,5,e,e,ign,_,_]
[5,6,.,.,ign,_,_]
[0,1,tzn,tzn,ign,_,_]
[1,2,.,.,ign,_,_]
[0,1,O,O,ign,_,_]
[1,2,.,.,ign,_,_]
[2,3,K,K,ign,_,_]
[3,4,.,.,ign,_,_]
[0,1,3,3,ign,_,_]
[1,2,.,.,ign,_,_]
[2,3,14,14,ign,_,_]
[0,1,1+1,1+1,ign,_,_]

