[0,1,nie-polak,nie-polak,subst:sg:nom:m2,pospolita,pot.|środ.]
[1,2,nie-Polak,nie-polak,subst:sg:nom:m2,pospolita,pot.|środ.
 1,2,nie-Polak,nie-Polak:s1,subst:sg:nom:m1,pospolita,_
 1,2,nie-Polak,nie-Polak:s2,subst:sg:nom:m1,nazwisko,_]
[2,3,Nie-polak,nie-polak,subst:sg:nom:m2,pospolita,pot.|środ.]
[3,4,arcypolak,arcypolak,subst:sg:nom:m2,pospolita,pot.|środ.]
[4,5,arcyPolak,arcypolak,subst:sg:nom:m2,pospolita,pot.|środ.
 4,5,arcyPolak,arcyPolak:s1,subst:sg:nom:m1,pospolita,_
 4,5,arcyPolak,arcyPolak:s2,subst:sg:nom:m1,nazwisko,_]
[5,6,Arcypolak,arcypolak,subst:sg:nom:m2,pospolita,pot.|środ.]
[6,7,arcy-Polak,arcy-Polak,ign,_,_]
[7,8,polak,polak,ign,_,_]
[8,9,POLAK,POLAK,ign,_,_]
[9,10,polak,polak,ign,_,_]
[10,11,Polak,Polak,ign,_,_]
[11,12,POLAK,POLAK,ign,_,_]
[12,13,Polak,Polak,ign,_,_]
[13,14,POLAK,POLAK,ign,_,_]
[14,15,polak,polak,ign,_,_]
[15,16,Polak,Polak,ign,_,_]
[16,17,pOLAK,pOLAK,ign,_,_]
[17,18,arcy,arcy,ign,_,_]
[18,19,ARCY,ARCY,ign,_,_]
[19,20,arcy,arcy,ign,_,_]
[20,21,Arcy,Arcy,ign,_,_]
[21,22,ARCY,ARCY,ign,_,_]
[22,23,nie,nie,ign,_,_]
[23,24,NIE,NIE,ign,_,_]
[24,25,nie,nie,ign,_,_]
[25,26,Nie,Nie,ign,_,_]
[26,27,NIE,NIE,ign,_,_]
[27,28,-,-,ign,_,_]
[28,29,-,-,ign,_,_]
[29,30,-,-,ign,_,_]
[30,31,-,-,ign,_,_]
[31,32,-,-,ign,_,_]
[32,33,polak123,polak123,ign,_,_]
[33,34,123polak,123polak,ign,_,_]
[34,35,polakx,polakx,ign,_,_]
[35,36,xpolak,xpolak,ign,_,_]
[36,37,polakpolak,polakpolak,ign,_,_]
[37,38,Polak123,Polak123,ign,_,_]
[38,39,123Polak,123Polak,ign,_,_]
[39,40,Polakx,Polakx,ign,_,_]
[40,41,xPolak,xPolak,ign,_,_]
[41,42,PolakPolak,PolakPolak,ign,_,_]
[42,43,arcy123,arcy123,ign,_,_]
[43,44,123arcy,123arcy,ign,_,_]
[44,45,arcyx,arcyx,ign,_,_]
[45,46,xarcy,xarcy,ign,_,_]
[46,47,arcyarcy,arcyarcy,ign,_,_]
[47,48,nie123,nie123,ign,_,_]
[48,49,123nie,123nie,ign,_,_]
[49,50,niex,niex,ign,_,_]
[50,51,xnie,xnie,ign,_,_]
[51,52,nienie,nienie,ign,_,_]
[52,53,polak,polak,ign,_,_]
[53,54,.,.,ign,_,_]
[54,55,polak,polak,ign,_,_]
[55,56,polak,polak,ign,_,_]
[56,57,,,,,ign,_,_]
[57,58,polak,polak,ign,_,_]
[58,59,polak,polak,ign,_,_]
[59,60,;,;,ign,_,_]
[60,61,polak,polak,ign,_,_]
[61,62,polak-polak,polak-polak,ign,_,_]
[62,63,polak:polak,polak:polak,ign,_,_]
[63,64,polak?polak,polak?polak,ign,_,_]
[64,65,polak!polak,polak!polak,ign,_,_]
[65,66,polak/polak,polak/polak,ign,_,_]
[66,67,polak(polak,polak(polak,ign,_,_]
[67,68,polak)polak,polak)polak,ign,_,_]
[68,69,polak,polak,ign,_,_]
[69,70,polak,polak,ign,_,_]
[70,71,polak,polak,ign,_,_]
[71,72,polak,polak,ign,_,_]
[72,73,polak,polak,ign,_,_]
[73,74,polak,polak,ign,_,_]
[74,75,polak-polak,polak-polak,ign,_,_]
[75,76,polakpolak,polakpolak,ign,_,_]
[76,77,polak,polak,ign,_,_]
[77,78,.,.,ign,_,_]
[78,79,Polak,Polak,ign,_,_]
[79,80,polak,polak,ign,_,_]
[80,81,,,,,ign,_,_]
[81,82,Polak,Polak,ign,_,_]
[82,83,polak,polak,ign,_,_]
[83,84,;,;,ign,_,_]
[84,85,Polak,Polak,ign,_,_]
[85,86,polak-Polak,polak-Polak,ign,_,_]
[86,87,polak:Polak,polak:Polak,ign,_,_]
[87,88,polak?Polak,polak?Polak,ign,_,_]
[88,89,polak!Polak,polak!Polak,ign,_,_]
[89,90,polak/Polak,polak/Polak,ign,_,_]
[90,91,polak(Polak,polak(Polak,ign,_,_]
[91,92,polak)Polak,polak)Polak,ign,_,_]
[92,93,polak,polak,ign,_,_]
[93,94,Polak,Polak,ign,_,_]
[94,95,polak,polak,ign,_,_]
[95,96,Polak,Polak,ign,_,_]
[96,97,polak,polak,ign,_,_]
[97,98,Polak,Polak,ign,_,_]
[98,99,polak-Polak,polak-Polak,ign,_,_]
[99,100,polakPolak,polakPolak,ign,_,_]
[100,101,polak,polak,ign,_,_]
[101,102,.,.,ign,_,_]
[102,103,arcy,arcy,ign,_,_]
[103,104,polak,polak,ign,_,_]
[104,105,,,,,ign,_,_]
[105,106,arcy,arcy,ign,_,_]
[106,107,polak,polak,ign,_,_]
[107,108,;,;,ign,_,_]
[108,109,arcy,arcy,ign,_,_]
[109,110,polak-arcy,polak-arcy,ign,_,_]
[110,111,polak:arcy,polak:arcy,ign,_,_]
[111,112,polak?arcy,polak?arcy,ign,_,_]
[112,113,polak!arcy,polak!arcy,ign,_,_]
[113,114,polak/arcy,polak/arcy,ign,_,_]
[114,115,polak(arcy,polak(arcy,ign,_,_]
[115,116,polak)arcy,polak)arcy,ign,_,_]
[116,117,polak,polak,ign,_,_]
[117,118,arcy,arcy,ign,_,_]
[118,119,polak,polak,ign,_,_]
[119,120,arcy,arcy,ign,_,_]
[120,121,polak,polak,ign,_,_]
[121,122,arcy,arcy,ign,_,_]
[122,123,polak-arcy,polak-arcy,ign,_,_]
[123,124,polakarcy,polakarcy,ign,_,_]
[124,125,polak,polak,ign,_,_]
[125,126,.,.,ign,_,_]
[126,127,nie,nie,ign,_,_]
[127,128,polak,polak,ign,_,_]
[128,129,,,,,ign,_,_]
[129,130,nie,nie,ign,_,_]
[130,131,polak,polak,ign,_,_]
[131,132,;,;,ign,_,_]
[132,133,nie,nie,ign,_,_]
[133,134,polak-nie,polak-nie,ign,_,_]
[134,135,polak:nie,polak:nie,ign,_,_]
[135,136,polak?nie,polak?nie,ign,_,_]
[136,137,polak!nie,polak!nie,ign,_,_]
[137,138,polak/nie,polak/nie,ign,_,_]
[138,139,polak(nie,polak(nie,ign,_,_]
[139,140,polak)nie,polak)nie,ign,_,_]
[140,141,polak,polak,ign,_,_]
[141,142,nie,nie,ign,_,_]
[142,143,polak,polak,ign,_,_]
[143,144,nie,nie,ign,_,_]
[144,145,polak,polak,ign,_,_]
[145,146,nie,nie,ign,_,_]
[146,147,polak-nie,polak-nie,ign,_,_]
[147,148,polaknie,polaknie,ign,_,_]
[148,149,polak,polak,ign,_,_]
[149,150,.,.,ign,_,_]
[150,151,-,-,ign,_,_]
[151,152,polak,polak,ign,_,_]
[152,153,,,,,ign,_,_]
[153,154,-,-,ign,_,_]
[154,155,polak,polak,ign,_,_]
[155,156,;,;,ign,_,_]
[156,157,-,-,ign,_,_]
[157,158,polak--,polak--,ign,_,_]
[158,159,polak:-,polak:-,ign,_,_]
[159,160,polak?-,polak?-,ign,_,_]
[160,161,polak!-,polak!-,ign,_,_]
[161,162,polak/-,polak/-,ign,_,_]
[162,163,polak(-,polak(-,ign,_,_]
[163,164,polak)-,polak)-,ign,_,_]
[164,165,polak,polak,ign,_,_]
[165,166,-,-,ign,_,_]
[166,167,polak,polak,ign,_,_]
[167,168,-,-,ign,_,_]
[168,169,polak,polak,ign,_,_]
[169,170,-,-,ign,_,_]
[170,171,polak--,polak--,ign,_,_]
[171,172,polak-,polak-,ign,_,_]
[172,173,polak,polak,ign,_,_]
[173,174,.,.,ign,_,_]
[174,175,xyzzy,xyzzy,ign,_,_]
[175,176,polak,polak,ign,_,_]
[176,177,,,,,ign,_,_]
[177,178,xyzzy,xyzzy,ign,_,_]
[178,179,polak,polak,ign,_,_]
[179,180,;,;,ign,_,_]
[180,181,xyzzy,xyzzy,ign,_,_]
[181,182,polak-xyzzy,polak-xyzzy,ign,_,_]
[182,183,polak:xyzzy,polak:xyzzy,ign,_,_]
[183,184,polak?xyzzy,polak?xyzzy,ign,_,_]
[184,185,polak!xyzzy,polak!xyzzy,ign,_,_]
[185,186,polak/xyzzy,polak/xyzzy,ign,_,_]
[186,187,polak(xyzzy,polak(xyzzy,ign,_,_]
[187,188,polak)xyzzy,polak)xyzzy,ign,_,_]
[188,189,polak,polak,ign,_,_]
[189,190,xyzzy,xyzzy,ign,_,_]
[190,191,polak,polak,ign,_,_]
[191,192,xyzzy,xyzzy,ign,_,_]
[192,193,polak,polak,ign,_,_]
[193,194,xyzzy,xyzzy,ign,_,_]
[194,195,polak-xyzzy,polak-xyzzy,ign,_,_]
[195,196,polakxyzzy,polakxyzzy,ign,_,_]
[196,197,polak,polak,ign,_,_]
[197,198,.,.,ign,_,_]
[198,199,Qmpx,Qmpx,ign,_,_]
[199,200,polak,polak,ign,_,_]
[200,201,,,,,ign,_,_]
[201,202,Qmpx,Qmpx,ign,_,_]
[202,203,polak,polak,ign,_,_]
[203,204,;,;,ign,_,_]
[204,205,Qmpx,Qmpx,ign,_,_]
[205,206,polak-Qmpx,polak-Qmpx,ign,_,_]
[206,207,polak:Qmpx,polak:Qmpx,ign,_,_]
[207,208,polak?Qmpx,polak?Qmpx,ign,_,_]
[208,209,polak!Qmpx,polak!Qmpx,ign,_,_]
[209,210,polak/Qmpx,polak/Qmpx,ign,_,_]
[210,211,polak(Qmpx,polak(Qmpx,ign,_,_]
[211,212,polak)Qmpx,polak)Qmpx,ign,_,_]
[212,213,polak,polak,ign,_,_]
[213,214,Qmpx,Qmpx,ign,_,_]
[214,215,polak,polak,ign,_,_]
[215,216,Qmpx,Qmpx,ign,_,_]
[216,217,polak,polak,ign,_,_]
[217,218,Qmpx,Qmpx,ign,_,_]
[218,219,polak-Qmpx,polak-Qmpx,ign,_,_]
[219,220,polakQmpx,polakQmpx,ign,_,_]
[220,221,polak,polak,ign,_,_]
[221,222,.,.,ign,_,_]
[222,223,123,123,ign,_,_]
[223,224,polak,polak,ign,_,_]
[224,225,,,,,ign,_,_]
[225,226,123,123,ign,_,_]
[226,227,polak,polak,ign,_,_]
[227,228,;,;,ign,_,_]
[228,229,123,123,ign,_,_]
[229,230,polak-123,polak-123,ign,_,_]
[230,231,polak:123,polak:123,ign,_,_]
[231,232,polak?123,polak?123,ign,_,_]
[232,233,polak!123,polak!123,ign,_,_]
[233,234,polak/123,polak/123,ign,_,_]
[234,235,polak(123,polak(123,ign,_,_]
[235,236,polak)123,polak)123,ign,_,_]
[236,237,polak,polak,ign,_,_]
[237,238,123,123,ign,_,_]
[238,239,polak,polak,ign,_,_]
[239,240,123,123,ign,_,_]
[240,241,polak,polak,ign,_,_]
[241,242,123,123,ign,_,_]
[242,243,polak-123,polak-123,ign,_,_]
[243,244,polak123,polak123,ign,_,_]
[244,245,polak,polak,ign,_,_]
[245,246,.,.,ign,_,_]
[246,247,VII,VII,ign,_,_]
[247,248,polak,polak,ign,_,_]
[248,249,,,,,ign,_,_]
[249,250,VII,VII,ign,_,_]
[250,251,polak,polak,ign,_,_]
[251,252,;,;,ign,_,_]
[252,253,VII,VII,ign,_,_]
[253,254,polak-VII,polak-VII,ign,_,_]
[254,255,polak:VII,polak:VII,ign,_,_]
[255,256,polak?VII,polak?VII,ign,_,_]
[256,257,polak!VII,polak!VII,ign,_,_]
[257,258,polak/VII,polak/VII,ign,_,_]
[258,259,polak(VII,polak(VII,ign,_,_]
[259,260,polak)VII,polak)VII,ign,_,_]
[260,261,polak,polak,ign,_,_]
[261,262,VII,VII,ign,_,_]
[262,263,polak,polak,ign,_,_]
[263,264,VII,VII,ign,_,_]
[264,265,polak,polak,ign,_,_]
[265,266,VII,VII,ign,_,_]
[266,267,polak-VII,polak-VII,ign,_,_]
[267,268,polakVII,polakVII,ign,_,_]
[268,269,Polak,Polak,ign,_,_]
[269,270,.,.,ign,_,_]
[270,271,Polak,Polak,ign,_,_]
[271,272,Polak,Polak,ign,_,_]
[272,273,,,,,ign,_,_]
[273,274,Polak,Polak,ign,_,_]
[274,275,Polak,Polak,ign,_,_]
[275,276,;,;,ign,_,_]
[276,277,Polak,Polak,ign,_,_]
[277,278,Polak-Polak,Polak-Polak,ign,_,_]
[278,279,Polak:Polak,Polak:Polak,ign,_,_]
[279,280,Polak?Polak,Polak?Polak,ign,_,_]
[280,281,Polak!Polak,Polak!Polak,ign,_,_]
[281,282,Polak/Polak,Polak/Polak,ign,_,_]
[282,283,Polak(Polak,Polak(Polak,ign,_,_]
[283,284,Polak)Polak,Polak)Polak,ign,_,_]
[284,285,Polak,Polak,ign,_,_]
[285,286,Polak,Polak,ign,_,_]
[286,287,Polak,Polak,ign,_,_]
[287,288,Polak,Polak,ign,_,_]
[288,289,Polak,Polak,ign,_,_]
[289,290,Polak,Polak,ign,_,_]
[290,291,Polak-Polak,Polak-Polak,ign,_,_]
[291,292,PolakPolak,PolakPolak,ign,_,_]
[292,293,Polak,Polak,ign,_,_]
[293,294,.,.,ign,_,_]
[294,295,arcy,arcy,ign,_,_]
[295,296,Polak,Polak,ign,_,_]
[296,297,,,,,ign,_,_]
[297,298,arcy,arcy,ign,_,_]
[298,299,Polak,Polak,ign,_,_]
[299,300,;,;,ign,_,_]
[300,301,arcy,arcy,ign,_,_]
[301,302,Polak-arcy,Polak-arcy,ign,_,_]
[302,303,Polak:arcy,Polak:arcy,ign,_,_]
[303,304,Polak?arcy,Polak?arcy,ign,_,_]
[304,305,Polak!arcy,Polak!arcy,ign,_,_]
[305,306,Polak/arcy,Polak/arcy,ign,_,_]
[306,307,Polak(arcy,Polak(arcy,ign,_,_]
[307,308,Polak)arcy,Polak)arcy,ign,_,_]
[308,309,Polak,Polak,ign,_,_]
[309,310,arcy,arcy,ign,_,_]
[310,311,Polak,Polak,ign,_,_]
[311,312,arcy,arcy,ign,_,_]
[312,313,Polak,Polak,ign,_,_]
[313,314,arcy,arcy,ign,_,_]
[314,315,Polak-arcy,Polak-arcy,ign,_,_]
[315,316,Polakarcy,Polakarcy,ign,_,_]
[316,317,Polak,Polak,ign,_,_]
[317,318,.,.,ign,_,_]
[318,319,nie,nie,ign,_,_]
[319,320,Polak,Polak,ign,_,_]
[320,321,,,,,ign,_,_]
[321,322,nie,nie,ign,_,_]
[322,323,Polak,Polak,ign,_,_]
[323,324,;,;,ign,_,_]
[324,325,nie,nie,ign,_,_]
[325,326,Polak-nie,Polak-nie,ign,_,_]
[326,327,Polak:nie,Polak:nie,ign,_,_]
[327,328,Polak?nie,Polak?nie,ign,_,_]
[328,329,Polak!nie,Polak!nie,ign,_,_]
[329,330,Polak/nie,Polak/nie,ign,_,_]
[330,331,Polak(nie,Polak(nie,ign,_,_]
[331,332,Polak)nie,Polak)nie,ign,_,_]
[332,333,Polak,Polak,ign,_,_]
[333,334,nie,nie,ign,_,_]
[334,335,Polak,Polak,ign,_,_]
[335,336,nie,nie,ign,_,_]
[336,337,Polak,Polak,ign,_,_]
[337,338,nie,nie,ign,_,_]
[338,339,Polak-nie,Polak-nie,ign,_,_]
[339,340,Polaknie,Polaknie,ign,_,_]
[340,341,Polak,Polak,ign,_,_]
[341,342,.,.,ign,_,_]
[342,343,-,-,ign,_,_]
[343,344,Polak,Polak,ign,_,_]
[344,345,,,,,ign,_,_]
[345,346,-,-,ign,_,_]
[346,347,Polak,Polak,ign,_,_]
[347,348,;,;,ign,_,_]
[348,349,-,-,ign,_,_]
[349,350,Polak--,Polak--,ign,_,_]
[350,351,Polak:-,Polak:-,ign,_,_]
[351,352,Polak?-,Polak?-,ign,_,_]
[352,353,Polak!-,Polak!-,ign,_,_]
[353,354,Polak/-,Polak/-,ign,_,_]
[354,355,Polak(-,Polak(-,ign,_,_]
[355,356,Polak)-,Polak)-,ign,_,_]
[356,357,Polak,Polak,ign,_,_]
[357,358,-,-,ign,_,_]
[358,359,Polak,Polak,ign,_,_]
[359,360,-,-,ign,_,_]
[360,361,Polak,Polak,ign,_,_]
[361,362,-,-,ign,_,_]
[362,363,Polak--,Polak--,ign,_,_]
[363,364,Polak-,Polak-,ign,_,_]
[364,365,Polak,Polak,ign,_,_]
[365,366,.,.,ign,_,_]
[366,367,xyzzy,xyzzy,ign,_,_]
[367,368,Polak,Polak,ign,_,_]
[368,369,,,,,ign,_,_]
[369,370,xyzzy,xyzzy,ign,_,_]
[370,371,Polak,Polak,ign,_,_]
[371,372,;,;,ign,_,_]
[372,373,xyzzy,xyzzy,ign,_,_]
[373,374,Polak-xyzzy,Polak-xyzzy,ign,_,_]
[374,375,Polak:xyzzy,Polak:xyzzy,ign,_,_]
[375,376,Polak?xyzzy,Polak?xyzzy,ign,_,_]
[376,377,Polak!xyzzy,Polak!xyzzy,ign,_,_]
[377,378,Polak/xyzzy,Polak/xyzzy,ign,_,_]
[378,379,Polak(xyzzy,Polak(xyzzy,ign,_,_]
[379,380,Polak)xyzzy,Polak)xyzzy,ign,_,_]
[380,381,Polak,Polak,ign,_,_]
[381,382,xyzzy,xyzzy,ign,_,_]
[382,383,Polak,Polak,ign,_,_]
[383,384,xyzzy,xyzzy,ign,_,_]
[384,385,Polak,Polak,ign,_,_]
[385,386,xyzzy,xyzzy,ign,_,_]
[386,387,Polak-xyzzy,Polak-xyzzy,ign,_,_]
[387,388,Polakxyzzy,Polakxyzzy,ign,_,_]
[388,389,Polak,Polak,ign,_,_]
[389,390,.,.,ign,_,_]
[390,391,Qmpx,Qmpx,ign,_,_]
[391,392,Polak,Polak,ign,_,_]
[392,393,,,,,ign,_,_]
[393,394,Qmpx,Qmpx,ign,_,_]
[394,395,Polak,Polak,ign,_,_]
[395,396,;,;,ign,_,_]
[396,397,Qmpx,Qmpx,ign,_,_]
[397,398,Polak-Qmpx,Polak-Qmpx,ign,_,_]
[398,399,Polak:Qmpx,Polak:Qmpx,ign,_,_]
[399,400,Polak?Qmpx,Polak?Qmpx,ign,_,_]
[400,401,Polak!Qmpx,Polak!Qmpx,ign,_,_]
[401,402,Polak/Qmpx,Polak/Qmpx,ign,_,_]
[402,403,Polak(Qmpx,Polak(Qmpx,ign,_,_]
[403,404,Polak)Qmpx,Polak)Qmpx,ign,_,_]
[404,405,Polak,Polak,ign,_,_]
[405,406,Qmpx,Qmpx,ign,_,_]
[406,407,Polak,Polak,ign,_,_]
[407,408,Qmpx,Qmpx,ign,_,_]
[408,409,Polak,Polak,ign,_,_]
[409,410,Qmpx,Qmpx,ign,_,_]
[410,411,Polak-Qmpx,Polak-Qmpx,ign,_,_]
[411,412,PolakQmpx,PolakQmpx,ign,_,_]
[412,413,Polak,Polak,ign,_,_]
[413,414,.,.,ign,_,_]
[414,415,123,123,ign,_,_]
[415,416,Polak,Polak,ign,_,_]
[416,417,,,,,ign,_,_]
[417,418,123,123,ign,_,_]
[418,419,Polak,Polak,ign,_,_]
[419,420,;,;,ign,_,_]
[420,421,123,123,ign,_,_]
[421,422,Polak-123,Polak-123,ign,_,_]
[422,423,Polak:123,Polak:123,ign,_,_]
[423,424,Polak?123,Polak?123,ign,_,_]
[424,425,Polak!123,Polak!123,ign,_,_]
[425,426,Polak/123,Polak/123,ign,_,_]
[426,427,Polak(123,Polak(123,ign,_,_]
[427,428,Polak)123,Polak)123,ign,_,_]
[428,429,Polak,Polak,ign,_,_]
[429,430,123,123,ign,_,_]
[430,431,Polak,Polak,ign,_,_]
[431,432,123,123,ign,_,_]
[432,433,Polak,Polak,ign,_,_]
[433,434,123,123,ign,_,_]
[434,435,Polak-123,Polak-123,ign,_,_]
[435,436,Polak123,Polak123,ign,_,_]
[436,437,Polak,Polak,ign,_,_]
[437,438,.,.,ign,_,_]
[438,439,VII,VII,ign,_,_]
[439,440,Polak,Polak,ign,_,_]
[440,441,,,,,ign,_,_]
[441,442,VII,VII,ign,_,_]
[442,443,Polak,Polak,ign,_,_]
[443,444,;,;,ign,_,_]
[444,445,VII,VII,ign,_,_]
[445,446,Polak-VII,Polak-VII,ign,_,_]
[446,447,Polak:VII,Polak:VII,ign,_,_]
[447,448,Polak?VII,Polak?VII,ign,_,_]
[448,449,Polak!VII,Polak!VII,ign,_,_]
[449,450,Polak/VII,Polak/VII,ign,_,_]
[450,451,Polak(VII,Polak(VII,ign,_,_]
[451,452,Polak)VII,Polak)VII,ign,_,_]
[452,453,Polak,Polak,ign,_,_]
[453,454,VII,VII,ign,_,_]
[454,455,Polak,Polak,ign,_,_]
[455,456,VII,VII,ign,_,_]
[456,457,Polak,Polak,ign,_,_]
[457,458,VII,VII,ign,_,_]
[458,459,Polak-VII,Polak-VII,ign,_,_]
[459,460,PolakVII,PolakVII,ign,_,_]
[460,461,arcy,arcy,ign,_,_]
[461,462,.,.,ign,_,_]
[462,463,arcy,arcy,ign,_,_]
[463,464,arcy,arcy,ign,_,_]
[464,465,,,,,ign,_,_]
[465,466,arcy,arcy,ign,_,_]
[466,467,arcy,arcy,ign,_,_]
[467,468,;,;,ign,_,_]
[468,469,arcy,arcy,ign,_,_]
[469,470,arcy-arcy,arcy-arcy,ign,_,_]
[470,471,arcy:arcy,arcy:arcy,ign,_,_]
[471,472,arcy?arcy,arcy?arcy,ign,_,_]
[472,473,arcy!arcy,arcy!arcy,ign,_,_]
[473,474,arcy/arcy,arcy/arcy,ign,_,_]
[474,475,arcy(arcy,arcy(arcy,ign,_,_]
[475,476,arcy)arcy,arcy)arcy,ign,_,_]
[476,477,arcy,arcy,ign,_,_]
[477,478,arcy,arcy,ign,_,_]
[478,479,arcy,arcy,ign,_,_]
[479,480,arcy,arcy,ign,_,_]
[480,481,arcy,arcy,ign,_,_]
[481,482,arcy,arcy,ign,_,_]
[482,483,arcy-arcy,arcy-arcy,ign,_,_]
[483,484,arcyarcy,arcyarcy,ign,_,_]
[484,485,arcy,arcy,ign,_,_]
[485,486,.,.,ign,_,_]
[486,487,nie,nie,ign,_,_]
[487,488,arcy,arcy,ign,_,_]
[488,489,,,,,ign,_,_]
[489,490,nie,nie,ign,_,_]
[490,491,arcy,arcy,ign,_,_]
[491,492,;,;,ign,_,_]
[492,493,nie,nie,ign,_,_]
[493,494,arcy-nie,arcy-nie,ign,_,_]
[494,495,arcy:nie,arcy:nie,ign,_,_]
[495,496,arcy?nie,arcy?nie,ign,_,_]
[496,497,arcy!nie,arcy!nie,ign,_,_]
[497,498,arcy/nie,arcy/nie,ign,_,_]
[498,499,arcy(nie,arcy(nie,ign,_,_]
[499,500,arcy)nie,arcy)nie,ign,_,_]
[500,501,arcy,arcy,ign,_,_]
[501,502,nie,nie,ign,_,_]
[502,503,arcy,arcy,ign,_,_]
[503,504,nie,nie,ign,_,_]
[504,505,arcy,arcy,ign,_,_]
[505,506,nie,nie,ign,_,_]
[506,507,arcy-nie,arcy-nie,ign,_,_]
[507,508,arcynie,arcynie,ign,_,_]
[508,509,arcy,arcy,ign,_,_]
[509,510,.,.,ign,_,_]
[510,511,-,-,ign,_,_]
[511,512,arcy,arcy,ign,_,_]
[512,513,,,,,ign,_,_]
[513,514,-,-,ign,_,_]
[514,515,arcy,arcy,ign,_,_]
[515,516,;,;,ign,_,_]
[516,517,-,-,ign,_,_]
[517,518,arcy--,arcy--,ign,_,_]
[518,519,arcy:-,arcy:-,ign,_,_]
[519,520,arcy?-,arcy?-,ign,_,_]
[520,521,arcy!-,arcy!-,ign,_,_]
[521,522,arcy/-,arcy/-,ign,_,_]
[522,523,arcy(-,arcy(-,ign,_,_]
[523,524,arcy)-,arcy)-,ign,_,_]
[524,525,arcy,arcy,ign,_,_]
[525,526,-,-,ign,_,_]
[526,527,arcy,arcy,ign,_,_]
[527,528,-,-,ign,_,_]
[528,529,arcy,arcy,ign,_,_]
[529,530,-,-,ign,_,_]
[530,531,arcy--,arcy--,ign,_,_]
[531,532,arcy-,arcy-,ign,_,_]
[532,533,arcy,arcy,ign,_,_]
[533,534,.,.,ign,_,_]
[534,535,xyzzy,xyzzy,ign,_,_]
[535,536,arcy,arcy,ign,_,_]
[536,537,,,,,ign,_,_]
[537,538,xyzzy,xyzzy,ign,_,_]
[538,539,arcy,arcy,ign,_,_]
[539,540,;,;,ign,_,_]
[540,541,xyzzy,xyzzy,ign,_,_]
[541,542,arcy-xyzzy,arcy-xyzzy,ign,_,_]
[542,543,arcy:xyzzy,arcy:xyzzy,ign,_,_]
[543,544,arcy?xyzzy,arcy?xyzzy,ign,_,_]
[544,545,arcy!xyzzy,arcy!xyzzy,ign,_,_]
[545,546,arcy/xyzzy,arcy/xyzzy,ign,_,_]
[546,547,arcy(xyzzy,arcy(xyzzy,ign,_,_]
[547,548,arcy)xyzzy,arcy)xyzzy,ign,_,_]
[548,549,arcy,arcy,ign,_,_]
[549,550,xyzzy,xyzzy,ign,_,_]
[550,551,arcy,arcy,ign,_,_]
[551,552,xyzzy,xyzzy,ign,_,_]
[552,553,arcy,arcy,ign,_,_]
[553,554,xyzzy,xyzzy,ign,_,_]
[554,555,arcy-xyzzy,arcy-xyzzy,ign,_,_]
[555,556,arcyxyzzy,arcyxyzzy,ign,_,_]
[556,557,arcy,arcy,ign,_,_]
[557,558,.,.,ign,_,_]
[558,559,Qmpx,Qmpx,ign,_,_]
[559,560,arcy,arcy,ign,_,_]
[560,561,,,,,ign,_,_]
[561,562,Qmpx,Qmpx,ign,_,_]
[562,563,arcy,arcy,ign,_,_]
[563,564,;,;,ign,_,_]
[564,565,Qmpx,Qmpx,ign,_,_]
[565,566,arcy-Qmpx,arcy-Qmpx,ign,_,_]
[566,567,arcy:Qmpx,arcy:Qmpx,ign,_,_]
[567,568,arcy?Qmpx,arcy?Qmpx,ign,_,_]
[568,569,arcy!Qmpx,arcy!Qmpx,ign,_,_]
[569,570,arcy/Qmpx,arcy/Qmpx,ign,_,_]
[570,571,arcy(Qmpx,arcy(Qmpx,ign,_,_]
[571,572,arcy)Qmpx,arcy)Qmpx,ign,_,_]
[572,573,arcy,arcy,ign,_,_]
[573,574,Qmpx,Qmpx,ign,_,_]
[574,575,arcy,arcy,ign,_,_]
[575,576,Qmpx,Qmpx,ign,_,_]
[576,577,arcy,arcy,ign,_,_]
[577,578,Qmpx,Qmpx,ign,_,_]
[578,579,arcy-Qmpx,arcy-Qmpx,ign,_,_]
[579,580,arcyQmpx,arcyQmpx,ign,_,_]
[580,581,arcy,arcy,ign,_,_]
[581,582,.,.,ign,_,_]
[582,583,123,123,ign,_,_]
[583,584,arcy,arcy,ign,_,_]
[584,585,,,,,ign,_,_]
[585,586,123,123,ign,_,_]
[586,587,arcy,arcy,ign,_,_]
[587,588,;,;,ign,_,_]
[588,589,123,123,ign,_,_]
[589,590,arcy-123,arcy-123,ign,_,_]
[590,591,arcy:123,arcy:123,ign,_,_]
[591,592,arcy?123,arcy?123,ign,_,_]
[592,593,arcy!123,arcy!123,ign,_,_]
[593,594,arcy/123,arcy/123,ign,_,_]
[594,595,arcy(123,arcy(123,ign,_,_]
[595,596,arcy)123,arcy)123,ign,_,_]
[596,597,arcy,arcy,ign,_,_]
[597,598,123,123,ign,_,_]
[598,599,arcy,arcy,ign,_,_]
[599,600,123,123,ign,_,_]
[600,601,arcy,arcy,ign,_,_]
[601,602,123,123,ign,_,_]
[602,603,arcy-123,arcy-123,ign,_,_]
[603,604,arcy123,arcy123,ign,_,_]
[604,605,arcy,arcy,ign,_,_]
[605,606,.,.,ign,_,_]
[606,607,VII,VII,ign,_,_]
[607,608,arcy,arcy,ign,_,_]
[608,609,,,,,ign,_,_]
[609,610,VII,VII,ign,_,_]
[610,611,arcy,arcy,ign,_,_]
[611,612,;,;,ign,_,_]
[612,613,VII,VII,ign,_,_]
[613,614,arcy-VII,arcy-VII,ign,_,_]
[614,615,arcy:VII,arcy:VII,ign,_,_]
[615,616,arcy?VII,arcy?VII,ign,_,_]
[616,617,arcy!VII,arcy!VII,ign,_,_]
[617,618,arcy/VII,arcy/VII,ign,_,_]
[618,619,arcy(VII,arcy(VII,ign,_,_]
[619,620,arcy)VII,arcy)VII,ign,_,_]
[620,621,arcy,arcy,ign,_,_]
[621,622,VII,VII,ign,_,_]
[622,623,arcy,arcy,ign,_,_]
[623,624,VII,VII,ign,_,_]
[624,625,arcy,arcy,ign,_,_]
[625,626,VII,VII,ign,_,_]
[626,627,arcy-VII,arcy-VII,ign,_,_]
[627,628,arcyVII,arcyVII,ign,_,_]
[628,629,nie,nie,ign,_,_]
[629,630,.,.,ign,_,_]
[630,631,nie,nie,ign,_,_]
[631,632,nie,nie,ign,_,_]
[632,633,,,,,ign,_,_]
[633,634,nie,nie,ign,_,_]
[634,635,nie,nie,ign,_,_]
[635,636,;,;,ign,_,_]
[636,637,nie,nie,ign,_,_]
[637,638,nie-nie,nie-nie,ign,_,_]
[638,639,nie:nie,nie:nie,ign,_,_]
[639,640,nie?nie,nie?nie,ign,_,_]
[640,641,nie!nie,nie!nie,ign,_,_]
[641,642,nie/nie,nie/nie,ign,_,_]
[642,643,nie(nie,nie(nie,ign,_,_]
[643,644,nie)nie,nie)nie,ign,_,_]
[644,645,nie,nie,ign,_,_]
[645,646,nie,nie,ign,_,_]
[646,647,nie,nie,ign,_,_]
[647,648,nie,nie,ign,_,_]
[648,649,nie,nie,ign,_,_]
[649,650,nie,nie,ign,_,_]
[650,651,nie-nie,nie-nie,ign,_,_]
[651,652,nienie,nienie,ign,_,_]
[652,653,nie,nie,ign,_,_]
[653,654,.,.,ign,_,_]
[654,655,-,-,ign,_,_]
[655,656,nie,nie,ign,_,_]
[656,657,,,,,ign,_,_]
[657,658,-,-,ign,_,_]
[658,659,nie,nie,ign,_,_]
[659,660,;,;,ign,_,_]
[660,661,-,-,ign,_,_]
[661,662,nie--,nie--,ign,_,_]
[662,663,nie:-,nie:-,ign,_,_]
[663,664,nie?-,nie?-,ign,_,_]
[664,665,nie!-,nie!-,ign,_,_]
[665,666,nie/-,nie/-,ign,_,_]
[666,667,nie(-,nie(-,ign,_,_]
[667,668,nie)-,nie)-,ign,_,_]
[668,669,nie,nie,ign,_,_]
[669,670,-,-,ign,_,_]
[670,671,nie,nie,ign,_,_]
[671,672,-,-,ign,_,_]
[672,673,nie,nie,ign,_,_]
[673,674,-,-,ign,_,_]
[674,675,nie--,nie--,ign,_,_]
[675,676,nie-,nie-,ign,_,_]
[676,677,nie,nie,ign,_,_]
[677,678,.,.,ign,_,_]
[678,679,xyzzy,xyzzy,ign,_,_]
[679,680,nie,nie,ign,_,_]
[680,681,,,,,ign,_,_]
[681,682,xyzzy,xyzzy,ign,_,_]
[682,683,nie,nie,ign,_,_]
[683,684,;,;,ign,_,_]
[684,685,xyzzy,xyzzy,ign,_,_]
[685,686,nie-xyzzy,nie-xyzzy,ign,_,_]
[686,687,nie:xyzzy,nie:xyzzy,ign,_,_]
[687,688,nie?xyzzy,nie?xyzzy,ign,_,_]
[688,689,nie!xyzzy,nie!xyzzy,ign,_,_]
[689,690,nie/xyzzy,nie/xyzzy,ign,_,_]
[690,691,nie(xyzzy,nie(xyzzy,ign,_,_]
[691,692,nie)xyzzy,nie)xyzzy,ign,_,_]
[692,693,nie,nie,ign,_,_]
[693,694,xyzzy,xyzzy,ign,_,_]
[694,695,nie,nie,ign,_,_]
[695,696,xyzzy,xyzzy,ign,_,_]
[696,697,nie,nie,ign,_,_]
[697,698,xyzzy,xyzzy,ign,_,_]
[698,699,nie-xyzzy,nie-xyzzy,ign,_,_]
[699,700,niexyzzy,niexyzzy,ign,_,_]
[700,701,nie,nie,ign,_,_]
[701,702,.,.,ign,_,_]
[702,703,Qmpx,Qmpx,ign,_,_]
[703,704,nie,nie,ign,_,_]
[704,705,,,,,ign,_,_]
[705,706,Qmpx,Qmpx,ign,_,_]
[706,707,nie,nie,ign,_,_]
[707,708,;,;,ign,_,_]
[708,709,Qmpx,Qmpx,ign,_,_]
[709,710,nie-Qmpx,nie-Qmpx,ign,_,_]
[710,711,nie:Qmpx,nie:Qmpx,ign,_,_]
[711,712,nie?Qmpx,nie?Qmpx,ign,_,_]
[712,713,nie!Qmpx,nie!Qmpx,ign,_,_]
[713,714,nie/Qmpx,nie/Qmpx,ign,_,_]
[714,715,nie(Qmpx,nie(Qmpx,ign,_,_]
[715,716,nie)Qmpx,nie)Qmpx,ign,_,_]
[716,717,nie,nie,ign,_,_]
[717,718,Qmpx,Qmpx,ign,_,_]
[718,719,nie,nie,ign,_,_]
[719,720,Qmpx,Qmpx,ign,_,_]
[720,721,nie,nie,ign,_,_]
[721,722,Qmpx,Qmpx,ign,_,_]
[722,723,nie-Qmpx,nie-Qmpx,ign,_,_]
[723,724,nieQmpx,nieQmpx,ign,_,_]
[724,725,nie,nie,ign,_,_]
[725,726,.,.,ign,_,_]
[726,727,123,123,ign,_,_]
[727,728,nie,nie,ign,_,_]
[728,729,,,,,ign,_,_]
[729,730,123,123,ign,_,_]
[730,731,nie,nie,ign,_,_]
[731,732,;,;,ign,_,_]
[732,733,123,123,ign,_,_]
[733,734,nie-123,nie-123,ign,_,_]
[734,735,nie:123,nie:123,ign,_,_]
[735,736,nie?123,nie?123,ign,_,_]
[736,737,nie!123,nie!123,ign,_,_]
[737,738,nie/123,nie/123,ign,_,_]
[738,739,nie(123,nie(123,ign,_,_]
[739,740,nie)123,nie)123,ign,_,_]
[740,741,nie,nie,ign,_,_]
[741,742,123,123,ign,_,_]
[742,743,nie,nie,ign,_,_]
[743,744,123,123,ign,_,_]
[744,745,nie,nie,ign,_,_]
[745,746,123,123,ign,_,_]
[746,747,nie-123,nie-123,ign,_,_]
[747,748,nie123,nie123,ign,_,_]
[748,749,nie,nie,ign,_,_]
[749,750,.,.,ign,_,_]
[750,751,VII,VII,ign,_,_]
[751,752,nie,nie,ign,_,_]
[752,753,,,,,ign,_,_]
[753,754,VII,VII,ign,_,_]
[754,755,nie,nie,ign,_,_]
[755,756,;,;,ign,_,_]
[756,757,VII,VII,ign,_,_]
[757,758,nie-VII,nie-VII,ign,_,_]
[758,759,nie:VII,nie:VII,ign,_,_]
[759,760,nie?VII,nie?VII,ign,_,_]
[760,761,nie!VII,nie!VII,ign,_,_]
[761,762,nie/VII,nie/VII,ign,_,_]
[762,763,nie(VII,nie(VII,ign,_,_]
[763,764,nie)VII,nie)VII,ign,_,_]
[764,765,nie,nie,ign,_,_]
[765,766,VII,VII,ign,_,_]
[766,767,nie,nie,ign,_,_]
[767,768,VII,VII,ign,_,_]
[768,769,nie,nie,ign,_,_]
[769,770,VII,VII,ign,_,_]
[770,771,nie-VII,nie-VII,ign,_,_]
[771,772,nieVII,nieVII,ign,_,_]
[772,773,-,-,ign,_,_]
[773,774,.,.,ign,_,_]
[774,775,-,-,ign,_,_]
[775,776,-,-,ign,_,_]
[776,777,,,,,ign,_,_]
[777,778,-,-,ign,_,_]
[778,779,-,-,ign,_,_]
[779,780,;,;,ign,_,_]
[780,781,-,-,ign,_,_]
[781,782,---,---,ign,_,_]
[782,783,-:-,-:-,ign,_,_]
[783,784,-?-,-?-,ign,_,_]
[784,785,-!-,-!-,ign,_,_]
[785,786,-/-,-/-,ign,_,_]
[786,787,-(-,-(-,ign,_,_]
[787,788,-)-,-)-,ign,_,_]
[788,789,-,-,ign,_,_]
[789,790,-,-,ign,_,_]
[790,791,-,-,ign,_,_]
[791,792,-,-,ign,_,_]
[792,793,-,-,ign,_,_]
[793,794,-,-,ign,_,_]
[794,795,---,---,ign,_,_]
[795,796,--,--,ign,_,_]
[796,797,-,-,ign,_,_]
[797,798,.,.,ign,_,_]
[798,799,xyzzy,xyzzy,ign,_,_]
[799,800,-,-,ign,_,_]
[800,801,,,,,ign,_,_]
[801,802,xyzzy,xyzzy,ign,_,_]
[802,803,-,-,ign,_,_]
[803,804,;,;,ign,_,_]
[804,805,xyzzy,xyzzy,ign,_,_]
[805,806,--xyzzy,--xyzzy,ign,_,_]
[806,807,-:xyzzy,-:xyzzy,ign,_,_]
[807,808,-?xyzzy,-?xyzzy,ign,_,_]
[808,809,-!xyzzy,-!xyzzy,ign,_,_]
[809,810,-/xyzzy,-/xyzzy,ign,_,_]
[810,811,-(xyzzy,-(xyzzy,ign,_,_]
[811,812,-)xyzzy,-)xyzzy,ign,_,_]
[812,813,-,-,ign,_,_]
[813,814,xyzzy,xyzzy,ign,_,_]
[814,815,-,-,ign,_,_]
[815,816,xyzzy,xyzzy,ign,_,_]
[816,817,-,-,ign,_,_]
[817,818,xyzzy,xyzzy,ign,_,_]
[818,819,--xyzzy,--xyzzy,ign,_,_]
[819,820,-xyzzy,-xyzzy,ign,_,_]
[820,821,-,-,ign,_,_]
[821,822,.,.,ign,_,_]
[822,823,Qmpx,Qmpx,ign,_,_]
[823,824,-,-,ign,_,_]
[824,825,,,,,ign,_,_]
[825,826,Qmpx,Qmpx,ign,_,_]
[826,827,-,-,ign,_,_]
[827,828,;,;,ign,_,_]
[828,829,Qmpx,Qmpx,ign,_,_]
[829,830,--Qmpx,--Qmpx,ign,_,_]
[830,831,-:Qmpx,-:Qmpx,ign,_,_]
[831,832,-?Qmpx,-?Qmpx,ign,_,_]
[832,833,-!Qmpx,-!Qmpx,ign,_,_]
[833,834,-/Qmpx,-/Qmpx,ign,_,_]
[834,835,-(Qmpx,-(Qmpx,ign,_,_]
[835,836,-)Qmpx,-)Qmpx,ign,_,_]
[836,837,-,-,ign,_,_]
[837,838,Qmpx,Qmpx,ign,_,_]
[838,839,-,-,ign,_,_]
[839,840,Qmpx,Qmpx,ign,_,_]
[840,841,-,-,ign,_,_]
[841,842,Qmpx,Qmpx,ign,_,_]
[842,843,--Qmpx,--Qmpx,ign,_,_]
[843,844,-Qmpx,-Qmpx,ign,_,_]
[844,845,-,-,ign,_,_]
[845,846,.,.,ign,_,_]
[846,847,123,123,ign,_,_]
[847,848,-,-,ign,_,_]
[848,849,,,,,ign,_,_]
[849,850,123,123,ign,_,_]
[850,851,-,-,ign,_,_]
[851,852,;,;,ign,_,_]
[852,853,123,123,ign,_,_]
[853,854,--123,--123,ign,_,_]
[854,855,-:123,-:123,ign,_,_]
[855,856,-?123,-?123,ign,_,_]
[856,857,-!123,-!123,ign,_,_]
[857,858,-/123,-/123,ign,_,_]
[858,859,-(123,-(123,ign,_,_]
[859,860,-)123,-)123,ign,_,_]
[860,861,-,-,ign,_,_]
[861,862,123,123,ign,_,_]
[862,863,-,-,ign,_,_]
[863,864,123,123,ign,_,_]
[864,865,-,-,ign,_,_]
[865,866,123,123,ign,_,_]
[866,867,--123,--123,ign,_,_]
[867,868,-123,-123,ign,_,_]
[868,869,-,-,ign,_,_]
[869,870,.,.,ign,_,_]
[870,871,VII,VII,ign,_,_]
[871,872,-,-,ign,_,_]
[872,873,,,,,ign,_,_]
[873,874,VII,VII,ign,_,_]
[874,875,-,-,ign,_,_]
[875,876,;,;,ign,_,_]
[876,877,VII,VII,ign,_,_]
[877,878,--VII,--VII,ign,_,_]
[878,879,-:VII,-:VII,ign,_,_]
[879,880,-?VII,-?VII,ign,_,_]
[880,881,-!VII,-!VII,ign,_,_]
[881,882,-/VII,-/VII,ign,_,_]
[882,883,-(VII,-(VII,ign,_,_]
[883,884,-)VII,-)VII,ign,_,_]
[884,885,-,-,ign,_,_]
[885,886,VII,VII,ign,_,_]
[886,887,-,-,ign,_,_]
[887,888,VII,VII,ign,_,_]
[888,889,-,-,ign,_,_]
[889,890,VII,VII,ign,_,_]
[890,891,--VII,--VII,ign,_,_]
[891,892,-VII,-VII,ign,_,_]
[892,893,xyzzy,xyzzy,ign,_,_]
[893,894,.,.,ign,_,_]
[894,895,xyzzy,xyzzy,ign,_,_]
[895,896,xyzzy,xyzzy,ign,_,_]
[896,897,,,,,ign,_,_]
[897,898,xyzzy,xyzzy,ign,_,_]
[898,899,xyzzy,xyzzy,ign,_,_]
[899,900,;,;,ign,_,_]
[900,901,xyzzy,xyzzy,ign,_,_]
[901,902,xyzzy-xyzzy,xyzzy-xyzzy,ign,_,_]
[902,903,xyzzy:xyzzy,xyzzy:xyzzy,ign,_,_]
[903,904,xyzzy?xyzzy,xyzzy?xyzzy,ign,_,_]
[904,905,xyzzy!xyzzy,xyzzy!xyzzy,ign,_,_]
[905,906,xyzzy/xyzzy,xyzzy/xyzzy,ign,_,_]
[906,907,xyzzy(xyzzy,xyzzy(xyzzy,ign,_,_]
[907,908,xyzzy)xyzzy,xyzzy)xyzzy,ign,_,_]
[908,909,xyzzy,xyzzy,ign,_,_]
[909,910,xyzzy,xyzzy,ign,_,_]
[910,911,xyzzy,xyzzy,ign,_,_]
[911,912,xyzzy,xyzzy,ign,_,_]
[912,913,xyzzy,xyzzy,ign,_,_]
[913,914,xyzzy,xyzzy,ign,_,_]
[914,915,xyzzy-xyzzy,xyzzy-xyzzy,ign,_,_]
[915,916,xyzzyxyzzy,xyzzyxyzzy,ign,_,_]
[916,917,xyzzy,xyzzy,ign,_,_]
[917,918,.,.,ign,_,_]
[918,919,Qmpx,Qmpx,ign,_,_]
[919,920,xyzzy,xyzzy,ign,_,_]
[920,921,,,,,ign,_,_]
[921,922,Qmpx,Qmpx,ign,_,_]
[922,923,xyzzy,xyzzy,ign,_,_]
[923,924,;,;,ign,_,_]
[924,925,Qmpx,Qmpx,ign,_,_]
[925,926,xyzzy-Qmpx,xyzzy-Qmpx,ign,_,_]
[926,927,xyzzy:Qmpx,xyzzy:Qmpx,ign,_,_]
[927,928,xyzzy?Qmpx,xyzzy?Qmpx,ign,_,_]
[928,929,xyzzy!Qmpx,xyzzy!Qmpx,ign,_,_]
[929,930,xyzzy/Qmpx,xyzzy/Qmpx,ign,_,_]
[930,931,xyzzy(Qmpx,xyzzy(Qmpx,ign,_,_]
[931,932,xyzzy)Qmpx,xyzzy)Qmpx,ign,_,_]
[932,933,xyzzy,xyzzy,ign,_,_]
[933,934,Qmpx,Qmpx,ign,_,_]
[934,935,xyzzy,xyzzy,ign,_,_]
[935,936,Qmpx,Qmpx,ign,_,_]
[936,937,xyzzy,xyzzy,ign,_,_]
[937,938,Qmpx,Qmpx,ign,_,_]
[938,939,xyzzy-Qmpx,xyzzy-Qmpx,ign,_,_]
[939,940,xyzzyQmpx,xyzzyQmpx,ign,_,_]
[940,941,xyzzy,xyzzy,ign,_,_]
[941,942,.,.,ign,_,_]
[942,943,123,123,ign,_,_]
[943,944,xyzzy,xyzzy,ign,_,_]
[944,945,,,,,ign,_,_]
[945,946,123,123,ign,_,_]
[946,947,xyzzy,xyzzy,ign,_,_]
[947,948,;,;,ign,_,_]
[948,949,123,123,ign,_,_]
[949,950,xyzzy-123,xyzzy-123,ign,_,_]
[950,951,xyzzy:123,xyzzy:123,ign,_,_]
[951,952,xyzzy?123,xyzzy?123,ign,_,_]
[952,953,xyzzy!123,xyzzy!123,ign,_,_]
[953,954,xyzzy/123,xyzzy/123,ign,_,_]
[954,955,xyzzy(123,xyzzy(123,ign,_,_]
[955,956,xyzzy)123,xyzzy)123,ign,_,_]
[956,957,xyzzy,xyzzy,ign,_,_]
[957,958,123,123,ign,_,_]
[958,959,xyzzy,xyzzy,ign,_,_]
[959,960,123,123,ign,_,_]
[960,961,xyzzy,xyzzy,ign,_,_]
[961,962,123,123,ign,_,_]
[962,963,xyzzy-123,xyzzy-123,ign,_,_]
[963,964,xyzzy123,xyzzy123,ign,_,_]
[964,965,xyzzy,xyzzy,ign,_,_]
[965,966,.,.,ign,_,_]
[966,967,VII,VII,ign,_,_]
[967,968,xyzzy,xyzzy,ign,_,_]
[968,969,,,,,ign,_,_]
[969,970,VII,VII,ign,_,_]
[970,971,xyzzy,xyzzy,ign,_,_]
[971,972,;,;,ign,_,_]
[972,973,VII,VII,ign,_,_]
[973,974,xyzzy-VII,xyzzy-VII,ign,_,_]
[974,975,xyzzy:VII,xyzzy:VII,ign,_,_]
[975,976,xyzzy?VII,xyzzy?VII,ign,_,_]
[976,977,xyzzy!VII,xyzzy!VII,ign,_,_]
[977,978,xyzzy/VII,xyzzy/VII,ign,_,_]
[978,979,xyzzy(VII,xyzzy(VII,ign,_,_]
[979,980,xyzzy)VII,xyzzy)VII,ign,_,_]
[980,981,xyzzy,xyzzy,ign,_,_]
[981,982,VII,VII,ign,_,_]
[982,983,xyzzy,xyzzy,ign,_,_]
[983,984,VII,VII,ign,_,_]
[984,985,xyzzy,xyzzy,ign,_,_]
[985,986,VII,VII,ign,_,_]
[986,987,xyzzy-VII,xyzzy-VII,ign,_,_]
[987,988,xyzzyVII,xyzzyVII,ign,_,_]
[988,989,Qmpx,Qmpx,ign,_,_]
[989,990,.,.,ign,_,_]
[990,991,Qmpx,Qmpx,ign,_,_]
[991,992,Qmpx,Qmpx,ign,_,_]
[992,993,,,,,ign,_,_]
[993,994,Qmpx,Qmpx,ign,_,_]
[994,995,Qmpx,Qmpx,ign,_,_]
[995,996,;,;,ign,_,_]
[996,997,Qmpx,Qmpx,ign,_,_]
[997,998,Qmpx-Qmpx,Qmpx-Qmpx,ign,_,_]
[998,999,Qmpx:Qmpx,Qmpx:Qmpx,ign,_,_]
[999,1000,Qmpx?Qmpx,Qmpx?Qmpx,ign,_,_]
[1000,1001,Qmpx!Qmpx,Qmpx!Qmpx,ign,_,_]
[1001,1002,Qmpx/Qmpx,Qmpx/Qmpx,ign,_,_]
[1002,1003,Qmpx(Qmpx,Qmpx(Qmpx,ign,_,_]
[1003,1004,Qmpx)Qmpx,Qmpx)Qmpx,ign,_,_]
[1004,1005,Qmpx,Qmpx,ign,_,_]
[1005,1006,Qmpx,Qmpx,ign,_,_]
[1006,1007,Qmpx,Qmpx,ign,_,_]
[1007,1008,Qmpx,Qmpx,ign,_,_]
[1008,1009,Qmpx,Qmpx,ign,_,_]
[1009,1010,Qmpx,Qmpx,ign,_,_]
[1010,1011,Qmpx-Qmpx,Qmpx-Qmpx,ign,_,_]
[1011,1012,QmpxQmpx,QmpxQmpx,ign,_,_]
[1012,1013,Qmpx,Qmpx,ign,_,_]
[1013,1014,.,.,ign,_,_]
[1014,1015,123,123,ign,_,_]
[1015,1016,Qmpx,Qmpx,ign,_,_]
[1016,1017,,,,,ign,_,_]
[1017,1018,123,123,ign,_,_]
[1018,1019,Qmpx,Qmpx,ign,_,_]
[1019,1020,;,;,ign,_,_]
[1020,1021,123,123,ign,_,_]
[1021,1022,Qmpx-123,Qmpx-123,ign,_,_]
[1022,1023,Qmpx:123,Qmpx:123,ign,_,_]
[1023,1024,Qmpx?123,Qmpx?123,ign,_,_]
[1024,1025,Qmpx!123,Qmpx!123,ign,_,_]
[1025,1026,Qmpx/123,Qmpx/123,ign,_,_]
[1026,1027,Qmpx(123,Qmpx(123,ign,_,_]
[1027,1028,Qmpx)123,Qmpx)123,ign,_,_]
[1028,1029,Qmpx,Qmpx,ign,_,_]
[1029,1030,123,123,ign,_,_]
[1030,1031,Qmpx,Qmpx,ign,_,_]
[1031,1032,123,123,ign,_,_]
[1032,1033,Qmpx,Qmpx,ign,_,_]
[1033,1034,123,123,ign,_,_]
[1034,1035,Qmpx-123,Qmpx-123,ign,_,_]
[1035,1036,Qmpx123,Qmpx123,ign,_,_]
[1036,1037,Qmpx,Qmpx,ign,_,_]
[1037,1038,.,.,ign,_,_]
[1038,1039,VII,VII,ign,_,_]
[1039,1040,Qmpx,Qmpx,ign,_,_]
[1040,1041,,,,,ign,_,_]
[1041,1042,VII,VII,ign,_,_]
[1042,1043,Qmpx,Qmpx,ign,_,_]
[1043,1044,;,;,ign,_,_]
[1044,1045,VII,VII,ign,_,_]
[1045,1046,Qmpx-VII,Qmpx-VII,ign,_,_]
[1046,1047,Qmpx:VII,Qmpx:VII,ign,_,_]
[1047,1048,Qmpx?VII,Qmpx?VII,ign,_,_]
[1048,1049,Qmpx!VII,Qmpx!VII,ign,_,_]
[1049,1050,Qmpx/VII,Qmpx/VII,ign,_,_]
[1050,1051,Qmpx(VII,Qmpx(VII,ign,_,_]
[1051,1052,Qmpx)VII,Qmpx)VII,ign,_,_]
[1052,1053,Qmpx,Qmpx,ign,_,_]
[1053,1054,VII,VII,ign,_,_]
[1054,1055,Qmpx,Qmpx,ign,_,_]
[1055,1056,VII,VII,ign,_,_]
[1056,1057,Qmpx,Qmpx,ign,_,_]
[1057,1058,VII,VII,ign,_,_]
[1058,1059,Qmpx-VII,Qmpx-VII,ign,_,_]
[1059,1060,QmpxVII,QmpxVII,ign,_,_]
[1060,1061,123,123,ign,_,_]
[1061,1062,.,.,ign,_,_]
[1062,1063,123,123,ign,_,_]
[1063,1064,123,123,ign,_,_]
[1064,1065,,,,,ign,_,_]
[1065,1066,123,123,ign,_,_]
[1066,1067,123,123,ign,_,_]
[1067,1068,;,;,ign,_,_]
[1068,1069,123,123,ign,_,_]
[1069,1070,123-123,123-123,ign,_,_]
[1070,1071,123:123,123:123,ign,_,_]
[1071,1072,123?123,123?123,ign,_,_]
[1072,1073,123!123,123!123,ign,_,_]
[1073,1074,123/123,123/123,ign,_,_]
[1074,1075,123(123,123(123,ign,_,_]
[1075,1076,123)123,123)123,ign,_,_]
[1076,1077,123,123,ign,_,_]
[1077,1078,123,123,ign,_,_]
[1078,1079,123,123,ign,_,_]
[1079,1080,123,123,ign,_,_]
[1080,1081,123,123,ign,_,_]
[1081,1082,123,123,ign,_,_]
[1082,1083,123-123,123-123,ign,_,_]
[1083,1084,123123,123123,ign,_,_]
[1084,1085,123,123,ign,_,_]
[1085,1086,.,.,ign,_,_]
[1086,1087,VII,VII,ign,_,_]
[1087,1088,123,123,ign,_,_]
[1088,1089,,,,,ign,_,_]
[1089,1090,VII,VII,ign,_,_]
[1090,1091,123,123,ign,_,_]
[1091,1092,;,;,ign,_,_]
[1092,1093,VII,VII,ign,_,_]
[1093,1094,123-VII,123-VII,ign,_,_]
[1094,1095,123:VII,123:VII,ign,_,_]
[1095,1096,123?VII,123?VII,ign,_,_]
[1096,1097,123!VII,123!VII,ign,_,_]
[1097,1098,123/VII,123/VII,ign,_,_]
[1098,1099,123(VII,123(VII,ign,_,_]
[1099,1100,123)VII,123)VII,ign,_,_]
[1100,1101,123,123,ign,_,_]
[1101,1102,VII,VII,ign,_,_]
[1102,1103,123,123,ign,_,_]
[1103,1104,VII,VII,ign,_,_]
[1104,1105,123,123,ign,_,_]
[1105,1106,VII,VII,ign,_,_]
[1106,1107,123-VII,123-VII,ign,_,_]
[1107,1108,123VII,123VII,ign,_,_]
[1108,1109,VII,VII,ign,_,_]
[1109,1110,.,.,ign,_,_]
[1110,1111,VII,VII,ign,_,_]
[1111,1112,VII,VII,ign,_,_]
[1112,1113,,,,,ign,_,_]
[1113,1114,VII,VII,ign,_,_]
[1114,1115,VII,VII,ign,_,_]
[1115,1116,;,;,ign,_,_]
[1116,1117,VII,VII,ign,_,_]
[1117,1118,VII-VII,VII-VII,ign,_,_]
[1118,1119,VII:VII,VII:VII,ign,_,_]
[1119,1120,VII?VII,VII?VII,ign,_,_]
[1120,1121,VII!VII,VII!VII,ign,_,_]
[1121,1122,VII/VII,VII/VII,ign,_,_]
[1122,1123,VII(VII,VII(VII,ign,_,_]
[1123,1124,VII)VII,VII)VII,ign,_,_]
[1124,1125,VII,VII,ign,_,_]
[1125,1126,VII,VII,ign,_,_]
[1126,1127,VII,VII,ign,_,_]
[1127,1128,VII,VII,ign,_,_]
[1128,1129,VII,VII,ign,_,_]
[1129,1130,VII,VII,ign,_,_]
[1130,1131,VII-VII,VII-VII,ign,_,_]
[1131,1132,VIIVII,VIIVII,ign,_,_]
[1132,1133,.,.,ign,_,_]
[1133,1134,polak,polak,ign,_,_]
[1134,1135,.,.,ign,_,_]
[1135,1136,(polak),(polak),ign,_,_]
[1136,1137,polak,polak,ign,_,_]
[1137,1138,.,.,ign,_,_]
[1138,1139,.,.,ign,_,_]
[1139,1140,.,.,ign,_,_]
[1140,1141,-polak-,-polak-,ign,_,_]
[1141,1142,polak,polak,ign,_,_]
[1142,1143,,,,,ign,_,_]
[1143,1144,polak,polak,ign,_,_]
[1144,1145,;,;,ign,_,_]
[1145,1146,polak,polak,ign,_,_]
[1146,1147,polak,polak,ign,_,_]
[1147,1148,polak,polak,ign,_,_]
[1148,1149,.,.,ign,_,_]
[1149,1150,Polak,Polak,ign,_,_]
[1150,1151,.,.,ign,_,_]
[1151,1152,(Polak),(Polak),ign,_,_]
[1152,1153,Polak,Polak,ign,_,_]
[1153,1154,.,.,ign,_,_]
[1154,1155,.,.,ign,_,_]
[1155,1156,.,.,ign,_,_]
[1156,1157,-Polak-,-Polak-,ign,_,_]
[1157,1158,Polak,Polak,ign,_,_]
[1158,1159,,,,,ign,_,_]
[1159,1160,Polak,Polak,ign,_,_]
[1160,1161,;,;,ign,_,_]
[1161,1162,Polak,Polak,ign,_,_]
[1162,1163,Polak,Polak,ign,_,_]
[1163,1164,Polak,Polak,ign,_,_]
[1164,1165,.,.,ign,_,_]
[1165,1166,arcy,arcy,ign,_,_]
[1166,1167,.,.,ign,_,_]
[1167,1168,(arcy),(arcy),ign,_,_]
[1168,1169,arcy,arcy,ign,_,_]
[1169,1170,.,.,ign,_,_]
[1170,1171,.,.,ign,_,_]
[1171,1172,.,.,ign,_,_]
[1172,1173,-arcy-,-arcy-,ign,_,_]
[1173,1174,arcy,arcy,ign,_,_]
[1174,1175,,,,,ign,_,_]
[1175,1176,arcy,arcy,ign,_,_]
[1176,1177,;,;,ign,_,_]
[1177,1178,arcy,arcy,ign,_,_]
[1178,1179,arcy,arcy,ign,_,_]
[1179,1180,arcy,arcy,ign,_,_]
[1180,1181,.,.,ign,_,_]
[1181,1182,.,.,ign,_,_]
[1182,1183,.,.,ign,_,_]
[1183,1184,.,.,ign,_,_]
[1184,1185,.,.,ign,_,_]
[1185,1186,.,.,ign,_,_]
[1186,1187,,,,,ign,_,_]
[1187,1188,;,;,ign,_,_]
[1188,1189,-,-,ign,_,_]
[1189,1190,--,--,ign,_,_]
[1190,1191,.,.,ign,_,_]
[1191,1192,,,,,ign,_,_]
[1192,1193,;,;,ign,_,_]
[1193,1194,?!,?!,ign,_,_]
[1194,1195,(),(),ign,_,_]
[]
[]
[]
[1195,1196,a,a,ign,_,_]
[1196,1197,.,.,ign,_,_]
[1197,1198,b,b,ign,_,_]
[1198,1199,.,.,ign,_,_]
[1199,1200,c,c,ign,_,_]
[1200,1201,.,.,ign,_,_]
[1201,1202,d,d,ign,_,_]
[1202,1203,1,1,ign,_,_]
[1203,1204,,,,,ign,_,_]
[1204,1205,2,2,ign,_,_]
[1205,1206,,,,,ign,_,_]
[1206,1207,3,3,ign,_,_]
[1207,1208,x-y-z,x-y-z,ign,_,_]
[1208,1209,co?,co?,ign,_,_]
[1209,1210,n,n,ign,_,_]
[1210,1211,.,.,ign,_,_]
[1211,1212,p,p,ign,_,_]
[1212,1213,.,.,ign,_,_]
[1213,1214,p,p,ign,_,_]
[1214,1215,.,.,ign,_,_]
[1215,1216,n,n,ign,_,_]
[1216,1217,.,.,ign,_,_]
[1217,1218,e,e,ign,_,_]
[1218,1219,.,.,ign,_,_]
[1219,1220,tzn,tzn,ign,_,_]
[1220,1221,.,.,ign,_,_]
[1221,1222,O,O,ign,_,_]
[1222,1223,.,.,ign,_,_]
[1223,1224,K,K,ign,_,_]
[1224,1225,.,.,ign,_,_]
[1225,1226,3,3,ign,_,_]
[1226,1227,.,.,ign,_,_]
[1227,1228,14,14,ign,_,_]
[1228,1229,1+1,1+1,ign,_,_]

